02-23 03:30:41.358  2791  2791 E a       : 	at moe.haruue.wadb.util.a.b(NetworksUtils.java:1)
02-23 03:30:41.358  2791  2791 E a       : 	at moe.haruue.wadb.util.a.a(NetworksUtils.java:1)
02-23 03:30:41.358  2791  2791 E a       : 	at moe.haruue.wadb.WadbApplication.c(WadbApplication.kt:3)
02-23 03:30:41.358  2791  2791 E a       : 	at moe.haruue.wadb.mc.b(R8$$SyntheticClass:1)
02-23 03:30:41.358  2791  2791 E a       : 	at moe.haruue.wadb.v9.a(Events.java:5)
02-23 03:30:41.358  2791  2791 E a       : 	at moe.haruue.wadb.v9.c(Events.java:1)
02-23 03:30:41.358  2791  2791 E a       : 	at moe.haruue.wadb.oc.a(GlobalRequestHandler.java:2)
02-23 03:30:41.358  2791  2791 E a       : 	at moe.haruue.wadb.id.S(HomeFragment.kt:5)
02-23 03:30:41.358  2791  2791 E a       : 	at androidx.fragment.app.k.q(FragmentStateManager.java:8)
02-23 03:30:41.358  2791  2791 E a       : 	at androidx.fragment.app.k.k(FragmentStateManager.java:11)
02-23 03:30:41.358  2791  2791 E a       : 	at moe.haruue.wadb.lb.P(FragmentManager.java:8)
02-23 03:30:41.358  2791  2791 E a       : 	at moe.haruue.wadb.lb.u(FragmentManager.java:5)
02-23 03:30:41.358  2791  2791 E a       : 	at moe.haruue.wadb.eb.onStart(FragmentActivity.java:22)
02-23 03:30:41.358  2791  2791 E a       : 	at moe.haruue.wadb.a1.onStart(AppCompatActivity.java:1)
02-23 03:30:41.358  2791  2791 E a       : 	at android.app.Instrumentation.callActivityOnStart(Instrumentation.java:1525)
02-23 03:30:41.358  2791  2791 E a       : 	at android.app.Activity.performStart(Activity.java:8030)
02-23 03:30:41.358  2791  2791 E a       : 	at android.app.ActivityThread.handleStartActivity(ActivityThread.java:3642)
02-23 03:30:41.358  2791  2791 E a       : 	at android.app.servertransaction.TransactionExecutor.performLifecycleSequence(TransactionExecutor.java:221)
02-23 03:30:41.358  2791  2791 E a       : 	at android.app.servertransaction.TransactionExecutor.cycleToPath(TransactionExecutor.java:201)
02-23 03:30:41.358  2791  2791 E a       : 	at android.app.servertransaction.TransactionExecutor.executeLifecycleState(TransactionExecutor.java:173)
02-23 03:30:41.358  2791  2791 E a       : 	at android.app.servertransaction.TransactionExecutor.execute(TransactionExecutor.java:97)
02-23 03:30:41.358  2791  2791 E a       : 	at android.app.ActivityThread$H.handleMessage(ActivityThread.java:2251)
02-23 03:30:41.358  2791  2791 E a       : 	at android.os.Handler.dispatchMessage(Handler.java:106)
02-23 03:30:41.358  2791  2791 E a       : 	at android.os.Looper.loop(Looper.java:233)
02-23 03:30:41.358  2791  2791 E a       : 	at android.app.ActivityThread.main(ActivityThread.java:8068)
02-23 03:30:41.358  2791  2791 E a       : 	at java.lang.reflect.Method.invoke(Native Method)
02-23 03:30:41.358  2791  2791 E a       : 	at com.android.internal.os.RuntimeInit$MethodAndArgsCaller.run(RuntimeInit.java:631)
02-23 03:30:41.358  2791  2791 E a       : 	at com.android.internal.os.ZygoteInit.main(ZygoteInit.java:978)
02-23 03:30:41.412  2904  3209 D mab     : App Event: portrait_pull
02-23 03:30:41.429  2879  3892 E bt_osi_wakelock: wakelock_acquire wakelock acquired
02-23 03:30:41.429  1184  4076 I vendor.qti.bluetooth@1.0-ibs_handler: ProcessIbsCmd: Received IBS_WAKE_IND: 0xFD
02-23 03:30:41.429  1184  4076 I vendor.qti.bluetooth@1.0-ibs_handler: ProcessIbsCmd: Writing IBS_WAKE_ACK
02-23 03:30:41.430  2879  2979 E bt_osi_wakelock: wakelock_release wakelock released
02-23 03:30:41.432  1802  1896 E QMI_FW  : qmi_cci_get_ref: ref count increased 2
02-23 03:30:41.437  1802  1896 E QMI_FW  : qmi_cci_get_ref: ref count increased 2
02-23 03:30:41.446  1471  2569 V BatteryExternalStatsWorker: WiFi energy data was reset, new WiFi energy data is WifiActivityEnergyInfo{ mTimeSinceBootMillis=9247526 mStackState=3 mControllerTxDurationMillis=0 mControllerRxDurationMillis=0 mControllerScanDurationMillis=0 mControllerIdleDurationMillis=0 mControllerEnergyUsedMicroJoules=0 }
02-23 03:30:41.446  2791  2791 E wadb_netlink: send_get_link_msg failed with ret=-1, errno=13
02-23 03:30:41.443  2791  2791 W moe.haruue.wadb: type=1400 audit(0.0:855): avc: denied { nlmsg_readpriv } for scontext=u:r:untrusted_app:s0:c239,c256,c512,c768 tcontext=u:r:untrusted_app:s0:c239,c256,c512,c768 tclass=netlink_route_socket permissive=0 b/155595000 app=moe.haruue.wadb
02-23 03:30:41.447  2791  2791 E a       : getLocalIPInfo: LibWADB.getInterfaceIps() failed
02-23 03:30:41.447  2791  2791 E a       : java.lang.IllegalStateException: failed to use netlink socket for interface ips: -1
02-23 03:30:41.447  2791  2791 E a       : 	at moe.haruue.wadb.util.LibWADB.a(LibWADB.kt:17)
02-23 03:30:41.447  2791  2791 E a       : 	at moe.haruue.wadb.util.a.b(NetworksUtils.java:1)
02-23 03:30:41.447  2791  2791 E a       : 	at moe.haruue.wadb.id.c(HomeFragment.kt:2)
02-23 03:30:41.447  2791  2791 E a       : 	at moe.haruue.wadb.mc.b(R8$$SyntheticClass:1)
02-23 03:30:41.447  2791  2791 E a       : 	at moe.haruue.wadb.v9.a(Events.java:5)
02-23 03:30:41.447  2791  2791 E a       : 	at moe.haruue.wadb.v9.c(Events.java:1)
02-23 03:30:41.447  2791  2791 E a       : 	at moe.haruue.wadb.oc.a(GlobalRequestHandler.java:2)
02-23 03:30:41.447  2791  2791 E a       : 	at moe.haruue.wadb.id.S(HomeFragment.kt:5)
02-23 03:30:41.447  2791  2791 E a       : 	at androidx.fragment.app.k.q(FragmentStateManager.java:8)
02-23 03:30:41.447  2791  2791 E a       : 	at androidx.fragment.app.k.k(FragmentStateManager.java:11)
02-23 03:30:41.447  2791  2791 E a       : 	at moe.haruue.wadb.lb.P(FragmentManager.java:8)
02-23 03:30:41.447  2791  2791 E a       : 	at moe.haruue.wadb.lb.u(FragmentManager.java:5)
02-23 03:30:41.447  2791  2791 E a       : 	at moe.haruue.wadb.eb.onStart(FragmentActivity.java:22)
02-23 03:30:41.447  2791  2791 E a       : 	at moe.haruue.wadb.a1.onStart(AppCompatActivity.java:1)
02-23 03:30:41.447  2791  2791 E a       : 	at android.app.Instrumentation.callActivityOnStart(Instrumentation.java:1525)
02-23 03:30:41.447  2791  2791 E a       : 	at android.app.Activity.performStart(Activity.java:8030)
02-23 03:30:41.447  2791  2791 E a       : 	at android.app.ActivityThread.handleStartActivity(ActivityThread.java:3642)
02-23 03:30:41.447  2791  2791 E a       : 	at android.app.servertransaction.TransactionExecutor.performLifecycleSequence(TransactionExecutor.java:221)
02-23 03:30:41.447  2791  2791 E a       : 	at android.app.servertransaction.TransactionExecutor.cycleToPath(TransactionExecutor.java:201)
02-23 03:30:41.447  2791  2791 E a       : 	at android.app.servertransaction.TransactionExecutor.executeLifecycleState(TransactionExecutor.java:173)
02-23 03:30:41.447  2791  2791 E a       : 	at android.app.servertransaction.TransactionExecutor.execute(TransactionExecutor.java:97)
02-23 03:30:41.447  2791  2791 E a       : 	at android.app.ActivityThread$H.handleMessage(ActivityThread.java:2251)
02-23 03:30:41.447  2791  2791 E a       : 	at android.os.Handler.dispatchMessage(Handler.java:106)
02-23 03:30:41.447  2791  2791 E a       : 	at android.os.Looper.loop(Looper.java:233)
02-23 03:30:41.447  2791  2791 E a       : 	at android.app.ActivityThread.main(ActivityThread.java:8068)
02-23 03:30:41.447  2791  2791 E a       : 	at java.lang.reflect.Method.invoke(Native Method)
02-23 03:30:41.447  2791  2791 E a       : 	at com.android.internal.os.RuntimeInit$MethodAndArgsCaller.run(RuntimeInit.java:631)
02-23 03:30:41.447  2791  2791 E a       : 	at com.android.internal.os.ZygoteInit.main(ZygoteInit.java:978)
02-23 03:30:41.447  1471  2681 I chatty  : uid=1000(system) tworkPolicy.uid expire 5 lines
02-23 03:30:41.448  2788  2788 D NotificationListener: onNotificationPosted# hash: 227645620
02-23 03:30:41.448  2788  2788 D NotificationListener: onNotificationPosted# sbn: 31153436, package = moe.haruue.wadb
02-23 03:30:41.450  2904  2904 D InterruptionStateProvider: No bubble up: not allowed to bubble: 0|moe.haruue.wadb|2131755183|null|10239
02-23 03:30:41.451  2904  2904 D InterruptionStateProvider: No heads up: unimportant notification: 0|moe.haruue.wadb|2131755183|null|10239
02-23 03:30:41.451  1471  2567 D ExtBatteryStatsService: @@@@ awaitUninterruptibly in 34 ms
02-23 03:30:41.451  2904  2904 D InterruptionStateProvider: No heads up: unimportant notification: 0|moe.haruue.wadb|2131755183|null|10239
02-23 03:30:41.451  1471  2567 I chatty  : uid=1000(system) android.bg expire 1 line
02-23 03:30:41.454  2904  2904 D StackScroller: updateSpeedBumpIndex newIndex:2 noAmbient: false
02-23 03:30:41.455  2904  2904 D StackScroller: updateFooter showDismissView true showFooterView false showHistory false hasActiveNotifications() true mStatusBarState 1
02-23 03:30:41.455  2904  2904 D StackScroller: setting break mode view visibility: isKeyGaurdVisible:true isWLBON:false
02-23 03:30:41.456  2904  3209 D mab     : App Event: portrait_pull
02-23 03:30:41.459  2904  3209 D mab     : App Event: portrait_pull
02-23 03:30:41.462  1322  2673 E surfaceflinger: [frame_perf] AutoTurboBoostQuery fd<0 failed, errno=Inappropriate ioctl for device
02-23 03:30:41.462  1322  2673 E surfaceflinger: [frame_perf] AutoBoostConfigQuery fd<0 failed, errno=No such file or directory
02-23 03:30:41.462  2904  3209 D mab     : App Event: portrait_pull
02-23 03:30:41.464  2904  2904 D KeyguardClockPositionAlgorithm: getClockY()-569
02-23 03:30:41.464  2904  2904 D KeyguardClockPositionAlgorithm: getClockY()184
02-23 03:30:41.465  2791  2791 D ActivityThread: pid:2791 tid:2791 doframe Callback
02-23 03:30:41.464  2904  2904 D KeyguardClockPositionAlgorithm: getClockY()184
02-23 03:30:41.467  2904 26510 D KeyguardViewMediator: startKeyguardExitAnimation
02-23 03:30:41.470  1184  4076 I vendor.qti.bluetooth@1.0-ibs_handler: ProcessIbsCmd: Received IBS_SLEEP_IND: 0xFE
02-23 03:30:41.472  2904  2904 D xne     : Event success
02-23 03:30:41.473  2904  2904 D KeyguardViewMediator: handleStartKeyguardExitAnimation startTime=3089313 fadeoutDuration=300
02-23 03:30:41.473  2904  2904 D OpPreventModeCtrl: setKeyguardShowing, false
02-23 03:30:41.474  2904  3278 D KeyguardViewMediator: play lock soundId: 2, volume:0.5011872, android.media.SoundPool@8576661, type:2, 6
02-23 03:30:41.474  2904  2904 D OpChargingAnimationControllerImpl: onShowingStateChanged false
02-23 03:30:41.474  2904  2904 I OpUtils : isSupportREDCharging:false
02-23 03:30:41.474  2904  2904 I OpUtils : isSupportWarpCharging:false
02-23 03:30:41.474  2904  2904 D KeyguardIndication: onShowingStateChanged false
02-23 03:30:41.474  1311 20539 D APM_AudioPolicyManager: setAudioPolicyParameters(): io 0, keyvalue setPackageName=com.android.systemui
02-23 03:30:41.474  1311 20539 D APM_AudioPolicyManager: set package name:com.android.systemui
02-23 03:30:41.475  2904  2904 I LockIcon:  updateDarkTint state:false
02-23 03:30:41.475  2904  2904 D StatusBar: disable<e i a s b h R c s > disable2<q i n v >
02-23 03:30:41.475  1471  2690 I chatty  : uid=1000(system) Binder:1471_7 expire 4 lines
02-23 03:30:41.476  2904  2904 I KeyguardBouncer: hide / destroyView:true isShowing:false
02-23 03:30:41.476  2904 11455 D AudioTrack: Uid 10193 AudioTrack::setVolume left 0.501187 right 0.501187
02-23 03:30:41.476  2904 11455 D AudioTrack: ClientUid 10193 AudioTrack::start 
02-23 03:30:41.476  2904  2904 D KeyguardViewMediator: adjustStatusBarLocked: mShowing=false mOccluded=false isSecure=false force=false --> flags=0x0
02-23 03:30:41.476  1311  1620 D APM_AudioPolicyManager: startOutput() output 13, stream 1, session 41, portId 29
02-23 03:30:41.476  1471  2690 I StatusBarManagerService: pkg = com.android.systemui, displayId = 0, net1 = 0, net2 = 0, what = 0
02-23 03:30:41.476  1311  1620 D APM_AudioPolicyManager: setOutputDevices device {type:0x2,@:} delayMs 0 force 0
02-23 03:30:41.476  1311  1620 D APM_AudioPolicyManager: setOutputDevices() prevDevice {type:0x2,@:}
02-23 03:30:41.477  1311  1620 D APM_AudioPolicyManager: setOutputDevices setting same device {type:0x2,@:} or null device, force=0, patch handle=4
02-23 03:30:41.477  1311  1884 D AudioFlinger: acquireWakeLock_l() count:-10
02-23 03:30:41.477  1311  1884 D AudioFlinger: acquireWakeLock_l() AudioOut_D status 0
02-23 03:30:41.477  1311  1884 D AudioFlinger: acquireWakeLock_l() binder:0x7b4d5cd1d0
02-23 03:30:41.478  2904  2904 D HighlightHintCtrl: onBarStatechange barstate:0
02-23 03:30:41.478  2904  2904 D StatusBar: updateQsExpansionEnabled - QS Expand enabled: true
02-23 03:30:41.479  1180  7011 D audio_hw_primary: start_output_stream: enter: stream(0xf42c21a0)usecase(1: low-latency-playback) devices(0x2) is_haptic_usecase(0)
02-23 03:30:41.479  1180  7011 D audio_hw_primary: select_devices for use case (low-latency-playback)
02-23 03:30:41.479  1471  2555 I chatty  : uid=1000(system) android.display expire 346 lines
02-23 03:30:41.479  1180  7011 I msm8974_platform: platform_check_and_set_codec_backend_cfg:becf: afe: bitwidth 16, samplerate 48000 channels 2, backend_idx 0 usecase = 1 device (speaker)
02-23 03:30:41.479  1180  7011 D msm8974_platform: platform_split_snd_device: snd_device(6) num devices(1) new_snd_devices(0)
02-23 03:30:41.479  1180  7011 I msm8974_platform: platform_check_and_set_codec_backend_cfg: new_snd_devices[0] is 6
02-23 03:30:41.479  1180  7011 I msm8974_platform: platform_check_codec_backend_cfg:becf: afe: bitwidth 16, samplerate 48000 channels 2, backend_idx 0 usecase = 1 device (speaker)
02-23 03:30:41.479  1180  7011 E audio_hw_extn: audio_extn_enable_hifi_filter: Could not get ctl for mixer cmd - HiFi Filter, using default control
02-23 03:30:41.479  1180  7011 D msm8974_platform: platform_check_codec_backend_cfg:becf: updated afe: bitwidth 16, samplerate 48000 channels 2,backend_idx 0 usecase = 1 device (speaker)
02-23 03:30:41.479  1180  7011 D msm8974_platform: platform_check_codec_backend_cfg:becf: afe: playback on codec device not supporting native playback set default Sample Rate(48k)
02-23 03:30:41.479  1180  7011 I msm8974_platform: platform_check_codec_backend_cfg:becf: afe: Codec selected backend: 0 updated bit width: 16 and sample rate: 48000
02-23 03:30:41.479  1180  7011 D audio_hw_primary: check_usecases_codec_backend:becf: force routing 0
02-23 03:30:41.479  1180  7011 E msm8974_platform: platform_check_backends_match: Invalid snd_device = 
02-23 03:30:41.479  1180  7011 D audio_hw_primary: check_usecases_codec_backend:becf: (77) check_usecases curr device: speaker, usecase device: backends match 0
02-23 03:30:41.479  1180  7011 D audio_hw_primary: check_usecases_codec_backend:becf: check_usecases num.of Usecases to switch 0
02-23 03:30:41.479  1180  7011 D msm8974_platform: platform_split_snd_device: snd_device(6) num devices(0) new_snd_devices(0)
02-23 03:30:41.479  1180  7011 D hardware_info: hw_info_append_hw_type : device_name = speaker
02-23 03:30:41.479  1180  7011 D msm8974_platform: platform_split_snd_device: snd_device(6) num devices(0) new_snd_devices(0)
02-23 03:30:41.479  1180  7011 D audio_hw_primary: enable_snd_device: snd_device(6: speaker)
02-23 03:30:41.479  1180  7011 D msm8974_platform: platform_get_island_cfg_on_device:island cfg status on snd_device = (speaker 0)
02-23 03:30:41.479  1180  7011 I soundtrigger: audio_extn_sound_trigger_update_device_status: device 0x6 of type 0 for Event 1, with Raise=0
02-23 03:30:41.479  1180  7011 D audio_route: Apply path: speaker
02-23 03:30:41.479  1180  7011 I audio_hw_utils: audio_extn_utils_update_stream_output_app_type_cfg Allowing 24 and above bits playback on speaker ONLY at default sampling rate
02-23 03:30:41.479  1180  7011 E soundtrigger: audio_extn_sound_trigger_update_stream_status: invalid input device 0x0, for event 3
02-23 03:30:41.479  1180  7011 D soundtrigger: audio_extn_sound_trigger_update_stream_status: uc_info->id 1 of type 0 for Event 3, with Raise=0
02-23 03:30:41.479  1180  7011 D audio_hw_utils: audio_extn_utils_send_app_type_cfg: usecase->out_snd_device speaker
02-23 03:30:41.480  1180  7011 D msm8974_platform: platform_split_snd_device: snd_device(6) num devices(0) new_snd_devices(0)
02-23 03:30:41.480  1180  7011 D audio_hw_utils: audio_extn_btsco_get_sample_rate:Not a BT SCO device, need not update sampling rate
02-23 03:30:41.480  1180  7011 I audio_hw_utils: send_app_type_cfg_for_device PLAYBACK app_type 69937, acdb_dev_id 15, sample_rate 48000, snd_device_be_idx 39
02-23 03:30:41.480  1180  7011 D msm8974_platform: platform_split_snd_device: snd_device(6) num devices(1) new_snd_devices(0)
02-23 03:30:41.480  1180  7011 D audio_hw_utils: audio_extn_btsco_get_sample_rate:Not a BT SCO device, need not update sampling rate
02-23 03:30:41.480  1180  7011 D ACDB-LOADER: ACDB -> send_audio_cal, acdb_id = 15, path = 0, app id = 0x11131, sample rate = 48000, afe_sample_rate = 48000
02-23 03:30:41.480  1180  7011 D ACDB-LOADER: ACDB -> send_asm_topology
02-23 03:30:41.480  1180  7011 D ACDB-LOADER: ACDB -> ACDB_CMD_GET_AUDPROC_STREAM_TOPOLOGY_ID
02-23 03:30:41.480  1180  7011 D ACDB-LOADER: ACDB -> send_adm_topology
02-23 03:30:41.480  1180  7011 D ACDB-LOADER: ACDB -> ACDB_CMD_GET_AUDPROC_COMMON_TOPOLOGY_ID
02-23 03:30:41.480  1180  7011 D ACDB-LOADER: ACDB -> send_audtable
02-23 03:30:41.480  1180  7011 D ACDB-LOADER: ACDB -> ACDB_CMD_GET_AUDPROC_COMMON_TABLE_SIZE
02-23 03:30:41.480  1180  7011 D ACDB-LOADER: ACDB -> ACDB_CMD_GET_AUDPROC_COMMON_TABLE
02-23 03:30:41.480  1180  7011 D ACDB-LOADER: ACDB -> AUDIO_SET_AUDPROC_CAL cal_type[11] acdb_id[15] app_type[69937]
02-23 03:30:41.480  1180  7011 D ACDB-LOADER: ACDB -> send_audvoltable
02-23 03:30:41.480  1180  7011 D ACDB-LOADER: ACDB -> ACDB_CMD_GET_AUDPROC_GAIN_DEP_STEP_TABLE_SIZE
02-23 03:30:41.480  1180  7011 D ACDB-LOADER: ACDB -> ACDB_CMD_GET_AUDPROC_GAIN_DEP_STEP_TABLE, vol index 0
02-23 03:30:41.480  1180  7011 D ACDB-LOADER: ACDB -> AUDIO_SET_VOL_CAL cal type = 12
02-23 03:30:41.480  1180  7011 D ACDB-LOADER: ACDB -> ACDB_CMD_GET_AUDPROC_STREAM_TABLE_SIZE
02-23 03:30:41.480  1180  7011 D ACDB-LOADER: ACDB -> send_audstrmtable
02-23 03:30:41.480  1180  7011 D ACDB-LOADER: ACDB -> ACDB_CMD_GET_AUDPROC_STREAM_TABLE_V2
02-23 03:30:41.480  1180  7011 D ACDB-LOADER: ACDB -> audstrm_cal->cal_type.cal_data.cal_size = 16
02-23 03:30:41.481  1180  7011 D ACDB-LOADER: ACDB -> send_afe_topology
02-23 03:30:41.481  1180  7011 D ACDB-LOADER: ACDB -> ACDB_CMD_GET_AFE_TOPOLOGY_ID
02-23 03:30:41.481  1180  7011 D ACDB-LOADER: ACDB -> GET_AFE_TOPOLOGY_ID for adcd_id 15, Topology Id 112fc
02-23 03:30:41.481  1180  7011 D ACDB-LOADER: ACDB -> send_afe_cal
02-23 03:30:41.481  1180  7011 D ACDB-LOADER: ACDB -> ACDB_CMD_GET_AFE_COMMON_TABLE_SIZE
02-23 03:30:41.481  1180  7011 D android.hardware.audio.service: Failed to fetch the lookup information of the device 0000000F 
02-23 03:30:41.481  1180  7011 D ACDB-LOADER: Error: ACDB_CMD_GET_AFE_COMMON_TABLE_SIZE Returned = -19
02-23 03:30:41.481  1180  7011 D ACDB-LOADER: ACDB -> ACDB_CMD_GET_AFE_COMMON_TABLE
02-23 03:30:41.481  1180  7011 D android.hardware.audio.service: Failed to fetch the lookup information of the device 0000000F 
02-23 03:30:41.481  1180  7011 D ACDB-LOADER: Error: ACDB AFE returned = -19
02-23 03:30:41.481  1180  7011 D ACDB-LOADER: ACDB -> AUDIO_SET_AFE_CAL cal_type[16] acdb_id[15]
02-23 03:30:41.481  1180  7011 D ACDB-LOADER: ACDB -> send_hw_delay : acdb_id = 15 path = 0
02-23 03:30:41.481  1180  7011 D ACDB-LOADER: ACDB -> ACDB_AVSYNC_INFO: ACDB_CMD_GET_DEVICE_PROPERTY
02-23 03:30:41.481  1180  7011 D msm8974_platform: platform_split_snd_device: snd_device(6) num devices(0) new_snd_devices(0)
02-23 03:30:41.481  1180  7011 I msm8974_platform: platform_get_custom_mtmx_params: no matching param with id 0 ip_ch 2 op_ch 2 uc_id 1 snd_dev 6
02-23 03:30:41.481  1180  7011 D audio_hw_primary: enable_audio_route: apply mixer and update path: low-latency-playback quat_i2s
02-23 03:30:41.481  1180  7011 D audio_route: Apply path: low-latency-playback quat_i2s
02-23 03:30:41.483  1180  7011 D audio_hw_primary: select_devices: done
02-23 03:30:41.483  2904  2904 D StackScroller: updateSpeedBumpIndex newIndex:3 noAmbient: false
02-23 03:30:41.484  2904  2904 D StackScroller: updateFooter showDismissView true showFooterView true showHistory false hasActiveNotifications() true mStatusBarState 0
02-23 03:30:41.485  2904  2904 D StackScroller: setting break mode view visibility: isKeyGaurdVisible:true isWLBON:false
02-23 03:30:41.485  2904  2904 D AssistHandleReminder: callbackForUnlearnedState supportAssistantGesture :true, isH2:false
02-23 03:30:41.485  2904  2904 D AssistHandleReminder: callbackForUnlearnedState isFullyAwake :true, mIsNavBarHidden:false,isSuppressed:true, mOnLockscreen:false, mIsLauncherShowing:false, shouldHideCornerHint:false
02-23 03:30:41.486  2904  2904 D QSPanel : setExpanded: true->false
02-23 03:30:41.487  2904  2904 E OpReflectionUtils: getValue NoSuchField class com.android.keyguard.CarrierTextController field mIsEmergencyCallCapable
02-23 03:30:41.488  2904  2904 D StackScroller: updateFooter showDismissView true showFooterView true showHistory false hasActiveNotifications() true mStatusBarState 0
02-23 03:30:41.489  2904  2904 D StackScroller: updateSpeedBumpIndex newIndex:3 noAmbient: false
02-23 03:30:41.489  2904  2904 D StackScroller: updateFooter showDismissView true showFooterView true showHistory false hasActiveNotifications() true mStatusBarState 0
02-23 03:30:41.489  2904  2904 D StackScroller: setting break mode view visibility: isKeyGaurdVisible:false isWLBON:false
02-23 03:30:41.489  2904  2904 D PanelView: instantCollapse: mExpanding = false, mInstantExpanding = false
02-23 03:30:41.490  2904  2904 D StatusBar: disable<e i a s b h r!c s > disable2<q i n v >
02-23 03:30:41.491  2904  2904 D KeyButtonView:  setImageDrawable HasOvalBg=false hasOvalBg()=false DarkIntensity=0.0
02-23 03:30:41.491  2904  2904 D KeyButtonView:  setImageDrawable HasOvalBg=false hasOvalBg()=false DarkIntensity=0.0
02-23 03:30:41.491  2904  2904 D KeyButtonView:  setImageDrawable HasOvalBg=false hasOvalBg()=false DarkIntensity=0.0
02-23 03:30:41.491  2904  2904 D KeyButtonView:  setImageDrawable HasOvalBg=false hasOvalBg()=false DarkIntensity=0.0
02-23 03:30:41.491  2904  2904 D StatusBar/NavBarView: showImeSwitcher:false,disableImeSwitcher:false
02-23 03:30:41.492  2904  2904 D OverviewProxyService: SystemUi flags: 40
02-23 03:30:41.492  2788  6854 D TouchInteractionService: onSystemUiStateChanged# stateFlags: 192 -> 64
02-23 03:30:41.493  2904  2904 D PanelView: notifyBarPanelExpansionChanged, isKeyguardShowing= false, isKeyguardDone= true, isSwitching= false, expandedFraction= 0.0
02-23 03:30:41.493  2904  2904 D QSPanel : refreshAllTiles
02-23 03:30:41.494  2904  2904 I LockIcon:  updateDarkTint state:false
02-23 03:30:41.494  2904  2904 D KeyguardUpdateMonitor: shouldListen: false, vis:true, inter:true, bouncer:false, going:true, sleep:false, occlude:false, dream:false, switch:false, disabled:false, primary:true
02-23 03:30:41.494  2904  2904 D OpKeyguardUpdateMonitor: opShouldListenForFingerprint false: Keyguard Done and not fake locking
02-23 03:30:41.494  2904  2904 D KeyguardUpdateMonitor: updateFP: false, false, 0
02-23 03:30:41.495  2904  4030 D OpFodIconViewController: updateIconVisibility: fp client = null, isOwnerKeyguard = false, forceHide = false, isBouncer = false, isImeShow = false, goingToSleep = false, screenOn = true, isUnlockAllowed = true, interactive = true, keyguard visible = true, isDreaming = false, isKeyguardShowingAndOccluded = false, isFaceUnlocked = false, isSimPinSecure = false, isQSExpanded = false, isLaunchingCamera = false, LeftAffordance:false, isPreventActivte = false, isShowing = false, isLockOut = false, isFacelockRecognizing = false, mIsScreenTurningOn = false, mIsWakingUp = false, isShuttingDown = false, isFromBiometricPrompt = false, isBiometricPromptReadyToShow = false, isFpSuspended = false, isFpStopped = true, isKeyguardSensorDetectedNear = false, visibility = 4, isAlwaysOnEnabled = false, isHidingOnAod = false, isFodHintShowing= false, isLandscape= false, isShutdownDialogVisible= false, isUserSwitching= false, isEmergencyPanelExpand = false
02-23 03:30:41.495  2904  4030 D OpFodIconViewController: caseLog: 2
02-23 03:30:41.495  2904  2904 D StatusBarKeyguardViewManager: updateStates, vis:0,Showing:false,LastShowing:true,Occluded:false,LastOccluded:false,BouncerShow:false,LastBouncerShow:false,BouncerDismiss:true,LastBouncerDismiss:true,navBarVisible:true,lastNavBarVisible:true,wakeAndUnlocking:false,mDozing:false,mGesturalNav:true,mFingerprintAuthenticated:false,mLastBiometricMode:0,mFaceLockUnlocking:false,mLastFaceLockUnlocking:false
02-23 03:30:41.495  2904  2904 D KeyguardUpdateMonitor: onKeyguardVisibilityChanged(false)
02-23 03:30:41.496  1322 25567 E surfaceflinger: [frame_perf] perfboost open boost file failed
02-23 03:30:41.496  2904  2904 D OpBiometricUnlockController: onKeyguardVisibilityChanged: false , false
02-23 03:30:41.496  2904  2904 D OpBiometricUnlockController: changePanelVisibilityByAlpha: alpha= 1, reset= true
02-23 03:30:41.496  2904  2904 D OpKeyguardViewMediator: not set backdrop alpha
02-23 03:30:41.496  2904  3041 D Tile.BluetoothTile(e305d92): getSecondaryLabel: enabled=true, connecting=false, connected=false, transient=false
02-23 03:30:41.496  2904  2904 I OpChargingAnimationControllerImpl: onKeyguardVisibilityChanged:false
02-23 03:30:41.496  2904  2904 I OpUtils : isSupportREDCharging:false
02-23 03:30:41.496  2904  2904 I OpUtils : isSupportWarpCharging:false
02-23 03:30:41.496  2904  2904 I OpChargingAnimationControllerImpl: stop animation when keyguard not showing.  keyguardShowing:false
02-23 03:30:41.496  2904  2904 D OpFacelockController: no face added
02-23 03:30:41.496  2904  2904 D OpFingerprintDialogView: onKeyguardVisibilityChanged: showing= false, isKeyguardClient= false, mPendingHideDialog= false
02-23 03:30:41.497  2904  2904 I LockIcon:  updateDarkTint state:false
02-23 03:30:41.497  2904  2904 D DozeParameters: setControlScreenOffAnimation, controlScreenOffAnimation:false, stack:com.android.systemui.doze.DozeUi.updateAnimateScreenOff:136 com.android.systemui.doze.DozeUi.updateAnimateScreenOff:130 com.android.systemui.doze.DozeUi.access$100:48 com.android.systemui.doze.DozeUi$1.onKeyguardVisibilityChanged:68 com.android.keyguard.KeyguardUpdateMonitorCallback.onKeyguardVisibilityChangedRaw:104 com.android.keyguard.KeyguardUpdateMonitor.onKeyguardVisibilityChanged:3115 com.android.systemui.statusbar.phone.StatusBarKeyguardViewManager.updateStates:1012 com.android.systemui.statusbar.phone.StatusBarKeyguardViewManager.hide:782 com.android.systemui.keyguard.KeyguardViewMediator.handleStartKeyguardExitAnimation:2376 com.android.systemui.keyguard.KeyguardViewMediator.access$5200:171 
02-23 03:30:41.497  2904  4030 D OpFodIconViewController: updateIconVisibility: fp client = null, isOwnerKeyguard = false, forceHide = false, isBouncer = false, isImeShow = false, goingToSleep = false, screenOn = true, isUnlockAllowed = true, interactive = true, keyguard visible = false, isDreaming = false, isKeyguardShowingAndOccluded = false, isFaceUnlocked = false, isSimPinSecure = false, isQSExpanded = false, isLaunchingCamera = false, LeftAffordance:false, isPreventActivte = false, isShowing = false, isLockOut = false, isFacelockRecognizing = false, mIsScreenTurningOn = false, mIsWakingUp = false, isShuttingDown = false, isFromBiometricPrompt = false, isBiometricPromptReadyToShow = false, isFpSuspended = false, isFpStopped = true, isKeyguardSensorDetectedNear = false, visibility = 4, isAlwaysOnEnabled = false, isHidingOnAod = false, isFodHintShowing= false, isLandscape= false, isShutdownDialogVisible= false, isUserSwitching= false, isEmergencyPanelExpand = false
02-23 03:30:41.497  2904  2904 D DozeParameters: setControlScreenOffAnimation, controlScreenOffAnimation:false, stack:com.android.systemui.doze.DozeUi.updateAnimateScreenOff:136 com.android.systemui.doze.DozeUi.updateAnimateScreenOff:130 com.android.systemui.doze.DozeUi.access$100:48 com.android.systemui.doze.DozeUi$1.onKeyguardVisibilityChanged:68 com.android.keyguard.KeyguardUpdateMonitorCallback.onKeyguardVisibilityChangedRaw:104 com.android.keyguard.KeyguardUpdateMonitor.onKeyguardVisibilityChanged:3115 com.android.systemui.statusbar.phone.StatusBarKeyguardViewManager.updateStates:1012 com.android.systemui.statusbar.phone.StatusBarKeyguardViewManager.hide:782 com.android.systemui.keyguard.KeyguardViewMediator.handleStartKeyguardExitAnimation:2376 com.android.systemui.keyguard.KeyguardViewMediator.access$5200:171 
02-23 03:30:41.497  2904  4030 D OpFodIconViewController: caseLog: 2
02-23 03:30:41.497  2904  2904 D OpKeyguardUpdateMonitor: keyguard showing false isOnePlusHomeApp false isBouncer=false mLaunchingCamera=false mLaunchingLeftAffordance=false
02-23 03:30:41.497  2904  3041 D BatterySaverTile: handleUpdateState, false, false
02-23 03:30:41.498  2904  2904 D KeyguardUpdateMonitor: shouldListen: false, vis:false, inter:true, bouncer:false, going:true, sleep:false, occlude:false, dream:false, switch:false, disabled:false, primary:true
02-23 03:30:41.498  2904  2904 D OpKeyguardUpdateMonitor: opShouldListenForFingerprint false: Keyguard Done and not fake locking
02-23 03:30:41.498  2904  2904 D KeyguardUpdateMonitor: updateFP: false, false, 0
02-23 03:30:41.498  2904  2904 I KeyguardUpdateMonitor: getUserUnlockedWithBiometric, fingerprintAllowed:false, faceAllowed:false, canSkipBouncerByFacelock():false, isFacelockUnlocking():false
02-23 03:30:41.499  2904  2904 D OverviewProxyService: SystemUi flags: 0
02-23 03:30:41.499  1471 14079 I chatty  : uid=1000(system) Binder:1471_1E expire 4 lines
02-23 03:30:41.499  2904  2904 D KeyguardViewMediator: keyguardGone
02-23 03:30:41.499  2904  2904 V KeyguardDisplayManager: hide
02-23 03:30:41.499  2788  6854 D TouchInteractionService: onSystemUiStateChanged# stateFlags: 64 -> 0
02-23 03:30:41.499  2904  2904 D KeyguardViewMediator: adjustStatusBarLocked: mShowing=false mOccluded=false isSecure=false force=false --> flags=0x0
02-23 03:30:41.500  2904  3041 D Tile.DataSwitchTile(34f0b53): default data phone id=1
02-23 03:30:41.501  2904  3041 D Tile.DataSwitchTile(34f0b53): DataSwitchTile:updateSimCount:simState=ABSENT,LOADED
02-23 03:30:41.501  2904  3041 D Tile.DataSwitchTile(34f0b53): DataSwitchTile:updateSimCount:mSimCount=1
02-23 03:30:41.504  2904  3041 D Tile.ReadModeTile(e93da25): handleUpdateState:state.value=false
02-23 03:30:41.506  1471  2555 I chatty  : uid=1000(system) android.display expire 157 lines
02-23 03:30:41.511  1180  7011 D msm8974_platform: platform_set_channel_map mixer_ctl_name:Playback Channel Map13
02-23 03:30:41.511  1180  7011 D msm8974_platform: platform_set_channel_map: set mapping(1 2 0 0 0 0 0 0) for channel:2
02-23 03:30:41.511  1180  7011 E msm8974_platform: platform_set_channel_map: Could not set ctl, error:-22 ch_count:2
02-23 03:30:41.511  1180  7011 D audio_hw_primary: start_output_stream: exit
02-23 03:30:41.511  1180  7011 D msm8974_platform: platform_split_snd_device: snd_device(6) num devices(0) new_snd_devices(0)
02-23 03:30:41.511  1180  7011 I msm8974_platform: platform_get_custom_mtmx_params: no matching param with id 0 ip_ch 2 op_ch 2 uc_id 1 snd_dev 6
02-23 03:30:41.517  2904  2904 D BiometricUnlockCtrl: resetMode
02-23 03:30:41.518  2904  2904 I LockIcon:  updateDarkTint state:false
02-23 03:30:41.518  2904  2904 D OpBiometricUnlockController: changePanelVisibilityByAlpha: alpha= 1, reset= true
02-23 03:30:41.518  2904  2904 D OpKeyguardViewMediator: not set backdrop alpha
02-23 03:30:41.523  2904  2904 D StatusBar/NavBarView: onApplyWindowInsets: leftInset:0, rightInset:0,isGesturalMode:true,isLandScape:false
02-23 03:30:41.527  2904  2904 D LightBarController: updateNavigation() NavigationMode:2
02-23 03:30:41.527  2904  2904 D OpPreventModeCtrl: disableSensor, 0
02-23 03:30:41.527  1471  1471 V SettingsProvider: Notifying for 0: content://settings/secure/reminder_exp_learning_time_elapsed
02-23 03:30:41.528  2904  2904 E SensorManager: unregisterListenerImpl callingApp: android.uid.systemui:10193,callingPid:2904,callingUid:10193
02-23 03:30:41.528  1471  6338 I chatty  : uid=1000(system) Binder:1471_19 expire 9 lines
02-23 03:30:41.528  2904  3209 D mab     : App Event: portrait_pull
02-23 03:30:41.528  2904  3278 D KeyguardViewMediator: updateActivityLockScreenState(false, false)
02-23 03:30:41.528  2904  3278 D KeyguardViewMediator: setLockScreenShown, false, false, false
02-23 03:30:41.528  1226  1226 I sensors-hal: activate:212, oneplus.sensor.pocket/1252 en=0
02-23 03:30:41.528  1226  1226 E QMI_FW  : qmi_cci_get_ref: ref count increased 2
02-23 03:30:41.528  1471  2690 I OemSceneModeAmHelper: [scene] handleShowOrOccludedChanged showing false, occluded false
02-23 03:30:41.528  1226  1226 E QMI_FW  : qmi_cci_get_ref: ref count increased 2
02-23 03:30:41.528  1471  2690 I chatty  : uid=1000(system) Binder:1471_7 expire 1 line
02-23 03:30:41.528  1226  1226 I sensors-hal: activate:223, oneplus.sensor.pocket/1252 en=0 completed
02-23 03:30:41.529  1471  3385 E OPCS    : [Cap] [End] use mLastCapRemaining: 1048 instead.
02-23 03:30:41.529  1471  3385 E OPCS    : [Cap] [Start] remainCap is abnormal: 0
02-23 03:30:41.529  1471  3385 E OPCS    : [Cap] [Start] use mLastCapRemaining: 1048 instead.
02-23 03:30:41.529  2828  4486 I OIMC    : notified , mode ColorReadMode changeTo 2
02-23 03:30:41.529  2828  2973 I OIMC_CORE: handleMessage:   MODE_EXIT, arg1: 0, arg2: 0, obj: com.oneplus.server.oimc.gwy@9e0cad
02-23 03:30:41.529  2828  2973 I OIMC_CORE: The mode: ColorReadMode is not entered
02-23 03:30:41.529  2828  4486 I OIMC    : notified , mode ReadMode changeTo 2
02-23 03:30:41.529  2828  2973 I OIMC_CORE: handleMessage:   MODE_EXIT, arg1: 0, arg2: 0, obj: com.oneplus.server.oimc.gwy@5f64be2
02-23 03:30:41.529  2828  2973 I OIMC_CORE: The mode: ReadMode is not entered
02-23 03:30:41.530  2828  4486 I OIMC    : notified , mode GameMode changeTo 2
02-23 03:30:41.530  2828  2973 I OIMC_CORE: handleMessage:   MODE_EXIT, arg1: 0, arg2: 0, obj: com.oneplus.server.oimc.gwy@7c95b73
02-23 03:30:41.530  2828  2973 I OIMC_CORE: The mode: GameMode is not entered
02-23 03:30:41.530  2904  2904 D LightBarController:  updateStatus numStacks=1
02-23 03:30:41.531  1471  2555 V UsbDeviceManager: onKeyguardStateChanged: isShowing:false secure:false user:0
02-23 03:30:41.531  2791  2791 D DecorView: onWindowFocusChangedFromViewRoot hasFocus: true, DecorView@44ed734[LaunchActivity]
02-23 03:30:41.531  1471  2505 I chatty  : uid=1000(system) Binder:1471_1 expire 2 lines
02-23 03:30:41.531  2904  2904 D ViewRootImpl[NotificationShade]: windowFocusChanged hasFocus=false inTouchMode=true
02-23 03:30:41.531  2904  2904 D QSDetail: onShowingDetail: animatingOpen=false, closingDetail=false
02-23 03:30:41.531  2791  2791 D ViewRootImpl[LaunchActivity]: windowFocusChanged hasFocus=true inTouchMode=true
02-23 03:30:41.532  1471  2555 V OpPowerControllerService: Update mIsAfter1stLightIdle to false
02-23 03:30:41.532  1471  2567 I chatty  : uid=1000(system) android.bg expire 1 line
02-23 03:30:41.534  3096  3096 D LiveWallpaper.VideoEngine: onReceive# action=android.intent.action.USER_PRESENT, player: ready false mCameraIsOpened=false
02-23 03:30:41.534  3096  3096 D LiveWallpaper.VideoEngine: onReceive# ACTION_USER_PRESENT mPrepared=true mNotReadyPlay=true
02-23 03:30:41.535  4139  4139 D OnePlusPodsService: onReceive() android.intent.action.USER_PRESENT
02-23 03:30:41.535  4139  4139 D OnePlusPodsService: ScreenBroadcastReceiver screen ACTION_USER_PRESENT
02-23 03:30:41.535  1471  2562 W BroadcastQueue: Background execution not allowed: receiving Intent { act=android.intent.action.USER_PRESENT flg=0x24200010 } to com.oneplus.camera.service/.CameraBroadcastReceiver
02-23 03:30:41.535  1471  2562 W BroadcastQueue: Background execution not allowed: receiving Intent { act=android.intent.action.USER_PRESENT flg=0x24200010 } to com.google.android.gms/.auth.setup.devicesignals.LockScreenReceiver
02-23 03:30:41.535  1471  2562 W BroadcastQueue: Background execution not allowed: receiving Intent { act=android.intent.action.USER_PRESENT flg=0x24200010 } to com.google.android.gms/.chimera.GmsIntentOperationService$PersistentTrustedReceiver
02-23 03:30:41.535  5975  5975 I OAF.ScreenReceiver: unlocked
02-23 03:30:41.536  1471  2562 I chatty  : uid=1000(system) ActivityManager expire 201 lines
02-23 03:30:41.539  4726  4726 E NfcService: screen state user present
02-23 03:30:41.539  4726  4726 D NfcService: MSG_APPLY_SCREEN_STATE 8
02-23 03:30:41.539  4776  4776 D SYS_EVENT: send event 64 notification to client
02-23 03:30:41.539  1221  1221 D NxpExtns: find found MIFARE_READER_ENABLE=(0x1)
02-23 03:30:41.539  1221  1221 D NxpHal  : NAME_MIFARE_READER_ENABLE : 1
02-23 03:30:41.539  1221  5458 D NxpTml  : PN54X - Write requested.....
02-23 03:30:41.539  1221  5458 D NxpTml  : PN54X - Invoking I2C Write.....
02-23 03:30:41.541  1221  5458 D NxpTml  : _i2c_write() errno : 5
02-23 03:30:41.541  1221  5458 D NxpTml  : PN54X - Error in I2C Write.....
02-23 03:30:41.541  1221  5458 D NxpTml  : PN54X - Posting Fresh Write message.....
02-23 03:30:41.541  1221  5458 D NxpTml  : PN54X - Tml Writer Thread Running................
02-23 03:30:41.541  1221  5460 E NxpHal  : write error status = 0x1ff
02-23 03:30:41.541  1221  1221 D NxpHal  : write_unlocked failed - PN54X Maybe in Standby Mode - Retry
02-23 03:30:41.545  2904  3209 D mab     : App Event: keyguard_temp
02-23 03:30:41.546  3096  3096 D LiveWallpaper.VideoEngine: setPlaySpeed# mPrepared=true, speed=1.0
02-23 03:30:41.546  4726  5437 D NfcService: applyRouting enter
02-23 03:30:41.547  1221  5458 D NxpTml  : PN54X - Write requested.....
02-23 03:30:41.547  1221  5458 D NxpTml  : PN54X - Invoking I2C Write.....
02-23 03:30:41.547  1541  7549 W NuPlayer: instantiateDecoder: getFormat called when source is gone or not set
02-23 03:30:41.547  1541  7549 I NuPlayer: NOTE: preroll in progress, delay renderer resume
02-23 03:30:41.547  3096  3096 D LiveWallpaper.VideoEngine: play start from: 0
02-23 03:30:41.547  4093  6279 I NearbyDiscovery: (REDACTED) FastPairHandler: Received action %s
02-23 03:30:41.548  4093  6279 I NearbyDiscovery: FastPairController: onSystemStateChanged: skip due to flag disabled [CONTEXT service_id=265 ]
02-23 03:30:41.548  1221  5458 D NxpNciX : len =   4 => 21060100
02-23 03:30:41.548  1221  5458 D NxpTml  : PN54X - I2C Write successful.....
02-23 03:30:41.548  1221  5458 D NxpTml  : PN54X - Posting Fresh Write message.....
02-23 03:30:41.548  1221  5458 D NxpTml  : PN54X - Tml Writer Thread Running................
02-23 03:30:41.548  1221  5460 D NxpHal  : write successful status = 0x0
02-23 03:30:41.550  4093  9384 I NearbySharing: Screen is unlocked
02-23 03:30:41.550  4093  9384 I NearbySharing: Uwb feature is off.
02-23 03:30:41.550  1221  5457 D NxpTml  : PN54X - I2C Read successful.....len = 4
02-23 03:30:41.550  1221  5457 D NxpTml  : PN54X - Posting read message.....
02-23 03:30:41.550  4093  9384 I NearbySharing: Uwb feature is off.
02-23 03:30:41.550  1221  5457 D NxpNciR : len =   4 <= 41060100
02-23 03:30:41.550  1221  5460 D NxpHal  : read successful status = 0x0
02-23 03:30:41.551  1322  2673 E surfaceflinger: [frame_perf] perfboost open boost file failed
02-23 03:30:41.551  1221  5457 D NxpTml  : PN54X - Read requested.....
02-23 03:30:41.551  1221  5457 D NxpTml  : PN54X - Invoking I2C Read.....
02-23 03:30:41.551  1311  1671 D APM_AudioPolicyManager: setAudioPolicyParameters(): io 0, keyvalue setPackageName=com.oneplus.wallpaper
02-23 03:30:41.551  1311  1671 D APM_AudioPolicyManager: set package name:com.oneplus.wallpaper
02-23 03:30:41.552  1221  1221 D NxpExtns: find found MIFARE_READER_ENABLE=(0x1)
02-23 03:30:41.552  1221  1221 D NxpHal  : NAME_MIFARE_READER_ENABLE : 1
02-23 03:30:41.552  4093  9384 I NearbySharing: Stopping scanning because Nearby Sharing is disabled.
02-23 03:30:41.553  4093  9384 I NearbySharing: Stopping Fast Init advertisement because we're not scanning in the foreground.
02-23 03:30:41.553  6504  6504 I GoogleInputMethodService: GoogleInputMethodService.onFinishInput():2113 
02-23 03:30:41.553  1471  2505 I OpAudioMonitor: MDM,start.
02-23 03:30:41.553  1471  2505 I OpAudioMonitor: MDM,music is not active, clear
02-23 03:30:41.553  1471  2505 I OpAudioMonitor: MDM,start put pk:com.oneplus.wallpaper startTime:1771797641
02-23 03:30:41.553  1221  5458 D NxpTml  : PN54X - Write requested.....
02-23 03:30:41.553  1221  5458 D NxpTml  : PN54X - Invoking I2C Write.....
02-23 03:30:41.553  4093  9384 I NearbySharing: Stopping advertising because Nearby Sharing is disabled.
02-23 03:30:41.554  6504  6504 I Module  : DeviceLockedStatusModuleProvider$Module.updateDeviceLockedStatus():103 repeatCheckTimes = 0, locked = false
02-23 03:30:41.555  1221  5458 D NxpNciX : len =   4 => 2F150100
02-23 03:30:41.555  1221  5458 D NxpTml  : PN54X - I2C Write successful.....
02-23 03:30:41.555  1221  5458 D NxpTml  : PN54X - Posting Fresh Write message.....
02-23 03:30:41.555  1221  5460 D NxpHal  : write successful status = 0x0
02-23 03:30:41.555  1221  5458 D NxpTml  : PN54X - Tml Writer Thread Running................
02-23 03:30:41.556  4093  9384 I NearbySharing: Stopping FastInitiation scanning because visibility is hidden.
02-23 03:30:41.557  6504  6504 I GoogleInputMethodService: GoogleInputMethodService.onStartInput():1384 onStartInput(EditorInfo{EditorInfo{packageName=moe.haruue.wadb, inputType=0, inputTypeString=NULL, enableLearning=false, autoCorrection=false, autoComplete=false, imeOptions=0, privateImeOptions=null, actionName=UNSPECIFIED, actionLabel=null, initialSelStart=-1, initialSelEnd=-1, initialCapsMode=0, label=null, fieldId=-1, fieldName=null, extras=null, hintText=null, hintLocales=[]}}, false)
02-23 03:30:41.557  4093  9384 I NearbySharing: Fast Initiation Scanning has stopped
02-23 03:30:41.557  4093  9384 I NearbySharing: Dismissing HUN as there's no device nearby.
02-23 03:30:41.558  6504  6504 I Module  : DeviceLockedStatusModuleProvider$Module.updateDeviceLockedStatus():103 repeatCheckTimes = 1, locked = false
02-23 03:30:41.558  1221  5457 D NxpTml  : PN54X - I2C Read successful.....len = 4
02-23 03:30:41.558  1221  5457 D NxpTml  : PN54X - Posting read message.....
02-23 03:30:41.558  1221  5457 D NxpNciR : len =   4 <= 4F150100
02-23 03:30:41.558  1221  5460 D NxpHal  : read successful status = 0x0
02-23 03:30:41.558  1221  5457 D NxpTml  : PN54X - Read requested.....
02-23 03:30:41.558  1221  5457 D NxpTml  : PN54X - Invoking I2C Read.....
02-23 03:30:41.559  1471  1471 I chatty  : uid=1000 system_server expire 44 lines
02-23 03:30:41.559  1221  1221 D NxpExtns: find found MIFARE_READER_ENABLE=(0x1)
02-23 03:30:41.559  1221  1221 D NxpHal  : NAME_MIFARE_READER_ENABLE : 1
02-23 03:30:41.559  1221  5458 D NxpTml  : PN54X - Write requested.....
02-23 03:30:41.559  1221  5458 D NxpTml  : PN54X - Invoking I2C Write.....
02-23 03:30:41.559  1471  2562 I chatty  : uid=1000(system) ActivityManager expire 321 lines
02-23 03:30:41.560  1221  5458 D NxpNciX : len =  10 => 20020702320120380101
02-23 03:30:41.560  1221  5458 D NxpTml  : PN54X - I2C Write successful.....
02-23 03:30:41.560  1221  5458 D NxpTml  : PN54X - Posting Fresh Write message.....
02-23 03:30:41.560  1221  5458 D NxpTml  : PN54X - Tml Writer Thread Running................
02-23 03:30:41.560  1221  5460 D NxpHal  : write successful status = 0x0
02-23 03:30:41.562  1221  5457 D NxpTml  : PN54X - I2C Read successful.....len = 5
02-23 03:30:41.562  1221  5457 D NxpTml  : PN54X - Posting read message.....
02-23 03:30:41.562  1221  5457 D NxpNciR : len =   5 <= 4002020000
02-23 03:30:41.563  1221  5460 D NxpHal  : read successful status = 0x0
02-23 03:30:41.563  1221  5460 D NxpHal  : phNxpNciHal_print_res_status: response status =STATUS_OK
02-23 03:30:41.563  1221  5457 D NxpTml  : PN54X - Read requested.....
02-23 03:30:41.563  1221  5457 D NxpTml  : PN54X - Invoking I2C Read.....
02-23 03:30:41.564  1221  1221 D NxpExtns: find found MIFARE_READER_ENABLE=(0x1)
02-23 03:30:41.564  1221  1221 D NxpHal  : NAME_MIFARE_READER_ENABLE : 1
02-23 03:30:41.564  1221  1221 D NxpHal  : > Polling Loop Started
02-23 03:30:41.564  1221  5458 D NxpTml  : PN54X - Write requested.....
02-23 03:30:41.564  1221  5458 D NxpTml  : PN54X - Invoking I2C Write.....
02-23 03:30:41.565  1221  5458 D NxpNciX : len =  10 => 21030703800181018201
02-23 03:30:41.565  1221  5458 D NxpTml  : PN54X - I2C Write successful.....
02-23 03:30:41.565  1221  5458 D NxpTml  : PN54X - Posting Fresh Write message.....
02-23 03:30:41.565  1221  5458 D NxpTml  : PN54X - Tml Writer Thread Running................
02-23 03:30:41.565  1221  5460 D NxpHal  : write successful status = 0x0
02-23 03:30:41.566  1541  7559 I NuPlayerRenderer: NOTE: notifying video preroll complete
02-23 03:30:41.566  1541  7549 I NuPlayer: NOTE: Video preroll complete.. resume renderer..
02-23 03:30:41.568  1322 25567 E surfaceflinger: [frame_perf] perfboost open boost file failed
02-23 03:30:41.568  1221  5457 D NxpTml  : PN54X - I2C Read successful.....len = 4
02-23 03:30:41.568  1221  5457 D NxpTml  : PN54X - Posting read message.....
02-23 03:30:41.568  1221  5457 D NxpNciR : len =   4 <= 41030100
02-23 03:30:41.568  1221  5460 D NxpHal  : read successful status = 0x0
02-23 03:30:41.569  1221  5457 D NxpTml  : PN54X - Read requested.....
02-23 03:30:41.569  1221  5457 D NxpTml  : PN54X - Invoking I2C Read.....
02-23 03:30:41.569  4726  4726 D NfcService: applyRouting enter
02-23 03:30:41.569  4726  4726 D NfcService: Discovery configuration equal, not updating.
02-23 03:30:41.569  3096  3144 W MediaPlayerNative: info/warning (3, 0)
02-23 03:30:41.570  1221  1221 D NxpExtns: find found MIFARE_READER_ENABLE=(0x1)
02-23 03:30:41.570  1221  1221 D NxpHal  : NAME_MIFARE_READER_ENABLE : 1
02-23 03:30:41.570  1221  5458 D NxpTml  : PN54X - Write requested.....
02-23 03:30:41.570  1221  5458 D NxpTml  : PN54X - Invoking I2C Write.....
02-23 03:30:41.572  1221  5458 D NxpNciX : len =   4 => 21060100
02-23 03:30:41.572  1221  5458 D NxpTml  : PN54X - I2C Write successful.....
02-23 03:30:41.572  1221  5458 D NxpTml  : PN54X - Posting Fresh Write message.....
02-23 03:30:41.572  1221  5458 D NxpTml  : PN54X - Tml Writer Thread Running................
02-23 03:30:41.572  1221  5460 D NxpHal  : write successful status = 0x0
02-23 03:30:41.574  1221  5457 D NxpTml  : PN54X - I2C Read successful.....len = 4
02-23 03:30:41.574  1221  5457 D NxpTml  : PN54X - Posting read message.....
02-23 03:30:41.574  1221  5457 D NxpNciR : len =   4 <= 41060100
02-23 03:30:41.574  1221  5460 D NxpHal  : read successful status = 0x0
02-23 03:30:41.574  1221  5457 D NxpTml  : PN54X - Read requested.....
02-23 03:30:41.574  1221  5457 D NxpTml  : PN54X - Invoking I2C Read.....
02-23 03:30:41.577  1221  1221 D vendor.nxp.nxpnfc@1.0-impl: ioctl: enter
02-23 03:30:41.577  1221  1221 D NxpHal  : phNxpNciHal_ioctl : enter - arg = 24
02-23 03:30:41.577  1221  1221 D NxpTml  : phTmlNfc_set_pid()
02-23 03:30:41.577  1221  1221 D NxpTml  : phTmlNfc_set_pid(), pid  4726
02-23 03:30:41.577  1221  1221 D NxpHal  : phNxpNciHal_ioctl : exit - ret = 0
02-23 03:30:41.577  1221  1221 D vendor.nxp.nxpnfc@1.0-impl: ioctl: exit
02-23 03:30:41.577  1221  1221 D NxpExtns: find found MIFARE_READER_ENABLE=(0x1)
02-23 03:30:41.577  1221  1221 D NxpHal  : NAME_MIFARE_READER_ENABLE : 1
02-23 03:30:41.577  1221  5458 D NxpTml  : PN54X - Write requested.....
02-23 03:30:41.577  1221  5458 D NxpTml  : PN54X - Invoking I2C Write.....
02-23 03:30:41.578  1184  4076 I vendor.qti.bluetooth@1.0-ibs_handler: ProcessIbsCmd: Received IBS_WAKE_IND: 0xFD
02-23 03:30:41.578  1184  4076 I vendor.qti.bluetooth@1.0-ibs_handler: ProcessIbsCmd: Writing IBS_WAKE_ACK
02-23 03:30:41.579  1221  5458 D NxpNciX : len =  10 => 20020702320120380101
02-23 03:30:41.579  1221  5458 D NxpTml  : PN54X - I2C Write successful.....
02-23 03:30:41.579  1221  5458 D NxpTml  : PN54X - Posting Fresh Write message.....
02-23 03:30:41.579  1221  5458 D NxpTml  : PN54X - Tml Writer Thread Running................
02-23 03:30:41.579  2879  4078 V bt_stack: [VERBOSE1:btm_inq.cc(1019)] BTM_InqDbRead: bd addr 4e:94:82:67:a5:aa
02-23 03:30:41.579  1221  5460 D NxpHal  : write successful status = 0x0
02-23 03:30:41.581  1221  5457 D NxpTml  : PN54X - I2C Read successful.....len = 5
02-23 03:30:41.581  1221  5457 D NxpTml  : PN54X - Posting read message.....
02-23 03:30:41.581  1221  5457 D NxpNciR : len =   5 <= 4002020000
02-23 03:30:41.581  1221  5460 D NxpHal  : read successful status = 0x0
02-23 03:30:41.581  1221  5460 D NxpHal  : phNxpNciHal_print_res_status: response status =STATUS_OK
02-23 03:30:41.581  1221  5457 D NxpTml  : PN54X - Read requested.....
02-23 03:30:41.581  1221  5457 D NxpTml  : PN54X - Invoking I2C Read.....
02-23 03:30:41.581  1221  1221 D NxpExtns: find found MIFARE_READER_ENABLE=(0x1)
02-23 03:30:41.581  1221  1221 D NxpHal  : NAME_MIFARE_READER_ENABLE : 1
02-23 03:30:41.581  1221  1221 D NxpHal  : > Polling Loop Started
02-23 03:30:41.582  4093  6279 I NearbyDiscovery: (REDACTED) BloomFilterAdvManager: Detected bloom filter but too far away, ignoring. %sm, %s
02-23 03:30:41.583  1221  5458 D NxpTml  : PN54X - Write requested.....
02-23 03:30:41.583  1221  5458 D NxpTml  : PN54X - Invoking I2C Write.....
02-23 03:30:41.584  1471  5141 I chatty  : uid=1000(system) Binder:1471_15 expire 198 lines
02-23 03:30:41.585  1221  5458 D NxpNciX : len =  18 => 21030F070001010102018001810182010601
02-23 03:30:41.585  1221  5458 D NxpTml  : PN54X - I2C Write successful.....
02-23 03:30:41.585  1221  5458 D NxpTml  : PN54X - Posting Fresh Write message.....
02-23 03:30:41.585  1221  5458 D NxpTml  : PN54X - Tml Writer Thread Running................
02-23 03:30:41.585  1221  5460 D NxpHal  : write successful status = 0x0
