02-23 03:30:45.825 25544 11702 W om.nsdlpb.jiff: ClassLoaderContext classpath size mismatch. expected=14, found=3 (DLC[];PCL[base.apk*633060510:base.apk!classes2.dex*2737655207:base.apk!classes3.dex*949361085:base.apk!classes4.dex*400221965:base.apk!classes5.dex*2709196622:base.apk!classes6.dex*3735661685:base.apk!classes7.dex*1077392224:base.apk!classes8.dex*2099750688:base.apk!classes9.dex*2691248064:base.apk!classes10.dex*4240130861:base.apk!classes11.dex*1707357345:base.apk!classes12.dex*534184177:base.apk!classes13.dex*3569769663:base.apk!classes14.dex*2487046219]{PCL[/system/framework/org.apache.http.legacy.jar*536376411]#PCL[/system/framework/com.android.location.provider.jar*1664931834]#PCL[/system/framework/com.android.media.remotedisplay.jar*1573936315]} | DLC[];PCL[/data/app/~~SGVulOPIdKwW7TLhJl3mWQ==/com.nsdlpb.jiffy-ww_LvEoMfKIS1nP8Rye2Xg==/base.apk*1258140639:/data/app/~~SGVulOPIdKwW7TLhJl3mWQ==/com.nsdlpb.jiffy-ww_LvEoMfKIS1nP8Rye2Xg==/base.apk!classes2.dex*81168664:/data/app/~~SGVulOPIdKwW7TLhJl3mWQ==/com.nsdlpb.jiffy-ww_LvEoMfKIS1nP8Rye2Xg==/base.apk!classes3.dex*2153549695]{PCL[/system/framework/org.apache.http.legacy.jar*536376411]})
02-23 03:30:45.825 25544 11702 W om.nsdlpb.jiff: Found duplicate classes, falling back to extracting from APK : /data/app/~~4cz1r4shV35tmGD9fDhiFA==/com.google.android.gms-7zQf4gaHMsB3yk_zhZEPJQ==/split_MeasurementDynamite_installtime.apk
02-23 03:30:45.825 25544 11702 W om.nsdlpb.jiff: NOTE: This wastes RAM and hurts startup performance.
02-23 03:30:45.825 25544 11702 W om.nsdlpb.jiff: Found duplicated class when checking oat files: 'Landroid/os/OutcomeReceiver;' in /data/app/~~4cz1r4shV35tmGD9fDhiFA==/com.google.android.gms-7zQf4gaHMsB3yk_zhZEPJQ==/split_MeasurementDynamite_installtime.apk and /data/app/~~SGVulOPIdKwW7TLhJl3mWQ==/com.nsdlpb.jiffy-ww_LvEoMfKIS1nP8Rye2Xg==/base.apk
02-23 03:30:45.834 25544 11742 E sqlite3_android: [IKR-38846] ONEPLUS_NAME_PARTS_MATCH SQLITE_OK
02-23 03:30:45.846 25544 11742 E sqlite3_android: [IKR-38846] ONEPLUS_NAME_PARTS_MATCH SQLITE_OK
02-23 03:30:45.848 25544 11742 E sqlite3_android: [IKR-38846] ONEPLUS_NAME_PARTS_MATCH SQLITE_OK
02-23 03:30:45.865  2856  2876 V OPConfig:ConfigProvider: Module:OnePlusFontConfig
02-23 03:30:45.867  2788  2788 D StateManager: onAnimationEnd# set currentAnim to empty.
02-23 03:30:45.868  2788  2788 D QuickstepTransition: resetContentView set DragLayer alpha 1
02-23 03:30:45.868 25544 25544 E Config:Grabber:OnePlusFontConfig: Index 0 requested, with a size of 0
02-23 03:30:45.868  2788  2788 D BaseActivity: clearForceInvisibleFlag add flag = 2, currentFlag = 0
02-23 03:30:45.868  2788  2788 D BaseActivity: Showing call stack: 
02-23 03:30:45.868  2788  2788 D BaseActivity:     [BaseActivity] QuickstepAppTransitionManagerImpl.java, onAnimationEnd, line: 164
02-23 03:30:45.868 25544 25544 I LSPosed-Bridge: ShekharPAIBypass: Starting Universal Heuristic Scan for com.nsdlpb.jiffy
02-23 03:30:45.872 25544 25544 I AppProtecttInteractor: Version ---> prod :- release : V4.4(4)
02-23 03:30:45.872 25544 25544 I AppProtecttInteractor: SDK_BUILD_ID ---> da5788930eb60a5fef41f167774f4626bb9b15ec
02-23 03:30:45.872 25544 25544 I AppProtecttInteractor: SDK_BUILD_TIME ---> 2025-09-04 10:41:49
02-23 03:30:45.872 25544 11744 W om.nsdlpb.jiff: Opening an oat file without a class loader. Are you using the deprecated DexFile APIs?
02-23 03:30:45.880  3096  3096 D LiveWallpaper.VideoEngine: onVisibilityChanged# false true false
02-23 03:30:45.880  3096  3096 D LiveWallpaper.VideoEngine: onVisibilityChanged# mUserManager.isUserUnlocked()=true mNotReadyPlay=false mMediaPlayer=null
02-23 03:30:45.886  1322  1322 E Layer   : [Surface(name=Task=125)/@0x239b4c5 - animation-leash#0] No local sync point found
02-23 03:30:45.886  1322  1322 E Layer   : [Surface(name=Task=125)/@0x239b4c5 - animation-leash#0] No local sync point found
02-23 03:30:45.886  1322  1322 E Layer   : [Surface(name=Task=1)/@0x18a9327 - animation-leash#0] No local sync point found
02-23 03:30:45.886  1322  1322 E Layer   : [Surface(name=Task=1)/@0x18a9327 - animation-leash#0] No local sync point found
02-23 03:30:45.891  1471  2555 I chatty  : uid=1000(system) android.display expire 9 lines
02-23 03:30:45.895 25544 25544 I TRUST   : 21:f9:89:06:f6:89:17:9d:e6:8d:39:bd:c5:6e:c5:5e:19:74:27:46:21:90:46:10:1d:a8:33:a9:38:6b:a6:87:54:6e:f7:c7:3d:e1:69:e9:d6:68:84:6b:c8:07:a1:ec:7c:a4:87:4f:9c:a0:64:3f:5c:45:4c:c1:e0:11:5e:ac
02-23 03:30:45.910 25544 25544 V Smartech: debug level system property: 
02-23 03:30:45.912 25544 11757 I Smartech: Smartech SDK initialization started.
02-23 03:30:45.913 25544 11757 V Smartech: debug level system property: 
02-23 03:30:45.913 25544 11757 I Smartech: Init block is called
02-23 03:30:45.914  1471  2552 I chatty  : uid=1000(system) android.fg expire 577 lines
02-23 03:30:45.916 25544 11759 E sqlite3_android: [IKR-38846] ONEPLUS_NAME_PARTS_MATCH SQLITE_OK
02-23 03:30:45.921 25544 25544 E om.nsdlpb.jiff: [frame_perf] perfboost open tb_ctl file failed, isApp[1], errno=No such file or directory
02-23 03:30:45.921 25544 25544 E libprocessgroup: set_timerslack_ns write failed: Operation not permitted
02-23 03:30:45.940 25544 11757 I SMTActivityLifecycleCallback: Activity Lifecycle Callback successfully registered
02-23 03:30:45.940 25544 11757 I Smartech: Smartech SDK - v3.6.4, Smartech Push SDK - v3.5.7, Smartech AppInbox SDK - vNA
02-23 03:30:45.940 25544 11757 I Smartech: Smartech app id: 6b6efd54abbc3f8a3af39d07f2a3ea70, guid: 78efc0cd-d867-418b-a066-264c0b51841d
02-23 03:30:45.940 25544 11757 I SmartechInternal: modulelist size 3 
02-23 03:30:45.940 25544 11757 I SMTPushModule: Initialization of SmartechPush.
02-23 03:30:45.940 25544 11757 I SmartechInternal: Module name com.netcore.android.smartechpush.SMTPushModule
02-23 03:30:45.941  1322  1366 W DisplayIdentification: Invalid EDID: falling back to serial number due to missing display name.
02-23 03:30:45.941  1322  1366 W DisplayIdentification: Invalid EDID: falling back to ASCII text due to missing serial number.
02-23 03:30:45.941 25544 11757 I SmartechInternal: Module com.netcore.android.smartechappinbox.SMTBaseInboxAdapter not found.
02-23 03:30:45.941 25544 11757 I SmartechInternal: Module com.netcore.android.smartechpush.xiaomi.SMTPushXiaomiModule not found.
02-23 03:30:45.943 25544 11757 I ModuleChecker: smartech-appinbox sdk is not used
02-23 03:30:45.943 25544 11757 I Smartech: Smartech - Initializing Inbox SDK. isInboxSdkInitialised: false , smartechAppInboxInterface: null & smtAppInboxData: null
02-23 03:30:45.943 25544 11757 I Smartech: Smartech - Inbox interface is null while initializing Inbox SDK.
02-23 03:30:45.943 25544 11757 I ModuleChecker: smartech-push-xiaomi sdk is not used
02-23 03:30:45.943 25544 11757 D Smartech: Encryption mode enabled false
02-23 03:30:45.944 25544 11760 V NetworkUtil: network is not null
02-23 03:30:45.955 25544 11759 I d       : onCreate()
02-23 03:30:45.957 25544 11759 I e       : getEventTableCreateStatement()
02-23 03:30:45.958 25544 11759 I h       : IAM - getInAppRuleTableCreateStatement method executed
02-23 03:30:45.959 25544 11759 I SMTNotificationTable: getNotificationTableCreateStatement
02-23 03:30:45.960 25544 11759 I SMTNotificationTable: Table pushNotification is created
02-23 03:30:45.960 25544 11759 I f       : getGeoFenceGroupCreateStatement()
02-23 03:30:45.961 25544 11759 I g       : getGeoFenceGroupCreateStatement()
02-23 03:30:45.974 25544 25544 V SMTActivityLifecycleCallback: Lifecycle callback - Activity Started
02-23 03:30:45.974 25544 25544 I Smartech: Smartech.startInitialization() method call
02-23 03:30:45.974 25544 11759 V SMTNotificationTable: pushNotification Table exists
02-23 03:30:45.974 25544 11759 V SmartPush: pushNotification table does exist
02-23 03:30:45.975 25544 11766 I Smartech: Event sync started in batch from Smartech.kt class
02-23 03:30:45.975 25544 11757 I c       : Smartech SDK_INITIALIZE API call
02-23 03:30:45.976 25544 11760 I URL Request:: https://cpn.netcoresmartech.com/appinit/6b6efd54abbc3f8a3af39d07f2a3ea70.json?appId=6b6efd54abbc3f8a3af39d07f2a3ea70&appVersion=3.0.9&sdkVersion=3.6.4
02-23 03:30:45.976 25544 11760 I URL Request: Headers: null
02-23 03:30:45.978 25544 11757 I SMTRequestQueue: URL: https://cpn.netcoresmartech.com/appinit/6b6efd54abbc3f8a3af39d07f2a3ea70.json?appId=6b6efd54abbc3f8a3af39d07f2a3ea70&appVersion=3.0.9&sdkVersion=3.6.4
02-23 03:30:45.978 25544 11757 I SMTRequestQueue: RequestID: 1771797645976
02-23 03:30:45.978 25544 11757 I SMTRequestQueue: RequestHParams: null
02-23 03:30:45.978 25544 11757 I Smartech: SDK debug level: 9
02-23 03:30:45.978 25544 11757 V Smartech: debug level system property: 
02-23 03:30:45.978 25544 11757 I h       : IAM - resetUsageForSessionTypeRule method executed
02-23 03:30:45.978 25544 11757 I h       : IAM - getAllInAppRule method executed
02-23 03:30:45.979 25544 11766 I e       : isMoreEventsPresentForProcessing()
02-23 03:30:45.979 25544 11764 I e       : isMoreEventsPresentForProcessing()
02-23 03:30:45.979 25544 11757 I h       : IAM - getAllInAppRule method completed & applicable rules list size is 0
02-23 03:30:45.980 25544 11764 I e       : Event count is 0
02-23 03:30:45.980 25544 11766 I e       : Event count is 0
02-23 03:30:45.980 25544 11764 I a       : Events in DB: false tracking status: false
02-23 03:30:45.980 25544 11766 I a       : Events in DB: false tracking status: false
02-23 03:30:45.980 25544 11764 V NetworkUtil: network is not null
02-23 03:30:45.981 25544 11766 V NetworkUtil: network is not null
02-23 03:30:45.981 25544 11766 I a       : scheduling next batch process in 5000 milli seconds and thread name is pool-15-thread-5
02-23 03:30:45.981 25544 11764 I a       : scheduling next batch process in 5000 milli seconds and thread name is pool-15-thread-4
02-23 03:30:46.005  1184  4076 I vendor.qti.bluetooth@1.0-ibs_handler: ProcessIbsCmd: Received IBS_WAKE_IND: 0xFD
02-23 03:30:46.005  1184  4076 I vendor.qti.bluetooth@1.0-ibs_handler: ProcessIbsCmd: Writing IBS_WAKE_ACK
02-23 03:30:46.007  2879  4078 V bt_stack: [VERBOSE1:btm_inq.cc(1019)] BTM_InqDbRead: bd addr 4e:94:82:67:a5:aa
02-23 03:30:46.011  4093  6279 I NearbyDiscovery: (REDACTED) BloomFilterAdvManager: Detected bloom filter but too far away, ignoring. %sm, %s
02-23 03:30:46.020  1471  2552 W Looper  : Slow dispatch took 107ms android.fg h=android.os.Handler c=<recycled PooledLambda@715d88a> m=0
02-23 03:30:46.020  1471  2553 W Looper  : Slow dispatch took 104ms android.ui h=com.android.server.am.ActivityManagerService$UiHandler c=null m=53
02-23 03:30:46.020  1471  2552 W Looper  : Drained
02-23 03:30:46.024 25544 11759 I SmartPush: FCM getToken call started..
02-23 03:30:46.024 25544 11759 I SMTNotificationTable: deleteNotifications()
02-23 03:30:46.024 25544 11759 I SMTNotificationTable: deleteNotifications() result 0
02-23 03:30:46.025  1471  2688 I chatty  : uid=1000(system) Binder:1471_5 expire 14 lines
02-23 03:30:46.025 31013 20919 I PermissionControllerServiceImpl: Updating user sensitive for uid 10175
02-23 03:30:46.032  1471 14079 I chatty  : uid=1000(system) Binder:1471_1E expire 241 lines
02-23 03:30:46.045  1184  4076 I vendor.qti.bluetooth@1.0-ibs_handler: ProcessIbsCmd: Received IBS_SLEEP_IND: 0xFE
02-23 03:30:46.055 25544 11760 I URL Response:: https://cpn.netcoresmartech.com/appinit/6b6efd54abbc3f8a3af39d07f2a3ea70.json?appId=6b6efd54abbc3f8a3af39d07f2a3ea70&appVersion=3.0.9&sdkVersion=3.6.4
02-23 03:30:46.056 25544 11760 I URL Response:: API Response : {"InAppRuleList":[{"id":"80","toDate":"2026-02-12T22:00:00","fromDate":"2026-02-12T16:50:05","whomTo":{"everyone":"everyone","eventList":21,"eventDelay":0},"whereTo":"4","whenTo":{"campaign":{"days":"Sunday,Monday,Tuesday,Wednesday,Thursday,Friday,Saturday","from":"09:00","to":"21:00"},"spentTime":"0"},"whatTo":"clientid=175536&id=80","contentType":1,"controlGroup":0}],"newInAppRules":[],"inAppRules":[{"id":"80","toDate":"2026-02-12T22:00:00","fromDate":"2026-02-12T16:50:05","modifiedDate":"2026-02-12T16:50:14","frequencyType":"","frequency":"0","whomTo":{"visitor":"all","visitorType":"all"},"whereTo":{"position":"4","trigger":{"eventId":21,"eventName":"App Launch","delay":0,"filterType":"all","filters":[]},"multiTrigger":[{"eventId":21,"eventName":"App Launch","delay":0,"filterType":"all","filters":[]}]},"whenTo":{"days":["0","1","2","3","4","5","6"],"time":[{"from":"09:00","to":"21:00"}]},"whatTo":{"url":"https:\/\/cdndc.netcoresmartech.com\/175536\/in-app-content\/80.html?inappVer=1","useFullscreen":1,"smtCustomPayload":{"utm_source":"Netcore","utm_campaign":"Downtime 12-02-26","utm_medium":"In-app","utm_content":"","utm_term":"Onsite"}},"contentType":1,"controlGroup":0}],"testInAppRules":[],"smartechSettings":{"paEnabled":true,"appInboxEnabled":false,"paInterval":60,"sdkActive":true,"sessionInterval":30,"batchInterval":10,"batchSize":30,"td":{"guids":[],"logEnabled":false,"logLevel":1},"eventSettings":{"allevents":true,"lifecycle":true,"push":true,"inapp":true,"appinbox":true},"panelActive":true,"eventLimit":200,"frequency":"","baseUrls":{"trackAppActUrl":"https:\/\/npn.netcoresmartech.com\/","pushAmpUrl":"https:\/\/npa.netcoresmartech.com\/","inAppUrl":"https:\/\/ninapp.netcoresmartech.com\/","inboxUrl":"https:\/\/appinbox.netcoresmartech.com\/","listSegUrl":"https:\/\/psegment.netcoresmartech.com\/","testDeviceUrl":"https:\/\/apiin.netcoresmartech.com\/","contentPzUrl":"https:\/\/app-cpz.netcoresmartech.com\/prod\/"},"features":{"contentPz":{"enabled":false,"syncInterval":0}},"hansel_api_endpoints":{"get_data":"https:\/\/ujm.hansel.io\/ujm\/v1\/data\/<os>\/<app_id>\/<rv>\/","add_events":"https:\/\/sdk.hansel.io\/dashboard\/event\/v1\/<app_id>\/","td_auth":"https:\/\/sdk.hansel.io\/dashboard\/td\/verify","init_sdk":"https:\/\/sdk.hansel.io\/dashboard\/sdk\/v1\/init\/<os>\/<app_id>\/","req_sesid":"https:\/\/sdk.hansel.io\/dashboard\/visualizer\/request_session","socket":"wss:\/\/websocket-visualizer.hansel.io","populate_data":"https:\/\/sdk.hansel.io\/dashboard\/populatedata\/v1\/<app_id>\/"},"userAttrConfig":{"enabled":false,"syncInterval":30,"attrIds":[]},"cid":"175536","gwConfig":{"xiaomi":{"enable":false,"enablePushFor":null,"tokenSendInterval":60}},"sConfig":{}}}
02-23 03:30:46.062 25544 11760 I SMTRequestQueue: Event response : 200
02-23 03:30:46.063 25544 11760 I Smartech: Smartech SDK initialized successfully.
02-23 03:30:46.064 25544 11760 I SMTCommonUtility: Smartech settings: SmartTechSettings(batchInterval=10, batchSize=30, fetchLocation=false, paEnabled=true, paInterval=60, panelActive=true, sdkActive=true, sessionInterval=30, baseUrl=, smartechURL=SmartTechBaseURL(trackAppActUrl='https://npn.netcoresmartech.com/', pushAmpUrl='https://npa.netcoresmartech.com/', inAppUrl='https://ninapp.netcoresmartech.com/', inAppListSegUrl='https://psegment.netcoresmartech.com/', inboxUrl='https://appinbox.netcoresmartech.com/', geoFenceUrl='', testDeviceUrl='https://apiin.netcoresmartech.com/'), testDevice=SmartTechTestDevice(logEnabled=false, logLevel=1, guids=[]))
02-23 03:30:46.064 25544 11760 I Smartech: Smartech SDK status Panel: true, SDK: true
02-23 03:30:46.064 25544 11760 I Smartech: SDK initialized from Smartech panel with settings : SmartTechSettings(batchInterval=10, batchSize=30, fetchLocation=false, paEnabled=true, paInterval=60, panelActive=true, sdkActive=true, sessionInterval=30)
02-23 03:30:46.065 25544 11760 I Smartech: SDK debug level: 9
02-23 03:30:46.065 25544 11760 V Smartech: debug level system property: 
02-23 03:30:46.065 25544 11760 I Smartech: Recording app launch events.
02-23 03:30:46.065 25544 11760 I c       : Tracking app install.false && false
02-23 03:30:46.065 25544 11760 I SMTEventRecorder: Status of tracking: true
02-23 03:30:46.067 25544 11760 I e       : insertEvent()
02-23 03:30:46.067 25544 11760 I e       : insertEvent()
02-23 03:30:46.072  4093  9389 I PhenotypeResourceReader: unable to find any Phenotype resource metadata for com.nsdlpb.jiffy
02-23 03:30:46.074 25544 11760 I e       : insertEvent() result 1
02-23 03:30:46.074 25544 11760 I e       : deleteMultipleEvents()
02-23 03:30:46.075 25544 11760 I SMTEventRecorder: Event name: app_installed
02-23 03:30:46.075 25544 11760 I SMTEventRecorder: Event id: 20
02-23 03:30:46.075 25544 11760 I SMTEventRecorder: Event type: system_app_lifecycle
02-23 03:30:46.075 25544 11760 I SMTEventRecorder: Event Payload: {"networkMode":"unknown","td":0,"eventId":20,"screenOrientation":"portrait","lng":null,"identity":"","eventTime":"1771797646065","eventName":"app_installed","timeZone":"GMT+05:30","sessionId":"1771797645978","lat":null,"retry":0}
02-23 03:30:46.075 25544 11760 I SMTEventRecorder: Payload: null
02-23 03:30:46.075 25544 11760 I e       : IAM adding events to pending list isFirstForegroundFinished: true , isInitApiFinished: false and EventName is : app_installed
02-23 03:30:46.075 25544 11760 I e       : Since SDK  initialisation is in progress, we are storing the event: app_installed to the array which will be evaluated for IAM once the SDK initialised
02-23 03:30:46.075 25544 11760 I c       : App version code 170  &&  0
02-23 03:30:46.076 25544 11760 I SMTEventRecorder: Status of tracking: true
02-23 03:30:46.076 25544 11760 I e       : insertEvent()
02-23 03:30:46.079  1471  2555 D OemSceneModeActivityStack: [scene] handleEvaluateGameMode enabled: false
02-23 03:30:46.080  1471  1471 V SettingsProvider: Notifying for 0: content://settings/system/rading_mode_status_auto
02-23 03:30:46.076 25544 11760 I e       : insertEvent()
02-23 03:30:46.080 25544 11770 E om.nsdlpb.jiff: No package ID 6b found for ID 0x6b0b0013.
02-23 03:30:46.081  2828  2848 I OIMC    : notified , mode ColorReadMode changeTo 2
02-23 03:30:46.081  2828  2973 I OIMC_CORE: handleMessage:   MODE_EXIT, arg1: 0, arg2: 0, obj: com.oneplus.server.oimc.gwy@eb0b95c
02-23 03:30:46.081  2828  2973 I OIMC_CORE: The mode: ColorReadMode is not entered
02-23 03:30:46.081  2828  2848 I OIMC    : notified , mode ReadMode changeTo 2
02-23 03:30:46.081  2828  2973 I OIMC_CORE: handleMessage:   MODE_EXIT, arg1: 0, arg2: 0, obj: com.oneplus.server.oimc.gwy@2e12465
02-23 03:30:46.082  2828  2973 I OIMC_CORE: The mode: ReadMode is not entered
02-23 03:30:46.082 25544 11770 I FA      : App measurement initialized, version: 153000
02-23 03:30:46.082 25544 11770 I FA      : To enable debug logging run: adb shell setprop log.tag.FA VERBOSE
02-23 03:30:46.082 25544 11770 I FA      : To enable faster debug mode event logging run:
02-23 03:30:46.082 25544 11770 I FA      :   adb shell setprop debug.firebase.analytics.app com.nsdlpb.jiffy
02-23 03:30:46.083  1471  1471 V SettingsProvider: Notifying for 0: content://settings/system/rading_mode_status_auto
02-23 03:30:46.083 25544 25544 W om.nsdlpb.jiffy: type=1400 audit(0.0:858): avc: denied { read } for name="max_map_count" dev="proc" ino=254958 scontext=u:r:untrusted_app:s0:c245,c256,c512,c768 tcontext=u:object_r:proc_max_map_count:s0 tclass=file permissive=0 app=com.nsdlpb.jiffy
02-23 03:30:46.086 25544 11760 I e       : insertEvent() result 2
02-23 03:30:46.086 25544 11760 I e       : deleteMultipleEvents()
02-23 03:30:46.088 25544 11760 I SMTEventRecorder: Event name: app_location_disabled
02-23 03:30:46.088 25544 11760 I SMTEventRecorder: Event id: 90
02-23 03:30:46.088 25544 11760 I SMTEventRecorder: Event type: system
02-23 03:30:46.088 25544 11760 I SMTEventRecorder: Event Payload: {"networkMode":"unknown","td":0,"eventId":90,"screenOrientation":"portrait","lng":null,"identity":"","eventTime":"1771797646076","eventName":"app_location_disabled","timeZone":"GMT+05:30","sessionId":"1771797645978","lat":null,"retry":0}
02-23 03:30:46.088 25544 11760 I SMTEventRecorder: Payload: null
02-23 03:30:46.088 25544 11760 I e       : IAM adding events to pending list isFirstForegroundFinished: true , isInitApiFinished: false and EventName is : app_location_disabled
02-23 03:30:46.088 25544 11760 I e       : Since SDK  initialisation is in progress, we are storing the event: app_location_disabled to the array which will be evaluated for IAM once the SDK initialised
02-23 03:30:46.089 25544 11760 I Smartech: Smartech - Inbox config: SMTAppInboxData(appId='6b6efd54abbc3f8a3af39d07f2a3ea70', base_url='https://appinbox.netcoresmartech.com/', guid='78efc0cd-d867-418b-a066-264c0b51841d', identity='', isSMTAppInboxEnabled=false, isBaseSDKInitialized=true, isSMTAppInboxEventEnabled=true)
02-23 03:30:46.089 25544 11760 I Smartech: Smartech - Initializing Inbox SDK. isInboxSdkInitialised: false , smartechAppInboxInterface: null & smtAppInboxData: SMTAppInboxData(appId='6b6efd54abbc3f8a3af39d07f2a3ea70', base_url='https://appinbox.netcoresmartech.com/', guid='78efc0cd-d867-418b-a066-264c0b51841d', identity='', isSMTAppInboxEnabled=false, isBaseSDKInitialized=true, isSMTAppInboxEventEnabled=true)
02-23 03:30:46.089 25544 11760 I Smartech: Smartech - Inbox interface is null while initializing Inbox SDK.
02-23 03:30:46.089 25544 11760 I Smartech: Geofence value: false
02-23 03:30:46.089 25544 11760 D d       : IAM - Processing inapp rules
02-23 03:30:46.089 25544 11760 I d       : IAM - All inapp rules id ('80')
02-23 03:30:46.089 25544 11760 I d       : IAM - Test inapp rules id from preferences 
02-23 03:30:46.089 25544 11760 I d       : IAM - All inapp rules id after merging with test in app rules ('80')
02-23 03:30:46.089 25544 11760 I h       : IAM - deleteOtherInAppRules method executed ruleIds: ('80')
02-23 03:30:46.089 25544 11760 V c       : Database : Deleting table rows.Table - InAppRule, WhereClause - rule_id NOT IN ('80'), WhereArgs - null
02-23 03:30:46.090 25544 11760 V c       : Database : Table delete query executed. Table - InAppRule & deleted rows count - 0
02-23 03:30:46.090 25544 11760 I h       : IAM - deleteOtherInAppRules for ruleIds: ('80') result is 0
02-23 03:30:46.090 25544 11760 I h       : IAM - inserting inapp rule & ruleId: 80
02-23 03:30:46.092 25544 11775 I SmartechInternal: Event name SMTMODULE_RECORD_EVENT 
02-23 03:30:46.092 25544 11775 I SMTEventRecorder: Status of tracking: true
02-23 03:30:46.092  1184  4076 I vendor.qti.bluetooth@1.0-ibs_handler: ProcessIbsCmd: Received IBS_WAKE_IND: 0xFD
02-23 03:30:46.092  1184  4076 I vendor.qti.bluetooth@1.0-ibs_handler: ProcessIbsCmd: Writing IBS_WAKE_ACK
02-23 03:30:46.093 25544 11775 I e       : insertEvent()
02-23 03:30:46.093 25544 11775 I e       : insertEvent()
02-23 03:30:46.093  2879  4078 V bt_stack: [VERBOSE1:btm_inq.cc(1019)] BTM_InqDbRead: bd addr 4e:94:82:67:a5:aa
02-23 03:30:46.096 25544 11788 E libc    : Access denied finding property "ro.vendor.mediatek.platform"
02-23 03:30:46.096  4093  6279 I NearbyDiscovery: (REDACTED) BloomFilterAdvManager: Detected bloom filter but too far away, ignoring. %sm, %s
02-23 03:30:46.103 25544 11760 I h       : IAM - insert result for ruleId: 80 is 1
02-23 03:30:46.103 25544 11760 V c       : Database : Deleting table rows.Table - InAppRule, WhereClause - rule_id = '80' AND modified_date != '1770915014000' , WhereArgs - null
02-23 03:30:46.108 25544 11788 D vulkan  : searching for layers in '/data/app/~~SGVulOPIdKwW7TLhJl3mWQ==/com.nsdlpb.jiffy-ww_LvEoMfKIS1nP8Rye2Xg==/lib/arm64'
02-23 03:30:46.108 25544 11788 D vulkan  : searching for layers in '/data/app/~~SGVulOPIdKwW7TLhJl3mWQ==/com.nsdlpb.jiffy-ww_LvEoMfKIS1nP8Rye2Xg==/base.apk!/lib/arm64-v8a'
02-23 03:30:46.108 25544 11788 D vulkan  : searching for layers in '/data/app/~~SGVulOPIdKwW7TLhJl3mWQ==/com.nsdlpb.jiffy-ww_LvEoMfKIS1nP8Rye2Xg==/split_config.arm64_v8a.apk!/lib/arm64-v8a'
02-23 03:30:46.109 25544 11788 D vulkan  : searching for layers in '/data/app/~~SGVulOPIdKwW7TLhJl3mWQ==/com.nsdlpb.jiffy-ww_LvEoMfKIS1nP8Rye2Xg==/split_config.en.apk!/lib/arm64-v8a'
02-23 03:30:46.109 25544 11788 D vulkan  : searching for layers in '/data/app/~~SGVulOPIdKwW7TLhJl3mWQ==/com.nsdlpb.jiffy-ww_LvEoMfKIS1nP8Rye2Xg==/split_config.xxhdpi.apk!/lib/arm64-v8a'
02-23 03:30:46.110 25544 11775 I e       : insertEvent() result 3
02-23 03:30:46.111 25544 11775 I e       : deleteMultipleEvents()
02-23 03:30:46.113 25544 11760 V c       : Database : Table delete query executed. Table - InAppRule & deleted rows count - 0
02-23 03:30:46.113 25544 11788 I AdrenoVK-0: ===== BEGIN DUMP OF OVERRIDDEN SETTINGS =====
02-23 03:30:46.113 25544 11788 I AdrenoVK-0: ===== END DUMP OF OVERRIDDEN SETTINGS =====
02-23 03:30:46.113 25544 11775 I SMTEventRecorder: Event name: app_pn_opt_in
02-23 03:30:46.113 25544 11775 I SMTEventRecorder: Event id: 84
02-23 03:30:46.113 25544 11775 I SMTEventRecorder: Event type: system_push_notification
02-23 03:30:46.113 25544 11775 I SMTEventRecorder: Event Payload: {"networkMode":"unknown","eventId":84,"lng":null,"timeZone":"GMT+05:30","sessionId":"1771797645978","td":0,"screenOrientation":"portrait","isOptInOutRepeated":0,"identity":"","eventTime":"1771797646092","eventName":"app_pn_opt_in","lat":null,"retry":0}
02-23 03:30:46.113 25544 11775 I SMTEventRecorder: Payload: null
02-23 03:30:46.114 25544 11775 I e       : IAM adding events to pending list isFirstForegroundFinished: true , isInitApiFinished: false and EventName is : app_pn_opt_in
02-23 03:30:46.114 25544 11775 I e       : Since SDK  initialisation is in progress, we are storing the event: app_pn_opt_in to the array which will be evaluated for IAM once the SDK initialised
02-23 03:30:46.114 25544 11788 I AdrenoVK-0: QUALCOMM build          : 8e5405b, I57aaec3440
02-23 03:30:46.114 25544 11788 I AdrenoVK-0: Build Date              : 05/21/21
02-23 03:30:46.114 25544 11788 I AdrenoVK-0: Shader Compiler Version : EV031.32.02.10
02-23 03:30:46.114 25544 11788 I AdrenoVK-0: Local Branch            : mybranchebba1dbe-451b-f160-ac81-1458d0b52ae8
02-23 03:30:46.114 25544 11788 I AdrenoVK-0: Remote Branch           : quic/gfx-adreno.lnx.1.0.r135-rel
02-23 03:30:46.114 25544 11788 I AdrenoVK-0: Remote Branch           : NONE
02-23 03:30:46.114 25544 11788 I AdrenoVK-0: Reconstruct Branch      : NOTHING
02-23 03:30:46.114 25544 11788 I AdrenoVK-0: Build Config            : S P 10.0.7 AArch64
02-23 03:30:46.114 25544 11788 I AdrenoVK-0: Driver Path             : /vendor/lib64/hw/vulkan.adreno.so
02-23 03:30:46.115 25544 11770 E sqlite3_android: [IKR-38846] ONEPLUS_NAME_PARTS_MATCH SQLITE_OK
02-23 03:30:46.117 25544 11760 I SMTCommonUtility: SmartechOptIn: Opt in enabled : false
02-23 03:30:46.117 25544 11760 I SMTCommonUtility: SmartechOptIn: Opt in initialised : true
02-23 03:30:46.117 25544 11760 I Smartech: IAM processingEvents. Size of list is: 3 ,isFirstForegroundFinished: true and isInitApiFinished: true
02-23 03:30:46.117 25544 11760 I Smartech: IAM stored pending events list size: 3
02-23 03:30:46.117 25544 11760 I h       : IAM - getMatchingRules method called
02-23 03:30:46.119 25544 11760 I h       : IAM - Applicable Rules Size:  0
02-23 03:30:46.119 25544 11788 I flutter : [IMPORTANT:flutter/shell/platform/android/android_context_vk_impeller.cc(62)] Using the Impeller rendering backend (Vulkan).
02-23 03:30:46.123 25544 11760 I Smartech: IAM evaluation for pending events after SDK init. EventName is: app_pn_opt_in & isInApp value is: false 
02-23 03:30:46.123 25544 11760 I h       : IAM - getMatchingRules method called
02-23 03:30:46.124 25544 11760 I h       : IAM - Applicable Rules Size:  0
02-23 03:30:46.125 25544 11760 I Smartech: IAM evaluation for pending events after SDK init. EventName is: app_location_disabled & isInApp value is: false 
02-23 03:30:46.125 25544 11760 I h       : IAM - getMatchingRules method called
02-23 03:30:46.125 25544 11760 I h       : IAM - Applicable Rules Size:  0
02-23 03:30:46.125 25544 11760 I Smartech: IAM evaluation for pending events after SDK init. EventName is: app_installed & isInApp value is: false 
02-23 03:30:46.125 25544 11760 I SMTRequestQueue: Event request id : 1771797645976 :  true
02-23 03:30:46.128  1471  3650 I chatty  : uid=1000(system) Binder:1471_B expire 25 lines
02-23 03:30:46.133  1184  4076 I vendor.qti.bluetooth@1.0-ibs_handler: ProcessIbsCmd: Received IBS_SLEEP_IND: 0xFE
02-23 03:30:46.138 19703 11660 W adbd    : timed out while waiting for FUNCTIONFS_BIND, trying again
02-23 03:30:46.138 19703 11660 I adbd    : UsbFfs: connection terminated: monitor thread finished
02-23 03:30:46.138 19703 19703 I adbd    : UsbFfs: already offline
02-23 03:30:46.138 19703 19703 I adbd    : destroying transport UsbFfs
02-23 03:30:46.138 19703 19703 I adbd    : UsbFfsConnection being destroyed
02-23 03:30:46.145 25544 25544 D FLTFireContextHolder: received application context.
02-23 03:30:46.146 25544 11736 V DetectAF: app-Libc[38][3e][3f][39][4e][65]
02-23 03:30:46.155 25544 25544 W FlutterEngineCxnRegstry: Attempted to register plugin (W5.b@590ff5c) but it was already registered with this FlutterEngine (io.flutter.embedding.engine.FlutterEngine@9b2f265).
02-23 03:30:46.155 25544 25544 W FlutterEngineCxnRegstry: Attempted to register plugin (d6.f@62a2b3a) but it was already registered with this FlutterEngine (io.flutter.embedding.engine.FlutterEngine@9b2f265).
02-23 03:30:46.155 25544 25544 W FlutterEngineCxnRegstry: Attempted to register plugin (e6.a@1fc43eb) but it was already registered with this FlutterEngine (io.flutter.embedding.engine.FlutterEngine@9b2f265).
02-23 03:30:46.155 25544 25544 W FlutterEngineCxnRegstry: Attempted to register plugin (J5.d@7dcb548) but it was already registered with this FlutterEngine (io.flutter.embedding.engine.FlutterEngine@9b2f265).
02-23 03:30:46.155 25544 25544 W FlutterEngineCxnRegstry: Attempted to register plugin (io.flutter.plugins.firebase.core.FlutterFirebaseCorePlugin@5e54fe1) but it was already registered with this FlutterEngine (io.flutter.embedding.engine.FlutterEngine@9b2f265).
02-23 03:30:46.155 25544 25544 W FlutterEngineCxnRegstry: Attempted to register plugin (io.flutter.plugins.firebase.crashlytics.FlutterFirebaseCrashlyticsPlugin@9ffc106) but it was already registered with this FlutterEngine (io.flutter.embedding.engine.FlutterEngine@9b2f265).
02-23 03:30:46.155 25544 25544 W FlutterEngineCxnRegstry: Attempted to register plugin (io.flutter.plugins.firebase.messaging.FlutterFirebaseMessagingPlugin@f5933c7) but it was already registered with this FlutterEngine (io.flutter.embedding.engine.FlutterEngine@9b2f265).
02-23 03:30:46.155 25544 25544 W FlutterEngineCxnRegstry: Attempted to register plugin (io.flutter.plugins.firebase.firebaseremoteconfig.FirebaseRemoteConfigPlugin@9abddf4) but it was already registered with this FlutterEngine (io.flutter.embedding.engine.FlutterEngine@9b2f265).
02-23 03:30:46.155 25544 25544 W FlutterEngineCxnRegstry: Attempted to register plugin (com.pichillilorenzo.flutter_inappwebview_android.InAppWebViewFlutterPlugin@a86091d) but it was already registered with this FlutterEngine (io.flutter.embedding.engine.FlutterEngine@9b2f265).
02-23 03:30:46.155 25544 25544 W FlutterEngineCxnRegstry: Attempted to register plugin (com.dexterous.flutterlocalnotifications.FlutterLocalNotificationsPlugin@b46e792) but it was already registered with this FlutterEngine (io.flutter.embedding.engine.FlutterEngine@9b2f265).
02-23 03:30:46.155 25544 25544 W FlutterEngineCxnRegstry: Attempted to register plugin (H5.a@4ab4563) but it was already registered with this FlutterEngine (io.flutter.embedding.engine.FlutterEngine@9b2f265).
02-23 03:30:46.155 25544 25544 W FlutterEngineCxnRegstry: Attempted to register plugin (io.flutter.plugins.flutter_plugin_android_lifecycle.FlutterAndroidLifecyclePlugin@9a2e560) but it was already registered with this FlutterEngine (io.flutter.embedding.engine.FlutterEngine@9b2f265).
02-23 03:30:46.155 25544 25544 W FlutterEngineCxnRegstry: Attempted to register plugin (F5.e@47f1a19) but it was already registered with this FlutterEngine (io.flutter.embedding.engine.FlutterEngine@9b2f265).
02-23 03:30:46.155 25544 25544 W FlutterEngineCxnRegstry: Attempted to register plugin (com.baseflow.geolocator.a@c67eade) but it was already registered with this FlutterEngine (io.flutter.embedding.engine.FlutterEngine@9b2f265).
02-23 03:30:46.155 25544 25544 W FlutterEngineCxnRegstry: Attempted to register plugin (k6.i@782d4bf) but it was already registered with this FlutterEngine (io.flutter.embedding.engine.FlutterEngine@9b2f265).
02-23 03:30:46.155 25544 25544 W FlutterEngineCxnRegstry: Attempted to register plugin (m8.c@a40f78c) but it was already registered with this FlutterEngine (io.flutter.embedding.engine.FlutterEngine@9b2f265).
02-23 03:30:46.155 25544 25544 W FlutterEngineCxnRegstry: Attempted to register plugin (io.flutter.plugins.imagepicker.ImagePickerPlugin@b5e3ed5) but it was already registered with this FlutterEngine (io.flutter.embedding.engine.FlutterEngine@9b2f265).
02-23 03:30:46.156 25544 25544 W FlutterEngineCxnRegstry: Attempted to register plugin (P2.a@c03d6ea) but it was already registered with this FlutterEngine (io.flutter.embedding.engine.FlutterEngine@9b2f265).
02-23 03:30:46.156 25544 25544 W FlutterEngineCxnRegstry: Attempted to register plugin (io.flutter.plugins.localauth.LocalAuthPlugin@c19fddb) but it was already registered with this FlutterEngine (io.flutter.embedding.engine.FlutterEngine@9b2f265).
02-23 03:30:46.156 25544 25544 W FlutterEngineCxnRegstry: Attempted to register plugin (h6.P@4cc0078) but it was already registered with this FlutterEngine (io.flutter.embedding.engine.FlutterEngine@9b2f265).
02-23 03:30:46.156 25544 25544 W FlutterEngineCxnRegstry: Attempted to register plugin (l8.h@7d0f351) but it was already registered with this FlutterEngine (io.flutter.embedding.engine.FlutterEngine@9b2f265).
02-23 03:30:46.156 25544 25544 W FlutterEngineCxnRegstry: Attempted to register plugin (f6.a@fc077b6) but it was already registered with this FlutterEngine (io.flutter.embedding.engine.FlutterEngine@9b2f265).
02-23 03:30:46.156 25544 25544 W FlutterEngineCxnRegstry: Attempted to register plugin (io.flutter.plugins.pathprovider.PathProviderPlugin@6309cb7) but it was already registered with this FlutterEngine (io.flutter.embedding.engine.FlutterEngine@9b2f265).
02-23 03:30:46.156 25544 25544 W FlutterEngineCxnRegstry: Attempted to register plugin (K2.m@efcac24) but it was already registered with this FlutterEngine (io.flutter.embedding.engine.FlutterEngine@9b2f265).
02-23 03:30:46.156 25544 25544 W FlutterEngineCxnRegstry: Attempted to register plugin (o5.a@5e0738d) but it was already registered with this FlutterEngine (io.flutter.embedding.engine.FlutterEngine@9b2f265).
02-23 03:30:46.156 25544 25544 W FlutterEngineCxnRegstry: Attempted to register plugin (g6.e@fd45942) but it was already registered with this FlutterEngine (io.flutter.embedding.engine.FlutterEngine@9b2f265).
02-23 03:30:46.156 25544 25544 W FlutterEngineCxnRegstry: Attempted to register plugin (io.flutter.plugins.sharedpreferences.SharedPreferencesPlugin@ba84d53) but it was already registered with this FlutterEngine (io.flutter.embedding.engine.FlutterEngine@9b2f265).
02-23 03:30:46.156 25544 25544 W FlutterEngineCxnRegstry: Attempted to register plugin (P5.a@f6a6690) but it was already registered with this FlutterEngine (io.flutter.embedding.engine.FlutterEngine@9b2f265).
02-23 03:30:46.156 25544 25544 W FlutterEngineCxnRegstry: Attempted to register plugin (com.netcore.smartech_base.SmartechBasePlugin@eedbb89) but it was already registered with this FlutterEngine (io.flutter.embedding.engine.FlutterEngine@9b2f265).
02-23 03:30:46.156 25544 25544 W FlutterEngineCxnRegstry: Attempted to register plugin (com.netcore.smartech_push.SmartechPushPlugin@f52c78e) but it was already registered with this FlutterEngine (io.flutter.embedding.engine.FlutterEngine@9b2f265).
02-23 03:30:46.156 25544 25544 W FlutterEngineCxnRegstry: Attempted to register plugin (G5.b@4e06baf) but it was already registered with this FlutterEngine (io.flutter.embedding.engine.FlutterEngine@9b2f265).
02-23 03:30:46.156 25544 25544 W FlutterEngineCxnRegstry: Attempted to register plugin (T5.B@cb75bbc) but it was already registered with this FlutterEngine (io.flutter.embedding.engine.FlutterEngine@9b2f265).
02-23 03:30:46.156 25544 25544 W FlutterEngineCxnRegstry: Attempted to register plugin (M2.a@76d8745) but it was already registered with this FlutterEngine (io.flutter.embedding.engine.FlutterEngine@9b2f265).
02-23 03:30:46.156 25544 25544 W FlutterEngineCxnRegstry: Attempted to register plugin (S5.e@d37ce9a) but it was already registered with this FlutterEngine (io.flutter.embedding.engine.FlutterEngine@9b2f265).
02-23 03:30:46.156 25544 25544 W FlutterEngineCxnRegstry: Attempted to register plugin (io.flutter.plugins.urllauncher.UrlLauncherPlugin@6d213cb) but it was already registered with this FlutterEngine (io.flutter.embedding.engine.FlutterEngine@9b2f265).
02-23 03:30:46.156 25544 25544 W FlutterEngineCxnRegstry: Attempted to register plugin (L2.e@37c77a8) but it was already registered with this FlutterEngine (io.flutter.embedding.engine.FlutterEngine@9b2f265).
02-23 03:30:46.156 25544 25544 W FlutterEngineCxnRegstry: Attempted to register plugin (io.flutter.plugins.webviewflutter.WebViewFlutterPlugin@c6452c1) but it was already registered with this FlutterEngine (io.flutter.embedding.engine.FlutterEngine@9b2f265).
02-23 03:30:46.170  1471  3650 D ConnectivityService: requestNetwork for uid/pid:10245/25544 NetworkRequest [ TRACK_DEFAULT id=167, [ Capabilities: INTERNET&NOT_RESTRICTED&TRUSTED Uid: 10245 AdministratorUids: [] RequestorUid: 10245 RequestorPackageName: com.nsdlpb.jiffy] ]
02-23 03:30:46.171  1471  2696 D ConnectivityService: NetReassign [167 : null  100]
02-23 03:30:46.171 14085 14085 D PhoneSwitcherNetworkRequstListener: got request NetworkRequest [ TRACK_DEFAULT id=167, [ Capabilities: INTERNET&NOT_RESTRICTED&TRUSTED Uid: 10245 AdministratorUids: [] RequestorUid: 10245 RequestorPackageName: com.nsdlpb.jiffy] ] with score 100 and providerId 5
02-23 03:30:46.171 14085 14085 D PhoneSwitcherNetworkRequstListener: needNetworkFor NetworkRequest [ TRACK_DEFAULT id=167, [ Capabilities: INTERNET&NOT_RESTRICTED&TRUSTED Uid: 10245 AdministratorUids: [] RequestorUid: 10245 RequestorPackageName: com.nsdlpb.jiffy] ], 100
02-23 03:30:46.171  1471  2738 I chatty  : uid=1000(system) EthernetService expire 1 line
02-23 03:30:46.171 25544 11757 I e       : isMoreEventsPresentForProcessing()
02-23 03:30:46.172  1471  2683 I chatty  : uid=1000(system) WifiHandlerThre expire 2 lines
02-23 03:30:46.173  1535  1535 I keystore: del USRPKEY_Key_false_false 10245
02-23 03:30:46.173  1535  1535 I keystore: del USRSKEY_Key_false_false 10245
02-23 03:30:46.173 25544 11757 I e       : Event count is 3
02-23 03:30:46.173  1535  1535 I keystore: del USRCERT_Key_false_false 10245
02-23 03:30:46.174 25544 11757 I a       : Events in DB: true tracking status: true
02-23 03:30:46.174  1535  1535 I keystore: del CACERT_Key_false_false 10245
02-23 03:30:46.174  1809  2618 D TEESimulator: [TX_ID: 303] Intercept generateKey for packages=[com.nsdlpb.jiffy] (uid=10245, pid=25544)
02-23 03:30:46.174 25544 11757 V NetworkUtil: network is not null
02-23 03:30:46.175  1809  2618 D TEESimulator: [TX_ID: 304] Intercept getKeyCharacteristics for packages=[com.nsdlpb.jiffy] (uid=10245, pid=25544)
02-23 03:30:46.175  1809  2618 D TEESimulator: [TX_ID: 305] Intercept exportKey for packages=[com.nsdlpb.jiffy] (uid=10245, pid=25544)
02-23 03:30:46.175  1809  2618 D TEESimulator: Generating EC key pair with size 256
02-23 03:30:46.175 25544 11757 I a       : scheduling next batch process in 10000 milli seconds and thread name is pool-15-thread-1
02-23 03:30:46.178  1809  1928 D TEESimulator: [TX_ID: 306] Intercept attestKey for packages=[com.nsdlpb.jiffy] (uid=10245, pid=25544)
02-23 03:30:46.178 25544 11752 D Volley  : [1061] DiskBasedCache.clear: Cache cleared.
02-23 03:30:46.189 25544 25544 D ViewRootImpl: support adaptive color gamut feature!
02-23 03:30:46.190 25544 25544 V ViewRootImpl: The specified message queue synchronization  barrier token has not been posted or has already been removed
02-23 03:30:46.205  1471 14079 I chatty  : uid=1000(system) Binder:1471_1E expire 397 lines
02-23 03:30:46.211 25544 11761 I AdrenoGLES-0: QUALCOMM build                   : 8e5405b, I57aaec3440
02-23 03:30:46.211 25544 11761 I AdrenoGLES-0: Build Date                       : 05/21/21
02-23 03:30:46.211 25544 11761 I AdrenoGLES-0: OpenGL ES Shader Compiler Version: EV031.32.02.10
02-23 03:30:46.211 25544 11761 I AdrenoGLES-0: Local Branch                     : mybranchebba1dbe-451b-f160-ac81-1458d0b52ae8
02-23 03:30:46.211 25544 11761 I AdrenoGLES-0: Remote Branch                    : quic/gfx-adreno.lnx.1.0.r135-rel
02-23 03:30:46.211 25544 11761 I AdrenoGLES-0: Remote Branch                    : NONE
02-23 03:30:46.211 25544 11761 I AdrenoGLES-0: Reconstruct Branch               : NOTHING
02-23 03:30:46.211 25544 11761 I AdrenoGLES-0: Build Config                     : S P 10.0.7 AArch64
02-23 03:30:46.211 25544 11761 I AdrenoGLES-0: Driver Path                      : /vendor/lib64/egl/libGLESv2_adreno.so
02-23 03:30:46.213 25544 11761 I AdrenoGLES-0: PFP: 0x016ee190, ME: 0x00000000
02-23 03:30:46.221   607   607 I hwservicemanager: getTransport: Cannot find entry android.hardware.graphics.mapper@4.0::IMapper/default in either framework or device manifest.
02-23 03:30:46.221 25544 11788 I Gralloc4: mapper 4.x is not supported
02-23 03:30:46.221   607   607 I hwservicemanager: getTransport: Cannot find entry android.hardware.graphics.mapper@3.0::IMapper/default in either framework or device manifest.
02-23 03:30:46.221 25544 11788 W Gralloc3: mapper 3.x is not supported
02-23 03:30:46.223   607   607 I hwservicemanager: getTransport: Cannot find entry android.hardware.graphics.allocator@4.0::IAllocator/default in either framework or device manifest.
02-23 03:30:46.223 25544 11788 W Gralloc4: allocator 3.x is not supported
02-23 03:30:46.223   607   607 I hwservicemanager: getTransport: Cannot find entry android.hardware.graphics.allocator@3.0::IAllocator/default in either framework or device manifest.
02-23 03:30:46.224 25544 11788 W Gralloc3: allocator 3.x is not supported
02-23 03:30:46.231 25544 11726 E protected: 
02-23 03:30:46.231 25544 11770 E sqlite3_android: [IKR-38846] ONEPLUS_NAME_PARTS_MATCH SQLITE_OK
02-23 03:30:46.231  1471 14079 I ActivityManager: Force stopping com.nsdlpb.jiffy appid=10245 user=0: clear data
02-23 03:30:46.232 25544 11752 E protected: 
02-23 03:30:46.232  1471 14079 D ActivityManager: kill pid:25544 processName:com.nsdlpb.jiffy reason:stop com.nsdlpb.jiffy due to clear data
02-23 03:30:46.232  1471 14079 I ActivityManager: Killing 25544:com.nsdlpb.jiffy/u0a245 (adj 0): stop com.nsdlpb.jiffy due to clear data
02-23 03:30:46.234  1471 14079 W ProcessStats: setState index out of bounds. index: -1 length: 20
02-23 03:30:46.234  1471  3102 I chatty  : uid=1000(system) AppUsage expire 1 line
02-23 03:30:46.255  1471 14079 I chatty  : uid=1000(system) Binder:1471_1E expire 373 lines
02-23 03:30:46.259  4093  9389 I NearbyPresence: (REDACTED) %s verified [==] new request %s equals to the old request
02-23 03:30:46.234  1471 14079 W ProcessStats: setState index out of bounds. index: -1 length: 20
02-23 03:30:46.260  1471 14079 W ActivityTaskManager: Force removing ActivityRecord{d46c81b u0 com.nsdlpb.jiffy/.MainActivity t125 f}}: app died, no saved state
02-23 03:30:46.261  1471  2667 I chatty  : uid=1000(system) InputDispatcher expire 2 lines
02-23 03:30:46.264  1471 14079 W WindowManager: Failed to deliver inset state change to w=Window{c878ca8 u0 com.nsdlpb.jiffy/com.nsdlpb.jiffy.MainActivity}
02-23 03:30:46.264  1471 14079 W WindowManager: android.os.DeadObjectException
02-23 03:30:46.264  1471 14079 W WindowManager: 	at android.os.BinderProxy.transactNative(Native Method)
02-23 03:30:46.264  1471 14079 W WindowManager: 	at android.os.BinderProxy.transact(BinderProxy.java:591)
02-23 03:30:46.264  1471 14079 W WindowManager: 	at android.view.IWindow$Stub$Proxy.insetsControlChanged(IWindow.java:816)
02-23 03:30:46.264  1471 14079 W WindowManager: 	at com.android.server.wm.WindowState.notifyInsetsControlChanged(WindowState.java:3909)
02-23 03:30:46.264  1471 14079 W WindowManager: 	at com.android.server.wm.InsetsStateController.lambda$notifyPendingInsetsControlChanged$4$InsetsStateController(InsetsStateController.java:546)
02-23 03:30:46.264  1471 14079 W WindowManager: 	at com.android.server.wm.-$$Lambda$InsetsStateController$-1iOXDf-1s3wDHcMIHBKNk6MS3I.run(Unknown Source:2)
02-23 03:30:46.264  1471 14079 W WindowManager: 	at com.android.server.wm.WindowAnimator.executeAfterPrepareSurfacesRunnables(WindowAnimator.java:341)
02-23 03:30:46.264  1471 14079 W WindowManager: 	at com.android.server.wm.RootWindowContainer.performSurfacePlacementNoTrace(RootWindowContainer.java:897)
02-23 03:30:46.264  1471 14079 W WindowManager: 	at com.android.server.wm.RootWindowContainer.performSurfacePlacement(RootWindowContainer.java:845)
02-23 03:30:46.264  1471 14079 W WindowManager: 	at com.android.server.wm.WindowSurfacePlacer.performSurfacePlacementLoop(WindowSurfacePlacer.java:178)
02-23 03:30:46.264  1471 14079 W WindowManager: 	at com.android.server.wm.WindowSurfacePlacer.performSurfacePlacement(WindowSurfacePlacer.java:127)
02-23 03:30:46.264  1471 14079 W WindowManager: 	at com.android.server.wm.WindowSurfacePlacer.performSurfacePlacement(WindowSurfacePlacer.java:116)
02-23 03:30:46.264  1471 14079 W WindowManager: 	at com.android.server.wm.ActivityRecord.commitVisibility(ActivityRecord.java:4705)
02-23 03:30:46.264  1471 14079 W WindowManager: 	at com.android.server.wm.ActivityRecord.onRemovedFromDisplay(ActivityRecord.java:3569)
02-23 03:30:46.264  1471 14079 W WindowManager: 	at com.android.server.wm.DisplayContent.removeAppToken(DisplayContent.java:1316)
02-23 03:30:46.264  1471 14079 W WindowManager: 	at com.android.server.wm.ActivityRecord.removeAppTokenFromDisplay(ActivityRecord.java:2271)
02-23 03:30:46.264  1471 14079 W WindowManager: 	at com.android.server.wm.ActivityRecord.removeFromHistory(ActivityRecord.java:3345)
02-23 03:30:46.264  1471 14079 W WindowManager: 	at com.android.server.wm.ActivityStack$RemoveHistoryRecordsForApp.processActivity(ActivityStack.java:634)
02-23 03:30:46.264  1471 14079 W WindowManager: 	at com.android.server.wm.ActivityStack$RemoveHistoryRecordsForApp.process(ActivityStack.java:548)
02-23 03:30:46.264  1471 14079 W WindowManager: 	at com.android.server.wm.ActivityStack.handleAppDied(ActivityStack.java:3168)
02-23 03:30:46.264  1471 14079 W WindowManager: 	at com.android.server.wm.RootWindowContainer.handleAppDied(RootWindowContainer.java:3235)
02-23 03:30:46.264  1471 14079 W WindowManager: 	at com.android.server.wm.ActivityTaskManagerService$LocalService.handleAppDied(ActivityTaskManagerService.java:7102)
02-23 03:30:46.264  1471 14079 W WindowManager: 	at com.android.server.am.ActivityManagerService.handleAppDiedLocked(ActivityManagerService.java:4392)
02-23 03:30:46.264  1471 14079 W WindowManager: 	at com.android.server.am.ProcessList.removeProcessLocked(ProcessList.java:3072)
02-23 03:30:46.264  1471 14079 W WindowManager: 	at com.android.server.am.ProcessList.killPackageProcessesLocked(ProcessList.java:3004)
02-23 03:30:46.264  1471 14079 W WindowManager: 	at com.android.server.am.ActivityManagerService.forceStopPackageLocked(ActivityManagerService.java:5654)
02-23 03:30:46.264  1471 14079 W WindowManager: 	at com.android.server.am.ActivityManagerService.forceStopPackageLocked(ActivityManagerService.java:5492)
02-23 03:30:46.264  1471 14079 W WindowManager: 	at com.android.server.am.ActivityManagerService.clearApplicationUserData(ActivityManagerService.java:4965)
02-23 03:30:46.264  1471 14079 W WindowManager: 	at android.app.IActivityManager$Stub.onTransact(IActivityManager.java:3266)
02-23 03:30:46.264  1471 14079 W WindowManager: 	at com.android.server.am.ActivityManagerService.onTransact(ActivityManagerService.java:3327)
02-23 03:30:46.264  1471 14079 W WindowManager: 	at android.os.Binder.execTransactInternal(Binder.java:1165)
02-23 03:30:46.264  1471 14079 W WindowManager: 	at android.os.Binder.execTransact(Binder.java:1134)
02-23 03:30:46.265  1471  5954 D ConnectivityService: ConnectivityService NetworkRequestInfo binderDied(NetworkRequest [ TRACK_DEFAULT id=167, [ Capabilities: INTERNET&NOT_RESTRICTED&TRUSTED Uid: 10245 AdministratorUids: [] RequestorUid: 10245 RequestorPackageName: com.nsdlpb.jiffy] ], android.os.BinderProxy@21c1f4a)
02-23 03:30:46.265  1471  2696 D ConnectivityService: releasing NetworkRequest [ TRACK_DEFAULT id=167, [ Capabilities: INTERNET&NOT_RESTRICTED&TRUSTED Uid: 10245 AdministratorUids: [] RequestorUid: 10245 RequestorPackageName: com.nsdlpb.jiffy] ] (release request)
02-23 03:30:46.266 14085 14085 D PhoneSwitcherNetworkRequstListener: releaseNetworkFor NetworkRequest [ TRACK_DEFAULT id=167, [ Capabilities: INTERNET&NOT_RESTRICTED&TRUSTED Uid: 10245 AdministratorUids: [] RequestorUid: 10245 RequestorPackageName: com.nsdlpb.jiffy] ]
02-23 03:30:46.272  1077  1077 I Zygote  : Process 25544 exited due to signal 9 (Killed)
02-23 03:30:46.273  1471 14079 E HwuiBoostFrontPackageListener: Exception : file not exits :/sys/module/houston/parameters/hwui_boost_enable
02-23 03:30:46.273  1471  2581 I DisplayPowerController: useProximityForceSuspend = false
02-23 03:30:46.273  1471  2581 I RampAnimator: target:0.011308613 rate:0.2352941 mCurrentValue:0.011308613 mTargetValue:0.011308613
02-23 03:30:46.273  1471  2564 I chatty  : uid=1000(system) ActivityManager expire 1 line
02-23 03:30:46.274  1471 14079 D OpColorDisplayService: frontPackageChanged: net.oneplus.launcher
02-23 03:30:46.274  1471 14079 D OpColorDisplayService: lpackageName: com.nsdlpb.jiffy
02-23 03:30:46.274  1471 14079 D OpProximityController: noteFrontPackageChanged pkg:net.oneplus.launcher uid:10175 lpkg:com.nsdlpb.jiffy luid:10245
