02-23 04:06:35.318  4171  6213 I DynamiteModule: Considering local module com.google.android.gms.providerinstaller.dynamite:1 and remote module com.google.android.gms.providerinstaller.dynamite:0
02-23 04:06:35.318  4171  6213 I DynamiteModule: Selected local version of com.google.android.gms.providerinstaller.dynamite
02-23 04:06:35.321  5065  5231 W ConsentManagerApiServic: Consent Manager API is not enabled. [CONTEXT service_id=460 ]
02-23 04:06:35.324  4171  4199 W WearableService: onGetService: Wear is not available on this device.
02-23 04:06:35.338  4171  4171 I MagicTether: (REDACTED) [NotificationPresenter] cancelNotification: %d
02-23 04:06:35.339  1472  2678 I chatty  : uid=1000(system) Binder:1472_6 expire 169 lines
02-23 04:06:35.340  4171  4171 I MagicTether: [AutoDisconnectIntentOperation] Canceling task. [CONTEXT service_id=276 ]
02-23 04:06:35.352  4171  6213 I DynamiteModule: Considering local module com.google.android.gms.googlecertificates:7 and remote module com.google.android.gms.googlecertificates:7
02-23 04:06:35.352  4171  6213 I DynamiteModule: Selected local version of com.google.android.gms.googlecertificates
02-23 04:06:35.357  1472  3811 I chatty  : uid=1000(system) Binder:1472_D expire 5 lines
02-23 04:06:35.359  1472 13789 I chatty  : uid=1000(system) Binder:1472_1C expire 169 lines
02-23 04:06:35.366  2781  2781 D ViewRootImpl: support adaptive color gamut feature!
02-23 04:06:35.376  2781  2781 E om.nsdlpb.jiff: Invalid ID 0x00000000.
02-23 04:06:35.377  2781  2781 E om.nsdlpb.jiff: Invalid ID 0x00000000.
02-23 04:06:35.377  2781  2781 E om.nsdlpb.jiff: Invalid ID 0x00000000.
02-23 04:06:35.377  2781  2781 E om.nsdlpb.jiff: Invalid ID 0x00000000.
02-23 04:06:35.378  2781  2781 E om.nsdlpb.jiff: Invalid ID 0x00000000.
02-23 04:06:35.383  1472  2550 I chatty  : uid=1000(system) android.display expire 5 lines
02-23 04:06:35.384  2781  2781 E om.nsdlpb.jiff: Invalid ID 0x00000000.
02-23 04:06:35.384  5065  5065 D BoundBrokerSvc: onUnbind: Intent { act=com.google.android.gms.safetynet.service.START dat=chimera-action: cmp=com.google.android.gms/.chimera.GmsBoundBrokerService }
02-23 04:06:35.384  2781  2781 E om.nsdlpb.jiff: Invalid ID 0x00000000.
02-23 04:06:35.386  1472  2671 I chatty  : uid=1000(system) tworkPolicy.uid expire 5 lines
02-23 04:06:35.387  2778  6413 D WM-WorkerWrapper: net.oneplus.launcher.util.WeatherWorkManager returned a Success {mOutputData=Data {}} result.
02-23 04:06:35.388  2778  6413 I WM-WorkerWrapper: Worker result SUCCESS for Work [ id=ed3c4763-2ff6-4c87-9d76-0a726343f995, tags={ net.oneplus.launcher.util.WeatherWorkManager, Weather_WorkerManager } ]
02-23 04:06:35.389  1472  5363 I chatty  : uid=1000(system) Binder:1472_17 expire 169 lines
02-23 04:06:35.389  4171  6213 I TFLite-in-PlayServices: Initialized module.
02-23 04:06:35.390  2778  6423 D RecentTasksList: loadTasksInBackground: getRecentTasks
02-23 04:06:35.390  2781  2781 E om.nsdlpb.jiff: Invalid ID 0x00000000.
02-23 04:06:35.390  2781  2781 E om.nsdlpb.jiff: Invalid ID 0x00000000.
02-23 04:06:35.390  2778  6413 D WM-PackageManagerHelper: androidx.work.impl.background.systemalarm.RescheduleReceiver disabled
02-23 04:06:35.391  2778  2778 D WM-Processor: Processor ed3c4763-2ff6-4c87-9d76-0a726343f995 executed; reschedule = false
02-23 04:06:35.391  2778  2778 D WM-GreedyScheduler: Stopping tracking for ed3c4763-2ff6-4c87-9d76-0a726343f995
02-23 04:06:35.391  2778  2778 D WM-NetworkStateTracker: Unregistering network callback
02-23 04:06:35.391  2781  2781 E om.nsdlpb.jiff: Invalid ID 0x00000000.
02-23 04:06:35.391  1472  2686 D ConnectivityService: releasing NetworkRequest [ TRACK_DEFAULT id=74, [ Capabilities: INTERNET&NOT_RESTRICTED&TRUSTED Uid: 10175 AdministratorUids: [] RequestorUid: 10175 RequestorPackageName: net.oneplus.launcher] ] (release request)
02-23 04:06:35.392  2778  2778 D WM-SystemJobService: ed3c4763-2ff6-4c87-9d76-0a726343f995 executed on JobScheduler
02-23 04:06:35.392  3761  3761 D PhoneSwitcherNetworkRequstListener: releaseNetworkFor NetworkRequest [ TRACK_DEFAULT id=74, [ Capabilities: INTERNET&NOT_RESTRICTED&TRUSTED Uid: 10175 AdministratorUids: [] RequestorUid: 10175 RequestorPackageName: net.oneplus.launcher] ]
02-23 04:06:35.393  5065  5413 W Pay     : Active account was null, notification task will be cancelled. [CONTEXT service_id=198 ]
02-23 04:06:35.398  2778  6423 D RecentTasksList: dumpTasks# id=144, cmp=ComponentInfo{com.android.shell/com.android.shell.BugreportWarningActivity}, uid=0, locked=false, isAppLocked=false; id=146, cmp=ComponentInfo{moe.haruue.wadb/moe.haruue.wadb.ui.activity.LaunchActivity}, uid=0, locked=false, isAppLocked=false; id=147, cmp=ComponentInfo{com.nsdlpb.jiffy/com.nsdlpb.jiffy.MainActivity}, uid=0, locked=false, isAppLocked=false;
02-23 04:06:35.401  2908  2908 D EdgeBackGestureHandler: updateTopPackage isHomeApp false
02-23 04:06:35.402  5065  5413 I AlarmManager: set [name: SystemMemoryCache type: 2 triggerAtMillis: 315360109289 windowMillis: -1 intervalMillis: 0]
02-23 04:06:35.403  1472  5362 I chatty  : uid=1000(system) Binder:1472_16 expire 5 lines
02-23 04:06:35.404  2781  2781 D ViewRootImpl: support adaptive color gamut feature!
02-23 04:06:35.407  4171 14397 I GCoreUlr: Unbound from all signal providers.
02-23 04:06:35.408  2781  2781 D FlutterGeolocator: Creating service.
02-23 04:06:35.408  2781  2781 D FlutterGeolocator: Binding to location service.
02-23 04:06:35.409  1472  3450 I chatty  : uid=1000(system) Binder:1472_C expire 10 lines
02-23 04:06:35.419  1472  4773 I chatty  : uid=1000(system) Binder:1472_13 expire 169 lines
02-23 04:06:35.434  1472  3811 I chatty  : uid=1000(system) Binder:1472_D expire 169 lines
02-23 04:06:35.448  1472 13789 I chatty  : uid=1000(system) Binder:1472_1C expire 169 lines
02-23 04:06:35.462  1472  2548 W Looper  : Slow dispatch took 187ms android.ui h=com.android.server.am.ActivityManagerService$UiHandler c=null m=31
02-23 04:06:35.462  1472  2550 I chatty  : uid=1000(system) android.display expire 607 lines
02-23 04:06:35.514  1472  2550 D OemSceneModeActivityStack: [scene] handleEvaluateGameMode enabled: false
02-23 04:06:35.515  1472  5363 I chatty  : uid=1000(system) Binder:1472_17 expire 169 lines
02-23 04:06:35.546  4171  4171 I MagicTether: (REDACTED) [NotificationPresenter] cancelNotification: %d
02-23 04:06:35.550  4171  4171 I MagicTether: [AutoDisconnectIntentOperation] Canceling task. [CONTEXT service_id=276 ]
02-23 04:06:35.550  1472  2678 I chatty  : uid=1000(system) Binder:1472_6 expire 169 lines
02-23 04:06:35.577  1472 14377 I chatty  : uid=1000(system) Binder:1472_1E expire 169 lines
02-23 04:06:35.587  1472  2678 V WindowManager: Orientation start waiting for draw, mDrawState=DRAW_PENDING in Window{91621ae u0 com.nsdlpb.jiffy/com.nsdlpb.jiffy.MainActivity}, surfaceController Surface(name=com.nsdlpb.jiffy/com.nsdlpb.jiffy.MainActivity)/@0xeef2273
02-23 04:06:35.602  1330  3919 E surfaceflinger: [frame_perf] AutoTurboBoostQuery fd<0 failed, errno=Inappropriate ioctl for device
02-23 04:06:35.602  1330  3919 E surfaceflinger: [frame_perf] AutoBoostConfigQuery fd<0 failed, errno=No such file or directory
02-23 04:06:35.604  2781  2781 D FlutterGeolocator: Flutter engine connected. Connected engine count 1
02-23 04:06:35.614  1472 13789 I chatty  : uid=1000(system) Binder:1472_1C expire 169 lines
02-23 04:06:35.620  1472  4771 D ActivityTaskManager: setRequestedOrientation() to 1 for ActivityRecord{19174c4 u0 com.nsdlpb.jiffy/.MainActivity t147} from pid=2781, uid=10245
02-23 04:06:35.620  1472  4771 I chatty  : uid=1000(system) Binder:1472_12 expire 25 lines
02-23 04:06:35.622  2781 13490 E sqlite3_android: [IKR-38846] ONEPLUS_NAME_PARTS_MATCH SQLITE_OK
02-23 04:06:35.636  1330 13755 E surfaceflinger: [frame_perf] perfboost open boost file failed
02-23 04:06:35.639  1330  1364 E surfaceflinger: [frame_perf] perfboost open boost file failed
02-23 04:06:35.642  5065  6442 D AdvertisingIdClient: AdvertisingIdClient already created.
02-23 04:06:35.644  5065  6442 W AdvertisingIdSettings: Package com.nsdlpb.jiffy failed Ad Id permission check. Apps that target Android SDK 33 or higher should declare com.google.android.gms.permission.AD_ID in the app manifest to access Ad Id.
02-23 04:06:35.645  5065  6442 I AdvertisingIdClient: shouldSendLog 40920
02-23 04:06:35.645  5065  6442 I AdvertisingIdClient: GetInfoInternal elapse 2ms
02-23 04:06:35.649  1538  1538 I keystore: del USRPKEY_com.nsdlpb.jiffy.FlutterSecureStoragePluginKey 10245
02-23 04:06:35.649  1538  1538 I keystore: del USRSKEY_com.nsdlpb.jiffy.FlutterSecureStoragePluginKey 10245
02-23 04:06:35.650  1538  1538 I keystore: del USRCERT_com.nsdlpb.jiffy.FlutterSecureStoragePluginKey 10245
02-23 04:06:35.650  1538  1538 I keystore: del CACERT_com.nsdlpb.jiffy.FlutterSecureStoragePluginKey 10245
02-23 04:06:35.650  1830  2611 D TEESimulator: [TX_ID: 180] Intercept generateKey for packages=[com.nsdlpb.jiffy] (uid=10245, pid=2781)
02-23 04:06:35.651  1830  2611 D TEESimulator: [TX_ID: 181] Intercept getKeyCharacteristics for packages=[com.nsdlpb.jiffy] (uid=10245, pid=2781)
02-23 04:06:35.652  1472  3450 I chatty  : uid=1000(system) Binder:1472_C expire 169 lines
02-23 04:06:35.653  1830  2611 D TEESimulator: [TX_ID: 182] Intercept exportKey for packages=[com.nsdlpb.jiffy] (uid=10245, pid=2781)
02-23 04:06:35.653  1830  2611 D TEESimulator: Generating RSA key pair with size 2048
02-23 04:06:35.656  1330 13755 E surfaceflinger: [frame_perf] perfboost open boost file failed
02-23 04:06:35.666  1472  3811 I chatty  : uid=1000(system) Binder:1472_D expire 169 lines
02-23 04:06:35.673  1330 13755 E surfaceflinger: [frame_perf] perfboost open boost file failed
02-23 04:06:35.673  4171 14397 I GCoreUlr: DispatchingService ignoring Intent { act=android.net.wifi.WIFI_STATE_CHANGED flg=0x4000010 (has extras) } because ULR inactive
02-23 04:06:35.676  1472  4771 I chatty  : uid=1000(system) Binder:1472_12 expire 5 lines
02-23 04:06:35.686  1472  4773 I chatty  : uid=1000(system) Binder:1472_13 expire 169 lines
02-23 04:06:35.689  1330 13755 E surfaceflinger: [frame_perf] perfboost open boost file failed
02-23 04:06:35.690  4171 13742 I MagicTether: [AutoDisconnectIntentOperation] Canceling task. [CONTEXT service_id=276 ]
02-23 04:06:35.691  4171 13742 I MagicTether: (REDACTED) [NotificationPresenter] cancelNotification: %d
02-23 04:06:35.705  1472  3450 I chatty  : uid=1000(system) Binder:1472_C expire 169 lines
02-23 04:06:35.723  1472  2645 I chatty  : uid=1000(system) SettingsProvide expire 5 lines
02-23 04:06:35.727  1472 12113 I chatty  : uid=1000(system) Binder:1472_1A expire 169 lines
02-23 04:06:35.745  1472  2548 W Looper  : Slow dispatch took 234ms android.ui h=com.android.server.am.ActivityManagerService$UiHandler c=null m=31
02-23 04:06:35.746  1472  2548 W Looper  : Slow delivery took 207ms android.ui h=com.android.server.wm.DisplayPolicy$PolicyHandler c=com.android.server.wm.-$$Lambda$DisplayPolicy$HbdRZfPpJ53Wnk7_Ueb0ycyz_AQ@988b578 m=0
02-23 04:06:35.748  1472  4769 I chatty  : uid=1000(system) Binder:1472_11 expire 169 lines
02-23 04:06:35.769  1472  2497 I chatty  : uid=1000(system) FinalizerDaemon expire 5 lines
02-23 04:06:35.774  1472  4773 I chatty  : uid=1000(system) Binder:1472_13 expire 113 lines
02-23 04:06:35.780  1472  2547 I chatty  : uid=1000(system) android.fg expire 2 lines
02-23 04:06:35.780  1472  3811 I chatty  : uid=1000(system) Binder:1472_D expire 4 lines
02-23 04:06:35.782  1472  4773 I chatty  : uid=1000(system) Binder:1472_13 expire 445 lines
02-23 04:06:35.790  5065  5413 I Pay     : (REDACTED) enabling component %s
02-23 04:06:35.797  4705  6447 D RegisteredAidCache:  AID power state325041592E5359532E444446303117route0
02-23 04:06:35.797  4705  6447 D RegisteredAidCache:  AID power state4F53452E5641532E303117route0
02-23 04:06:35.797  4705  6447 D RegisteredAidCache:  AID power stateA000000476B0000317route0
02-23 04:06:35.797  4705  6447 D RegisteredAidCache:  AID power stateA000000476D000011117route0
02-23 04:06:35.797  4705  6447 D RegisteredAidCache:  AID power stateA000000809434343444B46763117route0
02-23 04:06:35.797  4705  6447 D RegisteredAidCache:  AID power stateF00000FE2C17route0
02-23 04:06:35.797  4705  6447 D NfcService: defaultAidRoute : 283
02-23 04:06:35.797  4705  6447 D NfcService: GetDefaultRouteLoc  :1
02-23 04:06:35.798  4705  6447 D NfcService: defaultAidRoute : 283
02-23 04:06:35.798  4705  6447 E AidRoutingManager: Size of routing table800
02-23 04:06:35.798  4705  6447 D NfcApduServiceInfo: updateServiceCommitStatus:Description:Nearby:InternalState:1:commitStatus:true
02-23 04:06:35.798  4705  6447 D NfcApduServiceInfo: updateServiceCommitStatus:Description:Fido NFC Emulation Service:InternalState:1:commitStatus:true
02-23 04:06:35.798  4705  6447 D NfcApduServiceInfo: updateServiceCommitStatus:Description:Google Pay:InternalState:1:commitStatus:true
02-23 04:06:35.798  4705  6447 D NfcApduServiceInfo: updateServiceCommitStatus:Description:Android Digital Car Key (System Service):InternalState:1:commitStatus:true
02-23 04:06:35.798  4705  6447 E RegisteredServicesCache: 3updateStatusOfServices:WriteServiceStateToFile
02-23 04:06:35.798  4705  6447 E RegisteredServicesCache:  Writing service state Data Always
02-23 04:06:35.798  4705  6447 E RegisteredServicesCache: component namecom.google.android.gms/com.google.android.gms.nearby.mediums.nearfieldcommunication.NfcAdvertisingService
02-23 04:06:35.799  4705  6447 E RegisteredServicesCache: component namecom.google.android.gms/com.google.android.gms.fido.fido2.ui.hybrid.NfcEmulationService
02-23 04:06:35.799  4705  6447 E RegisteredServicesCache: component namecom.google.android.gms/com.google.android.gms.pay.hce.service.PayHceService
02-23 04:06:35.799  4705  6447 E RegisteredServicesCache: component namecom.google.android.gms/com.google.android.gms.dck.service.DckNfcApduService
02-23 04:06:35.812  1472  4773 D NotDeveloper: processing getStringForUser from com.dsi.ant.server with arg copy_file_endtag
02-23 04:06:35.812  1472  4773 D NotDeveloper: processed getStringForUser(copy_file_endtag) without changing result
02-23 04:06:35.812  1472  4773 D NotDeveloper: processing get from com.dsi.ant.server with arg ro.board.platform
02-23 04:06:35.813  1472  4773 I chatty  : uid=1000(system) Binder:1472_13 identical 3 lines
02-23 04:06:35.813  1472  4773 D NotDeveloper: processing get from com.dsi.ant.server with arg ro.board.platform
02-23 04:06:35.813  1472  4773 D NotDeveloper: processing getStringForUser from com.dsi.ant.server with arg copy_file_endtag
02-23 04:06:35.813  1472  4773 D NotDeveloper: processed getStringForUser(copy_file_endtag) without changing result
02-23 04:06:35.813  1472  4773 D NotDeveloper: processing getStringForUser from com.dsi.ant.server with arg copy_file_endtag
02-23 04:06:35.813  1472  4773 D NotDeveloper: processed getStringForUser(copy_file_endtag) without changing result
02-23 04:06:35.813  1472  4773 D NotDeveloper: processing get from com.dsi.ant.server with arg ro.board.platform
02-23 04:06:35.813  1472  4773 I chatty  : uid=1000(system) Binder:1472_13 identical 3 lines
02-23 04:06:35.813  1472  4773 D NotDeveloper: processing get from com.dsi.ant.server with arg ro.board.platform
02-23 04:06:35.813  1472  4773 D NotDeveloper: processing getStringForUser from com.dsi.ant.server with arg copy_file_endtag
02-23 04:06:35.813  1472  4773 D NotDeveloper: processed getStringForUser(copy_file_endtag) without changing result
02-23 04:06:35.813  1472  4773 D NotDeveloper: processing getStringForUser from com.dsi.ant.server with arg copy_file_endtag
02-23 04:06:35.813  1472  4773 D NotDeveloper: processed getStringForUser(copy_file_endtag) without changing result
02-23 04:06:35.814  1472  4773 D NotDeveloper: processing get from com.dsi.ant.server with arg ro.board.platform
02-23 04:06:35.814  1472  4773 I chatty  : uid=1000(system) Binder:1472_13 identical 3 lines
02-23 04:06:35.814  1472  4773 D NotDeveloper: processing get from com.dsi.ant.server with arg ro.board.platform
02-23 04:06:35.814  1472  4773 D NotDeveloper: processing getStringForUser from com.dsi.ant.server with arg copy_file_endtag
02-23 04:06:35.814  1472  4773 D NotDeveloper: processed getStringForUser(copy_file_endtag) without changing result
02-23 04:06:35.814  1472  4773 D NotDeveloper: processing getStringForUser from com.dsi.ant.server with arg copy_file_endtag
02-23 04:06:35.814  1472  4773 D NotDeveloper: processed getStringForUser(copy_file_endtag) without changing result
02-23 04:06:35.814  1472  4773 D NotDeveloper: processing get from com.dsi.ant.server with arg ro.board.platform
02-23 04:06:35.814  1472  4773 I chatty  : uid=1000(system) Binder:1472_13 identical 3 lines
02-23 04:06:35.814  1472  4773 D NotDeveloper: processing get from com.dsi.ant.server with arg ro.board.platform
02-23 04:06:35.814  1472  4773 D NotDeveloper: processing getStringForUser from com.dsi.ant.server with arg copy_file_endtag
02-23 04:06:35.814  1472  4773 D NotDeveloper: processed getStringForUser(copy_file_endtag) without changing result
02-23 04:06:35.815  1472  4773 D NotDeveloper: processing getStringForUser from com.dsi.ant.server with arg copy_file_endtag
02-23 04:06:35.815  1472  4773 D NotDeveloper: processed getStringForUser(copy_file_endtag) without changing result
02-23 04:06:35.815  1472  4773 D NotDeveloper: processing get from com.dsi.ant.server with arg ro.board.platform
02-23 04:06:35.815  1472  4773 I chatty  : uid=1000(system) Binder:1472_13 identical 3 lines
02-23 04:06:35.815  1472  4773 D NotDeveloper: processing get from com.dsi.ant.server with arg ro.board.platform
02-23 04:06:35.815  1472  4773 D NotDeveloper: processing getStringForUser from com.dsi.ant.server with arg copy_file_endtag
02-23 04:06:35.815  1472  4773 D NotDeveloper: processed getStringForUser(copy_file_endtag) without changing result
02-23 04:06:35.815  1472  4773 D NotDeveloper: processing getStringForUser from com.dsi.ant.server with arg copy_file_endtag
02-23 04:06:35.815  1472  4773 D NotDeveloper: processed getStringForUser(copy_file_endtag) without changing result
02-23 04:06:35.815  1472  4773 D NotDeveloper: processing get from com.dsi.ant.server with arg ro.board.platform
02-23 04:06:35.815  1472  4773 I chatty  : uid=1000(system) Binder:1472_13 identical 3 lines
02-23 04:06:35.815  1472  4773 D NotDeveloper: processing get from com.dsi.ant.server with arg ro.board.platform
02-23 04:06:35.816  1472  4773 D NotDeveloper: processing getStringForUser from com.dsi.ant.server with arg copy_file_endtag
02-23 04:06:35.816  1472  4773 D NotDeveloper: processed getStringForUser(copy_file_endtag) without changing result
02-23 04:06:35.816  1472  4773 D NotDeveloper: processing getStringForUser from com.dsi.ant.server with arg copy_file_endtag
02-23 04:06:35.816  1472  4773 D NotDeveloper: processed getStringForUser(copy_file_endtag) without changing result
02-23 04:06:35.816  1472  4773 D NotDeveloper: processing get from com.dsi.ant.server with arg ro.board.platform
02-23 04:06:35.816  1472  4773 I chatty  : uid=1000(system) Binder:1472_13 identical 3 lines
02-23 04:06:35.816  1472  4773 D NotDeveloper: processing get from com.dsi.ant.server with arg ro.board.platform
02-23 04:06:35.816  1472  4773 D NotDeveloper: processing getStringForUser from com.dsi.ant.server with arg copy_file_endtag
02-23 04:06:35.816  1472  4773 D NotDeveloper: processed getStringForUser(copy_file_endtag) without changing result
02-23 04:06:35.816  1472  4773 D NotDeveloper: processing getStringForUser from com.dsi.ant.server with arg copy_file_endtag
02-23 04:06:35.816  1472  4773 D NotDeveloper: processed getStringForUser(copy_file_endtag) without changing result
02-23 04:06:35.816  1472  4773 D NotDeveloper: processing get from com.dsi.ant.server with arg ro.board.platform
02-23 04:06:35.817  1472  4773 I chatty  : uid=1000(system) Binder:1472_13 identical 3 lines
02-23 04:06:35.817  1472  4773 D NotDeveloper: processing get from com.dsi.ant.server with arg ro.board.platform
02-23 04:06:35.817  1472  4773 D NotDeveloper: processing getStringForUser from com.dsi.ant.server with arg copy_file_endtag
02-23 04:06:35.817  1472  4773 D NotDeveloper: processed getStringForUser(copy_file_endtag) without changing result
02-23 04:06:35.817  1472  4773 D NotDeveloper: processing getStringForUser from com.dsi.ant.server with arg copy_file_endtag
02-23 04:06:35.817  1472  4773 D NotDeveloper: processed getStringForUser(copy_file_endtag) without changing result
02-23 04:06:35.817  1472  4773 D NotDeveloper: processing get from com.dsi.ant.server with arg ro.board.platform
02-23 04:06:35.817  1472  4773 I chatty  : uid=1000(system) Binder:1472_13 identical 3 lines
02-23 04:06:35.817  1472  4773 D NotDeveloper: processing get from com.dsi.ant.server with arg ro.board.platform
02-23 04:06:35.817  1472  4773 D NotDeveloper: processing getStringForUser from com.dsi.ant.server with arg copy_file_endtag
02-23 04:06:35.817  1472  4773 D NotDeveloper: processed getStringForUser(copy_file_endtag) without changing result
02-23 04:06:35.817  1472  4773 D NotDeveloper: processing getStringForUser from com.dsi.ant.server with arg copy_file_endtag
02-23 04:06:35.817  1472  4773 D NotDeveloper: processed getStringForUser(copy_file_endtag) without changing result
02-23 04:06:35.818  1472  4773 D NotDeveloper: processing get from com.dsi.ant.server with arg ro.board.platform
02-23 04:06:35.818  1472  4773 I chatty  : uid=1000(system) Binder:1472_13 identical 3 lines
02-23 04:06:35.818  1472  4773 D NotDeveloper: processing get from com.dsi.ant.server with arg ro.board.platform
02-23 04:06:35.818  1472  4773 D NotDeveloper: processing getStringForUser from com.dsi.ant.server with arg copy_file_endtag
02-23 04:06:35.818  1472  4773 D NotDeveloper: processed getStringForUser(copy_file_endtag) without changing result
02-23 04:06:35.818  1472  4773 D NotDeveloper: processing getStringForUser from com.dsi.ant.server with arg copy_file_endtag
02-23 04:06:35.818  1472  4773 D NotDeveloper: processed getStringForUser(copy_file_endtag) without changing result
02-23 04:06:35.818  1472  4773 D NotDeveloper: processing get from com.dsi.ant.server with arg ro.board.platform
02-23 04:06:35.818  1472  4773 I chatty  : uid=1000(system) Binder:1472_13 identical 3 lines
02-23 04:06:35.818  1472  4773 D NotDeveloper: processing get from com.dsi.ant.server with arg ro.board.platform
02-23 04:06:35.818  1472  4773 D NotDeveloper: processing getStringForUser from com.dsi.ant.server with arg copy_file_endtag
02-23 04:06:35.818  1472  4773 D NotDeveloper: processed getStringForUser(copy_file_endtag) without changing result
02-23 04:06:35.819  1472  4773 D NotDeveloper: processing getStringForUser from com.dsi.ant.server with arg copy_file_endtag
02-23 04:06:35.819  1472  4773 D NotDeveloper: processed getStringForUser(copy_file_endtag) without changing result
02-23 04:06:35.819  1472  4773 D NotDeveloper: processing get from com.dsi.ant.server with arg ro.board.platform
02-23 04:06:35.819  1472  4773 I chatty  : uid=1000(system) Binder:1472_13 identical 3 lines
02-23 04:06:35.819  1472  4773 D NotDeveloper: processing get from com.dsi.ant.server with arg ro.board.platform
02-23 04:06:35.819  1472  4773 D NotDeveloper: processing getStringForUser from com.dsi.ant.server with arg copy_file_endtag
02-23 04:06:35.819  1472  4773 D NotDeveloper: processed getStringForUser(copy_file_endtag) without changing result
02-23 04:06:35.819  1472  4773 D NotDeveloper: processing getStringForUser from com.dsi.ant.server with arg copy_file_endtag
02-23 04:06:35.819  1472  4773 D NotDeveloper: processed getStringForUser(copy_file_endtag) without changing result
02-23 04:06:35.819  1472  4773 D NotDeveloper: processing get from com.dsi.ant.server with arg ro.board.platform
02-23 04:06:35.819  1472  4773 I chatty  : uid=1000(system) Binder:1472_13 identical 3 lines
02-23 04:06:35.819  1472  4773 D NotDeveloper: processing get from com.dsi.ant.server with arg ro.board.platform
02-23 04:06:35.820  1472  4773 D NotDeveloper: processing getStringForUser from com.dsi.ant.server with arg copy_file_endtag
02-23 04:06:35.820  1472  4773 D NotDeveloper: processed getStringForUser(copy_file_endtag) without changing result
02-23 04:06:35.820  1472  4773 D NotDeveloper: processing getStringForUser from com.dsi.ant.server with arg copy_file_endtag
02-23 04:06:35.820  1472  4773 D NotDeveloper: processed getStringForUser(copy_file_endtag) without changing result
02-23 04:06:35.820  1472  4773 D NotDeveloper: processing get from com.dsi.ant.server with arg ro.board.platform
02-23 04:06:35.820  1472  4773 I chatty  : uid=1000(system) Binder:1472_13 identical 3 lines
02-23 04:06:35.820  1472  4773 D NotDeveloper: processing get from com.dsi.ant.server with arg ro.board.platform
02-23 04:06:35.820  1472  4773 D NotDeveloper: processing getStringForUser from com.dsi.ant.server with arg copy_file_endtag
02-23 04:06:35.820  1472  4773 D NotDeveloper: processed getStringForUser(copy_file_endtag) without changing result
02-23 04:06:35.820  1472  4773 D NotDeveloper: processing getStringForUser from com.dsi.ant.server with arg copy_file_endtag
02-23 04:06:35.820  1472  4773 D NotDeveloper: processed getStringForUser(copy_file_endtag) without changing result
02-23 04:06:35.820  1472  4773 D NotDeveloper: processing get from com.dsi.ant.server with arg ro.board.platform
02-23 04:06:35.821  1472  4773 I chatty  : uid=1000(system) Binder:1472_13 identical 3 lines
02-23 04:06:35.821  1472  4773 D NotDeveloper: processing get from com.dsi.ant.server with arg ro.board.platform
02-23 04:06:35.821  1472  4773 D NotDeveloper: processing getStringForUser from com.dsi.ant.server with arg copy_file_endtag
02-23 04:06:35.821  1472  4773 D NotDeveloper: processed getStringForUser(copy_file_endtag) without changing result
02-23 04:06:35.821  1472  4773 D NotDeveloper: processing getStringForUser from com.dsi.ant.server with arg copy_file_endtag
02-23 04:06:35.821  1472  4773 D NotDeveloper: processed getStringForUser(copy_file_endtag) without changing result
02-23 04:06:35.821  1472  4773 D NotDeveloper: processing get from com.dsi.ant.server with arg ro.board.platform
02-23 04:06:35.821  1472  4773 I chatty  : uid=1000(system) Binder:1472_13 identical 3 lines
02-23 04:06:35.821  1472  4773 D NotDeveloper: processing get from com.dsi.ant.server with arg ro.board.platform
02-23 04:06:35.821  1472  4773 D NotDeveloper: processing getStringForUser from com.dsi.ant.server with arg copy_file_endtag
02-23 04:06:35.821  1472  4773 D NotDeveloper: processed getStringForUser(copy_file_endtag) without changing result
02-23 04:06:35.821  1472  4773 D NotDeveloper: processing getStringForUser from com.dsi.ant.server with arg copy_file_endtag
02-23 04:06:35.821  1472  4773 D NotDeveloper: processed getStringForUser(copy_file_endtag) without changing result
02-23 04:06:35.822  1472  4773 D NotDeveloper: processing get from com.dsi.ant.server with arg ro.board.platform
02-23 04:06:35.822  1472  4773 I chatty  : uid=1000(system) Binder:1472_13 identical 3 lines
02-23 04:06:35.822  1472  4773 D NotDeveloper: processing get from com.dsi.ant.server with arg ro.board.platform
02-23 04:06:35.822  1472  4773 D NotDeveloper: processing getStringForUser from com.dsi.ant.server with arg copy_file_endtag
02-23 04:06:35.822  1472  4773 D NotDeveloper: processed getStringForUser(copy_file_endtag) without changing result
02-23 04:06:35.822  1472  4773 D NotDeveloper: processing getStringForUser from com.dsi.ant.server with arg copy_file_endtag
02-23 04:06:35.822  1472  4773 D NotDeveloper: processed getStringForUser(copy_file_endtag) without changing result
02-23 04:06:35.822  1472  4773 D NotDeveloper: processing get from com.dsi.ant.server with arg ro.board.platform
02-23 04:06:35.822  1472  4773 I chatty  : uid=1000(system) Binder:1472_13 identical 3 lines
02-23 04:06:35.822  1472  4773 D NotDeveloper: processing get from com.dsi.ant.server with arg ro.board.platform
02-23 04:06:35.822  1472  4773 D NotDeveloper: processing getStringForUser from com.dsi.ant.server with arg copy_file_endtag
02-23 04:06:35.822  1472  4773 D NotDeveloper: processed getStringForUser(copy_file_endtag) without changing result
02-23 04:06:35.823  1472  4773 D NotDeveloper: processing getStringForUser from com.dsi.ant.server with arg copy_file_endtag
02-23 04:06:35.823  1472  4773 D NotDeveloper: processed getStringForUser(copy_file_endtag) without changing result
02-23 04:06:35.823  1472  4773 D NotDeveloper: processing get from com.dsi.ant.server with arg ro.board.platform
02-23 04:06:35.823  1472  4773 I chatty  : uid=1000(system) Binder:1472_13 identical 3 lines
02-23 04:06:35.823  1472  4773 D NotDeveloper: processing get from com.dsi.ant.server with arg ro.board.platform
02-23 04:06:35.823  1472  4773 D NotDeveloper: processing getStringForUser from com.dsi.ant.server with arg copy_file_endtag
02-23 04:06:35.823  1472  4773 D NotDeveloper: processed getStringForUser(copy_file_endtag) without changing result
02-23 04:06:35.823  1472  4773 D NotDeveloper: processing getStringForUser from com.dsi.ant.server with arg copy_file_endtag
02-23 04:06:35.823  1472  4773 D NotDeveloper: processed getStringForUser(copy_file_endtag) without changing result
02-23 04:06:35.823  1472  4773 D NotDeveloper: processing get from com.dsi.ant.server with arg ro.board.platform
02-23 04:06:35.823  1472  4773 I chatty  : uid=1000(system) Binder:1472_13 identical 3 lines
02-23 04:06:35.823  1472  4773 D NotDeveloper: processing get from com.dsi.ant.server with arg ro.board.platform
02-23 04:06:35.824  1472  4773 D NotDeveloper: processing getStringForUser from com.dsi.ant.server with arg copy_file_endtag
02-23 04:06:35.824  1472  4773 D NotDeveloper: processed getStringForUser(copy_file_endtag) without changing result
02-23 04:06:35.824  1472  4773 D NotDeveloper: processing getStringForUser from com.dsi.ant.server with arg copy_file_endtag
02-23 04:06:35.824  1472  4773 D NotDeveloper: processed getStringForUser(copy_file_endtag) without changing result
02-23 04:06:35.824  1472  4773 D NotDeveloper: processing get from com.dsi.ant.server with arg ro.board.platform
02-23 04:06:35.824  1472  4773 I chatty  : uid=1000(system) Binder:1472_13 identical 3 lines
02-23 04:06:35.824  1472  4773 D NotDeveloper: processing get from com.dsi.ant.server with arg ro.board.platform
02-23 04:06:35.824  1472  4773 D NotDeveloper: processing getStringForUser from com.dsi.ant.server with arg copy_file_endtag
02-23 04:06:35.824  1472  4773 D NotDeveloper: processed getStringForUser(copy_file_endtag) without changing result
02-23 04:06:35.824  1472  4773 D NotDeveloper: processing getStringForUser from com.dsi.ant.server with arg copy_file_endtag
02-23 04:06:35.824  1472  4773 D NotDeveloper: processed getStringForUser(copy_file_endtag) without changing result
02-23 04:06:35.824  1472  4773 D NotDeveloper: processing get from com.dsi.ant.server with arg ro.board.platform
02-23 04:06:35.824  1472  4773 I chatty  : uid=1000(system) Binder:1472_13 identical 3 lines
02-23 04:06:35.825  1472  4773 D NotDeveloper: processing get from com.dsi.ant.server with arg ro.board.platform
02-23 04:06:35.825  1472  4773 D NotDeveloper: processing getStringForUser from com.dsi.ant.server with arg copy_file_endtag
02-23 04:06:35.825  1472  4773 D NotDeveloper: processed getStringForUser(copy_file_endtag) without changing result
02-23 04:06:35.825  1472  4773 D NotDeveloper: processing getStringForUser from com.dsi.ant.server with arg copy_file_endtag
02-23 04:06:35.825  1472  4773 D NotDeveloper: processed getStringForUser(copy_file_endtag) without changing result
02-23 04:06:35.825  1472  4773 D NotDeveloper: processing get from com.dsi.ant.server with arg ro.board.platform
02-23 04:06:35.825  1472  4773 I chatty  : uid=1000(system) Binder:1472_13 identical 3 lines
02-23 04:06:35.825  1472  4773 D NotDeveloper: processing get from com.dsi.ant.server with arg ro.board.platform
02-23 04:06:35.825  1472  4773 D NotDeveloper: processing getStringForUser from com.dsi.ant.server with arg copy_file_endtag
02-23 04:06:35.825  1472  4773 D NotDeveloper: processed getStringForUser(copy_file_endtag) without changing result
02-23 04:06:35.825  1472  4773 D NotDeveloper: processing getStringForUser from com.dsi.ant.server with arg copy_file_endtag
02-23 04:06:35.825  1472  4773 D NotDeveloper: processed getStringForUser(copy_file_endtag) without changing result
02-23 04:06:35.825  1472  4773 D NotDeveloper: processing get from com.dsi.ant.server with arg ro.board.platform
02-23 04:06:35.826  1472  4773 I chatty  : uid=1000(system) Binder:1472_13 identical 3 lines
02-23 04:06:35.826  1472  4773 D NotDeveloper: processing get from com.dsi.ant.server with arg ro.board.platform
02-23 04:06:35.826  1472  4773 D NotDeveloper: processing getStringForUser from com.dsi.ant.server with arg copy_file_endtag
02-23 04:06:35.826  1472  4773 D NotDeveloper: processed getStringForUser(copy_file_endtag) without changing result
02-23 04:06:35.826  1472  4773 D NotDeveloper: processing getStringForUser from com.dsi.ant.server with arg copy_file_endtag
02-23 04:06:35.826  1472  4773 D NotDeveloper: processed getStringForUser(copy_file_endtag) without changing result
02-23 04:06:35.826  1472  4773 D NotDeveloper: processing get from com.dsi.ant.server with arg ro.board.platform
02-23 04:06:35.826  1472  4773 I chatty  : uid=1000(system) Binder:1472_13 identical 3 lines
02-23 04:06:35.826  1472  4773 D NotDeveloper: processing get from com.dsi.ant.server with arg ro.board.platform
02-23 04:06:35.826  1472  4773 D NotDeveloper: processing getStringForUser from com.dsi.ant.server with arg copy_file_endtag
02-23 04:06:35.826  1472  4773 D NotDeveloper: processed getStringForUser(copy_file_endtag) without changing result
02-23 04:06:35.826  1472  4773 D NotDeveloper: processing getStringForUser from com.dsi.ant.server with arg copy_file_endtag
02-23 04:06:35.826  1472  4773 D NotDeveloper: processed getStringForUser(copy_file_endtag) without changing result
02-23 04:06:35.827  1472  4773 D NotDeveloper: processing get from com.dsi.ant.server with arg ro.board.platform
02-23 04:06:35.827  1472  4773 I chatty  : uid=1000(system) Binder:1472_13 identical 3 lines
02-23 04:06:35.827  1472  4773 D NotDeveloper: processing get from com.dsi.ant.server with arg ro.board.platform
02-23 04:06:35.827  1472  4773 D NotDeveloper: processing getStringForUser from com.dsi.ant.server with arg copy_file_endtag
02-23 04:06:35.827  1472  4773 D NotDeveloper: processed getStringForUser(copy_file_endtag) without changing result
02-23 04:06:35.827  1472  4773 D NotDeveloper: processing getStringForUser from com.dsi.ant.server with arg copy_file_endtag
02-23 04:06:35.827  1472  4773 D NotDeveloper: processed getStringForUser(copy_file_endtag) without changing result
02-23 04:06:35.827  1472  4773 D NotDeveloper: processing get from com.dsi.ant.server with arg ro.board.platform
02-23 04:06:35.827  1472  4773 I chatty  : uid=1000(system) Binder:1472_13 identical 3 lines
02-23 04:06:35.827  1472  4773 D NotDeveloper: processing get from com.dsi.ant.server with arg ro.board.platform
02-23 04:06:35.827  1472  4773 D NotDeveloper: processing getStringForUser from com.dsi.ant.server with arg copy_file_endtag
02-23 04:06:35.827  1472  4773 D NotDeveloper: processed getStringForUser(copy_file_endtag) without changing result
02-23 04:06:35.828  1472  4773 D NotDeveloper: processing getStringForUser from com.dsi.ant.server with arg copy_file_endtag
02-23 04:06:35.828  1472  4773 D NotDeveloper: processed getStringForUser(copy_file_endtag) without changing result
02-23 04:06:35.828  1472  4773 D NotDeveloper: processing get from com.dsi.ant.server with arg ro.board.platform
02-23 04:06:35.828  1472  4773 I chatty  : uid=1000(system) Binder:1472_13 identical 3 lines
02-23 04:06:35.828  1472  4773 D NotDeveloper: processing get from com.dsi.ant.server with arg ro.board.platform
02-23 04:06:35.828  1472  4773 D NotDeveloper: processing getStringForUser from com.dsi.ant.server with arg copy_file_endtag
02-23 04:06:35.828  1472  4773 D NotDeveloper: processed getStringForUser(copy_file_endtag) without changing result
02-23 04:06:35.828  1472  4773 D NotDeveloper: processing getStringForUser from com.dsi.ant.server with arg copy_file_endtag
02-23 04:06:35.828  1472  4773 D NotDeveloper: processed getStringForUser(copy_file_endtag) without changing result
02-23 04:06:35.828  1472  4773 D NotDeveloper: processing getStringForUser from com.dsi.ant.server with arg copy_file_endtag
02-23 04:06:35.828  1472  4773 D NotDeveloper: processed getStringForUser(copy_file_endtag) without changing result
02-23 04:06:35.828  1472  4773 D NotDeveloper: processing getStringForUser from com.dsi.ant.server with arg copy_file_endtag
02-23 04:06:35.828  1472  4773 D NotDeveloper: processed getStringForUser(copy_file_endtag) without changing result
02-23 04:06:35.828  1472  4773 D NotDeveloper: processing get from com.dsi.ant.server with arg ro.board.platform
02-23 04:06:35.829  1472  4773 I chatty  : uid=1000(system) Binder:1472_13 identical 8 lines
02-23 04:06:35.829  1472  4773 D NotDeveloper: processing get from com.dsi.ant.server with arg ro.board.platform
02-23 04:06:35.829  1472  4773 D NotDeveloper: processing getStringForUser from com.dsi.ant.server with arg copy_file_endtag
02-23 04:06:35.829  1472  4773 D NotDeveloper: processed getStringForUser(copy_file_endtag) without changing result
02-23 04:06:35.829  1472  4773 D NotDeveloper: processing getStringForUser from com.dsi.ant.server with arg copy_file_endtag
02-23 04:06:35.829  1472  4773 D NotDeveloper: processed getStringForUser(copy_file_endtag) without changing result
02-23 04:06:35.829  1472  4773 D NotDeveloper: processing get from com.dsi.ant.server with arg ro.board.platform
02-23 04:06:35.830  1472  4773 I chatty  : uid=1000(system) Binder:1472_13 identical 3 lines
02-23 04:06:35.830  1472  4773 D NotDeveloper: processing get from com.dsi.ant.server with arg ro.board.platform
02-23 04:06:35.830  1472  4773 D NotDeveloper: processing getStringForUser from com.dsi.ant.server with arg copy_file_endtag
02-23 04:06:35.830  1472  4773 D NotDeveloper: processed getStringForUser(copy_file_endtag) without changing result
02-23 04:06:35.830  1472  4773 D NotDeveloper: processing getStringForUser from com.dsi.ant.server with arg copy_file_endtag
02-23 04:06:35.830  1472  4773 D NotDeveloper: processed getStringForUser(copy_file_endtag) without changing result
02-23 04:06:35.830  1472  4773 D NotDeveloper: processing get from com.dsi.ant.server with arg ro.board.platform
02-23 04:06:35.830  1472  4773 I chatty  : uid=1000(system) Binder:1472_13 identical 3 lines
02-23 04:06:35.830  1472  4773 D NotDeveloper: processing get from com.dsi.ant.server with arg ro.board.platform
02-23 04:06:35.830  1472  4773 D NotDeveloper: processing getStringForUser from com.dsi.ant.server with arg copy_file_endtag
02-23 04:06:35.830  1472  4773 D NotDeveloper: processed getStringForUser(copy_file_endtag) without changing result
02-23 04:06:35.830  1472  4773 D NotDeveloper: processing getStringForUser from com.dsi.ant.server with arg copy_file_endtag
02-23 04:06:35.830  1472  4773 D NotDeveloper: processed getStringForUser(copy_file_endtag) without changing result
02-23 04:06:35.831  1472  4773 D NotDeveloper: processing get from com.dsi.ant.server with arg ro.board.platform
02-23 04:06:35.831  1472  4773 I chatty  : uid=1000(system) Binder:1472_13 identical 3 lines
02-23 04:06:35.831  1472  4773 D NotDeveloper: processing get from com.dsi.ant.server with arg ro.board.platform
02-23 04:06:35.831  1472  4773 D NotDeveloper: processing getStringForUser from com.dsi.ant.server with arg copy_file_endtag
02-23 04:06:35.831  1472  4773 D NotDeveloper: processed getStringForUser(copy_file_endtag) without changing result
02-23 04:06:35.831  1472  4773 D NotDeveloper: processing getStringForUser from com.dsi.ant.server with arg copy_file_endtag
02-23 04:06:35.831  1472  4773 D NotDeveloper: processed getStringForUser(copy_file_endtag) without changing result
02-23 04:06:35.831  1472  4773 D NotDeveloper: processing get from com.dsi.ant.server with arg ro.board.platform
02-23 04:06:35.832  1472  4773 I chatty  : uid=1000(system) Binder:1472_13 identical 8 lines
02-23 04:06:35.832  1472  4773 D NotDeveloper: processing get from com.dsi.ant.server with arg ro.board.platform
02-23 04:06:35.832  1472  4773 D NotDeveloper: processing getStringForUser from com.dsi.ant.server with arg copy_file_endtag
02-23 04:06:35.832  1472  4773 D NotDeveloper: processed getStringForUser(copy_file_endtag) without changing result
02-23 04:06:35.832  1472  4773 D NotDeveloper: processing getStringForUser from com.dsi.ant.server with arg copy_file_endtag
02-23 04:06:35.832  1472  4773 D NotDeveloper: processed getStringForUser(copy_file_endtag) without changing result
02-23 04:06:35.832  1472  4773 D NotDeveloper: processing getStringForUser from com.dsi.ant.server with arg copy_file_endtag
02-23 04:06:35.832  1472  4773 D NotDeveloper: processed getStringForUser(copy_file_endtag) without changing result
02-23 04:06:35.832  1472  4773 D NotDeveloper: processing getStringForUser from com.dsi.ant.server with arg copy_file_endtag
02-23 04:06:35.832  1472  4773 D NotDeveloper: processed getStringForUser(copy_file_endtag) without changing result
02-23 04:06:35.832  1472  4773 D NotDeveloper: processing getStringForUser from com.dsi.ant.server with arg copy_file_endtag
02-23 04:06:35.832  1472  4773 D NotDeveloper: processed getStringForUser(copy_file_endtag) without changing result
02-23 04:06:35.832  1472  4773 D NotDeveloper: processing getStringForUser from com.dsi.ant.server with arg copy_file_endtag
02-23 04:06:35.832  1472  4773 D NotDeveloper: processed getStringForUser(copy_file_endtag) without changing result
02-23 04:06:35.833  1472  4773 D NotDeveloper: processing get from com.dsi.ant.server with arg ro.board.platform
02-23 04:06:35.833  1472  4773 I chatty  : uid=1000(system) Binder:1472_13 identical 8 lines
02-23 04:06:35.833  1472  4773 D NotDeveloper: processing get from com.dsi.ant.server with arg ro.board.platform
02-23 04:06:35.833  1472  4773 D NotDeveloper: processing getStringForUser from com.dsi.ant.server with arg copy_file_endtag
02-23 04:06:35.833  1472  4773 D NotDeveloper: processed getStringForUser(copy_file_endtag) without changing result
02-23 04:06:35.834  1472  4773 D NotDeveloper: processing getStringForUser from com.dsi.ant.server with arg copy_file_endtag
02-23 04:06:35.834  1472  4773 D NotDeveloper: processed getStringForUser(copy_file_endtag) without changing result
02-23 04:06:35.834  1472  4773 D NotDeveloper: processing get from com.dsi.ant.server with arg ro.board.platform
02-23 04:06:35.835  1472  4773 I chatty  : uid=1000(system) Binder:1472_13 identical 18 lines
02-23 04:06:35.835  1472  4773 D NotDeveloper: processing get from com.dsi.ant.server with arg ro.board.platform
02-23 04:06:35.835  1472  4773 D NotDeveloper: processing getStringForUser from com.dsi.ant.server with arg copy_file_endtag
02-23 04:06:35.835  1472  4773 D NotDeveloper: processed getStringForUser(copy_file_endtag) without changing result
02-23 04:06:35.835  1472  4773 D NotDeveloper: processing getStringForUser from com.dsi.ant.server with arg copy_file_endtag
02-23 04:06:35.835  1472  4773 D NotDeveloper: processed getStringForUser(copy_file_endtag) without changing result
02-23 04:06:35.835  1472  4773 D NotDeveloper: processing getStringForUser from com.dsi.ant.server with arg copy_file_endtag
02-23 04:06:35.835  1472  4773 D NotDeveloper: processed getStringForUser(copy_file_endtag) without changing result
02-23 04:06:35.835  1472  4773 D NotDeveloper: processing getStringForUser from com.dsi.ant.server with arg copy_file_endtag
02-23 04:06:35.835  1472  4773 D NotDeveloper: processed getStringForUser(copy_file_endtag) without changing result
02-23 04:06:35.835  1472  4773 D NotDeveloper: processing get from com.dsi.ant.server with arg ro.board.platform
02-23 04:06:35.836  1472  4773 I chatty  : uid=1000(system) Binder:1472_13 identical 3 lines
02-23 04:06:35.836  1472  4773 D NotDeveloper: processing get from com.dsi.ant.server with arg ro.board.platform
02-23 04:06:35.836  1472  4773 D NotDeveloper: processing getStringForUser from com.dsi.ant.server with arg copy_file_endtag
02-23 04:06:35.836  1472  4773 D NotDeveloper: processed getStringForUser(copy_file_endtag) without changing result
02-23 04:06:35.836  1472  4773 D NotDeveloper: processing getStringForUser from com.dsi.ant.server with arg copy_file_endtag
02-23 04:06:35.836  1472  4773 D NotDeveloper: processed getStringForUser(copy_file_endtag) without changing result
02-23 04:06:35.836  1472  4773 D NotDeveloper: processing get from com.dsi.ant.server with arg ro.board.platform
02-23 04:06:35.837  1472  4773 I chatty  : uid=1000(system) Binder:1472_13 identical 8 lines
02-23 04:06:35.837  1472  4773 D NotDeveloper: processing get from com.dsi.ant.server with arg ro.board.platform
02-23 04:06:35.837  1472  3450 D NotDeveloper: processing get from com.dsi.ant.server with arg ro.board.platform
02-23 04:06:35.838  1472  3450 I chatty  : uid=1000(system) Binder:1472_C identical 8 lines
02-23 04:06:35.838  1472  3450 D NotDeveloper: processing get from com.dsi.ant.server with arg ro.board.platform
02-23 04:06:35.838  1472  3450 D NotDeveloper: processing getStringForUser from com.dsi.ant.server with arg copy_file_endtag
02-23 04:06:35.838  1472  3450 D NotDeveloper: processed getStringForUser(copy_file_endtag) without changing result
02-23 04:06:35.838  1472  3450 D NotDeveloper: processing getStringForUser from com.dsi.ant.server with arg copy_file_endtag
02-23 04:06:35.838  1472  3450 D NotDeveloper: processed getStringForUser(copy_file_endtag) without changing result
02-23 04:06:35.838  1472  3450 D NotDeveloper: processing getStringForUser from com.dsi.ant.server with arg copy_file_endtag
02-23 04:06:35.838  1472  3450 D NotDeveloper: processed getStringForUser(copy_file_endtag) without changing result
02-23 04:06:35.838  1472  3450 D NotDeveloper: processing getStringForUser from com.dsi.ant.server with arg copy_file_endtag
02-23 04:06:35.838  1472  3450 D NotDeveloper: processed getStringForUser(copy_file_endtag) without changing result
02-23 04:06:35.838  1472  3450 D NotDeveloper: processing get from com.dsi.ant.server with arg ro.board.platform
02-23 04:06:35.839  1472  3450 I chatty  : uid=1000(system) Binder:1472_C identical 3 lines
02-23 04:06:35.839  1472  3450 D NotDeveloper: processing get from com.dsi.ant.server with arg ro.board.platform
02-23 04:06:35.839  1472  3450 D NotDeveloper: processing getStringForUser from com.dsi.ant.server with arg copy_file_endtag
02-23 04:06:35.839  1472  3450 D NotDeveloper: processed getStringForUser(copy_file_endtag) without changing result
02-23 04:06:35.839  1472  3450 D NotDeveloper: processing getStringForUser from com.dsi.ant.server with arg copy_file_endtag
02-23 04:06:35.839  1472  3450 D NotDeveloper: processed getStringForUser(copy_file_endtag) without changing result
02-23 04:06:35.839  1472  3450 D NotDeveloper: processing get from com.dsi.ant.server with arg ro.board.platform
02-23 04:06:35.840  1472  3450 I chatty  : uid=1000(system) Binder:1472_C identical 13 lines
02-23 04:06:35.840  1472  3450 D NotDeveloper: processing get from com.dsi.ant.server with arg ro.board.platform
02-23 04:06:35.840  1472  3450 D NotDeveloper: processing getStringForUser from com.dsi.ant.server with arg copy_file_endtag
02-23 04:06:35.840  1472  3450 D NotDeveloper: processed getStringForUser(copy_file_endtag) without changing result
02-23 04:06:35.840  1472  3450 D NotDeveloper: processing getStringForUser from com.dsi.ant.server with arg copy_file_endtag
02-23 04:06:35.840  1472  3450 D NotDeveloper: processed getStringForUser(copy_file_endtag) without changing result
02-23 04:06:35.840  1472  3450 D NotDeveloper: processing getStringForUser from com.dsi.ant.server with arg copy_file_endtag
02-23 04:06:35.840  1472  3450 D NotDeveloper: processed getStringForUser(copy_file_endtag) without changing result
02-23 04:06:35.840  1472  3450 D NotDeveloper: processing getStringForUser from com.dsi.ant.server with arg copy_file_endtag
02-23 04:06:35.840  1472  3450 D NotDeveloper: processed getStringForUser(copy_file_endtag) without changing result
02-23 04:06:35.841  1472  3450 D NotDeveloper: processing get from com.dsi.ant.server with arg ro.board.platform
02-23 04:06:35.841  1472  3450 I chatty  : uid=1000(system) Binder:1472_C identical 8 lines
02-23 04:06:35.841  1472  3450 D NotDeveloper: processing get from com.dsi.ant.server with arg ro.board.platform
02-23 04:06:35.841  1472  3450 D NotDeveloper: processing getStringForUser from com.dsi.ant.server with arg copy_file_endtag
02-23 04:06:35.841  1472  3450 D NotDeveloper: processed getStringForUser(copy_file_endtag) without changing result
02-23 04:06:35.841  1472  3450 D NotDeveloper: processing getStringForUser from com.dsi.ant.server with arg copy_file_endtag
02-23 04:06:35.841  1472  3450 D NotDeveloper: processed getStringForUser(copy_file_endtag) without changing result
02-23 04:06:35.842  1472  3450 D NotDeveloper: processing get from com.dsi.ant.server with arg ro.board.platform
02-23 04:06:35.842  1472  3450 I chatty  : uid=1000(system) Binder:1472_C identical 8 lines
02-23 04:06:35.842  1472  3450 D NotDeveloper: processing get from com.dsi.ant.server with arg ro.board.platform
02-23 04:06:35.842  1472  3450 D NotDeveloper: processing getStringForUser from com.dsi.ant.server with arg copy_file_endtag
02-23 04:06:35.842  1472  3450 D NotDeveloper: processed getStringForUser(copy_file_endtag) without changing result
