--------- beginning of perf
02-23 04:05:13.225  1472  1472 I 101     : #190
02-23 04:05:13.226  1472  3733 I 101     : #185
02-23 04:05:13.228  1472  3734 I 101     : #172
02-23 04:05:13.228  1472  3732 I 101     : #170
02-23 04:05:13.229  1472  3735 I 101     : #163
02-23 04:05:13.317  1472  3696 I 100     : Open /system/priv-app/Telecom/Telecom.apk took:364ms
02-23 04:05:13.605  1472  3697 I 100     : Open /system/priv-app/Telecom/Telecom.apk took:650ms
02-23 04:05:13.610  1472  3695 I 100     : Open /system/priv-app/Telecom/Telecom.apk took:659ms
02-23 04:05:14.268  2908  2908 I 309     : package:com.android.systemui took:2348 calssname:android.app.ActivityThread$H callback:null what:114
02-23 04:05:21.773  4590  4590 I 100     : Open /data/app/~~TsifplT8jDE4Nwne8ENGsg==/com.google.android.apps.wellbeing-M2DXO-lfEnE7kOpTTJ6skw==/base.apk took:83ms
02-23 04:05:22.515  4667  4667 I 100     : Open /data/app/~~H_gIp3nxzyq2yMxW_c054A==/com.google.android.googlequicksearchbox-ePajk4SqssSfJRKTf-oGMw==/base.apk took:204ms
02-23 04:05:23.205  5026  5026 I 100     : Open /data/app/~~v2MLmSR2lXdT3Aso_-KThQ==/com.google.android.projection.gearhead-krPf8PRAPVtXuHiwbb-sQQ==/base.apk took:112ms
02-23 04:05:23.326  2875  2875 I 309     : package:com.android.bluetooth took:1029 calssname:android.app.ActivityThread$H callback:android.app.-$$Lambda$LoadedApk$ReceiverDispatcher$Args$_BumDX2UKsnxLVrE6UJsJZkotuA@4b05621 what:0
02-23 04:05:24.249  5516  5516 I 100     : Open /data/app/~~H_gIp3nxzyq2yMxW_c054A==/com.google.android.googlequicksearchbox-ePajk4SqssSfJRKTf-oGMw==/base.apk took:108ms
02-23 04:05:24.298  4705  4705 I 309     : package:com.android.nfc took:1906 calssname:android.app.ActivityThread$H callback:null what:110
02-23 04:05:24.719  5683  5683 I 100     : Open /data/app/~~EMHQZ_XhySKjwsS9F860xA==/com.oneplus.gamespace-qF5g_3wzRx0csR7ZB3fdZg==/base.apk took:141ms
02-23 04:05:24.923  5824  5824 I 100     : Open /system/system_ext/priv-app/SettingsIntelligence/SettingsIntelligence.apk took:64ms
02-23 04:05:25.601  2778  2778 I 309     : package:net.oneplus.launcher took:2636 calssname:android.app.ActivityThread$H callback:null what:110
02-23 04:05:26.909  1472  2574 I 322     : net.oneplus.launcher#10742#14680
02-23 04:05:28.973  7623  7623 I 100     : Open /data/app/~~H_gIp3nxzyq2yMxW_c054A==/com.google.android.googlequicksearchbox-ePajk4SqssSfJRKTf-oGMw==/base.apk took:171ms
02-23 04:05:29.981  2908  3835 I 111     : OptJank - big and small
02-23 04:05:30.209  8332  8332 I 100     : Open /data/app/~~NvgKNFVkt_GQBCPPjoAm2w==/com.google.android.inputmethod.latin-YIxgiu6Ej3uRw6hZ7_I45A==/base.apk took:54ms
02-23 04:05:30.525  8462  8462 I 100     : Open /system/priv-app/OnePlusWizard/OnePlusWizard.apk took:69ms
02-23 04:05:30.911  8634  8634 I 100     : Open /data/app/~~6PlnOOX9VRcHcjuZ_VKLOw==/com.android.vending-EVB_iaCIvFCrw-1UEPEhHg==/base.apk took:72ms
02-23 04:05:31.320  8918  8918 I 100     : Open /data/app/~~Yx6K1kA0OBNKl1Y8x-hdAQ==/com.google.android.marvin.talkback-6tgPaYmjfS8QAIxQ3Ipd-g==/base.apk took:52ms
02-23 04:05:31.328  8332  8609 I 100     : Open /data/app/~~4cz1r4shV35tmGD9fDhiFA==/com.google.android.gms-7zQf4gaHMsB3yk_zhZEPJQ==/split_DynamiteLoader_installtime.apk took:345ms
02-23 04:05:31.736  8332  8609 I 100     : Open /data/app/~~4cz1r4shV35tmGD9fDhiFA==/com.google.android.gms-7zQf4gaHMsB3yk_zhZEPJQ==/split_CronetDynamite_installtime.apk took:83ms
02-23 04:05:31.744  9097  9097 I 100     : Open /system/priv-app/DiracManager/DiracManager.apk took:88ms
02-23 04:05:32.200  6563  6637 I 101     : #166
02-23 04:05:35.414  8332  8419 I 101     : #180
02-23 04:05:35.439  1472 11006 I 100     : Open /system/system_ext/app/AntHalService-Soong/AntHalService-Soong.apk took:52ms
02-23 04:05:35.440  1472 11009 I 100     : Open /system/system_ext/app/AntHalService-Soong/AntHalService-Soong.apk took:53ms
02-23 04:05:35.441  1472 11008 I 100     : Open /system/system_ext/app/AntHalService-Soong/AntHalService-Soong.apk took:53ms
02-23 04:05:35.585 11045 11045 I 100     : Open /data/app/~~0hxWgk4ftHxbLgZP4U-skA==/com.google.android.apps.docs-prx6eeRu8Ku4cYsB5sUVWw==/base.apk took:63ms
02-23 04:05:36.258 10883 10932 I 100     : Open /data/user/0/com.google.android.gms/app_dg_cache/7D5C9405A3D81C422016C0CF22E38A12D08182E8/the.apk took:62ms
02-23 04:05:37.131 11629 11629 I 100     : Open /data/app/~~DVOBl-1NHCYdWbDxI9Vshg==/com.google.android.apps.maps-tEMAEht8POXoomX5Buz22g==/base.apk took:240ms
02-23 04:05:37.545 11713 11713 I 100     : Open /data/app/~~H_gIp3nxzyq2yMxW_c054A==/com.google.android.googlequicksearchbox-ePajk4SqssSfJRKTf-oGMw==/base.apk took:94ms
02-23 04:05:38.269 11629 11778 I 100     : Open /data/app/~~4cz1r4shV35tmGD9fDhiFA==/com.google.android.gms-7zQf4gaHMsB3yk_zhZEPJQ==/split_GoogleCertificates_installtime.apk took:89ms
02-23 04:05:38.319 11796 11796 I 100     : Open /data/app/~~v2MLmSR2lXdT3Aso_-KThQ==/com.google.android.projection.gearhead-krPf8PRAPVtXuHiwbb-sQQ==/base.apk took:59ms
02-23 04:05:38.918 11886 11886 I 100     : Open /data/app/~~v2MLmSR2lXdT3Aso_-KThQ==/com.google.android.projection.gearhead-krPf8PRAPVtXuHiwbb-sQQ==/base.apk took:59ms
02-23 04:05:39.371 11921 11921 I 100     : Open /data/app/~~DVOBl-1NHCYdWbDxI9Vshg==/com.google.android.apps.maps-tEMAEht8POXoomX5Buz22g==/base.apk took:93ms
02-23 04:05:39.958  2908  3835 I 110     :  OptJank - total:509 frameGap:522 delta#0#508#0#32#0#0
02-23 04:05:41.628  1472  2574 I 322     : com.android.shell#621#1702
02-23 04:05:41.685 12069 12069 I 100     : Open /data/app/~~U9BflnOzWBHzH2iD3kBzWQ==/com.google.android.apps.photos-Rdc1jByi2e2watJIli7F6g==/base.apk took:88ms
02-23 04:05:41.864 12117 12117 I 100     : Open /data/app/~~6PlnOOX9VRcHcjuZ_VKLOw==/com.android.vending-EVB_iaCIvFCrw-1UEPEhHg==/base.apk took:70ms
02-23 04:05:42.013  3761  3761 I 309     : package:com.android.phone took:1005 calssname:com.qualcomm.qti.internal.telephony.QtiServiceStateTracker callback:null what:5
02-23 04:05:43.478 12315 12315 I 100     : Open /data/app/~~yE_aEEm-nG4lhYy0a2KIqw==/com.google.android.apps.tachyon--ipxxxTv8bFDoSNOTQqlhw==/base.apk took:117ms
02-23 04:05:44.712 12315 12315 I 309     : package:com.google.android.apps.tachyon took:1371 calssname:android.app.ActivityThread$H callback:null what:110
02-23 04:05:48.876 12585 12585 I 100     : Open /data/app/~~nD_361WU5HRwZI_Fvapqjg==/com.google.android.apps.walletnfcrel-3UcPrXHiS3GhXqH_J82eTw==/base.apk took:128ms
02-23 04:05:50.390 12713 12713 I 309     : package:net.oneplus.weather took:1046 calssname:android.app.ActivityThread$H callback:null what:110
02-23 04:05:50.440 12585 12585 I 309     : package:com.google.android.apps.walletnfcrel took:1715 calssname:android.app.ActivityThread$H callback:null what:110
02-23 04:05:50.771  2846  2846 I 309     : package:com.oneplus.config took:1456 calssname:android.app.job.JobServiceEngine$JobHandler callback:null what:0
02-23 04:05:51.648  1472  2658 I 106     : System spent 127.6ms processing the last key event: KeyEvent#4
02-23 04:05:51.806  1472  2658 I 106     : System spent 582.0ms processing the last key event: KeyEvent#4
02-23 04:05:52.085 12756 12756 I 309     : package:net.oneplus.push took:1033 calssname:android.app.job.JobServiceEngine$JobHandler callback:null what:0
02-23 04:05:53.533  1472  2658 I 106     : System spent 117.1ms processing the last key event: KeyEvent#4
02-23 04:05:53.537  1472  2658 I 106     : System spent 110.6ms processing the last key event: KeyEvent#4
02-23 04:05:55.483 13149 13149 I 100     : Open /data/app/~~abABbug0VrXQ3q4JxN-esQ==/com.google.android.apps.youtube.music-YXZbQ3KDHYrwTli1EXcHOQ==/base.apk took:123ms
02-23 04:05:56.896 13290 13290 I 100     : Open /data/app/~~pXI9UK18AUverFXJq6t5Hg==/com.google.android.calendar-2CkBJv8bdHLGEdp_7jfJsA==/base.apk took:95ms
02-23 04:05:59.232  2781 13492 I 100     : Open /data/app/~~SGVulOPIdKwW7TLhJl3mWQ==/com.nsdlpb.jiffy-ww_LvEoMfKIS1nP8Rye2Xg==/base.apk took:607ms
02-23 04:06:00.213 13689 13689 I 100     : Open /data/app/~~OxPw7XC-ppbwv68uIVeaBg==/com.google.android.gm-eBYDBpGZdjsMtEA2EvGSoA==/base.apk took:178ms
02-23 04:06:00.821  1472  2574 I 322     : com.nsdlpb.jiffy#396#3001
02-23 04:06:01.237 13689 13689 I 309     : package:com.google.android.gm took:1224 calssname:android.app.ActivityThread$H callback:null what:110
02-23 04:06:01.707 12370 12370 I 309     : package:com.oneplus.opwlb took:1220 calssname:android.app.ActivityThread$H callback:android.app.-$$Lambda$LoadedApk$ReceiverDispatcher$Args$_BumDX2UKsnxLVrE6UJsJZkotuA@598e50a what:0
02-23 04:06:02.339  2778  2778 I 309     : package:net.oneplus.launcher took:1613 calssname:android.app.ActivityThread$H callback:null what:114
02-23 04:06:03.190 13689 13689 I 309     : package:com.google.android.gm took:1953 calssname:android.app.ActivityThread$H callback:null what:113
02-23 04:06:03.665  1472  2658 I 106     : System spent 167.6ms processing the last key event: KeyEvent#4
02-23 04:06:07.438  4171  4171 I 309     : package:com.google.android.gms took:2111 calssname:android.app.ActivityThread$H callback:null what:121
02-23 04:06:07.739 13689 13689 I 309     : package:com.google.android.gm took:2182 calssname:android.app.job.JobServiceEngine$JobHandler callback:null what:2
02-23 04:06:09.820  4171  4171 I 309     : package:com.google.android.gms took:2019 calssname:android.app.ActivityThread$H callback:null what:114
02-23 04:06:15.458 14007 14007 I 100     : Open /data/app/~~6PlnOOX9VRcHcjuZ_VKLOw==/com.android.vending-EVB_iaCIvFCrw-1UEPEhHg==/base.apk took:70ms
02-23 04:06:17.325 14007 14007 I 309     : package:com.android.vending took:1959 calssname:android.app.ActivityThread$H callback:null what:110
02-23 04:06:17.635  3761  3761 I 309     : package:com.android.phone took:1267 calssname:android.app.ActivityThread$H callback:com.android.ims.-$$Lambda$FeatureConnector$1$Fr-H9dx1qByyvlwkxmZ3PK1oz7w@212278f what:0
02-23 04:06:18.293  1472  2574 I 322     : moe.haruue.wadb#251#772
02-23 04:06:20.861  2783 14192 I 111     :  OptJank - continuously drops frames:4
02-23 04:06:20.929  2783 14192 I 111     :  OptJank - continuously drops frames:4
02-23 04:06:24.421  4171  4171 I 309     : package:com.google.android.gms took:1309 calssname:android.app.ActivityThread$H callback:null what:121
02-23 04:06:27.354  4171  4171 I 309     : package:com.google.android.gms took:2933 calssname:android.app.ActivityThread$H callback:null what:114
02-23 04:06:27.916 14274 14274 I 309     : package:com.google.android.gsf took:4425 calssname:android.app.ActivityThread$H callback:null what:110
--------- beginning of system
02-23 04:06:29.853  1472  2548 W Looper  : Slow dispatch took 1174ms android.ui h=com.android.server.am.ActivityManagerService$UiHandler c=null m=31
02-23 04:06:29.862 14274 14274 I 309     : package:com.google.android.gsf took:1945 calssname:android.os.Handler callback:android.accounts.AccountManager$16@7139df9 what:0
02-23 04:06:30.104  1472  2548 W Looper  : Slow delivery took 1025ms android.ui h=com.android.server.am.ActivityManagerService$UiHandler c=null m=53
02-23 04:06:30.104  1472  2548 W Looper  : Slow dispatch took 251ms android.ui h=com.android.server.am.ActivityManagerService$UiHandler c=null m=53
02-23 04:06:30.176  2778  2778 I 309     : package:net.oneplus.launcher took:1773 calssname:android.app.ActivityThread$H callback:null what:114
02-23 04:06:30.363  1472  2646 V AlarmManager: Triggering alarm #0: 2 when =104146 package =android operation = null listenTag =WifiConnectivityManager Schedule Periodic Scan Timer flags =0x8
02-23 04:06:30.364  1472  2646 V AlarmManager: Triggering alarm #1: 3 when =104252 package =android operation = null listenTag =*job.delay* flags =0x0
02-23 04:06:30.406  1472  2548 W Looper  : Slow dispatch took 302ms android.ui h=com.android.server.am.ActivityManagerService$UiHandler c=null m=31
02-23 04:06:30.418  1472  4512 W ActivityManager: Unable to start service Intent { act=com.google.android.gms.lockbox.service.START pkg=com.google.android.gms } U=0: not found
02-23 04:06:30.419  1472  4512 W ActivityManager: Unbind failed: could not find connection for android.os.BinderProxy@e8e3a6d
02-23 04:06:30.498  1472  5373 W BluetoothManagerService: registerAdapter, callback: android.bluetooth.IBluetoothManagerCallback$Stub$Proxy@596d4b4
02-23 04:06:30.804  1472  2548 W Looper  : Drained
--------- beginning of main
02-23 04:06:31.002  5065  5065 W ThreadPoolForeg: type=1400 audit(0.0:299): avc: denied { write } for name="traced_producer" dev="tmpfs" ino=30715 scontext=u:r:gmscore_app:s0:c512,c768 tcontext=u:object_r:traced_producer_socket:s0 tclass=sock_file permissive=0 app=com.google.android.gms
02-23 04:06:31.018  1472  4773 I chatty  : uid=1000(system) Binder:1472_13 expire 136 lines
02-23 04:06:31.040  1472  5362 I chatty  : uid=1000(system) Binder:1472_16 expire 164 lines
02-23 04:06:31.066  1472 12113 I chatty  : uid=1000(system) Binder:1472_1A expire 9 lines
02-23 04:06:31.071  4171  4171 D WearableService: Creating wearable service asynchronously.
02-23 04:06:31.071  1472  3811 I chatty  : uid=1000(system) Binder:1472_D expire 328 lines
02-23 04:06:31.136  5065  5065 D BoundBrokerSvc: onBind: Intent { act=com.google.android.gms.facs.internal.service.START dat=chimera-action: cmp=com.google.android.gms/.chimera.GmsInternalApiService }
02-23 04:06:31.137  5065  5065 D BoundBrokerSvc: Loading bound service for intent: Intent { act=com.google.android.gms.facs.internal.service.START dat=chimera-action: cmp=com.google.android.gms/.chimera.GmsInternalApiService }
02-23 04:06:31.159  4171  4271 I Wear_Controller: Wearable module requires a companion app to be installed.
02-23 04:06:31.159  4171  4271 I WearableService: onCreate: Wearable Services not starting. Wear is not available on this device.
02-23 04:06:31.165  1472  2606 I chatty  : uid=1000(system) Binder:1472_4 expire 164 lines
02-23 04:06:31.193  1472  4771 I chatty  : uid=1000(system) Binder:1472_12 expire 328 lines
02-23 04:06:31.227  4171  4171 I PersonalSafety: Init [CONTEXT service_id=310 ]
02-23 04:06:31.235  4171 14450 I Nearby  : (REDACTED) is blocked device type %s, isAuto=%s, isIot=%s, isLatchsky=%s, isChinaWearable=%s, isTv=%s, isWearable=%s (supportWearOs=%s), isChromeOsDevice=%s (supportChromeOs=%s)
02-23 04:06:31.239  4171  4278 D BluetoothAdapter: isLeEnabled(): ON
02-23 04:06:31.240  1472 13789 I chatty  : uid=1000(system) Binder:1472_1C expire 4 lines
02-23 04:06:31.240  4171  4278 W Settings: Setting airplane_mode_on has moved from android.provider.Settings.System to android.provider.Settings.Global, returning read-only value.
02-23 04:06:31.242  4171  4278 I PersonalSafety: (REDACTED) Create settings: %b %b %b %b
02-23 04:06:31.255  1472  3811 I chatty  : uid=1000(system) Binder:1472_D expire 667 lines
02-23 04:06:31.268  4171 14455 E sqlite3_android: [IKR-38846] ONEPLUS_NAME_PARTS_MATCH SQLITE_OK
02-23 04:06:31.393  1472  2686 D ConnectivityService: NetReassign [no changes]
02-23 04:06:31.796  1472  2548 W Looper  : Slow dispatch took 422ms android.ui h=com.android.server.am.ActivityManagerService$UiHandler c=null m=31
02-23 04:06:31.856  1472  2686 D ConnectivityService: NetReassign [no changes]
02-23 04:06:32.282  1472  2548 W Looper  : Slow delivery took 416ms android.ui h=com.android.server.am.ActivityManagerService$UiHandler c=null m=53
02-23 04:06:32.282  1472  2548 W Looper  : Slow dispatch took 486ms android.ui h=com.android.server.am.ActivityManagerService$UiHandler c=null m=53
02-23 04:06:32.865  1472  2548 W Looper  : Drained
02-23 04:06:33.239  1472  2681 D ConnectivityService: requestNetwork for uid/pid:10135/4171 NetworkRequest [ TRACK_DEFAULT id=73, [ Capabilities: INTERNET&NOT_RESTRICTED&TRUSTED Uid: 10135 AdministratorUids: [] RequestorUid: 10135 RequestorPackageName: com.google.android.gms] ]
02-23 04:06:33.240  1472  2686 D ConnectivityService: NetReassign [73 : null → 100]
02-23 04:06:33.263  1472  2548 W Looper  : Slow dispatch took 192ms android.ui h=com.android.server.am.ActivityManagerService$UiHandler c=null m=31
02-23 04:06:33.746  1472  2548 W Looper  : Slow dispatch took 305ms android.ui h=com.android.server.am.ActivityManagerService$UiHandler c=null m=31
02-23 04:06:34.548  1472 14377 I ActivityTaskManager: START u0 {act=android.intent.action.MAIN cat=[android.intent.category.LAUNCHER] flg=0x10200000 cmp=com.nsdlpb.jiffy/.MainActivity bnds=[237,126][439,479]} from uid 10175 pid 2778
02-23 04:06:34.555  1472 14377 V ActivityTaskManager: checkAndUpdateLocalList list: [com.android.chrome, com.autonavi.minimap, com.shuqiyuedu823.google, com.snapchat.android, com.google.android.youtube, com.amazon.avod.thirdpartyclient, com.google.android.apps.maps, com.tencent.qqlive, com.youku.phone, com.qiyi.video, com.duowan.kiwi, tv.danmaku.bili, com.google.android.calendar, com.lingdian.activity, local.pivot.pingmeter, com.whatsapp, com.netflix.mediaclient] UpdateDay: 2
02-23 04:06:34.559  1472 14377 D ActivityTaskManager: Updating New task bounds Rect(0, 0 - 0, 0)
02-23 04:06:34.588  1472  2548 W Looper  : Slow dispatch took 131ms android.ui h=com.android.server.am.ActivityManagerService$UiHandler c=null m=31
02-23 04:06:34.641  1472  4775 I ActivityTaskManager: The Process com.nsdlpb.jiffy Already Exists in BG. So sending its PID: 2781
02-23 04:06:34.641  1472  4775 W ActivityTaskManager: Tried to set launchTime (0) < mLastActivityLaunchTime (72093)
02-23 04:06:34.645  1472  4775 E HwuiBoostFrontPackageListener: Exception : file not exits :/sys/module/houston/parameters/hwui_boost_enable
02-23 04:06:34.645  1472  4775 D OpColorDisplayService: frontPackageChanged: com.nsdlpb.jiffy
02-23 04:06:34.645  1472  4775 D OpColorDisplayService: lpackageName: net.oneplus.launcher
02-23 04:06:34.646  1472  4775 D OpProximityController: noteFrontPackageChanged pkg:com.nsdlpb.jiffy uid:10245 lpkg:net.oneplus.launcher luid:10175
02-23 04:06:34.646  1472  2577 I DisplayPowerController: useProximityForceSuspend = false
02-23 04:06:34.646  1472  2577 I RampAnimator: target:0.036336433 rate:0.2352941 mCurrentValue:0.036336433 mTargetValue:0.036336433
02-23 04:06:34.646  1472  4775 D OemSceneModeActivityStack: [scene] evaluateGameModes :  gameMsg.arg1=0 gameMsg.arg2=1
02-23 04:06:34.648  1472  4775 D OpQuickReply: setQuickReplyResumed focusedApp ActivityRecord{19174c4 u0 com.nsdlpb.jiffy/.MainActivity t147} pkgName com.nsdlpb.jiffy
02-23 04:06:34.651  1472  4775 E ActivityTaskManager: createRemoteAnimationTarget Task{7d27938 #1 visible=true type=home mode=fullscreen translucent=false I=net.oneplus.launcher/.Launcher U=0 StackId=1 sz=1} top most activity ActivityRecord{c5b37a7 u0 net.oneplus.launcher/.Launcher t143}
02-23 04:06:34.651  1472  4775 E ActivityTaskManager: createRemoteAnimationTarget Task{2038b66 #147 visible=true type=standard mode=fullscreen translucent=false A=10245:com.nsdlpb.jiffy.MainApplication U=0 StackId=147 sz=1} top most activity ActivityRecord{19174c4 u0 com.nsdlpb.jiffy/.MainActivity t147}
02-23 04:06:34.711  1472  1472 W Looper  : Slow dispatch took 14193ms main h=com.android.server.job.JobSchedulerService$JobHandler c=null m=4
02-23 04:06:34.711  1472  1472 I Telecom : CallsManager: onServiceStateChanged networkType: 0
02-23 04:06:34.711  1472  1472 I Telecom : CallsManager: onServiceStateChanged networkType: 0
02-23 04:06:34.715  1472  2646 V AlarmManager: Triggering alarm #0: 3 when =108599 package =android operation = null listenTag =*job.delay* flags =0x0
02-23 04:06:34.723  1472  1472 I Telecom : LocationDetector: onReceive() - The switch button is closed which for countrycode adding function.
02-23 04:06:34.815  2781  2781 W FlutterEngineCxnRegstry: Attempted to register plugin (com.pichillilorenzo.flutter_inappwebview_android.InAppWebViewFlutterPlugin@7148c94) but it was already registered with this FlutterEngine (io.flutter.embedding.engine.FlutterEngine@488f9fc).
02-23 04:06:34.815  2781  2781 W FlutterEngineCxnRegstry: Attempted to register plugin (com.dexterous.flutterlocalnotifications.FlutterLocalNotificationsPlugin@50d233d) but it was already registered with this FlutterEngine (io.flutter.embedding.engine.FlutterEngine@488f9fc).
02-23 04:06:34.815  2781  2781 W FlutterEngineCxnRegstry: Attempted to register plugin (H5.a@582c732) but it was already registered with this FlutterEngine (io.flutter.embedding.engine.FlutterEngine@488f9fc).
02-23 04:06:34.815  2781  2781 W FlutterEngineCxnRegstry: Attempted to register plugin (io.flutter.plugins.flutter_plugin_android_lifecycle.FlutterAndroidLifecyclePlugin@40c3c83) but it was already registered with this FlutterEngine (io.flutter.embedding.engine.FlutterEngine@488f9fc).
02-23 04:06:34.815  2781  2781 W FlutterEngineCxnRegstry: Attempted to register plugin (F5.e@3f7de00) but it was already registered with this FlutterEngine (io.flutter.embedding.engine.FlutterEngine@488f9fc).
02-23 04:06:34.815  2781  2781 W FlutterEngineCxnRegstry: Attempted to register plugin (com.baseflow.geolocator.a@a2db639) but it was already registered with this FlutterEngine (io.flutter.embedding.engine.FlutterEngine@488f9fc).
02-23 04:06:34.815  2781  2781 W FlutterEngineCxnRegstry: Attempted to register plugin (k6.i@c12247e) but it was already registered with this FlutterEngine (io.flutter.embedding.engine.FlutterEngine@488f9fc).
02-23 04:06:34.815  2781  2781 W FlutterEngineCxnRegstry: Attempted to register plugin (m8.c@24c1ddf) but it was already registered with this FlutterEngine (io.flutter.embedding.engine.FlutterEngine@488f9fc).
02-23 04:06:34.815  2781  2781 W FlutterEngineCxnRegstry: Attempted to register plugin (io.flutter.plugins.imagepicker.ImagePickerPlugin@4fcda2c) but it was already registered with this FlutterEngine (io.flutter.embedding.engine.FlutterEngine@488f9fc).
02-23 04:06:34.815  2781  2781 W FlutterEngineCxnRegstry: Attempted to register plugin (P2.a@42a7cf5) but it was already registered with this FlutterEngine (io.flutter.embedding.engine.FlutterEngine@488f9fc).
02-23 04:06:34.815  2781  2781 W FlutterEngineCxnRegstry: Attempted to register plugin (io.flutter.plugins.localauth.LocalAuthPlugin@2a80a8a) but it was already registered with this FlutterEngine (io.flutter.embedding.engine.FlutterEngine@488f9fc).
02-23 04:06:34.815  2781  2781 W FlutterEngineCxnRegstry: Attempted to register plugin (h6.P@57eb8fb) but it was already registered with this FlutterEngine (io.flutter.embedding.engine.FlutterEngine@488f9fc).
02-23 04:06:34.815  2781  2781 W FlutterEngineCxnRegstry: Attempted to register plugin (l8.h@736d18) but it was already registered with this FlutterEngine (io.flutter.embedding.engine.FlutterEngine@488f9fc).
02-23 04:06:34.815  2781  2781 W FlutterEngineCxnRegstry: Attempted to register plugin (f6.a@4f2f371) but it was already registered with this FlutterEngine (io.flutter.embedding.engine.FlutterEngine@488f9fc).
02-23 04:06:34.815  2781  2781 W FlutterEngineCxnRegstry: Attempted to register plugin (io.flutter.plugins.pathprovider.PathProviderPlugin@c044556) but it was already registered with this FlutterEngine (io.flutter.embedding.engine.FlutterEngine@488f9fc).
02-23 04:06:34.815  2781  2781 W FlutterEngineCxnRegstry: Attempted to register plugin (K2.m@175e9d7) but it was already registered with this FlutterEngine (io.flutter.embedding.engine.FlutterEngine@488f9fc).
02-23 04:06:34.815  2781  2781 W FlutterEngineCxnRegstry: Attempted to register plugin (o5.a@fbe42c4) but it was already registered with this FlutterEngine (io.flutter.embedding.engine.FlutterEngine@488f9fc).
02-23 04:06:34.815  2781  2781 W FlutterEngineCxnRegstry: Attempted to register plugin (g6.e@3f255ad) but it was already registered with this FlutterEngine (io.flutter.embedding.engine.FlutterEngine@488f9fc).
02-23 04:06:34.815  2781  2781 W FlutterEngineCxnRegstry: Attempted to register plugin (io.flutter.plugins.sharedpreferences.SharedPreferencesPlugin@51760e2) but it was already registered with this FlutterEngine (io.flutter.embedding.engine.FlutterEngine@488f9fc).
02-23 04:06:34.815  2781  2781 W FlutterEngineCxnRegstry: Attempted to register plugin (P5.a@b454c73) but it was already registered with this FlutterEngine (io.flutter.embedding.engine.FlutterEngine@488f9fc).
02-23 04:06:34.815  2781  2781 W FlutterEngineCxnRegstry: Attempted to register plugin (com.netcore.smartech_base.SmartechBasePlugin@dbec730) but it was already registered with this FlutterEngine (io.flutter.embedding.engine.FlutterEngine@488f9fc).
02-23 04:06:34.815  2781  2781 W FlutterEngineCxnRegstry: Attempted to register plugin (com.netcore.smartech_push.SmartechPushPlugin@a0b9fa9) but it was already registered with this FlutterEngine (io.flutter.embedding.engine.FlutterEngine@488f9fc).
02-23 04:06:34.815  2781  2781 W FlutterEngineCxnRegstry: Attempted to register plugin (G5.b@74ea92e) but it was already registered with this FlutterEngine (io.flutter.embedding.engine.FlutterEngine@488f9fc).
02-23 04:06:34.815  2781  2781 W FlutterEngineCxnRegstry: Attempted to register plugin (T5.B@b9e3ccf) but it was already registered with this FlutterEngine (io.flutter.embedding.engine.FlutterEngine@488f9fc).
02-23 04:06:34.815  2781  2781 W FlutterEngineCxnRegstry: Attempted to register plugin (M2.a@1265c) but it was already registered with this FlutterEngine (io.flutter.embedding.engine.FlutterEngine@488f9fc).
02-23 04:06:34.815  2781  2781 W FlutterEngineCxnRegstry: Attempted to register plugin (S5.e@1558d65) but it was already registered with this FlutterEngine (io.flutter.embedding.engine.FlutterEngine@488f9fc).
02-23 04:06:34.815  2781  2781 W FlutterEngineCxnRegstry: Attempted to register plugin (io.flutter.plugins.urllauncher.UrlLauncherPlugin@3a02a3a) but it was already registered with this FlutterEngine (io.flutter.embedding.engine.FlutterEngine@488f9fc).
02-23 04:06:34.815  2781  2781 W FlutterEngineCxnRegstry: Attempted to register plugin (L2.e@aebd6eb) but it was already registered with this FlutterEngine (io.flutter.embedding.engine.FlutterEngine@488f9fc).
02-23 04:06:34.815  2781  2781 W FlutterEngineCxnRegstry: Attempted to register plugin (io.flutter.plugins.webviewflutter.WebViewFlutterPlugin@6a84c48) but it was already registered with this FlutterEngine (io.flutter.embedding.engine.FlutterEngine@488f9fc).
02-23 04:06:34.815  1320  1570 D APM_AudioPolicyManager: stopOutput() output 13, stream 1, session 49, portId 31
02-23 04:06:34.815  1472 13789 I chatty  : uid=1000(system) Binder:1472_1C expire 1 line
02-23 04:06:34.816  1472  2681 I chatty  : uid=1000(system) Binder:1472_9 expire 88 lines
02-23 04:06:34.816  1320  1570 D APM_AudioPolicyManager: setOutputDevices device AUDIO_DEVICE_NONE delayMs 96 force 0
02-23 04:06:34.816  1320  1570 D APM_AudioPolicyManager: setOutputDevices() prevDevice {type:0x2,@:}
02-23 04:06:34.816  2778  6425 D WM-GreedyScheduler: Starting tracking for [ed3c4763-2ff6-4c87-9d76-0a726343f995]
02-23 04:06:34.817  1320  1570 D APM_AudioPolicyManager: setOutputDevices setting same device AUDIO_DEVICE_NONE or null device, force=0, patch handle=4
02-23 04:06:34.818  2778  6425 D WM-ConstraintTracker: NetworkStateTracker: initial state = [ Connected=true Validated=true Metered=false NotRoaming=true ]
02-23 04:06:34.818  2778  6425 D WM-NetworkStateTracker: Registering network callback
02-23 04:06:34.819  1472  2606 D ConnectivityService: requestNetwork for uid/pid:10175/2778 NetworkRequest [ TRACK_DEFAULT id=74, [ Capabilities: INTERNET&NOT_RESTRICTED&TRUSTED Uid: 10175 AdministratorUids: [] RequestorUid: 10175 RequestorPackageName: net.oneplus.launcher] ]
02-23 04:06:34.819  1472  2686 D ConnectivityService: NetReassign [74 : null → 100]
02-23 04:06:34.819  2778  6425 D WM-WorkConstraintsTrack: Constraints met for ed3c4763-2ff6-4c87-9d76-0a726343f995
02-23 04:06:34.819  2778  6425 D WM-GreedyScheduler: Constraints met: Scheduling work ID ed3c4763-2ff6-4c87-9d76-0a726343f995
02-23 04:06:34.819  1472  2673 I chatty  : uid=1000(system) WifiHandlerThre expire 2 lines
02-23 04:06:34.819  1472  2727 I chatty  : uid=1000(system) EthernetService expire 1 line
02-23 04:06:34.820  3761  3761 D PhoneSwitcherNetworkRequstListener: got request NetworkRequest [ TRACK_DEFAULT id=74, [ Capabilities: INTERNET&NOT_RESTRICTED&TRUSTED Uid: 10175 AdministratorUids: [] RequestorUid: 10175 RequestorPackageName: net.oneplus.launcher] ] with score 100 and providerId 5
02-23 04:06:34.820  3761  3761 D PhoneSwitcherNetworkRequstListener: needNetworkFor NetworkRequest [ TRACK_DEFAULT id=74, [ Capabilities: INTERNET&NOT_RESTRICTED&TRUSTED Uid: 10175 AdministratorUids: [] RequestorUid: 10175 RequestorPackageName: net.oneplus.launcher] ], 100
02-23 04:06:34.820  2778  6305 D WM-NetworkStateTracker: Network capabilities changed: [ Transports: WIFI Capabilities: NOT_METERED&INTERNET&NOT_RESTRICTED&TRUSTED&NOT_VPN&VALIDATED&NOT_ROAMING&FOREGROUND&NOT_CONGESTED&NOT_SUSPENDED LinkUpBandwidth>=672000Kbps LinkDnBandwidth>=672000Kbps SignalStrength: -23 AdministratorUids: [] RequestorUid: -1 RequestorPackageName: null]
02-23 04:06:34.820  2778  6425 D WM-Processor: Processor: processing ed3c4763-2ff6-4c87-9d76-0a726343f995
02-23 04:06:34.823  1472  2681 I chatty  : uid=1000(system) Binder:1472_9 expire 76 lines
02-23 04:06:34.829  1472  5362 I chatty  : uid=1000(system) Binder:1472_16 expire 164 lines
02-23 04:06:34.838 14221 14478 W adbd    : timed out while waiting for FUNCTIONFS_BIND, trying again
02-23 04:06:34.838 14221 14478 I adbd    : UsbFfs: connection terminated: monitor thread finished
02-23 04:06:34.838 14221 14221 I adbd    : UsbFfs: already offline
02-23 04:06:34.838 14221 14221 I adbd    : destroying transport UsbFfs
02-23 04:06:34.838 14221 14221 I adbd    : UsbFfsConnection being destroyed
02-23 04:06:34.840  1472  2550 D OpRestartProcessManager: updateSelf :  com.nsdlpb.jiffy, size : 1
02-23 04:06:34.840  1472  3450 I chatty  : uid=1000(system) Binder:1472_C expire 949 lines
02-23 04:06:34.842  5065 13996 W ConsentManagerApiServic: Consent Manager API is not enabled. [CONTEXT service_id=460 ]
02-23 04:06:34.844  1173  1230 D audio_hw_primary: out_set_parameters: enter: usecase(1: low-latency-playback) kvpairs: suspend_playback=true
02-23 04:06:34.844  1173  1230 D audio_hw_extn: audio_extn_fm_set_parameters: Enter
02-23 04:06:34.864  2778  2778 D WM-WorkerWrapper: Starting work for net.oneplus.launcher.util.WeatherWorkManager
02-23 04:06:34.864  2778 14506 D WeatherWorkManager: doWork: isFromTestWhether = false, runAtAttemps = 0
02-23 04:06:34.865  2778 14506 D WeatherProvider: queryWeatherInformation() called
02-23 04:06:34.869  1472  2547 W Looper  : Drained
02-23 04:06:34.869  1472  2547 W Looper  : Slow dispatch took 8392ms android.fg h=com.android.server.AppStateTracker$MyHandler c=null m=0
02-23 04:06:34.869  1472  2547 W Looper  : Slow delivery took 8125ms android.fg h=android.os.Handler c=com.android.server.location.-$$Lambda$AppForegroundHelper$7asxY_maANt1D_AUTchqbCjktH0@f183902 m=0
02-23 04:06:34.872 14221 14225 I adbd    : opening control endpoint /dev/usb-ffs/adb/ep0
02-23 04:06:34.873 14221 14225 I adbd    : UsbFfsConnection constructed
02-23 04:06:34.875 14221 14508 I adbd    : UsbFfs-monitor thread spawned
02-23 04:06:34.912 12713 12745 E OPWeather@WeatherDataSharedProvider: query() -> no located city, fallback to use first city in database
02-23 04:06:34.912 12713 12745 W OPWeather@WeatherDataSharedProvider: query() -> no city added in database
02-23 04:06:34.913  1472  3155 I chatty  : uid=1000(system) AppUsage expire 1 line
02-23 04:06:34.914  1472  2671 I chatty  : uid=1000(system) tworkPolicy.uid expire 16 lines
02-23 04:06:34.916  1472  2502 I chatty  : uid=1000(system) Binder:1472_2 expire 343 lines
02-23 04:06:34.916  2778  2778 D StateManager: onAnimationEnd# set currentAnim to empty.
02-23 04:06:34.916  2778  2778 D QuickstepTransition: resetContentView set DragLayer alpha 1
02-23 04:06:34.916  2778  2778 D BaseActivity: clearForceInvisibleFlag add flag = 2, currentFlag = 0
02-23 04:06:34.916  2778  2778 D BaseActivity: Showing call stack: 
02-23 04:06:34.916  2778  2778 D BaseActivity:     [BaseActivity] QuickstepAppTransitionManagerImpl.java, onAnimationEnd, line: 164
02-23 04:06:34.920  3105  3105 D LiveWallpaper.VideoEngine: onVisibilityChanged# false true false
02-23 04:06:34.920  3105  3105 D LiveWallpaper.VideoEngine: onVisibilityChanged# mUserManager.isUserUnlocked()=true mNotReadyPlay=false mMediaPlayer=null
02-23 04:06:34.948  1472  5362 I chatty  : uid=1000(system) Binder:1472_16 expire 171 lines
02-23 04:06:34.963  1472  2849 I chatty  : uid=1000(system) SyncManager expire 379 lines
02-23 04:06:34.968  1472  5362 I chatty  : uid=1000(system) Binder:1472_16 expire 23 lines
02-23 04:06:34.968  4171 14398 I SemanticLocation: [MDD] Loading embedded CSL model. [CONTEXT service_id=173 ]
02-23 04:06:34.974  4171 14398 I SemanticLocation: (REDACTED) [MDD] ModelBundleMetadata: File not found: %s
02-23 04:06:34.975  4171 14398 I SemanticLocation: (REDACTED) [MDD] ModelBundleMetadata: File not found: %s
02-23 04:06:34.993  1472  2849 I chatty  : uid=1000(system) SyncManager expire 296 lines
02-23 04:06:35.014  1472  2548 W Looper  : Slow dispatch took 102ms android.ui h=com.android.server.am.ActivityManagerService$UiHandler c=null m=31
02-23 04:06:35.014  1472  2606 I chatty  : uid=1000(system) Binder:1472_4 expire 5 lines
02-23 04:06:35.014  1472  2550 I chatty  : uid=1000(system) android.display expire 1 line
02-23 04:06:35.017  2781 13504 I e       : isMoreEventsPresentForProcessing()
02-23 04:06:35.017  2781 13466 D SessionLifecycleClient: Sending lifecycle 1 to service
02-23 04:06:35.017  2781 13504 I e       : Event count is 0
02-23 04:06:35.017  1472  2502 I chatty  : uid=1000(system) Binder:1472_2 expire 675 lines
02-23 04:06:35.017  2781 13504 I a       : Events in DB: false tracking status: true
02-23 04:06:35.018  2781 13602 D SessionLifecycleService: Activity foregrounding at 108905.
02-23 04:06:35.021  2781 13626 W Settings: Setting development_settings_enabled has moved from android.provider.Settings.Secure to android.provider.Settings.Global.
02-23 04:06:35.022  2781 13770 W Settings: Setting development_settings_enabled has moved from android.provider.Settings.Secure to android.provider.Settings.Global.
02-23 04:06:35.023  2781 13783 W Settings: Setting development_settings_enabled has moved from android.provider.Settings.Secure to android.provider.Settings.Global.
02-23 04:06:35.023  2781 13576 W Settings: Setting development_settings_enabled has moved from android.provider.Settings.Secure to android.provider.Settings.Global.
02-23 04:06:35.029  2781 13633 W Settings: Setting development_settings_enabled has moved from android.provider.Settings.Secure to android.provider.Settings.Global.
02-23 04:06:35.041  1177  4072 I vendor.qti.bluetooth@1.0-ibs_handler: ProcessIbsCmd: Received IBS_WAKE_IND: 0xFD
02-23 04:06:35.041  1177  4072 D vendor.qti.bluetooth@1.0-ibs_handler: SerialClockVote: vote for UART CLK ON
02-23 04:06:35.041  1177  4072 D vendor.qti.bluetooth@1.0-wake_lock: Acquire wakelock is acquired 
02-23 04:06:35.041  1177  4072 I vendor.qti.bluetooth@1.0-ibs_handler: ProcessIbsCmd: Writing IBS_WAKE_ACK
02-23 04:06:35.042  2875  4074 V bt_stack: [VERBOSE1:btm_inq.cc(1019)] BTM_InqDbRead: bd addr 4e:94:82:67:a5:aa
02-23 04:06:35.082  1177  4072 I vendor.qti.bluetooth@1.0-ibs_handler: ProcessIbsCmd: Received IBS_SLEEP_IND: 0xFE
02-23 04:06:35.082  1177  4072 D vendor.qti.bluetooth@1.0-ibs_handler: SerialClockVote: vote for UART CLK OFF
02-23 04:06:35.105  1472  5362 I chatty  : uid=1000(system) Binder:1472_16 expire 187 lines
02-23 04:06:35.112  1177  4072 I vendor.qti.bluetooth@1.0-ibs_handler: ProcessIbsCmd: Received IBS_WAKE_IND: 0xFD
02-23 04:06:35.112  1177  4072 D vendor.qti.bluetooth@1.0-ibs_handler: SerialClockVote: vote for UART CLK ON
02-23 04:06:35.112  1177  4072 I vendor.qti.bluetooth@1.0-ibs_handler: ProcessIbsCmd: Writing IBS_WAKE_ACK
02-23 04:06:35.113  2875  4074 V bt_stack: [VERBOSE1:btm_inq.cc(1019)] BTM_InqDbRead: bd addr 4e:94:82:67:a5:aa
02-23 04:06:35.153  1177  4072 I vendor.qti.bluetooth@1.0-ibs_handler: ProcessIbsCmd: Received IBS_SLEEP_IND: 0xFE
02-23 04:06:35.153  1177  4072 D vendor.qti.bluetooth@1.0-ibs_handler: SerialClockVote: vote for UART CLK OFF
02-23 04:06:35.174  1472  2548 W Looper  : Slow dispatch took 160ms android.ui h=com.android.server.am.ActivityManagerService$UiHandler c=null m=53
02-23 04:06:35.175  1472  4775 I chatty  : uid=1000(system) Binder:1472_15 expire 83 lines
02-23 04:06:35.177  2781 13490 E sqlite3_android: [IKR-38846] ONEPLUS_NAME_PARTS_MATCH SQLITE_OK
02-23 04:06:35.180  2781 13767 I LSPosed-Bridge: ShekharPAIBypass: [DEFENCE] Intercepted getPackageInfo for org.lsposed.manager
02-23 04:06:35.184  4171  4255 W GoogleApiManager: Not showing notification since connectionResult is not user-facing: ConnectionResult{statusCode=API_DISABLED, resolution=null, message=null, clientMethodKey=null}
02-23 04:06:35.185  4171  4171 W UsageReportingInitH: Failed to submit consent to ConsentManager. [CONTEXT service_id=41 ]
02-23 04:06:35.185  4171  4171 W UsageReportingInitH: bbcw: 17: API: ConsentManager.API is not available on this device. Connection failed with: ConnectionResult{statusCode=API_DISABLED, resolution=null, message=null, clientMethodKey=null}
02-23 04:06:35.185  4171  4171 W UsageReportingInitH: 	at bcam.a(:com.google.android.gms@260534022@26.05.34 (150400-869443408):15)
02-23 04:06:35.185  4171  4171 W UsageReportingInitH: 	at bbes.a(:com.google.android.gms@260534022@26.05.34 (150400-869443408):1)
02-23 04:06:35.185  4171  4171 W UsageReportingInitH: 	at bbep.c(:com.google.android.gms@260534022@26.05.34 (150400-869443408):5)
02-23 04:06:35.185  4171  4171 W UsageReportingInitH: 	at bbhe.q(:com.google.android.gms@260534022@26.05.34 (150400-869443408):48)
02-23 04:06:35.185  4171  4171 W UsageReportingInitH: 	at bbhe.d(:com.google.android.gms@260534022@26.05.34 (150400-869443408):10)
02-23 04:06:35.185  4171  4171 W UsageReportingInitH: 	at bbhe.g(:com.google.android.gms@260534022@26.05.34 (150400-869443408):191)
02-23 04:06:35.185  4171  4171 W UsageReportingInitH: 	at bbhe.onConnectionFailed(:com.google.android.gms@260534022@26.05.34 (150400-869443408):2)
02-23 04:06:35.185  4171  4171 W UsageReportingInitH: 	at bcbw.hT(:com.google.android.gms@260534022@26.05.34 (150400-869443408):3)
02-23 04:06:35.185  4171  4171 W UsageReportingInitH: 	at bcay.a(:com.google.android.gms@260534022@26.05.34 (150400-869443408):7)
02-23 04:06:35.185  4171  4171 W UsageReportingInitH: 	at bcap.c(:com.google.android.gms@260534022@26.05.34 (150400-869443408):77)
02-23 04:06:35.185  4171  4171 W UsageReportingInitH: 	at bcas.handleMessage(:com.google.android.gms@260534022@26.05.34 (150400-869443408):264)
02-23 04:06:35.185  4171  4171 W UsageReportingInitH: 	at android.os.Handler.dispatchMessage(Handler.java:106)
02-23 04:06:35.185  4171  4171 W UsageReportingInitH: 	at cotd.mb(:com.google.android.gms@260534022@26.05.34 (150400-869443408):1)
02-23 04:06:35.185  4171  4171 W UsageReportingInitH: 	at cotd.dispatchMessage(:com.google.android.gms@260534022@26.05.34 (150400-869443408):140)
02-23 04:06:35.185  4171  4171 W UsageReportingInitH: 	at android.os.Looper.loop(Looper.java:233)
02-23 04:06:35.185  4171  4171 W UsageReportingInitH: 	at android.os.HandlerThread.run(HandlerThread.java:67)
02-23 04:06:35.189  1472 14377 I chatty  : uid=1000(system) Binder:1472_1E expire 5 lines
02-23 04:06:35.192  1472  4775 I chatty  : uid=1000(system) Binder:1472_15 expire 81 lines
02-23 04:06:35.192  1472  5362 I chatty  : uid=1000(system) Binder:1472_16 expire 25 lines
02-23 04:06:35.194  4171  6213 I MagicTether: (REDACTED) [TidepoolFeatureStatusManager] isInstantHotspotEnabled=%s
02-23 04:06:35.194  1472  5362 I ActivityTaskManager: START u0 {cmp=com.tsng.hidemyapplist/.MainActivityLauncher} from uid 10245 pid 2781
02-23 04:06:35.194  1472  2678 I chatty  : uid=1000(system) Binder:1472_6 expire 10 lines
02-23 04:06:35.198  4171  6213 I MagicTether: (REDACTED) [LaunchUtils] Instant Wifi for status account: name: %s | type: %s | isLaunched: %s
02-23 04:06:35.198  4171  6213 I MagicTether: (REDACTED) [TidepoolFeatureStatusManager] isInstantWifiEnabled=%s
02-23 04:06:35.198  4171  6213 I MagicTether: [TetherService] Stopping Nearby component. [CONTEXT service_id=276 ]
02-23 04:06:35.200  4171  6213 I MagicTether: (REDACTED) [LaunchUtils] Instant Wifi for status account: name: %s | type: %s | isLaunched: %s
02-23 04:06:35.200  4171  6213 I MagicTether: (REDACTED) [TidepoolFeatureStatusManager] isInstantHotspotEnabled=%s
02-23 04:06:35.201  4171  6213 I MagicTether: (REDACTED) [TidepoolFeatureStatusManager] isInstantWifiEnabled=%s
02-23 04:06:35.201  4171  6213 I MagicTether: (REDACTED) [TetherService] startNearbyHostRole: start: %s isInstantHotspotEnabled: %s isInstantWifiEnabled: %s
02-23 04:06:35.201  4171  6213 I MagicTether: [HostTetherRole] Nearby host role already stopped [CONTEXT service_id=276 ]
02-23 04:06:35.205  4171  6213 I MagicTether: (REDACTED) [LaunchUtils] Instant Wifi for status account: name: %s | type: %s | isLaunched: %s
02-23 04:06:35.206  4171  6213 I MagicTether: (REDACTED) [TidepoolFeatureStatusManager] isInstantHotspotEnabled=%s
02-23 04:06:35.206  4171  6213 I MagicTether: (REDACTED) [TidepoolFeatureStatusManager] isInstantWifiEnabled=%s
02-23 04:06:35.206  4171  6213 I MagicTether: (REDACTED) [TetherService] startNearbyClientRole: start: %s isInstantHotspotEnabled: %s isInstantWifiEnabled: %s
02-23 04:06:35.206  4171  6213 I MagicTether: [TetherService] Stopping Nearby client role [CONTEXT service_id=276 ]
02-23 04:06:35.206  4171  6213 I MagicTether: [ClientTetherRole] Client role already stopped [CONTEXT service_id=276 ]
02-23 04:06:35.206  1472  2678 I ActivityTaskManager: START u0 {cmp=io.github.vvb2060.magisk/com.topjohnwu.magisk.ui.MainActivity} from uid 10245 pid 2781
02-23 04:06:35.209  1472  5362 I ActivityTaskManager: START u0 {cmp=com.rifsxd.ksunext/.ui.MainActivity} from uid 10245 pid 2781
02-23 04:06:35.210  1472  5362 I ActivityTaskManager: START u0 {cmp=org.lsposed.manager/.ui.activity.MainActivity} from uid 10245 pid 2781
02-23 04:06:35.210  1472  4773 I chatty  : uid=1000(system) Binder:1472_13 expire 10 lines
02-23 04:06:35.212  1472  2497 I chatty  : uid=1000(system) FinalizerDaemon expire 4 lines
02-23 04:06:35.213  1472  5363 W ActivityManager: Receiver with filter android.content.IntentFilter@1da937f already registered for pid 2781, callerPackage is com.nsdlpb.jiffy
02-23 04:06:35.214  1472  2671 I chatty  : uid=1000(system) tworkPolicy.uid expire 5 lines
02-23 04:06:35.214  2781 13504 V NetworkUtil: network is not null
02-23 04:06:35.215  1472  4771 I chatty  : uid=1000(system) Binder:1472_12 expire 262 lines
02-23 04:06:35.216  2778 14506 D WeatherProvider: queryWeatherInformation() called after cursor
02-23 04:06:35.216  2778 14506 D WeatherProvider: processWeatherInformation() called with: cursor = [android.content.ContentResolver$CursorWrapperInner@b739ef9]
02-23 04:06:35.216  2778 14506 E WeatherProvider: processWeatherInformation - cannot move the cursor point to the first row, is the cursor empty?
02-23 04:06:35.218  1472  5362 I ActivityTaskManager: START u0 {cmp=com.topjohnwu.magisk/.ui.MainActivity} from uid 10245 pid 2781
02-23 04:06:35.219  2781 13504 I a       : scheduling next batch process in 10000 milli seconds and thread name is pool-13-thread-1
02-23 04:06:35.220  1472  2605 I chatty  : uid=1000(system) Binder:1472_3 expire 15 lines
02-23 04:06:35.220  1472  2605 I ActivityTaskManager: START u0 {cmp=io.github.huskydg.magisk/com.topjohnwu.magisk.ui.MainActivity} from uid 10245 pid 2781
02-23 04:06:35.222  1472  2547 W Looper  : Slow dispatch took 205ms android.fg h=android.os.Handler c=<recycled PooledLambda@79afb95> m=0
02-23 04:06:35.222  1472  2605 I ActivityTaskManager: START u0 {cmp=me.weishu.kernelsu/.ui.MainActivity} from uid 10245 pid 2781
02-23 04:06:35.223  1472  5362 I ActivityTaskManager: START u0 {cmp=me.bmax.apatch/.ui.MainActivity} from uid 10245 pid 2781
02-23 04:06:35.225  1472  2605 I ActivityTaskManager: START u0 {cmp=com.sukisu.ultra/.ui.MainActivity} from uid 10245 pid 2781
02-23 04:06:35.237  1472  4771 I chatty  : uid=1000(system) Binder:1472_12 expire 577 lines
02-23 04:06:35.262  4171  6213 W DynamiteModule: Local module descriptor class for com.google.android.gms.tflite_dynamite not found.
02-23 04:06:35.262  4171  6213 I DynamiteModule: Considering local module com.google.android.gms.tflite_dynamite:0 and remote module com.google.android.gms.tflite_dynamite:252130102
02-23 04:06:35.262  4171  6213 I DynamiteModule: Selected remote version of com.google.android.gms.tflite_dynamite, version >= 252130102
02-23 04:06:35.300  1472 14377 I chatty  : uid=1000(system) Binder:1472_1E expire 164 lines
02-23 04:06:35.303  1177  3897 D vendor.qti.bluetooth@1.0-wake_lock: Release wakelock is released 
02-23 04:06:35.311  4171  6213 W System  : ClassLoader referenced unknown path: 
02-23 04:06:35.315  1472 13790 I chatty  : uid=1000(system) Binder:1472_1D expire 164 lines
02-23 04:06:35.316  1472 14377 W BluetoothManagerService: registerAdapter, callback: android.bluetooth.IBluetoothManagerCallback$Stub$Proxy@2c18987
02-23 04:06:35.317  5065  5340 D BluetoothAdapter: java.lang.Throwable
02-23 04:06:35.317  5065  5340 D BluetoothAdapter: 	at android.bluetooth.BluetoothAdapter.<init>(BluetoothAdapter.java:762)
02-23 04:06:35.317  5065  5340 D BluetoothAdapter: 	at android.bluetooth.BluetoothManager.<init>(BluetoothManager.java:76)
02-23 04:06:35.317  5065  5340 D BluetoothAdapter: 	at android.app.SystemServiceRegistry$10.createService(SystemServiceRegistry.java:325)
02-23 04:06:35.317  5065  5340 D BluetoothAdapter: 	at android.app.SystemServiceRegistry$10.createService(SystemServiceRegistry.java:322)
02-23 04:06:35.317  5065  5340 D BluetoothAdapter: 	at android.app.SystemServiceRegistry$CachedServiceFetcher.getService(SystemServiceRegistry.java:1722)
02-23 04:06:35.317  5065  5340 D BluetoothAdapter: 	at android.app.SystemServiceRegistry.getSystemService(SystemServiceRegistry.java:1402)
02-23 04:06:35.317  5065  5340 D BluetoothAdapter: 	at android.app.ContextImpl.getSystemService(ContextImpl.java:1956)
02-23 04:06:35.317  5065  5340 D BluetoothAdapter: 	at android.content.ContextWrapper.getSystemService(ContextWrapper.java:803)
02-23 04:06:35.317  5065  5340 D BluetoothAdapter: 	at android.content.ContextWrapper.getSystemService(ContextWrapper.java:803)
02-23 04:06:35.317  5065  5340 D BluetoothAdapter: 	at com.google.android.chimera.ContextThemeWrapper.getSystemService(:com.google.android.gms@260534022@26.05.34 (150400-869443408):30)
02-23 04:06:35.317  5065  5340 D BluetoothAdapter: 	at com.google.android.chimera.ModuleContext.getSystemService(:com.google.android.gms@260534022@26.05.34 (150400-869443408):94)
02-23 04:06:35.317  5065  5340 D BluetoothAdapter: 	at android.content.ContextWrapper.getSystemService(ContextWrapper.java:803)
02-23 04:06:35.317  5065  5340 D BluetoothAdapter: 	at bbsd.a(:com.google.android.gms@260534022@26.05.34 (150400-869443408):10)
02-23 04:06:35.317  5065  5340 D BluetoothAdapter: 	at bqaj.b(:com.google.android.gms@260534022@26.05.34 (150400-869443408):5)
02-23 04:06:35.317  5065  5340 D BluetoothAdapter: 	at bqaj.a(:com.google.android.gms@260534022@26.05.34 (150400-869443408):1)
02-23 04:06:35.317  5065  5340 D BluetoothAdapter: 	at eyqn.a(:com.google.android.gms@260534022@26.05.34 (150400-869443408):3)
02-23 04:06:35.317  5065  5340 D BluetoothAdapter: 	at hgcs.d(:com.google.android.gms@260534022@26.05.34 (150400-869443408):10)
02-23 04:06:35.317  5065  5340 D BluetoothAdapter: 	at hgcs.a(:com.google.android.gms@260534022@26.05.34 (150400-869443408):7)
02-23 04:06:35.317  5065  5340 D BluetoothAdapter: 	at eysd.a(:com.google.android.gms@260534022@26.05.34 (150400-869443408):3)
02-23 04:06:35.317  5065  5340 D BluetoothAdapter: 	at hgcs.d(:com.google.android.gms@260534022@26.05.34 (150400-869443408):10)
02-23 04:06:35.317  5065  5340 D BluetoothAdapter: 	at hgcs.a(:com.google.android.gms@260534022@26.05.34 (150400-869443408):7)
02-23 04:06:35.317  5065  5340 D BluetoothAdapter: 	at eyso.b(:com.google.android.gms@260534022@26.05.34 (150400-869443408):11)
02-23 04:06:35.317  5065  5340 D BluetoothAdapter: 	at bpun.a(:com.google.android.gms@260534022@26.05.34 (150400-869443408):143)
02-23 04:06:35.317  5065  5340 D BluetoothAdapter: 	at brac.f(:com.google.android.gms@260534022@26.05.34 (150400-869443408):10)
02-23 04:06:35.317  5065  5340 D BluetoothAdapter: 	at cnnj.fy(:com.google.android.gms@260534022@26.05.34 (150400-869443408):1)
02-23 04:06:35.317  5065  5340 D BluetoothAdapter: 	at cnnn.run(:com.google.android.gms@260534022@26.05.34 (150400-869443408):118)
02-23 04:06:35.317  5065  5340 D BluetoothAdapter: 	at flcq.run(:com.google.android.gms@260534022@26.05.34 (150400-869443408):19)
02-23 04:06:35.317  5065  5340 D BluetoothAdapter: 	at bcwo.c(:com.google.android.gms@260534022@26.05.34 (150400-869443408):50)
02-23 04:06:35.317  5065  5340 D BluetoothAdapter: 	at bcwo.run(:com.google.android.gms@260534022@26.05.34 (150400-869443408):73)
02-23 04:06:35.317  5065  5340 D BluetoothAdapter: 	at java.util.concurrent.ThreadPoolExecutor.runWorker(ThreadPoolExecutor.java:1167)
02-23 04:06:35.317  5065  5340 D BluetoothAdapter: 	at java.util.concurrent.ThreadPoolExecutor$Worker.run(ThreadPoolExecutor.java:641)
02-23 04:06:35.317  5065  5340 D BluetoothAdapter: 	at bdcf.run(:com.google.android.gms@260534022@26.05.34 (150400-869443408):8)
02-23 04:06:35.317  5065  5340 D BluetoothAdapter: 	at java.lang.Thread.run(Thread.java:923)
02-23 04:06:35.318  4171  6213 W ProviderHelper: Unknown dynamite feature providerinstaller.dynamite
