02-23 03:30:14.959 19703 19703 I adbd    : UsbFfsConnection being destroyed
02-23 03:30:16.167 19703 19707 I adbd    : opening control endpoint /dev/usb-ffs/adb/ep0
02-23 03:30:16.169 19703 19707 I adbd    : UsbFfsConnection constructed
02-23 03:30:16.169  1228  1247 I android.hardware.thermal@2.0-service.qti: uevent triggered for sensor: pm8005_tz
02-23 03:30:16.170  1228  1247 I android.hardware.thermal@2.0-service.qti: uevent triggered for sensor: pm8005_tz
02-23 03:30:16.170 19703 11410 I adbd    : UsbFfs-monitor thread spawned
02-23 03:30:16.170  1228  1247 I android.hardware.thermal@2.0-service.qti: uevent triggered for sensor: pm8005_tz
02-23 03:30:16.172  1228  1247 I android.hardware.thermal@2.0-service.qti: uevent triggered for sensor: pa1-therml-adc
02-23 03:30:17.494  1228  1247 I android.hardware.thermal@2.0-service.qti: uevent triggered for sensor: pm8005_tz
02-23 03:30:17.494  1228  1247 I chatty  : uid=0(root) thermal@2.0-ser identical 2 lines
02-23 03:30:17.495  1228  1247 I android.hardware.thermal@2.0-service.qti: uevent triggered for sensor: pm8005_tz
02-23 03:30:17.506  1228  1247 I android.hardware.thermal@2.0-service.qti: uevent triggered for sensor: pa1-therml-adc
02-23 03:30:18.526  1228  1247 I android.hardware.thermal@2.0-service.qti: uevent triggered for sensor: pm8005_tz
02-23 03:30:18.527  1228  1247 I android.hardware.thermal@2.0-service.qti: uevent triggered for sensor: pm8005_tz
02-23 03:30:18.536  1228  1247 I android.hardware.thermal@2.0-service.qti: uevent triggered for sensor: pa1-therml-adc
02-23 03:30:18.818  1228  1247 I android.hardware.thermal@2.0-service.qti: uevent triggered for sensor: pm8005_tz
02-23 03:30:18.819  1228  1247 I android.hardware.thermal@2.0-service.qti: uevent triggered for sensor: pm8005_tz
02-23 03:30:18.819  1228  1247 I android.hardware.thermal@2.0-service.qti: uevent triggered for sensor: pm8005_tz
02-23 03:30:18.826  1228  1247 I android.hardware.thermal@2.0-service.qti: uevent triggered for sensor: pa1-therml-adc
02-23 03:30:18.827  1471  2690 I chatty  : uid=1000(system) Binder:1471_7 expire 1 line
02-23 03:30:18.843  5064  5064 D BoundBrokerSvc: onUnbind: Intent { act=com.google.android.gms.common.BIND_SHARED_PREFS pkg=com.google.android.gms }
02-23 03:30:18.856  1471  2689 I chatty  : uid=1000(system) Binder:1471_6 expire 445 lines
--------- beginning of system
02-23 03:30:18.904  1471  2689 W ProcessStats: Tracking association SourceState{6e7e3fd moe.haruue.wadb/10239 Top #13087} whose proc state 1 is better than process ProcessState{ceee68a com.oneplus.config/1000 pkg=com.oneplus.config} proc state 2 (2 skipped)
02-23 03:30:18.906  1471  2690 I chatty  : uid=1000(system) Binder:1471_7 expire 297 lines
02-23 03:30:18.928  1471  2690 D ActivityManager: kill pid:19807 processName:com.google.android.apps.tachyon reason:empty #31
02-23 03:30:18.929  1471  2690 I ActivityManager: Killing 19807:com.google.android.apps.tachyon/u0a146 (adj 999): empty #31
02-23 03:30:18.976  1471  2709 I chatty  : uid=1000(system) DeviceStorageMo expire 33 lines
02-23 03:30:18.979  1471 14078 D ConnectivityService: ConnectivityService NetworkRequestInfo binderDied(NetworkRequest [ LISTEN id=153, [ Capabilities: INTERNET&NOT_RESTRICTED&TRUSTED Uid: 10146 AdministratorUids: [] RequestorUid: 10146 RequestorPackageName: com.google.android.apps.tachyon] ], android.os.BinderProxy@d86884)
02-23 03:30:18.980  1471  3663 D ConnectivityService: ConnectivityService NetworkRequestInfo binderDied(NetworkRequest [ TRACK_DEFAULT id=152, [ Capabilities: INTERNET&NOT_RESTRICTED&TRUSTED Uid: 10146 AdministratorUids: [] RequestorUid: 10146 RequestorPackageName: com.google.android.apps.tachyon] ], android.os.BinderProxy@614e86d)
02-23 03:30:18.980  1471  2696 D ConnectivityService: releasing NetworkRequest [ TRACK_DEFAULT id=152, [ Capabilities: INTERNET&NOT_RESTRICTED&TRUSTED Uid: 10146 AdministratorUids: [] RequestorUid: 10146 RequestorPackageName: com.google.android.apps.tachyon] ] (release request)
02-23 03:30:18.981  1471  2690 W ProcessStats: setState index out of bounds. index: -1 length: 20
02-23 03:30:18.981 14085 14085 D PhoneSwitcherNetworkRequstListener: releaseNetworkFor NetworkRequest [ TRACK_DEFAULT id=152, [ Capabilities: INTERNET&NOT_RESTRICTED&TRUSTED Uid: 10146 AdministratorUids: [] RequestorUid: 10146 RequestorPackageName: com.google.android.apps.tachyon] ]
02-23 03:30:18.984  1077  1077 I Zygote  : Process 19807 exited due to signal 9 (Killed)
02-23 03:30:18.986  1471  2564 I chatty  : uid=1000(system) ActivityManager expire 1 line
02-23 03:30:19.002  1471  2690 I chatty  : uid=1000(system) Binder:1471_7 expire 369 lines
02-23 03:30:18.981  1471  2690 W ProcessStats: setState index out of bounds. index: -1 length: 20
02-23 03:30:19.652  1471  2553 W Looper  : Slow dispatch took 229ms android.ui h=com.android.server.am.ActivityManagerService$UiHandler c=null m=53
02-23 03:30:19.652  1471  2681 I chatty  : uid=1000(system) tworkPolicy.uid expire 16 lines
02-23 03:30:19.652  1228  1247 I android.hardware.thermal@2.0-service.qti: uevent triggered for sensor: pm8005_tz
02-23 03:30:19.653  1228  1247 I android.hardware.thermal@2.0-service.qti: uevent triggered for sensor: pm8005_tz
02-23 03:30:19.653  1228  1247 I android.hardware.thermal@2.0-service.qti: uevent triggered for sensor: pm8005_tz
02-23 03:30:19.655  1228  1247 I android.hardware.thermal@2.0-service.qti: uevent triggered for sensor: pa1-therml-adc
02-23 03:30:19.656  1471  2690 I chatty  : uid=1000(system) Binder:1471_7 expire 10 lines
02-23 03:30:20.675  1228  1247 I android.hardware.thermal@2.0-service.qti: uevent triggered for sensor: pm8005_tz
02-23 03:30:20.676  1228  1247 I chatty  : uid=0(root) thermal@2.0-ser identical 10 lines
02-23 03:30:20.677  1228  1247 I android.hardware.thermal@2.0-service.qti: uevent triggered for sensor: pm8005_tz
02-23 03:30:20.678  1228  1247 I android.hardware.thermal@2.0-service.qti: uevent triggered for sensor: pa1-therml-adc
02-23 03:30:20.799 19703 11410 W adbd    : timed out while waiting for FUNCTIONFS_BIND, trying again
02-23 03:30:20.800 19703 11410 I adbd    : UsbFfs: connection terminated: monitor thread finished
02-23 03:30:20.800 19703 19703 I adbd    : UsbFfs: already offline
02-23 03:30:20.800 19703 19703 I adbd    : destroying transport UsbFfs
02-23 03:30:20.800 19703 19703 I adbd    : UsbFfsConnection being destroyed
02-23 03:30:22.007 19703 19707 I adbd    : opening control endpoint /dev/usb-ffs/adb/ep0
02-23 03:30:22.008  1228  1247 I android.hardware.thermal@2.0-service.qti: uevent triggered for sensor: pm8005_tz
02-23 03:30:22.010  1228  1247 I android.hardware.thermal@2.0-service.qti: uevent triggered for sensor: pm8005_tz
02-23 03:30:22.012  1228  1247 I android.hardware.thermal@2.0-service.qti: uevent triggered for sensor: pa1-therml-adc
02-23 03:30:22.012 19703 19707 I adbd    : UsbFfsConnection constructed
02-23 03:30:22.012 19703 11411 I adbd    : UsbFfs-monitor thread spawned
02-23 03:30:23.336  1228  1247 I android.hardware.thermal@2.0-service.qti: uevent triggered for sensor: pm8005_tz
02-23 03:30:23.338  1228  1247 I android.hardware.thermal@2.0-service.qti: uevent triggered for sensor: pm8005_tz
02-23 03:30:23.345  1228  1247 I android.hardware.thermal@2.0-service.qti: uevent triggered for sensor: pa1-therml-adc
02-23 03:30:23.459  4093  4093 W ThreadPoolForeg: type=1400 audit(0.0:852): avc: denied { write } for name="traced_producer" dev="tmpfs" ino=32844 scontext=u:r:gmscore_app:s0:c512,c768 tcontext=u:object_r:traced_producer_socket:s0 tclass=sock_file permissive=0 app=com.google.android.gms
02-23 03:30:24.667  1228  1247 I android.hardware.thermal@2.0-service.qti: uevent triggered for sensor: pm8005_tz
02-23 03:30:24.669  1228  1247 I android.hardware.thermal@2.0-service.qti: uevent triggered for sensor: pm8005_tz
02-23 03:30:24.671  1228  1247 I android.hardware.thermal@2.0-service.qti: uevent triggered for sensor: pa1-therml-adc
02-23 03:30:25.994  1228  1247 I android.hardware.thermal@2.0-service.qti: uevent triggered for sensor: pm8005_tz
02-23 03:30:25.995  1228  1247 I android.hardware.thermal@2.0-service.qti: uevent triggered for sensor: pm8005_tz
02-23 03:30:26.024  1228  1247 I android.hardware.thermal@2.0-service.qti: uevent triggered for sensor: pa1-therml-adc
02-23 03:30:27.325  1228  1247 I android.hardware.thermal@2.0-service.qti: uevent triggered for sensor: pm8005_tz
02-23 03:30:27.326  1228  1247 I android.hardware.thermal@2.0-service.qti: uevent triggered for sensor: pm8005_tz
02-23 03:30:27.328  1228  1247 I android.hardware.thermal@2.0-service.qti: uevent triggered for sensor: pa1-therml-adc
02-23 03:30:28.672  1228  1247 I android.hardware.thermal@2.0-service.qti: uevent triggered for sensor: pm8005_tz
02-23 03:30:28.674  1228  1247 I android.hardware.thermal@2.0-service.qti: uevent triggered for sensor: pm8005_tz
02-23 03:30:28.676  1228  1247 I android.hardware.thermal@2.0-service.qti: uevent triggered for sensor: pa1-therml-adc
02-23 03:30:29.992  1228  1247 I android.hardware.thermal@2.0-service.qti: uevent triggered for sensor: pm8005_tz
02-23 03:30:29.993  1228  1247 I android.hardware.thermal@2.0-service.qti: uevent triggered for sensor: pm8005_tz
02-23 03:30:29.995  1228  1247 I android.hardware.thermal@2.0-service.qti: uevent triggered for sensor: pa1-therml-adc
02-23 03:30:30.052 19703 11411 W adbd    : timed out while waiting for FUNCTIONFS_BIND, trying again
02-23 03:30:30.052 19703 11411 I adbd    : UsbFfs: connection terminated: monitor thread finished
02-23 03:30:30.054 19703 19703 I adbd    : UsbFfs: already offline
02-23 03:30:30.054 19703 19703 I adbd    : destroying transport UsbFfs
02-23 03:30:30.054 19703 19703 I adbd    : UsbFfsConnection being destroyed
02-23 03:30:30.092 19703 19707 I adbd    : opening control endpoint /dev/usb-ffs/adb/ep0
02-23 03:30:30.095 19703 19707 I adbd    : UsbFfsConnection constructed
02-23 03:30:30.097 19703 11412 I adbd    : UsbFfs-monitor thread spawned
02-23 03:30:31.321  1228  1247 I android.hardware.thermal@2.0-service.qti: uevent triggered for sensor: pm8005_tz
02-23 03:30:31.322  1228  1247 I android.hardware.thermal@2.0-service.qti: uevent triggered for sensor: pm8005_tz
02-23 03:30:31.324  1228  1247 I android.hardware.thermal@2.0-service.qti: uevent triggered for sensor: pa1-therml-adc
02-23 03:30:32.349  1228  1247 I android.hardware.thermal@2.0-service.qti: uevent triggered for sensor: pm8005_tz
02-23 03:30:32.350  1228  1247 I android.hardware.thermal@2.0-service.qti: uevent triggered for sensor: pm8005_tz
02-23 03:30:32.357  1228  1247 I android.hardware.thermal@2.0-service.qti: uevent triggered for sensor: pa1-therml-adc
02-23 03:30:32.358  1471  2690 I chatty  : uid=1000(system) Binder:1471_7 expire 5 lines
02-23 03:30:32.666  1228  1247 I android.hardware.thermal@2.0-service.qti: uevent triggered for sensor: pm8005_tz
02-23 03:30:32.667  1228  1247 I chatty  : uid=0(root) thermal@2.0-ser identical 4 lines
02-23 03:30:32.668  1228  1247 I android.hardware.thermal@2.0-service.qti: uevent triggered for sensor: pm8005_tz
02-23 03:30:32.670  1228  1247 I android.hardware.thermal@2.0-service.qti: uevent triggered for sensor: pa1-therml-adc
02-23 03:30:33.467  1228  1247 I android.hardware.thermal@2.0-service.qti: uevent triggered for sensor: pm8005_tz
02-23 03:30:33.468  1228  1247 I android.hardware.thermal@2.0-service.qti: uevent triggered for sensor: pm8005_tz
02-23 03:30:33.470  1228  1247 I android.hardware.thermal@2.0-service.qti: uevent triggered for sensor: pa1-therml-adc
02-23 03:30:33.878  1228  1247 I android.hardware.thermal@2.0-service.qti: uevent triggered for sensor: pm8005_tz
02-23 03:30:33.879  1228  1247 I android.hardware.thermal@2.0-service.qti: uevent triggered for sensor: pm8005_tz
02-23 03:30:33.898  1228  1247 I android.hardware.thermal@2.0-service.qti: uevent triggered for sensor: pa1-therml-adc
02-23 03:30:34.976  1471  2668 I chatty  : uid=1000(system) InputReader expire 34 lines
02-23 03:30:34.987  1228  1247 I android.hardware.thermal@2.0-service.qti: uevent triggered for sensor: pm8005_tz
02-23 03:30:34.988  1228  1247 I android.hardware.thermal@2.0-service.qti: uevent triggered for sensor: pm8005_tz
02-23 03:30:34.990  1228  1247 I android.hardware.thermal@2.0-service.qti: uevent triggered for sensor: pa1-therml-adc
02-23 03:30:34.999  1471  2668 I PowerManagerService: Waking up from Dozing (uid=1000, reason=WAKE_REASON_POWER_BUTTON, details=android.policy:POWER)...
02-23 03:30:35.005  1471  2582 I chatty  : uid=1000(system) PowerNotifierHa expire 7 lines
02-23 03:30:35.006  1226  1226 I sensors-hal: batch:245, oneplus.sensor.pocket/1252, period=200000000, max_latency=0
02-23 03:30:35.006  1226  1226 I sensors-hal: set_config:63, sample_period_ns is adjusted to 0 based on min/max delay_ns
02-23 03:30:35.006  1226  1226 I sensors-hal: batch:254, oneplus.sensor.pocket/1252, period=200000000, max_latency=0 request completed
02-23 03:30:35.007  1471  2582 D OpPowerControllerService: SCREEN is OFF
02-23 03:30:35.007  1471  2582 D OpPowerControllerService: SCREEN is ON
02-23 03:30:35.007  1471  2582 D OpPowerControllerService: screen off duration: 134815
02-23 03:30:35.008  1471  2582 W ContextImpl: Calling a method in the system process without a qualified user: android.app.ContextImpl.sendBroadcast:1138 com.android.server.power.Notifier.sendWakeUpBroadcast:817 com.android.server.power.Notifier.sendNextBroadcast:795 com.android.server.power.Notifier.access$500:96 com.android.server.power.Notifier$NotifierHandler.handleMessage:956 
02-23 03:30:35.009  2904  3299 D KeyguardViewMediator: onStartedWakingUp, seq = 14
02-23 03:30:35.009  2904  3299 D KeyguardViewMediator: notifyStartedWakingUp
02-23 03:30:35.010  2904  2904 D KeyguardViewMediator: handleNotifyWakingUp
02-23 03:30:35.010  1471  2562 I chatty  : uid=1000(system) ActivityManager expire 287 lines
02-23 03:30:35.010  2904  2904 D OpFodDisplayController: onDisplayPowerStatusChanged: status= 2
02-23 03:30:35.010  1471  2581 I DisplayPowerController: useProximityForceSuspend = false
02-23 03:30:35.011  1471  2581 D OpColorDisplayService: screenStateChange
02-23 03:30:35.011  1222  1222 I QTI PowerHAL: Got set_interactive hint on= 1, count= 15
02-23 03:30:35.011  1222  1222 E QTI PowerHAL: Error opening /sys/kernel/hbtp/display_pwr: No such file or directory
02-23 03:30:35.011  1471  2571 D OpColorDisplayService: processScreenOn   true
02-23 03:30:35.013  1471  2567 I chatty  : uid=1000(system) android.bg expire 1 line
02-23 03:30:35.013  2904  2904 D KeyguardUpdateMonitor: shouldListen: true, vis:true, inter:true, bouncer:false, going:false, sleep:false, occlude:false, dream:true, switch:false, disabled:false, primary:true
02-23 03:30:35.028  1471  3074 I chatty  : uid=1000(system) HwBinder:1471_4 expire 5 lines
02-23 03:30:35.028  1471  2581 I chatty  : uid=1000(system) PowerManagerSer expire 2 lines
02-23 03:30:35.028  1471  2581 I DisplayPowerController: Blocking screen on until initial contents have been drawn.
02-23 03:30:35.029  1471  2581 I AutomaticBrightnessController: setLightSensorEnabled:true
02-23 03:30:35.029  1471  3385 E OPCS    : [Cap] [Start] remainCap is abnormal: 0
02-23 03:30:35.029  1471  3385 E OPCS    : [Cap] [Start] use mLastCapRemaining: 1048 instead.
02-23 03:30:35.030  1471  3385 E OPCS    : AccurateCounter getCurAccurateLevel error, err:23 03:30:35 curPower:0.0 fullCharge:0.0 powerLevel:35
02-23 03:30:35.030  1471  3385 I OPCS    : AccurateCounter stopCount err, tag:ScreenOffDischarge cur:-1.0 lastLevel:42.50788643533123 mLastAccurateLevel:42.50788643533123
02-23 03:30:35.030  1471  2581 I DisplayPowerController: brightnessState(m):0.011308613
02-23 03:30:35.030  1471  2581 I RampAnimator: POLICY CHANGING!
02-23 03:30:35.030  1471  2581 I RampAnimator: target:0.011308613 rate:0.0 mCurrentValue:0.0 mTargetValue:0.0
02-23 03:30:35.030  1471  3385 E OPCS    : AccurateCounter getCurAccurateLevel error, err:23 03:30:35 curPower:0.0 fullCharge:0.0 powerLevel:35
02-23 03:30:35.030  1471  3385 I OPCS    : AccurateCounter startCount err, tag:ScreenOnDischarge mLastAccurateLevel:42.50788643533123
02-23 03:30:35.031  1471 11414 I chatty  : uid=1000 system_server expire 3 lines
02-23 03:30:35.046  1471  2562 I chatty  : uid=1000(system) ActivityManager expire 231 lines
02-23 03:30:35.054  1471  2668 I chatty  : uid=1000(system) InputReader expire 7 lines
02-23 03:30:35.053  1471  1471 I chatty  : uid=1000 system_server expire 1 line
02-23 03:30:35.055  1471  2581 V DisplayPowerController: Brightness [0.011308613] reason changing to: 'manual', previous reason: 'screen_off'.
02-23 03:30:35.055  1226  1226 I sensors-hal: batch:245, android.sensor.light/53, period=250000000, max_latency=0
02-23 03:30:35.055  1226  1226 I sensors-hal: set_config:63, sample_period_ns is adjusted to 0 based on min/max delay_ns
02-23 03:30:35.055  1226  1226 I sensors-hal: batch:254, android.sensor.light/53, period=250000000, max_latency=0 request completed
02-23 03:30:35.055  2904  2904 D KeyguardUpdateMonitor: updateFP: true, false, 0
02-23 03:30:35.055  2904  2904 D KeyguardUpdateMonitor: startListeningForFingerprint(), 0
02-23 03:30:35.055  2904  3299 D OpFacelockController: onPreStartedWakingUp, bound:false, pending:false, bouncerRec:true, fp:false, reason:android.policy:POWER
02-23 03:30:35.056  1471  2581 I DisplayPowerController: useProximityForceSuspend = false
02-23 03:30:35.056  1471  2581 I DisplayPowerController: brightnessState(m):0.011308613
02-23 03:30:35.056  1471  2581 I RampAnimator: target:0.011308613 rate:0.0 mCurrentValue:0.011308613 mTargetValue:0.011308613
02-23 03:30:35.056  1226  1226 I sensors-hal: activate:212, android.sensor.light/53 en=1
02-23 03:30:35.056  1226  1226 I sensors-hal: get_qmi_debug_flag:271, support_qmi_debug : false
02-23 03:30:35.056  1226  1226 E QMI_FW  : qmi_cci_get_ref: ref count increased 2
02-23 03:30:35.056  1226  1226 E QMI_FW  : qmi_cci_get_ref: ref count increased 2
02-23 03:30:35.056  1226  1226 I chatty  : uid=1000(system) sensors@2.0-ser identical 2 lines
02-23 03:30:35.056  1226  1226 E QMI_FW  : qmi_cci_get_ref: ref count increased 2
02-23 03:30:35.056  1471  2555 I chatty  : uid=1000(system) android.display expire 18 lines
02-23 03:30:35.057  2904  2904 I KeyguardUpdateMonitor: getUserUnlockedWithBiometric, fingerprintAllowed:false, faceAllowed:false, canSkipBouncerByFacelock():false, isFacelockUnlocking():false
02-23 03:30:35.057  2904  3299 D KeyguardViewMediator: notifyScreenOn
02-23 03:30:35.057  1226  1226 E QMI_FW  : qmi_cci_get_ref: ref count increased 2
02-23 03:30:35.057  2904  2904 D KeyguardUpdateMonitor: startListeningForFace, 0
02-23 03:30:35.057  1322  1322 D SurfaceFlinger: Setting power mode 2 on display 19260235133379457
02-23 03:30:35.057  1226  1226 E QMI_FW  : qmi_cci_get_ref: ref count increased 2
02-23 03:30:35.057  1226  1226 I sensors-hal: activate:223, android.sensor.light/53 en=1 completed
02-23 03:30:35.057  1471  2555 I DisplayManagerService: Display device changed state: "Built-in Screen", ON
02-23 03:30:35.058  1207  1207 I SDM     : DisplayBase::SetDisplayState: Set state = 1, display 26-0
02-23 03:30:35.058  2904  2904 D AodWindowManager: onStartedWakingUp
02-23 03:30:35.059  2904  2904 D OpFacelockController: onStartedWakingUp, bound:false, lockout:false, bouncerRec:true, fp:false, reason:android.policy:POWER, type:0, bouncer: false, notice:true
02-23 03:30:35.059  2904  2904 I OpFodDisplayController: shouldDisableAod: wakingUpReason= android.policy:POWER
02-23 03:30:35.059  2904  2904 D OpFodAodControl: disable: start waking up
02-23 03:30:35.059  2904  2904 D OpFodAodControl: set aod mode off, reason: start waking up
02-23 03:30:35.060  2904  2904 D OpFingerprintDialogView: onStartedWakingUp: owner= null, isKeyguardShowing= true, mPendingHideDialog= false
02-23 03:30:35.060  1226 11416 I sensors-hal: ssc_conn_resp_cb:660, resp_value = 0
02-23 03:30:35.061  2904  4032 I OpFodDisplayNotifier: set OP_DISPLAY_AOD_MODE: 0
02-23 03:30:35.062  1241  1241 D vendor.oneplus.hardware.display@1.0-service: OneplusDisplay::setMode is OK mode=8 enable= 0
02-23 03:30:35.062  2904  2904 D OpFodBurnInProtectionHelper: onStartedWakingUp
02-23 03:30:35.062  2904  2904 V KeyguardStatusView: Schedule setEnableMarquee: Enable
02-23 03:30:35.063  2904  4030 D OpFodIconViewController: updateIconVisibility: fp client = null, isOwnerKeyguard = false, forceHide = false, isBouncer = false, isImeShow = false, goingToSleep = false, screenOn = false, isUnlockAllowed = true, interactive = true, keyguard visible = true, isDreaming = true, isKeyguardShowingAndOccluded = false, isFaceUnlocked = false, isSimPinSecure = false, isQSExpanded = false, isLaunchingCamera = false, LeftAffordance:false, isPreventActivte = false, isShowing = true, isLockOut = false, isFacelockRecognizing = false, mIsScreenTurningOn = false, mIsWakingUp = true, isShuttingDown = false, isFromBiometricPrompt = false, isBiometricPromptReadyToShow = false, isFpSuspended = false, isFpStopped = true, isKeyguardSensorDetectedNear = false, visibility = 4, isAlwaysOnEnabled = false, isHidingOnAod = false, isFodHintShowing= false, isLandscape= false, isShutdownDialogVisible= false, isUserSwitching= false, isEmergencyPanelExpand = false
02-23 03:30:35.063  2904  4030 D OpFodIconViewController: caseLog: 2
02-23 03:30:35.064  3096  3096 D LiveWallpaper.VideoEngine: onDisplayChanged# false true true
02-23 03:30:35.064  2879  3806 I BtGatt.ScanManager: msg.what = 8
02-23 03:30:35.066  2788  2788 D TouchInteractionService: onDisplayChanged displayId = 0, mDefaultDisplayId = 0
02-23 03:30:35.067  3445  3467 D IHansComunication: HANS handleMessage: Got message from kernel
02-23 03:30:35.067  3445  3467 E IHansComunication: HANS printMessageBody: RCVed message body: type = 0, port = 86870, caller_pid = 1471, target_uid = 10236, pkg_cmd = -1
02-23 03:30:35.067  3445  3467 D IHansComunication: sendMsgToFW--type: 0, callerPid: 1471, targetUid: 10236
02-23 03:30:35.067  1226 11416 I sensors-hal: handle_indication_realtime:490,  SCHED_FIFO(10) for qmi_cbk
02-23 03:30:35.067  2904  4030 D OpFodIconViewController: updateIconVisibility: fp client = null, isOwnerKeyguard = false, forceHide = false, isBouncer = false, isImeShow = false, goingToSleep = false, screenOn = false, isUnlockAllowed = true, interactive = true, keyguard visible = true, isDreaming = true, isKeyguardShowingAndOccluded = false, isFaceUnlocked = false, isSimPinSecure = false, isQSExpanded = false, isLaunchingCamera = false, LeftAffordance:false, isPreventActivte = false, isShowing = true, isLockOut = false, isFacelockRecognizing = false, mIsScreenTurningOn = false, mIsWakingUp = true, isShuttingDown = false, isFromBiometricPrompt = false, isBiometricPromptReadyToShow = false, isFpSuspended = false, isFpStopped = true, isKeyguardSensorDetectedNear = false, visibility = 4, isAlwaysOnEnabled = false, isHidingOnAod = false, isFodHintShowing= false, isLandscape= false, isShutdownDialogVisible= false, isUserSwitching= false, isEmergencyPanelExpand = false
02-23 03:30:35.068  2904  4030 D OpFodIconViewController: caseLog: 2
02-23 03:30:35.069 15812 15857 V scrcpy  : DisplaySizeMonitor: onDisplayChanged(0)
02-23 03:30:35.070  2879  3806 I BtGatt.ScanManager: msg.what = 5
02-23 03:30:35.071 15812 15857 V scrcpy  : DisplaySizeMonitor: Size not changed (1080x2340): do not requestReset()
02-23 03:30:35.074  4093  4093 I NearbyDiscovery: (REDACTED) FastPairDisplayObserver: %s -> %s
02-23 03:30:35.075  2904  4028 I ScreenDecorations: onDisplayChanged, displayId:0, now Rotation:0, newRotation:0
02-23 03:30:35.078  2904  2904 I LockIcon:  updateDarkTint state:false
02-23 03:30:35.079  2904  2904 I ClockCtrl: startUpdate: ScreenON, true
02-23 03:30:35.079  2904  2904 I OpKeyguardUpdateMonitor: onTimeChanged
02-23 03:30:35.079  2904  2904 W AlarmManager: Unrecognized alarm listener com.oneplus.keyguard.clock.OpClockCtrl@bf839a3
02-23 03:30:35.080  2904  3061 I ClockCtrl:  schedule next: 24920
02-23 03:30:35.080  4093  6279 I NearbyDiscovery: (REDACTED) ApFastPairScanner: isScreenOn=%s, isLocationEnabled=%s, disableLocationRequirement=%s, isDiscoveryScanningEnabled=%s, during24GhzWifiWarmingUpPeriod=%s
02-23 03:30:35.080  2904  2904 D KeyguardAffordanceView: setCircleRadius: 0.0com.android.systemui.statusbar.KeyguardAffordanceView.setCircleRadiusWithoutAnimation:416 com.android.systemui.statusbar.phone.KeyguardAffordanceHelper.updateIcon:444 com.android.systemui.statusbar.phone.KeyguardAffordanceHelper.setTranslation:394 com.android.systemui.statusbar.phone.KeyguardAffordanceHelper.reset:506 com.android.systemui.statusbar.phone.NotificationPanelViewController.resetViews:1208 com.android.systemui.statusbar.phone.StatusBar.showKeyguardImpl:3693 com.android.systemui.statusbar.phone.StatusBar.updateIsKeyguard:3670 
02-23 03:30:35.081  4093  6279 D BluetoothAdapter: isLeEnabled(): ON
02-23 03:30:35.082  2904  2904 D StatusBar: disable<e i a s b h R c s > disable2<q i n v >
02-23 03:30:35.082  2904  2904 D StatusBar: disable<e i a s b h R c s > disable2<q i n v >
02-23 03:30:35.082  2904  2904 I AodDisplayViewManager: playAodWakingUpAnimation: isAlwaysOnEnabled: false, isCanvasAodEnabled: false
02-23 03:30:35.082  2904  2904 I OpStatusBar: cancelWakingupScrimAnimation
02-23 03:30:35.082  2904  2904 D AodWindowManager: stopDozing
02-23 03:30:35.082  2904  2904 D OpSliceManager: setListening, mUserId:0, mSmartDisplayEnabled:true, listening:false, mListening:true, mOpKeyguardClockInfoView:com.oneplus.keyguard.OpKeyguardClockInfoView{86510f6 V.E...... ......I. 0,298-1080,678}, callers= com.oneplus.aod.OpAodDisplayViewManager.stopDozing:867 com.oneplus.systemui.statusbar.phone.OpStatusBar.systemUIStopDozing:1568 com.oneplus.systemui.statusbar.phone.OpStatusBar.startWakingUpAnimation:1537 
02-23 03:30:35.083  2904  2904 D AodDisplayViewManager: resetStatus
02-23 03:30:35.083  2904  2904 I OpStatusBar: stopDozing
02-23 03:30:35.083  2904  2904 D AodDisplayViewManager: setAlpha = 0.0
02-23 03:30:35.083  2904  2904 D OpWakingUpScrimController: removeFromWindow, remove: true
02-23 03:30:35.083  2904  2904 D OpWakingUpScrimController: selfRemoveFromWindow, remove: true, delay: 200
02-23 03:30:35.083  2904  2904 I OpStatusBar: mWakingUpAnimation case 5
02-23 03:30:35.083  2904  2904 D OpPreventModeCtrl: setKeyguardShowing, true
02-23 03:30:35.083  2904  2904 D OpChargingAnimationControllerImpl: onShowingStateChanged true
02-23 03:30:35.084  2904  2904 D KeyguardIndication: onShowingStateChanged true
02-23 03:30:35.084  2904  2904 D StatusBar: updateNotificationPanelTouchState, goingToSleepWithoutAnimation:false, isGoingToSleep():false, mDozeParameters.shouldControlScreenOff():false, disabled:false, mDeviceInteractive:true, mDozeServiceHost.isPulsing():false, stack:com.android.systemui.statusbar.phone.StatusBar$13.onStartedWakingUp:4326 com.android.systemui.keyguard.-$$Lambda$TPhVA13qrDBGFKbgQpRNBPBvAqI.accept:2 com.android.systemui.keyguard.Lifecycle.dispatch:39 com.android.systemui.keyguard.WakefulnessLifecycle.dispatchStartedWakingUp:68 com.android.systemui.keyguard.KeyguardLifecyclesDispatcher$1.handleMessage:72 android.os.Handler.dispatchMessage:106 android.os.Looper.loop:233 
02-23 03:30:35.084  2904  2904 D KeyguardViewMediator: handleNotifyScreenTurningOn
02-23 03:30:35.084  2904  2904 D OpKeyguardUpdateMonitor: notifyScreenTurningOn
02-23 03:30:35.086  3602  3602 D QtiCarrierConfigHelper: WARNING, no carrier configs on phone Id: 0
02-23 03:30:35.087  1471  2681 I chatty  : uid=1000(system) tworkPolicy.uid expire 21 lines
02-23 03:30:35.087  1471  5141 I chatty  : uid=1000(system) Binder:1471_15 expire 59 lines
02-23 03:30:35.088  3665  3665 D DeviceStatisticsService: chargerType=0 batteryLevel=35 totalBatteryCapacity=2587200
02-23 03:30:35.089  2904  2904 D OpPreventModeCtrl: enableSensor, {Sensor name="pocket  Wakeup", vendor="OnePlus", version=1, type=33171025, maxRange=1.0, resolution=0.01, power=0.001, minDelay=0}, type: TYPE_POCKET
02-23 03:30:35.089  1802  2166 E QMI_FW  : qmi_cci_get_ref: ref count increased 2
02-23 03:30:35.090  2904  2904 E SensorManager: registerListenerImpl sensorName:pocket  Wakeup,isWakeUpSensor:true,callingApp: android.uid.systemui:10193,callingPid:2904,callingUid:10193
02-23 03:30:35.090  1471  3856 I chatty  : uid=1000(system) Binder:1471_E expire 2 lines
02-23 03:30:35.091  1753  2033 E QMI_FW  : qmi_cci_get_ref: ref count increased 2
02-23 03:30:35.091  2904  2904 D OpPreventModeCtrl: Pocket: Event: value=0.0 max=1.0, threshold=1
02-23 03:30:35.091  2904  2904 D OpPreventModeCtrl: finishWithResult: result = 0, current = -1
02-23 03:30:35.092  6667  6667 D com.oneplus.chargingpilar.MyReceiver: received :com.oneplus.chargingpilar.SCREEN_ON
02-23 03:30:35.094  1753  1894 E QMI_FW  : qmi_cci_get_ref: ref count increased 2
02-23 03:30:35.094  2788  2788 D TouchInteractionService: initTouchBounds realSize = (1080, 2340), rotation = 0, sizeFromWM = (1080,2340), rotationFromWM = 0, sizeFromDisplay = (1080,2340), rotationFromDisplay = 0, sizeFromService = (1080,2340), rotationFromService = 0, sizeFromLauncherCache = (1080,2340), rotationFromLauncherCache = 0, sizeFromActivity = (1080,2340), rotationFromActivity = 0
02-23 03:30:35.094  1802  1896 E QMI_FW  : qmi_cci_get_ref: ref count increased 2
02-23 03:30:35.095  2788  2788 D TouchInteractionService: initTouchBounds# swipeTouchRegion: RectF(0.0, 2278.0, 1080.0, 2340.0)
02-23 03:30:35.095  2788  2788 D TouchInteractionService: initTouchBounds# assistantLeftRegion: RectF(0.0, 2278.0, 135.0, 2340.0)
02-23 03:30:35.095  2788  2788 D TouchInteractionService: initTouchBounds# assistantRightRegion: RectF(945.0, 2278.0, 1080.0, 2340.0)
02-23 03:30:35.096  6504  6504 I PkDeviceHelper: PkDeviceHelper.refreshDevices():87 refreshing devices
02-23 03:30:35.097  4093  6279 I NearbyDiscovery: (REDACTED) ApFastPairScanner: eventType=%s, intReq=%s, scanning=%s, scanAllowed=%s, bleEnabled=%s, lockScanRate=%s, startScanningByLowPowerMode=%s
02-23 03:30:35.097  1802  1896 E QMI_FW  : qmi_cci_get_ref: ref count increased 2
02-23 03:30:35.097  1753  1894 E QMI_FW  : qmi_cci_get_ref: ref count increased 2
02-23 03:30:35.097  4093  6279 I NearbyDiscovery: (REDACTED) ApFastPairScanner: isScreenOn=%s, isLocationEnabled=%s, disableLocationRequirement=%s, isDiscoveryScanningEnabled=%s, during24GhzWifiWarmingUpPeriod=%s
02-23 03:30:35.098  4093  6279 I NearbyDiscovery: (REDACTED) ApFastPairScanner: Start scanning internally, %s
02-23 03:30:35.098  1753  1894 E QMI_FW  : qmi_cci_get_ref: ref count increased 2
02-23 03:30:35.098  2904  3954 D AodWindowManager: start handleStopDozing; mDozing = true
02-23 03:30:35.098  2904  3954 D OpAodCanvas: stopDozing
02-23 03:30:35.099  2904  3954 D AodWindowManager: handleStopDozing: mIsWakeAndUnlock = false, hasLockWallpaper = true
02-23 03:30:35.099  2904  3954 D AodWindowManager: aod remove window delay:0
02-23 03:30:35.099  4093  6279 D BluetoothAdapter: isLeEnabled(): ON
02-23 03:30:35.099  2904  3954 D AodWindowManager: aod remove window
02-23 03:30:35.100  2904  3041 D OpSlice.OpWeatherSlice: handleSetListening listening=false mFirstQueryInfo=true mReady=false
02-23 03:30:35.100  1802  1896 E QMI_FW  : qmi_cci_get_ref: ref count increased 2
02-23 03:30:35.101  2879  3783 D BtGatt.GattService: registerScanner() - UUID=f6c821d2-3c4f-4f39-a8cb-10e20ba00ecf
02-23 03:30:35.101 19703 11412 W adbd    : timed out while waiting for FUNCTIONFS_BIND, trying again
02-23 03:30:35.101 19703 11412 I adbd    : UsbFfs: connection terminated: monitor thread finished
02-23 03:30:35.101 19703 19703 I adbd    : UsbFfs: already offline
02-23 03:30:35.101 19703 19703 I adbd    : destroying transport UsbFfs
02-23 03:30:35.101 19703 19703 I adbd    : UsbFfsConnection being destroyed
02-23 03:30:35.102  2879  4078 V bt_stack: [VERBOSE1:bta_gattc_act.cc(201)] bta_gattc_register: state:2
02-23 03:30:35.102  2879  4078 I bt_stack: [INFO:gatt_api.cc(950)] GATT_Register c91d2cd4-e860-81d7-560b-7fb1b29d07bb
02-23 03:30:35.102  2879  4078 I bt_stack: [INFO:gatt_api.cc(970)] allocated gatt_if=5
02-23 03:30:35.102  2904  3269 E SensorManager: unregisterListenerImpl callingApp: android.uid.systemui:10193,callingPid:2904,callingUid:10193
02-23 03:30:35.102  2879  4078 V bt_stack: [VERBOSE1:gatt_api.cc(1080)] GATT_StartIf gatt_if=5
02-23 03:30:35.102  2879  4078 V bt_stack: [VERBOSE1:gatt_utils.cc(254)] gatt_find_the_connected_bda start_idx=0
02-23 03:30:35.102  2879  4078 V bt_stack: [VERBOSE1:gatt_utils.cc(266)]  found=0 found_idx=10
02-23 03:30:35.102  2879  3141 D BtGatt.GattService: onScannerRegistered() - UUID=f6c821d2-3c4f-4f39-a8cb-10e20ba00ecf, scannerId=5, status=0
02-23 03:30:35.102  4093  4207 D BluetoothLeScanner: onScannerRegistered() - status=0 scannerId=5 mScannerId=0
02-23 03:30:35.103  1753  1894 E QMI_FW  : qmi_cci_get_ref: ref count increased 2
02-23 03:30:35.103  1802  1896 E QMI_FW  : qmi_cci_get_ref: ref count increased 2
02-23 03:30:35.104  1471  2552 I chatty  : uid=1000(system) android.fg expire 5 lines
02-23 03:30:35.104  2904  3673 D OpWakingUpScrimController: handleRemoveFromWindow, attached: true, mRequestShow: false
02-23 03:30:35.104  2904  3954 I KeyguardAssistantView: onViewDetachedFromWindow
02-23 03:30:35.104  2904  3954 D SmartSpaceViewCtrl: view detached, cleaning up
02-23 03:30:35.104  2904  3954 D SmartSpaceViewCtrl: clean up the listeners and remove the views
02-23 03:30:35.105  2904  3278 D KeyguardViewMediator: updateActivityLockScreenState(true, false)
02-23 03:30:35.105  2904  3278 D KeyguardViewMediator: setLockScreenShown, true, false, false
02-23 03:30:35.105  1802  1896 E QMI_FW  : qmi_cci_get_ref: ref count increased 2
02-23 03:30:35.105  2904  3041 D OpKeyguardUnlockCounter: writeToDisk: same event type, abandon.
02-23 03:30:35.105  1753  1894 E QMI_FW  : qmi_cci_get_ref: ref count increased 2
02-23 03:30:35.106  1802  1896 E QMI_FW  : qmi_cci_get_ref: ref count increased 2
02-23 03:30:35.106  1753  1894 E QMI_FW  : qmi_cci_get_ref: ref count increased 2
02-23 03:30:35.106  2879  3783 D BtGatt.GattService: start scan with filters. callingPackage: com.google.android.gms
02-23 03:30:35.106  1471  2690 I OemSceneModeAmHelper: [scene] handleShowOrOccludedChanged showing true, occluded false
02-23 03:30:35.106  1471  2690 I chatty  : uid=1000(system) Binder:1471_7 expire 1 line
02-23 03:30:35.107  1471  3385 E OPCS    : [Cap] [End] use mLastCapRemaining: 1048 instead.
02-23 03:30:35.107  1471  2555 V UsbDeviceManager: onKeyguardStateChanged: isShowing:true secure:false user:0
02-23 03:30:35.107  1471  3385 E OPCS    : [Cap] [Start] remainCap is abnormal: 0
02-23 03:30:35.107  1471  3385 E OPCS    : [Cap] [Start] use mLastCapRemaining: 1048 instead.
02-23 03:30:35.108  1753  1894 E QMI_FW  : qmi_cci_get_ref: ref count increased 2
02-23 03:30:35.108  2879  3783 D BtGatt.GattService: start scan calling from packages: com.google.android.gms
02-23 03:30:35.109  1753  1894 E QMI_FW  : qmi_cci_get_ref: ref count increased 2
02-23 03:30:35.109  1802  1896 E QMI_FW  : qmi_cci_get_ref: ref count increased 2
02-23 03:30:35.109  2879  3806 I BtGatt.ScanManager: msg.what = 0
02-23 03:30:35.109  2879  3806 D BtGatt.ScanManager: handling starting scan
02-23 03:30:35.109  4093  6279 I NearbyDiscovery: (REDACTED) ApFastPairScanner: Start scanning, mode=%s
02-23 03:30:35.110  1753  1894 E QMI_FW  : qmi_cci_get_ref: ref count increased 2
02-23 03:30:35.110  2879  3806 D BtGatt.ScanManager: isAptXLowLatencyModeEnabled: false
02-23 03:30:35.110  1802  1896 E QMI_FW  : qmi_cci_get_ref: ref count increased 2
02-23 03:30:35.111  1184  1184 D vendor.qti.bluetooth@1.0-ibs_handler: SerialClockVote: vote for UART CLK ON
02-23 03:30:35.111  1184  1184 D vendor.qti.bluetooth@1.0-wake_lock: Acquire wakelock is acquired 
02-23 03:30:35.111  1184  1184 I vendor.qti.bluetooth@1.0-ibs_handler: DeviceWakeUp: Writing IBS_WAKE_IND
02-23 03:30:35.112  2904  2904 D KeyguardUpdateMonitor: handleTimeUpdate
02-23 03:30:35.113  1802  1896 E QMI_FW  : qmi_cci_get_ref: ref count increased 2
02-23 03:30:35.113  2904  2904 I AACHapticUtils: init ,version:V003.0828
02-23 03:30:35.114  2904  2904 E AACHapticUtils: The system doesn't integrate richtap software
02-23 03:30:35.114  2904  2904 W AACHapticUtils: the system doesn't integrate richtap software
02-23 03:30:35.114  2904  2904 I OpKeyguardUpdateMonitor:  SeekBarVibratorHelper init
02-23 03:30:35.115  1184  4076 I vendor.qti.bluetooth@1.0-ibs_handler: ProcessIbsCmd: Received IBS_WAKE_ACK: 0xFC
02-23 03:30:35.115  1184  4076 I vendor.qti.bluetooth@1.0-ibs_handler: ProcessIbsCmd: Signal wack_cond_
02-23 03:30:35.115  1184  1184 D vendor.qti.bluetooth@1.0-ibs_handler: DeviceWakeUp: Unblocked from waiting for FC
02-23 03:30:35.115  1802  1896 E QMI_FW  : qmi_cci_get_ref: ref count increased 2
02-23 03:30:35.115  1753  1894 E QMI_FW  : qmi_cci_get_ref: ref count increased 2
02-23 03:30:35.115  2879  3892 E bt_osi_wakelock: wakelock_acquire wakelock acquired
02-23 03:30:35.115  1184  4076 I vendor.qti.bluetooth@1.0-ibs_handler: ProcessIbsCmd: Received IBS_WAKE_IND: 0xFD
02-23 03:30:35.115  1184  4076 I vendor.qti.bluetooth@1.0-ibs_handler: ProcessIbsCmd: Writing IBS_WAKE_ACK
02-23 03:30:35.116  1802  1896 E QMI_FW  : qmi_cci_get_ref: ref count increased 2
02-23 03:30:35.116  2879  2979 E bt_osi_wakelock: wakelock_release wakelock released
02-23 03:30:35.116  1753  1894 E QMI_FW  : qmi_cci_get_ref: ref count increased 2
02-23 03:30:35.116  2879  3141 D BtGatt.GattService: onScanFilterEnableDisabled() - clientIf=5, status=0, action=1
02-23 03:30:35.116  2879  3141 D BtGatt.ScanManager: callback done for scannerId - 5 status - 0
02-23 03:30:35.116  2904  2904 D KeyguardClockPositionAlgorithm: getClockY()184
02-23 03:30:35.116  2904  2904 I chatty  : uid=10193(com.android.systemui) identical 2 lines
02-23 03:30:35.116  2904  2904 D KeyguardClockPositionAlgorithm: getClockY()184
02-23 03:30:35.117  1753  1894 E QMI_FW  : qmi_cci_get_ref: ref count increased 2
02-23 03:30:35.117  1802  1896 E QMI_FW  : qmi_cci_get_ref: ref count increased 2
02-23 03:30:35.117  2879  3806 D BtGatt.ScanManager: Available Filter size: 13
02-23 03:30:35.118  1753  1894 E QMI_FW  : qmi_cci_get_ref: ref count increased 2
02-23 03:30:35.118  2879  3141 D BtGatt.GattService: onScanFilterConfig() - clientIf=5, action = 0 status = 0, filterType=0, availableSpace=0
02-23 03:30:35.118  2879  3141 D BtGatt.ScanManager: callback done for scannerId - 5 status - 0
02-23 03:30:35.118  2879  3806 D BtGatt.ScanManager: configureFilterParamter 500 10000 1 0, deliveryMode=0
02-23 03:30:35.118  2879  3892 E bt_osi_wakelock: wakelock_acquire wakelock acquired
02-23 03:30:35.119  2879  2979 E bt_osi_wakelock: wakelock_release wakelock released
02-23 03:30:35.119  1471  5141 I chatty  : uid=1000(system) Binder:1471_15 expire 343 lines
02-23 03:30:35.119  2879  3892 E bt_osi_wakelock: wakelock_acquire wakelock acquired
02-23 03:30:35.119  1802  1896 E QMI_FW  : qmi_cci_get_ref: ref count increased 2
02-23 03:30:35.119  2879  2979 E bt_osi_wakelock: wakelock_release wakelock released
02-23 03:30:35.120  1753  1894 E QMI_FW  : qmi_cci_get_ref: ref count increased 2
02-23 03:30:35.120  2879  3141 D BtGatt.GattService: onScanFilterParamsConfigured() - clientIf=5, status=0, action=0, availableSpace=15
02-23 03:30:35.120  2879  3141 D BtGatt.ScanManager: callback done for scannerId - 5 status - 0
02-23 03:30:35.121  2904  2904 I OpUtils : isSupportWarpCharging:false
02-23 03:30:35.121  2904  2904 D OpSWarpChargingView: level is same as latest one [35]
02-23 03:30:35.121  1207  1207 I SDM     : HWCSession::HandleConcurrency: sec_builtin_active 0
02-23 03:30:35.121  2904  2904 D KeyguardUpdateMonitor: received broadcast android.intent.action.BATTERY_CHANGED
02-23 03:30:35.121  2904  2904 I OpUtils : isSupportWarpCharging:false
02-23 03:30:35.121  2904  2904 D KeyguardUpdateMonitor: pdCharge false, chargingstatus 0, fastcharge:0
02-23 03:30:35.121  2904  3041 D BatterySaverTile: handleUpdateState, false, false
02-23 03:30:35.121  2904  2904 D KeyguardUpdateMonitor: received broadcast android.intent.action.TIME_TICK
02-23 03:30:35.121  2904  2904 D KeyguardUpdateMonitor: received broadcast android.intent.action.TIME_TICK
02-23 03:30:35.122  1322  1322 D SurfaceFlinger: Finished setting power mode 2 on display 19260235133379457
02-23 03:30:35.122  2879  3892 E bt_osi_wakelock: wakelock_acquire wakelock acquired
02-23 03:30:35.122  2879  3141 D BtGatt.GattService: onScanFilterConfig() - clientIf=5, action = 0 status = 0, filterType=0, availableSpace=0
02-23 03:30:35.122  2879  3141 D BtGatt.ScanManager: callback done for scannerId - 5 status - 0
02-23 03:30:35.122  2879  3806 D BtGatt.ScanManager: configureFilterParamter 500 10000 1 0, deliveryMode=0
02-23 03:30:35.122  1753  1894 E QMI_FW  : qmi_cci_get_ref: ref count increased 2
02-23 03:30:35.122  2879  2979 E bt_osi_wakelock: wakelock_release wakelock released
02-23 03:30:35.122  1802  2181 E QMI_FW  : qmi_cci_get_ref: ref count increased 2
02-23 03:30:35.122  2879  3892 E bt_osi_wakelock: wakelock_acquire wakelock acquired
02-23 03:30:35.123  2879  2979 E bt_osi_wakelock: wakelock_release wakelock released
02-23 03:30:35.124  2879  3141 D BtGatt.GattService: onScanFilterParamsConfigured() - clientIf=5, status=0, action=0, availableSpace=14
02-23 03:30:35.124  1471  2581 I AutomaticBrightnessController: handleLightSensorEvent:0.0
02-23 03:30:35.124  1471  2581 D AutomaticBrightnessController: setAmbientLux(0.0)
02-23 03:30:35.124  2879  3141 D BtGatt.ScanManager: callback done for scannerId - 5 status - 0
02-23 03:30:35.124  1471  2581 I chatty  : uid=1000(system) PowerManagerSer expire 6 lines
02-23 03:30:35.124  1471  2581 D AutomaticBrightnessController: updateAutoBrightness: mScreenAutoBrightness=NaN, newScreenAutoBrightness=0.011308613
02-23 03:30:35.124  2879  3806 D BtGatt.ScanManager: configureRegularScanParams() - queue=1
02-23 03:30:35.124  2879  3806 D BtGatt.ScanManager: configureRegularScanParams() - ScanSetting LE 1M Scan mode=1ScanSetting LE Coded Scan mode=-2147483648 mLastConfiguredScanSettingLE1M=-2147483648 mLastConfiguredScanSettingLECoded=-2147483648scanPhy=1
02-23 03:30:35.124  1471  2581 I DisplayPowerController: useProximityForceSuspend = false
02-23 03:30:35.125  2879  3806 D BtGatt.ScanManager: configureRegularScanParams() - queue emtpy, scan stopped
02-23 03:30:35.125  1471  2581 I RampAnimator: NOT REASON_AUTOMATIC!
02-23 03:30:35.125  2879  3806 D BtGatt.ScanManager: configureRegularScanParams - scanInterval LE 1M = 730configureRegularScanParams - scanWindow LE 1M= 183configureRegularScanParams - scanInterval LE Coded= -2147483648configureRegularScanParams - scanWindow LE Coded= -2147483648
02-23 03:30:35.125  1471  2581 I RampAnimator: target:0.011308613 rate:0.0 mCurrentValue:0.011308613 mTargetValue:0.011308613
02-23 03:30:35.125  1471  2581 V DisplayPowerController: Brightness [0.011308613] reason changing to: 'automatic', previous reason: 'manual'.
02-23 03:30:35.125  1753  2047 E QMI_FW  : qmi_cci_get_ref: ref count increased 2
02-23 03:30:35.125  1471  2662 I chatty  : uid=1000(system) PhoneWinHandler expire 3 lines
02-23 03:30:35.126  1226  1226 I sensors-hal: batch:245, android.sensor.device_orientation/272, period=66667000, max_latency=0
02-23 03:30:35.126  1226  1226 I sensors-hal: set_config:63, sample_period_ns is adjusted to 0 based on min/max delay_ns
02-23 03:30:35.126  1226  1226 I sensors-hal: batch:254, android.sensor.device_orientation/272, period=66667000, max_latency=0 request completed
02-23 03:30:35.126  1802  2181 E QMI_FW  : qmi_cci_get_ref: ref count increased 2
02-23 03:30:35.126  2879  3892 E bt_osi_wakelock: wakelock_acquire wakelock acquired
02-23 03:30:35.127  1802  2171 E QMI_FW  : qmi_cci_get_ref: ref count increased 2
02-23 03:30:35.127  1753  2038 E QMI_FW  : qmi_cci_get_ref: ref count increased 2
02-23 03:30:35.127  1753  2047 E QMI_FW  : qmi_cci_get_ref: ref count increased 2
02-23 03:30:35.127  2879  2979 E bt_osi_wakelock: wakelock_release wakelock released
02-23 03:30:35.128  2879  3141 D BtGatt.GattService: onScanParamSetupCompleted : 0
02-23 03:30:35.128  2879  3892 E bt_osi_wakelock: wakelock_acquire wakelock acquired
02-23 03:30:35.128  1226  1226 I sensors-hal: activate:212, android.sensor.device_orientation/272 en=1
02-23 03:30:35.128  1802  2181 E QMI_FW  : qmi_cci_get_ref: ref count increased 2
02-23 03:30:35.128  1226  1226 I sensors-hal: get_qmi_debug_flag:271, support_qmi_debug : false
02-23 03:30:35.128  1226  1226 E QMI_FW  : qmi_cci_get_ref: ref count increased 2
02-23 03:30:35.128  1226  1226 I chatty  : uid=1000(system) sensors@2.0-ser identical 3 lines
02-23 03:30:35.128  1226  1226 E QMI_FW  : qmi_cci_get_ref: ref count increased 2
02-23 03:30:35.128  2879  2979 E bt_osi_wakelock: wakelock_release wakelock released
02-23 03:30:35.128  1226  1226 E QMI_FW  : qmi_cci_get_ref: ref count increased 2
02-23 03:30:35.128  1753  2047 E QMI_FW  : qmi_cci_get_ref: ref count increased 2
02-23 03:30:35.129  1226  1226 E QMI_FW  : qmi_cci_get_ref: ref count increased 2
02-23 03:30:35.129  1226  1226 I sensors-hal: activate:223, android.sensor.device_orientation/272 en=1 completed
02-23 03:30:35.129  2879  3892 E bt_osi_wakelock: wakelock_acquire wakelock acquired
02-23 03:30:35.129  2904  2904 D KeyguardClockPositionAlgorithm: getClockY()184
02-23 03:30:35.130  1471  2581 I DisplayPowerController: Unblocked screen on after 102 ms
02-23 03:30:35.129  2904  2904 D KeyguardClockPositionAlgorithm: getClockY()184
02-23 03:30:35.130  2879  2979 E bt_osi_wakelock: wakelock_release wakelock released
02-23 03:30:35.130  1802 11426 E QMI_FW  : qmi_cci_get_ref: ref count increased 2
02-23 03:30:35.130  1471  2581 I DisplayPowerController: useProximityForceSuspend = false
02-23 03:30:35.130  2879  3892 E bt_osi_wakelock: wakelock_acquire wakelock acquired
02-23 03:30:35.131  1471  2581 I RampAnimator: target:0.011308613 rate:0.2352941 mCurrentValue:0.011308613 mTargetValue:0.011308613
02-23 03:30:35.131  2879  2979 E bt_osi_wakelock: wakelock_release wakelock released
02-23 03:30:35.131  1471  2581 I DisplayPowerController: useProximityForceSuspend = false
02-23 03:30:35.131  1471  2581 I RampAnimator: target:0.011308613 rate:0.2352941 mCurrentValue:0.011308613 mTargetValue:0.011308613
02-23 03:30:35.131  2879  3892 E bt_osi_wakelock: wakelock_acquire wakelock acquired
02-23 03:30:35.131  1471  2581 I 300     : 194
02-23 03:30:35.132  2904 26510 D KeyguardViewMediator: notifyScreenTurnedOn
02-23 03:30:35.132  1471  2581 I DreamManagerService: Gently waking up from dream.
02-23 03:30:35.132  1471  2552 I DreamManagerService: Performing gentle wake from dream.
02-23 03:30:35.132  2904  2904 D KeyguardViewMediator: handleNotifyScreenTurnedOn
02-23 03:30:35.132  1471  2582 I chatty  : uid=1000(system) PowerNotifierHa expire 7 lines
02-23 03:30:35.133  2904 26510 D OpKeyguardViewMediator: onFinishedWakingUp
02-23 03:30:35.133  2879  2979 E bt_osi_wakelock: wakelock_release wakelock released
02-23 03:30:35.133  2879  3892 E bt_osi_wakelock: wakelock_acquire wakelock acquired
02-23 03:30:35.135  2879  2979 E bt_osi_wakelock: wakelock_release wakelock released
02-23 03:30:35.135  1226 11421 I sensors-hal: ssc_conn_resp_cb:660, resp_value = 0
02-23 03:30:35.135  2879  3892 E bt_osi_wakelock: wakelock_acquire wakelock acquired
02-23 03:30:35.136  2879  2979 E bt_osi_wakelock: wakelock_release wakelock released
02-23 03:30:35.144  2879  4078 V bt_stack: [VERBOSE1:btm_inq.cc(1019)] BTM_InqDbRead: bd addr 4e:94:82:67:a5:aa
02-23 03:30:35.146  2879  3141 D BluetoothRemoteDevices: Property type: 1
02-23 03:30:35.146  2879  3141 D BluetoothRemoteDevices: Skip name update for 4E:94:82:67:A5:AA
02-23 03:30:35.146  2879  3141 D BluetoothRemoteDevices: Property type: 4
02-23 03:30:35.146  2879  3141 D BluetoothRemoteDevices: Skip class update for 4E:94:82:67:A5:AA
02-23 03:30:35.146  2879  3141 D BluetoothRemoteDevices: Property type: 5
02-23 03:30:35.151  4093  8726 I NearbyDiscovery: (REDACTED) loadFastPairModule: checkFeaturesAreAvailable:%d
02-23 03:30:35.152  4093  8726 I NearbyDiscovery: loadFastPairModule: FastPair module is downloaded. [CONTEXT service_id=265 ]
02-23 03:30:35.152  2904  2904 D KeyguardUpdateMonitor: handleScreenTurnedOn: mKeyguardIsVisible=true, UX-thread-enabled: false
02-23 03:30:35.152  4093  6279 I NearbyDiscovery: (REDACTED) %s
02-23 03:30:35.153  2904  2904 D KeyguardUpdateMonitor: shouldListen: true, vis:true, inter:true, bouncer:false, going:false, sleep:false, occlude:false, dream:true, switch:false, disabled:false, primary:true
02-23 03:30:35.153  2904  2904 D KeyguardUpdateMonitor: updateFP: true, false, 0
02-23 03:30:35.153  2904  2904 D KeyguardUpdateMonitor: startListeningForFingerprint(), 0
02-23 03:30:35.153  4093  6279 I NearbyDiscovery: (REDACTED) %s
02-23 03:30:35.154  2904  2904 D OpFodDimControl: enable: screen on
02-23 03:30:35.154  2904  2904 D OpFodDimControl: don't enable HBM due to no one registering fp
02-23 03:30:35.154  2904  2904 D OpFingerprintDialogView: onScreenTurnedOn: 1.0
02-23 03:30:35.154 19703 19707 I adbd    : opening control endpoint /dev/usb-ffs/adb/ep0
02-23 03:30:35.154  1471  5141 I chatty  : uid=1000(system) Binder:1471_15 expire 121 lines
02-23 03:30:35.155  4093  6279 I NearbyDiscovery: (REDACTED) %s
02-23 03:30:35.155  2904  4030 D OpFingerprintDialogView: shouldForceShowFod: reason= screen turned on, isWindowAttached= false, isFpEnrolled= false, isKeyguardShowing= true, isKeyguardDone= false, isDeviceInteractive= true, isDreaming= true, isLockout= false
02-23 03:30:35.155  2904  2904 I LockIcon:  updateDarkTint state:false
02-23 03:30:35.155  2904  2904 I ClockCtrl: startUpdate: ScreenON, true
02-23 03:30:35.155  2904  2904 I OpKeyguardUpdateMonitor: onTimeChanged
