--------- beginning of perf
02-23 03:42:25.192  1472  3720 I 100     : Open /system/priv-app/FusedLocation/FusedLocation.apk took:60ms
02-23 03:42:25.193  1472  3721 I 100     : Open /system/priv-app/FusedLocation/FusedLocation.apk took:59ms
02-23 03:42:25.505  1472  3694 I 100     : Open /system/priv-app/Telecom/Telecom.apk took:448ms
02-23 03:42:25.661  1472  3693 I 100     : Open /system/priv-app/Telecom/Telecom.apk took:605ms
02-23 03:42:25.691  1472  3695 I 100     : Open /system/priv-app/Telecom/Telecom.apk took:633ms
02-23 03:42:25.750  1472  3694 I 101     : #191
02-23 03:42:26.329  3766  3766 I 309     : package:com.android.phone took:1009 calssname:android.app.ActivityThread$H callback:null what:110
02-23 03:42:26.426  2920  2920 I 309     : package:com.android.systemui took:2404 calssname:android.app.ActivityThread$H callback:null what:114
02-23 03:42:26.739  2920  3844 I 110     :  OptJank - total:1 frameGap:1 delta#1783#238#10#227#0#1
02-23 03:42:33.855  4547  4547 I 100     : Open /data/app/~~TsifplT8jDE4Nwne8ENGsg==/com.google.android.apps.wellbeing-M2DXO-lfEnE7kOpTTJ6skw==/base.apk took:81ms
02-23 03:42:34.695  4676  4676 I 100     : Open /data/app/~~H_gIp3nxzyq2yMxW_c054A==/com.google.android.googlequicksearchbox-ePajk4SqssSfJRKTf-oGMw==/base.apk took:236ms
02-23 03:42:35.470  2884  2884 I 309     : package:com.android.bluetooth took:1020 calssname:android.app.ActivityThread$H callback:android.app.-$$Lambda$LoadedApk$ReceiverDispatcher$Args$_BumDX2UKsnxLVrE6UJsJZkotuA@758b989 what:0
02-23 03:42:35.486  5056  5056 I 100     : Open /data/app/~~v2MLmSR2lXdT3Aso_-KThQ==/com.google.android.projection.gearhead-krPf8PRAPVtXuHiwbb-sQQ==/base.apk took:92ms
02-23 03:42:35.508  4311  4311 I 309     : package:com.oneplus.dialer took:1007 calssname:android.app.ActivityThread$H callback:null what:145
02-23 03:42:35.732  4716  4716 I 309     : package:com.google.android.apps.turbo took:1231 calssname:android.app.ActivityThread$H callback:null what:110
02-23 03:42:36.314  5507  5507 I 100     : Open /data/app/~~H_gIp3nxzyq2yMxW_c054A==/com.google.android.googlequicksearchbox-ePajk4SqssSfJRKTf-oGMw==/base.apk took:78ms
02-23 03:42:36.465  4780  4780 I 309     : package:com.android.nfc took:1805 calssname:android.app.ActivityThread$H callback:null what:110
02-23 03:42:36.826  5745  5745 I 100     : Open /data/app/~~EMHQZ_XhySKjwsS9F860xA==/com.oneplus.gamespace-qF5g_3wzRx0csR7ZB3fdZg==/base.apk took:123ms
02-23 03:42:37.537  2794  2794 I 309     : package:net.oneplus.launcher took:2318 calssname:android.app.ActivityThread$H callback:null what:110
02-23 03:42:38.801  2794  2794 I 309     : package:net.oneplus.launcher took:1263 calssname:android.app.ActivityThread$H callback:null what:159
02-23 03:42:39.250  1472  2581 I 322     : net.oneplus.launcher#10919#14940
02-23 03:42:39.456  6607  6607 I 100     : Open /system/system_ext/priv-app/OPMms/OPMms.apk took:54ms
02-23 03:42:40.016  6901  6901 I 100     : Open /system/system_ext/app/OPBackup/OPBackup.apk took:60ms
02-23 03:42:40.358  6607  6607 I 309     : package:com.oneplus.mms took:1002 calssname:android.app.ActivityThread$H callback:null what:110
02-23 03:42:41.807  7725  7725 I 100     : Open /data/app/~~H_gIp3nxzyq2yMxW_c054A==/com.google.android.googlequicksearchbox-ePajk4SqssSfJRKTf-oGMw==/base.apk took:243ms
02-23 03:42:42.938  8640  8640 I 100     : Open /system/priv-app/OnePlusWizard/OnePlusWizard.apk took:72ms
02-23 03:42:43.791  9371  9371 I 100     : Open /system/priv-app/DiracManager/DiracManager.apk took:53ms
02-23 03:42:54.251 11459 11459 I 100     : Open /data/app/~~6PlnOOX9VRcHcjuZ_VKLOw==/com.android.vending-EVB_iaCIvFCrw-1UEPEhHg==/base.apk took:141ms
02-23 03:42:54.591 11496 11496 I 100     : Open /data/app/~~H_gIp3nxzyq2yMxW_c054A==/com.google.android.googlequicksearchbox-ePajk4SqssSfJRKTf-oGMw==/base.apk took:107ms
02-23 03:42:55.134  1472 11636 I 100     : Open /system/system_ext/app/AntHalService-Soong/AntHalService-Soong.apk took:53ms
02-23 03:42:55.136  1472 11638 I 100     : Open /system/system_ext/app/AntHalService-Soong/AntHalService-Soong.apk took:55ms
02-23 03:42:55.137  1472 11635 I 100     : Open /system/system_ext/app/AntHalService-Soong/AntHalService-Soong.apk took:57ms
02-23 03:42:55.150  1472 11639 I 100     : Open /system/system_ext/app/AntHalService-Soong/AntHalService-Soong.apk took:68ms
02-23 03:42:55.160  1472 11637 I 100     : Open /system/system_ext/app/AntHalService-Soong/AntHalService-Soong.apk took:80ms
02-23 03:42:57.587 11832 11832 I 100     : Open /data/app/~~DVOBl-1NHCYdWbDxI9Vshg==/com.google.android.apps.maps-tEMAEht8POXoomX5Buz22g==/base.apk took:219ms
02-23 03:42:58.415 11832 11832 I 309     : package:com.google.android.apps.maps took:1071 calssname:android.app.ActivityThread$H callback:null what:110
02-23 03:42:58.650 11832 11874 I 100     : Open /data/app/~~4cz1r4shV35tmGD9fDhiFA==/com.google.android.gms-7zQf4gaHMsB3yk_zhZEPJQ==/split_GoogleCertificates_installtime.apk took:102ms
02-23 03:43:00.505 11985 11985 I 100     : Open /data/app/~~DVOBl-1NHCYdWbDxI9Vshg==/com.google.android.apps.maps-tEMAEht8POXoomX5Buz22g==/base.apk took:104ms
02-23 03:43:01.087 12011 12011 I 100     : Open /data/app/~~U9BflnOzWBHzH2iD3kBzWQ==/com.google.android.apps.photos-Rdc1jByi2e2watJIli7F6g==/base.apk took:117ms
02-23 03:43:02.047 12062 12062 I 100     : Open /data/app/~~yE_aEEm-nG4lhYy0a2KIqw==/com.google.android.apps.tachyon--ipxxxTv8bFDoSNOTQqlhw==/base.apk took:117ms
02-23 03:43:05.047 12224 12224 I 100     : Open /data/app/~~6PlnOOX9VRcHcjuZ_VKLOw==/com.android.vending-EVB_iaCIvFCrw-1UEPEhHg==/base.apk took:88ms
02-23 03:43:07.107 12411 12411 I 100     : Open /data/app/~~nD_361WU5HRwZI_Fvapqjg==/com.google.android.apps.walletnfcrel-3UcPrXHiS3GhXqH_J82eTw==/base.apk took:120ms
02-23 03:43:09.808 12541 12541 I 100     : Open /data/app/~~abABbug0VrXQ3q4JxN-esQ==/com.google.android.apps.youtube.music-YXZbQ3KDHYrwTli1EXcHOQ==/base.apk took:119ms
02-23 03:43:11.206 12677 12677 I 100     : Open /data/app/~~pXI9UK18AUverFXJq6t5Hg==/com.google.android.calendar-2CkBJv8bdHLGEdp_7jfJsA==/base.apk took:82ms
02-23 03:43:12.249 12677 12677 I 309     : package:com.google.android.calendar took:1159 calssname:android.app.ActivityThread$H callback:null what:110
02-23 03:43:14.565 12874 12874 I 100     : Open /data/app/~~OxPw7XC-ppbwv68uIVeaBg==/com.google.android.gm-eBYDBpGZdjsMtEA2EvGSoA==/base.apk took:165ms
02-23 03:43:15.575 12874 12874 I 309     : package:com.google.android.gm took:1202 calssname:android.app.ActivityThread$H callback:null what:110
02-23 03:43:18.437 12874 12874 I 309     : package:com.google.android.gm took:1059 calssname:android.app.job.JobServiceEngine$JobHandler callback:null what:0
02-23 03:43:22.451  4060  4060 I 309     : package:com.google.android.gms took:1733 calssname:android.app.ActivityThread$H callback:null what:121
02-23 03:43:24.320 13102 13102 I 309     : package:com.android.providers.contacts took:1146 calssname:android.app.ActivityThread$H callback:null what:110
02-23 03:43:28.133  3766  3766 I 309     : package:com.android.phone took:1005 calssname:android.app.ActivityThread$H callback:com.android.ims.-$$Lambda$FeatureConnector$1$Fr-H9dx1qByyvlwkxmZ3PK1oz7w@8992037 what:0
02-23 03:43:29.426  3766  3766 I 309     : package:com.android.phone took:1100 calssname:com.qualcomm.qti.internal.telephony.QtiServiceStateTracker callback:null what:4
02-23 03:43:46.032 13336 13336 I 100     : Open /data/app/~~NvgKNFVkt_GQBCPPjoAm2w==/com.google.android.inputmethod.latin-YIxgiu6Ej3uRw6hZ7_I45A==/base.apk took:90ms
02-23 03:43:50.430 13507 13507 I 309     : package:com.google.android.setupwizard took:1348 calssname:android.app.ActivityThread$H callback:null what:110
02-23 03:43:51.802 13544 13544 I 309     : package:com.google.android.syncadapters.contacts took:1204 calssname:android.app.ActivityThread$H callback:null what:110
02-23 03:43:52.653 13507 13507 I 309     : package:com.google.android.setupwizard took:1406 calssname:android.os.Handler callback:auj@477f62a what:0
02-23 03:43:55.224  2920  3844 I 110     :  OptJank - total:107 frameGap:115 delta#100#5#3#0#0#2
02-23 03:43:55.831 14118 14118 I 309     : package:com.google.android.videos took:2173 calssname:android.app.ActivityThread$H callback:null what:110
02-23 03:43:55.969  1472  2584 I 300     : 41
02-23 03:43:56.440 15241 15241 I 100     : Open /data/app/~~N_FJpyiX4vKyyQ9Yb-bT-w==/com.google.android.youtube-nv9QM-cBrk9hs12gb5kwSg==/base.apk took:100ms
02-23 03:43:56.482 14891 14891 I 309     : package:net.oneplus.weather took:1102 calssname:android.app.ActivityThread$H callback:null what:110
02-23 03:43:57.262 15241 15723 I 100     : Open /data/user/0/com.google.android.youtube/app_pccache2/5/8C5AE28E06233ED046257CCB628AC34047ABB1F1/pcam.jar took:140ms
02-23 03:43:57.296  2920  3844 I 110     :  OptJank - total:184 frameGap:184 delta#200#11#6#3#0#1
02-23 03:43:57.696  2920  3844 I 110     :  OptJank - total:111 frameGap:125 delta#100#10#9#0#0#0
02-23 03:44:02.245  2794  6110 I 111     :  OptJank - continuously drops frames:4
02-23 03:44:02.375  2794  6110 I 111     :  OptJank - continuously drops frames:4
02-23 03:44:02.392  2794  6110 I 111     :  OptJank - high percentage:0.7
02-23 03:44:02.443  2794  6110 I 111     :  OptJank - continuously drops frames:4
02-23 03:44:04.634  1472  2674 I 106     : System spent 172.9ms processing the last key event: KeyEvent#4
02-23 03:44:07.680  2795 18781 I 100     : Open /data/app/~~SGVulOPIdKwW7TLhJl3mWQ==/com.nsdlpb.jiffy-ww_LvEoMfKIS1nP8Rye2Xg==/base.apk took:692ms
02-23 03:44:09.753 19111 19111 I 100     : Open /data/app/~~H_gIp3nxzyq2yMxW_c054A==/com.google.android.googlequicksearchbox-ePajk4SqssSfJRKTf-oGMw==/base.apk took:98ms
02-23 03:44:11.498  1472  2581 I 322     : com.nsdlpb.jiffy#387#5155
02-23 03:44:16.076 19654 19654 I 100     : Open /data/app/~~6PlnOOX9VRcHcjuZ_VKLOw==/com.android.vending-EVB_iaCIvFCrw-1UEPEhHg==/base.apk took:65ms
02-23 03:44:18.859 19866 19866 I 100     : Open /data/app/~~abABbug0VrXQ3q4JxN-esQ==/com.google.android.apps.youtube.music-YXZbQ3KDHYrwTli1EXcHOQ==/base.apk took:56ms
02-23 03:44:20.929  1472  2674 I 106     : System spent 129.7ms processing the last key event: KeyEvent#4
02-23 03:44:20.930  1472  2674 I 106     : System spent 210.8ms processing the last key event: KeyEvent#4
02-23 03:44:26.166 20385 20385 I 309     : package:com.android.providers.blockednumber took:1006 calssname:android.app.ActivityThread$H callback:null what:110
02-23 03:44:26.900 20528 20528 I 100     : Open /data/app/~~6PlnOOX9VRcHcjuZ_VKLOw==/com.android.vending-EVB_iaCIvFCrw-1UEPEhHg==/base.apk took:78ms
02-23 03:44:27.954  3766  3766 I 309     : package:com.android.phone took:1426 calssname:android.app.ActivityThread$H callback:com.android.ims.-$$Lambda$FeatureConnector$1$Fr-H9dx1qByyvlwkxmZ3PK1oz7w@1d4cdc2 what:0
02-23 03:44:28.137 20528 20528 I 309     : package:com.android.vending took:1353 calssname:android.app.ActivityThread$H callback:null what:110
02-23 03:44:31.688  2920  3844 I 110     :  OptJank - total:214 frameGap:224 delta#0#211#1#4#0#1
02-23 03:44:32.660  1472  2581 I 322     : com.android.shell#202#971
02-23 03:44:48.015  2794  6110 I 110     :  OptJank - total:127 frameGap:1143 delta#0#124#123#0#0#3
02-23 03:44:48.068 20801 20855 I 100     : Open /data/app/~~SGVulOPIdKwW7TLhJl3mWQ==/com.nsdlpb.jiffy-ww_LvEoMfKIS1nP8Rye2Xg==/base.apk took:1.522s
02-23 03:44:48.196  2794  6110 I 110     :  OptJank - total:95 frameGap:99 delta#83#9#8#0#0#2
02-23 03:44:49.983  1472  2581 I 322     : com.nsdlpb.jiffy#-1#2053
02-23 03:45:01.783  2794  6110 I 110     :  OptJank - total:125 frameGap:736 delta#116#6#6#0#0#1
02-23 03:45:02.061  1472  2581 I 322     : moe.haruue.wadb#190#397
02-23 03:45:18.581  2806 24368 I 100     : Open /data/app/~~SGVulOPIdKwW7TLhJl3mWQ==/com.nsdlpb.jiffy-ww_LvEoMfKIS1nP8Rye2Xg==/base.apk took:705ms
02-23 03:45:22.853  1472  2581 I 322     : com.nsdlpb.jiffy#-1#5548
02-23 03:45:29.551  2794  6110 I 110     :  OptJank - total:231 frameGap:245 delta#216#12#11#0#0#2
02-23 03:45:30.916  2794  6110 I 111     :  OptJank - continuously drops frames:4
02-23 03:45:32.480  2813 25605 I 100     : Open /data/app/~~SGVulOPIdKwW7TLhJl3mWQ==/com.nsdlpb.jiffy-ww_LvEoMfKIS1nP8Rye2Xg==/base.apk took:664ms
02-23 03:45:34.245  1472  2581 I 322     : com.nsdlpb.jiffy#-1#2850
--------- beginning of main
02-23 03:47:05.313  1184  4044 I vendor.qti.bluetooth@1.0-ibs_handler: ProcessIbsCmd: Received IBS_SLEEP_IND: 0xFE
02-23 03:47:05.313  1184  4044 D vendor.qti.bluetooth@1.0-ibs_handler: SerialClockVote: vote for UART CLK OFF
02-23 03:47:05.351  1184  4044 I vendor.qti.bluetooth@1.0-ibs_handler: ProcessIbsCmd: Received IBS_WAKE_IND: 0xFD
02-23 03:47:05.351  1184  4044 D vendor.qti.bluetooth@1.0-ibs_handler: SerialClockVote: vote for UART CLK ON
02-23 03:47:05.351  1184  4044 I vendor.qti.bluetooth@1.0-ibs_handler: ProcessIbsCmd: Writing IBS_WAKE_ACK
02-23 03:47:05.353  2884  4046 V bt_stack: [VERBOSE1:btm_inq.cc(1019)] BTM_InqDbRead: bd addr 4e:94:82:67:a5:aa
02-23 03:47:05.392  1184  4044 I vendor.qti.bluetooth@1.0-ibs_handler: ProcessIbsCmd: Received IBS_SLEEP_IND: 0xFE
02-23 03:47:05.392  1184  4044 D vendor.qti.bluetooth@1.0-ibs_handler: SerialClockVote: vote for UART CLK OFF
02-23 03:47:05.510 21165 29918 W adbd    : timed out while waiting for FUNCTIONFS_BIND, trying again
02-23 03:47:05.510 21165 29918 I adbd    : UsbFfs: connection terminated: monitor thread finished
02-23 03:47:05.511 21165 21165 I adbd    : UsbFfs: already offline
02-23 03:47:05.511 21165 21165 I adbd    : destroying transport UsbFfs
02-23 03:47:05.511 21165 21165 I adbd    : UsbFfsConnection being destroyed
02-23 03:47:05.542  1184  3830 D vendor.qti.bluetooth@1.0-wake_lock: Release wakelock is released 
02-23 03:47:05.554 21165 21169 I adbd    : opening control endpoint /dev/usb-ffs/adb/ep0
02-23 03:47:05.556 21165 21169 I adbd    : UsbFfsConnection constructed
02-23 03:47:05.556 21165 29922 I adbd    : UsbFfs-monitor thread spawned
02-23 03:47:06.558 21165 29922 W adbd    : timed out while waiting for FUNCTIONFS_BIND, trying again
02-23 03:47:06.558 21165 29922 I adbd    : UsbFfs: connection terminated: monitor thread finished
02-23 03:47:06.558 21165 21165 I adbd    : UsbFfs: already offline
02-23 03:47:06.558 21165 21165 I adbd    : destroying transport UsbFfs
02-23 03:47:06.559 21165 21165 I adbd    : UsbFfsConnection being destroyed
02-23 03:47:06.593 21165 21169 I adbd    : opening control endpoint /dev/usb-ffs/adb/ep0
02-23 03:47:06.595 21165 21169 I adbd    : UsbFfsConnection constructed
02-23 03:47:06.598 21165 29923 I adbd    : UsbFfs-monitor thread spawned
02-23 03:47:06.620  1472  5995 D NotDeveloper: processing get from com.dsi.ant.server with arg ro.boot.project_codename
02-23 03:47:06.623  1472  5995 I chatty  : uid=1000(system) HwBinder:1472_5 identical 3 lines
02-23 03:47:06.623  1472  5995 D NotDeveloper: processing get from com.dsi.ant.server with arg ro.boot.project_codename
02-23 03:47:06.633  1472  2554 D NotDeveloper: processing get from com.dsi.ant.server with arg persist.charging.notify
02-23 03:47:06.633  2920  2920 I OpUtils : isSupportWarpCharging:false
02-23 03:47:06.633  2920  2920 D OpSWarpChargingView: level is same as latest one [49]
02-23 03:47:06.634  1472  2554 D NotDeveloper: processing get from com.dsi.ant.server with arg persist.charging.notify
02-23 03:47:06.634  1472  2554 I chatty  : uid=1000(system) android.fg identical 1 line
02-23 03:47:06.634  1472  2554 D NotDeveloper: processing get from com.dsi.ant.server with arg persist.charging.notify
02-23 03:47:06.634 23169 23169 D Cloud.DeviceStatusDispatcher: charge status is 2
02-23 03:47:06.635  1472  2554 D NotDeveloper: processing get from com.dsi.ant.server with arg persist.charging.notify
02-23 03:47:06.635 23169 23169 D Cloud.DeviceStatusDispatcher: battery Temperature 32.0
02-23 03:47:06.635 23169 23169 D Cloud.BatteryStatusUtil: setBatteryTemperature = 32.0
02-23 03:47:06.637  2920  2920 D KeyguardUpdateMonitor: received broadcast android.intent.action.BATTERY_CHANGED
02-23 03:47:06.637  2920  2920 I OpUtils : isSupportWarpCharging:false
02-23 03:47:06.637  2920  2920 D KeyguardUpdateMonitor: pdCharge false, chargingstatus 0, fastcharge:0
02-23 03:47:06.638  3598  3598 D QtiCarrierConfigHelper: WARNING, no carrier configs on phone Id: 0
02-23 03:47:06.640  1472  2570 W AlarmManager: Unrecognized alarm listener com.android.server.OpPowerControllerService$tsu@d0cd9d4
02-23 03:47:06.717  1184  4044 I vendor.qti.bluetooth@1.0-ibs_handler: ProcessIbsCmd: Received IBS_WAKE_IND: 0xFD
02-23 03:47:06.717  1184  4044 D vendor.qti.bluetooth@1.0-ibs_handler: SerialClockVote: vote for UART CLK ON
02-23 03:47:06.718  1184  4044 D vendor.qti.bluetooth@1.0-wake_lock: Acquire wakelock is acquired 
02-23 03:47:06.718  1184  4044 I vendor.qti.bluetooth@1.0-ibs_handler: ProcessIbsCmd: Writing IBS_WAKE_ACK
02-23 03:47:06.721  2884  4046 V bt_stack: [VERBOSE1:btm_inq.cc(1019)] BTM_InqDbRead: bd addr 4e:94:82:67:a5:aa
02-23 03:47:06.734  3661  3661 D DeviceStatisticsService: chargerType=1 batteryLevel=49 totalBatteryCapacity=4306600
02-23 03:47:06.759  1184  4044 I vendor.qti.bluetooth@1.0-ibs_handler: ProcessIbsCmd: Received IBS_SLEEP_IND: 0xFE
02-23 03:47:06.759  1184  4044 D vendor.qti.bluetooth@1.0-ibs_handler: SerialClockVote: vote for UART CLK OFF
02-23 03:47:06.791  1184  4044 I vendor.qti.bluetooth@1.0-ibs_handler: ProcessIbsCmd: Received IBS_WAKE_IND: 0xFD
02-23 03:47:06.791  1184  4044 D vendor.qti.bluetooth@1.0-ibs_handler: SerialClockVote: vote for UART CLK ON
02-23 03:47:06.791  1184  4044 I vendor.qti.bluetooth@1.0-ibs_handler: ProcessIbsCmd: Writing IBS_WAKE_ACK
02-23 03:47:06.793  2884  4046 V bt_stack: [VERBOSE1:btm_inq.cc(1019)] BTM_InqDbRead: bd addr 4e:94:82:67:a5:aa
02-23 03:47:06.832  1184  4044 I vendor.qti.bluetooth@1.0-ibs_handler: ProcessIbsCmd: Received IBS_SLEEP_IND: 0xFE
02-23 03:47:06.832  1184  4044 D vendor.qti.bluetooth@1.0-ibs_handler: SerialClockVote: vote for UART CLK OFF
02-23 03:47:06.982  1184  3830 D vendor.qti.bluetooth@1.0-wake_lock: Release wakelock is released 
02-23 03:47:07.093  1472  5995 D NotDeveloper: processing get from com.dsi.ant.server with arg ro.boot.project_codename
02-23 03:47:07.094  1472  5995 I chatty  : uid=1000(system) HwBinder:1472_5 identical 3 lines
02-23 03:47:07.095  1472  5995 D NotDeveloper: processing get from com.dsi.ant.server with arg ro.boot.project_codename
02-23 03:47:07.101  1472  2570 W AlarmManager: Unrecognized alarm listener com.android.server.OpPowerControllerService$tsu@d0cd9d4
02-23 03:47:07.102  1472  2554 D NotDeveloper: processing get from com.dsi.ant.server with arg persist.charging.notify
02-23 03:47:07.102  1472  2554 D NotDeveloper: processing get from com.dsi.ant.server with arg persist.charging.notify
02-23 03:47:07.104  3598  3598 D QtiCarrierConfigHelper: WARNING, no carrier configs on phone Id: 0
02-23 03:47:07.104  1472  2554 D NotDeveloper: processing get from com.dsi.ant.server with arg persist.charging.notify
02-23 03:47:07.104  1472  2554 I chatty  : uid=1000(system) android.fg identical 1 line
02-23 03:47:07.105  1472  2554 D NotDeveloper: processing get from com.dsi.ant.server with arg persist.charging.notify
02-23 03:47:07.106 23169 23169 D Cloud.DeviceStatusDispatcher: charge status is 2
02-23 03:47:07.107  2920  2920 I OpUtils : isSupportWarpCharging:false
02-23 03:47:07.107  2920  2920 D OpSWarpChargingView: level is same as latest one [49]
02-23 03:47:07.112  2920  2920 D KeyguardUpdateMonitor: received broadcast android.intent.action.BATTERY_CHANGED
02-23 03:47:07.113  2920  2920 I OpUtils : isSupportWarpCharging:false
02-23 03:47:07.113  2920  2920 D KeyguardUpdateMonitor: pdCharge false, chargingstatus 0, fastcharge:0
02-23 03:47:07.145  3661  3661 D DeviceStatisticsService: chargerType=1 batteryLevel=49 totalBatteryCapacity=4307500
02-23 03:47:07.480  1184  4044 I vendor.qti.bluetooth@1.0-ibs_handler: ProcessIbsCmd: Received IBS_WAKE_IND: 0xFD
02-23 03:47:07.480  1184  4044 D vendor.qti.bluetooth@1.0-ibs_handler: SerialClockVote: vote for UART CLK ON
02-23 03:47:07.481  1184  4044 D vendor.qti.bluetooth@1.0-wake_lock: Acquire wakelock is acquired 
02-23 03:47:07.481  1184  4044 I vendor.qti.bluetooth@1.0-ibs_handler: ProcessIbsCmd: Writing IBS_WAKE_ACK
02-23 03:47:07.483  2884  4046 V bt_stack: [VERBOSE1:btm_inq.cc(1019)] BTM_InqDbRead: bd addr 4e:94:82:67:a5:aa
02-23 03:47:07.522  1184  4044 I vendor.qti.bluetooth@1.0-ibs_handler: ProcessIbsCmd: Received IBS_SLEEP_IND: 0xFE
02-23 03:47:07.523  1184  4044 D vendor.qti.bluetooth@1.0-ibs_handler: SerialClockVote: vote for UART CLK OFF
02-23 03:47:07.559  1184  4044 I vendor.qti.bluetooth@1.0-ibs_handler: ProcessIbsCmd: Received IBS_WAKE_IND: 0xFD
02-23 03:47:07.559  1184  4044 D vendor.qti.bluetooth@1.0-ibs_handler: SerialClockVote: vote for UART CLK ON
02-23 03:47:07.559  1184  4044 I vendor.qti.bluetooth@1.0-ibs_handler: ProcessIbsCmd: Writing IBS_WAKE_ACK
02-23 03:47:07.561  2884  4046 V bt_stack: [VERBOSE1:btm_inq.cc(1019)] BTM_InqDbRead: bd addr 4e:94:82:67:a5:aa
02-23 03:47:07.600 21165 29923 W adbd    : timed out while waiting for FUNCTIONFS_BIND, trying again
02-23 03:47:07.600  1184  4044 I vendor.qti.bluetooth@1.0-ibs_handler: ProcessIbsCmd: Received IBS_SLEEP_IND: 0xFE
02-23 03:47:07.600  1184  4044 D vendor.qti.bluetooth@1.0-ibs_handler: SerialClockVote: vote for UART CLK OFF
02-23 03:47:07.600 21165 29923 I adbd    : UsbFfs: connection terminated: monitor thread finished
02-23 03:47:07.600 21165 21165 I adbd    : UsbFfs: already offline
02-23 03:47:07.600 21165 21165 I adbd    : destroying transport UsbFfs
02-23 03:47:07.601 21165 21165 I adbd    : UsbFfsConnection being destroyed
02-23 03:47:07.643 21165 21169 I adbd    : opening control endpoint /dev/usb-ffs/adb/ep0
02-23 03:47:07.648 21165 21169 I adbd    : UsbFfsConnection constructed
02-23 03:47:07.651 21165 29924 I adbd    : UsbFfs-monitor thread spawned
02-23 03:47:07.750  1184  3830 D vendor.qti.bluetooth@1.0-wake_lock: Release wakelock is released 
02-23 03:47:08.159  1184  4044 I vendor.qti.bluetooth@1.0-ibs_handler: ProcessIbsCmd: Received IBS_WAKE_IND: 0xFD
02-23 03:47:08.159  1184  4044 D vendor.qti.bluetooth@1.0-ibs_handler: SerialClockVote: vote for UART CLK ON
02-23 03:47:08.160  1184  4044 D vendor.qti.bluetooth@1.0-wake_lock: Acquire wakelock is acquired 
02-23 03:47:08.160  1184  4044 I vendor.qti.bluetooth@1.0-ibs_handler: ProcessIbsCmd: Writing IBS_WAKE_ACK
02-23 03:47:08.164  2884  4046 V bt_stack: [VERBOSE1:btm_inq.cc(1019)] BTM_InqDbRead: bd addr 4e:94:82:67:a5:aa
02-23 03:47:08.201  1184  4044 I vendor.qti.bluetooth@1.0-ibs_handler: ProcessIbsCmd: Received IBS_SLEEP_IND: 0xFE
02-23 03:47:08.201  1184  4044 D vendor.qti.bluetooth@1.0-ibs_handler: SerialClockVote: vote for UART CLK OFF
02-23 03:47:08.229  1184  4044 I vendor.qti.bluetooth@1.0-ibs_handler: ProcessIbsCmd: Received IBS_WAKE_IND: 0xFD
02-23 03:47:08.229  1184  4044 D vendor.qti.bluetooth@1.0-ibs_handler: SerialClockVote: vote for UART CLK ON
02-23 03:47:08.229  1184  4044 I vendor.qti.bluetooth@1.0-ibs_handler: ProcessIbsCmd: Writing IBS_WAKE_ACK
02-23 03:47:08.231  2884  4046 V bt_stack: [VERBOSE1:btm_inq.cc(1019)] BTM_InqDbRead: bd addr 4e:94:82:67:a5:aa
02-23 03:47:08.270  1184  4044 I vendor.qti.bluetooth@1.0-ibs_handler: ProcessIbsCmd: Received IBS_SLEEP_IND: 0xFE
02-23 03:47:08.270  1184  4044 D vendor.qti.bluetooth@1.0-ibs_handler: SerialClockVote: vote for UART CLK OFF
02-23 03:47:08.288  2813 25634 I e       : isMoreEventsPresentForProcessing()
02-23 03:47:08.289  2813 25634 I e       : Event count is 0
02-23 03:47:08.289  2813 25634 I a       : Events in DB: false tracking status: true
02-23 03:47:08.290  2813 25634 V NetworkUtil: network is not null
02-23 03:47:08.292  2813 25634 I a       : scheduling next batch process in 10000 milli seconds and thread name is EventBatchProcessor_Thread
02-23 03:47:08.420  1184  3830 D vendor.qti.bluetooth@1.0-wake_lock: Release wakelock is released 
--------- beginning of system
02-23 03:47:08.597  1472  2660 V AlarmManager: Triggering alarm #0: 2 when =310815 package =android operation = null listenTag =WifiConnectivityManager Schedule Periodic Scan Timer flags =0x8
02-23 03:47:08.652 21165 29924 W adbd    : timed out while waiting for FUNCTIONFS_BIND, trying again
02-23 03:47:08.653 21165 29924 I adbd    : UsbFfs: connection terminated: monitor thread finished
02-23 03:47:08.653 21165 21165 I adbd    : UsbFfs: already offline
02-23 03:47:08.653 21165 21165 I adbd    : destroying transport UsbFfs
02-23 03:47:08.653 21165 21165 I adbd    : UsbFfsConnection being destroyed
02-23 03:47:08.693 21165 21169 I adbd    : opening control endpoint /dev/usb-ffs/adb/ep0
02-23 03:47:08.698 21165 21169 I adbd    : UsbFfsConnection constructed
02-23 03:47:08.699 21165 29927 I adbd    : UsbFfs-monitor thread spawned
02-23 03:47:08.821  1184  4044 I vendor.qti.bluetooth@1.0-ibs_handler: ProcessIbsCmd: Received IBS_WAKE_IND: 0xFD
02-23 03:47:08.821  1184  4044 D vendor.qti.bluetooth@1.0-ibs_handler: SerialClockVote: vote for UART CLK ON
02-23 03:47:08.822  1184  4044 D vendor.qti.bluetooth@1.0-wake_lock: Acquire wakelock is acquired 
02-23 03:47:08.822  1184  4044 I vendor.qti.bluetooth@1.0-ibs_handler: ProcessIbsCmd: Writing IBS_WAKE_ACK
02-23 03:47:08.823  2884  4046 V bt_stack: [VERBOSE1:btm_inq.cc(1019)] BTM_InqDbRead: bd addr 4e:94:82:67:a5:aa
02-23 03:47:08.829  4060  6140 I NearbyDiscovery: (REDACTED) BloomFilterAdvManager: Detected bloom filter but too far away, ignoring. %sm, %s
02-23 03:47:08.863  1184  4044 I vendor.qti.bluetooth@1.0-ibs_handler: ProcessIbsCmd: Received IBS_SLEEP_IND: 0xFE
02-23 03:47:08.863  1184  4044 D vendor.qti.bluetooth@1.0-ibs_handler: SerialClockVote: vote for UART CLK OFF
02-23 03:47:09.013  1184  3830 D vendor.qti.bluetooth@1.0-wake_lock: Release wakelock is released 
02-23 03:47:09.701 21165 29927 W adbd    : timed out while waiting for FUNCTIONFS_BIND, trying again
02-23 03:47:09.701 21165 29927 I adbd    : UsbFfs: connection terminated: monitor thread finished
02-23 03:47:09.701 21165 21165 I adbd    : UsbFfs: already offline
02-23 03:47:09.701 21165 21165 I adbd    : destroying transport UsbFfs
02-23 03:47:09.701 21165 21165 I adbd    : UsbFfsConnection being destroyed
02-23 03:47:09.733 21165 21169 I adbd    : opening control endpoint /dev/usb-ffs/adb/ep0
02-23 03:47:09.736 21165 21169 I adbd    : UsbFfsConnection constructed
02-23 03:47:09.738 21165 29928 I adbd    : UsbFfs-monitor thread spawned
02-23 03:47:10.136  2920  2920 E ndroid.systemu: Invalid ID 0x00000000.
02-23 03:47:10.137  2920  2920 I chatty  : uid=10193(com.android.systemui) identical 2 lines
02-23 03:47:10.137  2920  2920 E ndroid.systemu: Invalid ID 0x00000000.
02-23 03:47:10.299  1184  4044 I vendor.qti.bluetooth@1.0-ibs_handler: ProcessIbsCmd: Received IBS_WAKE_IND: 0xFD
02-23 03:47:10.299  1184  4044 D vendor.qti.bluetooth@1.0-ibs_handler: SerialClockVote: vote for UART CLK ON
02-23 03:47:10.300  1184  4044 D vendor.qti.bluetooth@1.0-wake_lock: Acquire wakelock is acquired 
02-23 03:47:10.300  1184  4044 I vendor.qti.bluetooth@1.0-ibs_handler: ProcessIbsCmd: Writing IBS_WAKE_ACK
02-23 03:47:10.341  1184  4044 I vendor.qti.bluetooth@1.0-ibs_handler: ProcessIbsCmd: Received IBS_SLEEP_IND: 0xFE
02-23 03:47:10.341  1184  4044 D vendor.qti.bluetooth@1.0-ibs_handler: SerialClockVote: vote for UART CLK OFF
02-23 03:47:10.341  1184  4044 I vendor.qti.bluetooth@1.0-ibs_handler: ProcessIbsCmd: Received IBS_WAKE_IND: 0xFD
02-23 03:47:10.341  1184  4044 D vendor.qti.bluetooth@1.0-ibs_handler: SerialClockVote: vote for UART CLK ON
02-23 03:47:10.342  1184  4044 I vendor.qti.bluetooth@1.0-ibs_handler: ProcessIbsCmd: Writing IBS_WAKE_ACK
02-23 03:47:10.344  2884  4046 V bt_stack: [VERBOSE1:btm_inq.cc(1019)] BTM_InqDbRead: bd addr 4e:94:82:67:a5:aa
02-23 03:47:10.382  1184  4044 I vendor.qti.bluetooth@1.0-ibs_handler: ProcessIbsCmd: Received IBS_SLEEP_IND: 0xFE
02-23 03:47:10.383  1184  4044 D vendor.qti.bluetooth@1.0-ibs_handler: SerialClockVote: vote for UART CLK OFF
02-23 03:47:10.534  1184  3830 D vendor.qti.bluetooth@1.0-wake_lock: Release wakelock is released 
02-23 03:47:10.739 21165 29928 W adbd    : timed out while waiting for FUNCTIONFS_BIND, trying again
02-23 03:47:10.739 21165 29928 I adbd    : UsbFfs: connection terminated: monitor thread finished
02-23 03:47:10.740 21165 21165 I adbd    : UsbFfs: already offline
02-23 03:47:10.740 21165 21165 I adbd    : destroying transport UsbFfs
02-23 03:47:10.740 21165 21165 I adbd    : UsbFfsConnection being destroyed
02-23 03:47:10.773 21165 21169 I adbd    : opening control endpoint /dev/usb-ffs/adb/ep0
02-23 03:47:10.776 21165 21169 I adbd    : UsbFfsConnection constructed
02-23 03:47:10.778 21165 29929 I adbd    : UsbFfs-monitor thread spawned
02-23 03:47:11.043  1184  4044 I vendor.qti.bluetooth@1.0-ibs_handler: ProcessIbsCmd: Received IBS_WAKE_IND: 0xFD
02-23 03:47:11.043  1184  4044 D vendor.qti.bluetooth@1.0-ibs_handler: SerialClockVote: vote for UART CLK ON
02-23 03:47:11.044  1184  4044 D vendor.qti.bluetooth@1.0-wake_lock: Acquire wakelock is acquired 
02-23 03:47:11.044  1184  4044 I vendor.qti.bluetooth@1.0-ibs_handler: ProcessIbsCmd: Writing IBS_WAKE_ACK
02-23 03:47:11.047  2884  4046 V bt_stack: [VERBOSE1:btm_inq.cc(1019)] BTM_InqDbRead: bd addr 4e:94:82:67:a5:aa
02-23 03:47:11.085  1184  4044 I vendor.qti.bluetooth@1.0-ibs_handler: ProcessIbsCmd: Received IBS_SLEEP_IND: 0xFE
02-23 03:47:11.085  1184  4044 D vendor.qti.bluetooth@1.0-ibs_handler: SerialClockVote: vote for UART CLK OFF
02-23 03:47:11.236  1184  3830 D vendor.qti.bluetooth@1.0-wake_lock: Release wakelock is released 
02-23 03:47:11.779 21165 29929 W adbd    : timed out while waiting for FUNCTIONFS_BIND, trying again
02-23 03:47:11.779 21165 29929 I adbd    : UsbFfs: connection terminated: monitor thread finished
02-23 03:47:11.780 21165 21165 I adbd    : UsbFfs: already offline
02-23 03:47:11.780 21165 21165 I adbd    : destroying transport UsbFfs
02-23 03:47:11.780 21165 21165 I adbd    : UsbFfsConnection being destroyed
02-23 03:47:11.813 21165 21169 I adbd    : opening control endpoint /dev/usb-ffs/adb/ep0
02-23 03:47:11.815 21165 21169 I adbd    : UsbFfsConnection constructed
02-23 03:47:11.816 21165 29930 I adbd    : UsbFfs-monitor thread spawned
02-23 03:47:11.889  1184  4044 I vendor.qti.bluetooth@1.0-ibs_handler: ProcessIbsCmd: Received IBS_WAKE_IND: 0xFD
02-23 03:47:11.889  1184  4044 D vendor.qti.bluetooth@1.0-ibs_handler: SerialClockVote: vote for UART CLK ON
02-23 03:47:11.890  1184  4044 D vendor.qti.bluetooth@1.0-wake_lock: Acquire wakelock is acquired 
02-23 03:47:11.890  1184  4044 I vendor.qti.bluetooth@1.0-ibs_handler: ProcessIbsCmd: Writing IBS_WAKE_ACK
02-23 03:47:11.891  2884  4046 V bt_stack: [VERBOSE1:btm_inq.cc(1019)] BTM_InqDbRead: bd addr 4e:94:82:67:a5:aa
02-23 03:47:11.931  1184  4044 I vendor.qti.bluetooth@1.0-ibs_handler: ProcessIbsCmd: Received IBS_SLEEP_IND: 0xFE
02-23 03:47:11.931  1184  4044 D vendor.qti.bluetooth@1.0-ibs_handler: SerialClockVote: vote for UART CLK OFF
02-23 03:47:11.964  1184  4044 I vendor.qti.bluetooth@1.0-ibs_handler: ProcessIbsCmd: Received IBS_WAKE_IND: 0xFD
02-23 03:47:11.964  1184  4044 D vendor.qti.bluetooth@1.0-ibs_handler: SerialClockVote: vote for UART CLK ON
02-23 03:47:11.964  1184  4044 I vendor.qti.bluetooth@1.0-ibs_handler: ProcessIbsCmd: Writing IBS_WAKE_ACK
02-23 03:47:11.966  2884  4046 V bt_stack: [VERBOSE1:btm_inq.cc(1019)] BTM_InqDbRead: bd addr 4e:94:82:67:a5:aa
02-23 03:47:12.005  1184  4044 I vendor.qti.bluetooth@1.0-ibs_handler: ProcessIbsCmd: Received IBS_SLEEP_IND: 0xFE
02-23 03:47:12.005  1184  4044 D vendor.qti.bluetooth@1.0-ibs_handler: SerialClockVote: vote for UART CLK OFF
02-23 03:47:12.156  1184  3830 D vendor.qti.bluetooth@1.0-wake_lock: Release wakelock is released 
02-23 03:47:12.479  1184  4044 I vendor.qti.bluetooth@1.0-ibs_handler: ProcessIbsCmd: Received IBS_WAKE_IND: 0xFD
02-23 03:47:12.479  1184  4044 D vendor.qti.bluetooth@1.0-ibs_handler: SerialClockVote: vote for UART CLK ON
02-23 03:47:12.480  1184  4044 D vendor.qti.bluetooth@1.0-wake_lock: Acquire wakelock is acquired 
02-23 03:47:12.480  1184  4044 I vendor.qti.bluetooth@1.0-ibs_handler: ProcessIbsCmd: Writing IBS_WAKE_ACK
02-23 03:47:12.482  2884  4046 V bt_stack: [VERBOSE1:btm_inq.cc(1019)] BTM_InqDbRead: bd addr 4e:94:82:67:a5:aa
02-23 03:47:12.521  1184  4044 I vendor.qti.bluetooth@1.0-ibs_handler: ProcessIbsCmd: Received IBS_SLEEP_IND: 0xFE
02-23 03:47:12.521  1184  4044 D vendor.qti.bluetooth@1.0-ibs_handler: SerialClockVote: vote for UART CLK OFF
02-23 03:47:12.563  1184  4044 I vendor.qti.bluetooth@1.0-ibs_handler: ProcessIbsCmd: Received IBS_WAKE_IND: 0xFD
02-23 03:47:12.563  1184  4044 D vendor.qti.bluetooth@1.0-ibs_handler: SerialClockVote: vote for UART CLK ON
02-23 03:47:12.563  1184  4044 I vendor.qti.bluetooth@1.0-ibs_handler: ProcessIbsCmd: Writing IBS_WAKE_ACK
02-23 03:47:12.604  1184  4044 I vendor.qti.bluetooth@1.0-ibs_handler: ProcessIbsCmd: Received IBS_SLEEP_IND: 0xFE
02-23 03:47:12.604  1184  4044 D vendor.qti.bluetooth@1.0-ibs_handler: SerialClockVote: vote for UART CLK OFF
02-23 03:47:12.754  1184  3830 D vendor.qti.bluetooth@1.0-wake_lock: Release wakelock is released 
02-23 03:47:12.818 21165 29930 W adbd    : timed out while waiting for FUNCTIONFS_BIND, trying again
02-23 03:47:12.818 21165 29930 I adbd    : UsbFfs: connection terminated: monitor thread finished
02-23 03:47:12.819 21165 21165 I adbd    : UsbFfs: already offline
02-23 03:47:12.819 21165 21165 I adbd    : destroying transport UsbFfs
02-23 03:47:12.819 21165 21165 I adbd    : UsbFfsConnection being destroyed
02-23 03:47:12.854 21165 21169 I adbd    : opening control endpoint /dev/usb-ffs/adb/ep0
02-23 03:47:12.858 21165 21169 I adbd    : UsbFfsConnection constructed
02-23 03:47:12.859 21165 29932 I adbd    : UsbFfs-monitor thread spawned
02-23 03:47:13.542  1472  5995 D NotDeveloper: processing get from com.dsi.ant.server with arg ro.boot.project_codename
02-23 03:47:13.544  1472  5995 I chatty  : uid=1000(system) HwBinder:1472_5 identical 3 lines
02-23 03:47:13.544  1472  5995 D NotDeveloper: processing get from com.dsi.ant.server with arg ro.boot.project_codename
02-23 03:47:13.552  3598  3598 D QtiCarrierConfigHelper: WARNING, no carrier configs on phone Id: 0
02-23 03:47:13.554  1472  2570 W AlarmManager: Unrecognized alarm listener com.android.server.OpPowerControllerService$tsu@d0cd9d4
02-23 03:47:13.555  1472  2554 D NotDeveloper: processing get from com.dsi.ant.server with arg persist.charging.notify
02-23 03:47:13.556  2920  2920 I OpUtils : isSupportWarpCharging:false
02-23 03:47:13.556  1472  2554 D NotDeveloper: processing get from com.dsi.ant.server with arg persist.charging.notify
02-23 03:47:13.556  2920  2920 D OpSWarpChargingView: level is same as latest one [49]
02-23 03:47:13.556  1472  2554 D NotDeveloper: processing get from com.dsi.ant.server with arg persist.charging.notify
02-23 03:47:13.556  1472  2554 I chatty  : uid=1000(system) android.fg identical 1 line
02-23 03:47:13.557  1472  2554 D NotDeveloper: processing get from com.dsi.ant.server with arg persist.charging.notify
02-23 03:47:13.561  2920  2920 D KeyguardUpdateMonitor: received broadcast android.intent.action.BATTERY_CHANGED
02-23 03:47:13.561  2920  2920 I OpUtils : isSupportWarpCharging:false
02-23 03:47:13.561  2920  2920 D KeyguardUpdateMonitor: pdCharge false, chargingstatus 0, fastcharge:0
02-23 03:47:13.563 23169 23169 D Cloud.DeviceStatusDispatcher: charge status is 2
02-23 03:47:13.594  3661  3661 D DeviceStatisticsService: chargerType=1 batteryLevel=49 totalBatteryCapacity=4311100
02-23 03:47:13.861 21165 29932 W adbd    : timed out while waiting for FUNCTIONFS_BIND, trying again
02-23 03:47:13.861 21165 29932 I adbd    : UsbFfs: connection terminated: monitor thread finished
02-23 03:47:13.861 21165 21165 I adbd    : UsbFfs: already offline
02-23 03:47:13.861 21165 21165 I adbd    : destroying transport UsbFfs
02-23 03:47:13.862 21165 21165 I adbd    : UsbFfsConnection being destroyed
02-23 03:47:13.903 21165 21169 I adbd    : opening control endpoint /dev/usb-ffs/adb/ep0
02-23 03:47:13.907 21165 21169 I adbd    : UsbFfsConnection constructed
02-23 03:47:13.909 21165 29933 I adbd    : UsbFfs-monitor thread spawned
02-23 03:47:14.114  1184  4044 I vendor.qti.bluetooth@1.0-ibs_handler: ProcessIbsCmd: Received IBS_WAKE_IND: 0xFD
02-23 03:47:14.114  1184  4044 D vendor.qti.bluetooth@1.0-ibs_handler: SerialClockVote: vote for UART CLK ON
02-23 03:47:14.115  1184  4044 D vendor.qti.bluetooth@1.0-wake_lock: Acquire wakelock is acquired 
02-23 03:47:14.115  1184  4044 I vendor.qti.bluetooth@1.0-ibs_handler: ProcessIbsCmd: Writing IBS_WAKE_ACK
02-23 03:47:14.118  2884  4046 V bt_stack: [VERBOSE1:btm_inq.cc(1019)] BTM_InqDbRead: bd addr 4e:94:82:67:a5:aa
02-23 03:47:14.157  1184  4044 I vendor.qti.bluetooth@1.0-ibs_handler: ProcessIbsCmd: Received IBS_SLEEP_IND: 0xFE
02-23 03:47:14.157  1184  4044 D vendor.qti.bluetooth@1.0-ibs_handler: SerialClockVote: vote for UART CLK OFF
02-23 03:47:14.227  1326  3405 E surfaceflinger: [frame_perf] AutoBoostStrategyQuery fd<0 failed, errno=Inappropriate ioctl for device
02-23 03:47:14.227  1326  3405 E surfaceflinger: [frame_perf] AutoBoostConfigQuery fd<0 failed, errno=Inappropriate ioctl for device
02-23 03:47:14.307  1184  3830 D vendor.qti.bluetooth@1.0-wake_lock: Release wakelock is released 
02-23 03:47:14.493  2794  2794 D TouchInteractionService: onInputEvent# ev: MotionEvent { action=ACTION_DOWN, actionButton=0, id[0]=0, x[0]=432.0, y[0]=2339.0, toolType[0]=TOOL_TYPE_FINGER, buttonState=0, classification=NONE, metaState=0, flags=0x0, edgeFlags=0x0, pointerCount=1, historySize=0, eventTime=316707, downTime=316707, deviceId=2, source=0x1002, displayId=0 }
02-23 03:47:14.495  2920  2920 D OpEdgeNavGestureHandler: AllowNavGesture actionDown
02-23 03:47:14.497  1472  2584 I DisplayPowerController: useProximityForceSuspend = false
02-23 03:47:14.499  2794  2794 D TouchInteractionService: newConsumer# isInValidSystemUiState: true, mSystemUiStateFlags = 0
02-23 03:47:14.499  2794  2794 D TouchInteractionService: runningTaskInfo: ComponentInfo{com.nsdlpb.jiffy/com.nsdlpb.jiffy.MainActivity}
02-23 03:47:14.500  1472  2584 I RampAnimator: POLICY CHANGING!
02-23 03:47:14.500  1472  2584 I RampAnimator: target:0.011308613 rate:0.7058823 mCurrentValue:0.001955035 mTargetValue:0.001955035
02-23 03:47:14.500  1472  2584 I RampAnimator: DIM OFF RATE:0.04676789
02-23 03:47:14.500  1472  2584 I RampAnimator: G:7 preS:25 S:30 target:0.011308613 mCurrentValue:0.001955035 rate:0.04676789 mIsSystemUIOrSetting:false
02-23 03:47:14.503  1472  2584 V DisplayPowerController: Brightness [0.011308613] reason changing to: 'automatic', previous reason: 'automatic [ dim ]'.
02-23 03:47:14.504  1472  1472 V SettingsProvider: Notifying for 0: content://settings/system/screen_brightness_animation_duration
02-23 03:47:14.507  2794  2794 D OtherActivityInputConsumer: activityControlHelper: net.oneplus.quickstep.LauncherActivityControllerHelper@ccba2ba
02-23 03:47:14.507  2794  2794 D OtherActivityInputConsumer: deferredDownTarget: false
02-23 03:47:14.507  2794  2794 D OtherActivityInputConsumer: continuingPreviousGesture: false
02-23 03:47:14.508  2794  2794 D TouchInteractionService: onInputEvent# touch down on swipe region. consumer: TYPE_OTHER_ACTIVITY
02-23 03:47:14.508  2794  2794 D OtherActivityInputConsumer: startTouchTrackingForWindowAnimation#
02-23 03:47:14.508  2794  2794 I ShelfLauncherCallbacks: hideOverlay:false
02-23 03:47:14.508  2794  2794 I ShelfLauncherCallbacks: isScreenOn:true
02-23 03:47:14.509  2794  2794 I ShelfLauncherCallbacks: animToProgress=0.0, mEnterDirection:LEFT, animate:false
02-23 03:47:14.509  2794  2794 D ShelfLauncherCallbacks: cancelAnimationsIfNeeded
02-23 03:47:14.509  2794  2794 I ShelfLauncherCallbacks: getTranslationX:-1080.0, translationX=-1080, alpha:0.0
02-23 03:47:14.509  2794  2794 I ShelfLauncherCallbacks: animToProgress=0.0, current alpha:0.0
02-23 03:47:14.509  2794  2794 D ShelfLauncherCallbacks: updateTouchable:false
02-23 03:47:14.511  1472  1472 V SettingsProvider: Notifying for 0: content://settings/global/device_is_dimming
02-23 03:47:14.513  2794  2794 D RecentTasksList: getTasks: The list is up to date, callback with the same list.
02-23 03:47:14.514  1472 29935 D NotDeveloper: processing getStringForUser from com.dsi.ant.server with arg dropbox_age_seconds
02-23 03:47:14.514  1472 29935 D NotDeveloper: processed getStringForUser(dropbox_age_seconds) without changing result
02-23 03:47:14.514  2794  2794 D WindowTransformSwipeHandler: onActivityInit# newActivity: net.oneplus.launcher.Launcher@e7f0b12, oldActivity: null, alreadyOnHome: false
02-23 03:47:14.514  1472 29935 D NotDeveloper: processing getStringForUser from com.dsi.ant.server with arg dropbox_age_seconds
02-23 03:47:14.514  2794  2794 D BaseActivity: addForceInvisibleFlag add flag = 9, currentFlag = 9
02-23 03:47:14.514  1472 29935 D NotDeveloper: processed getStringForUser(dropbox_age_seconds) without changing result
02-23 03:47:14.514  1472 29935 D NotDeveloper: processing getStringForUser from com.dsi.ant.server with arg dropbox_age_seconds
02-23 03:47:14.514  1472 29935 D NotDeveloper: processed getStringForUser(dropbox_age_seconds) without changing result
02-23 03:47:14.515  2794  2794 D BaseActivity: Showing call stack: 
02-23 03:47:14.515  2794  2794 D BaseActivity:     [BaseActivity] WindowTransformSwipeHandler.java, onActivityInit, line: 484
02-23 03:47:14.515  1472 29935 D NotDeveloper: processing getStringForUser from com.dsi.ant.server with arg dropbox_max_files
02-23 03:47:14.515  1472 29935 D NotDeveloper: processed getStringForUser(dropbox_max_files) without changing result
02-23 03:47:14.515  1472 29935 D NotDeveloper: processing getStringForUser from com.dsi.ant.server with arg dropbox_max_files
02-23 03:47:14.515  1472 29935 D NotDeveloper: processed getStringForUser(dropbox_max_files) without changing result
02-23 03:47:14.515  1472 29935 D NotDeveloper: processing getStringForUser from com.dsi.ant.server with arg dropbox_max_files
02-23 03:47:14.515  1472 29935 D NotDeveloper: processed getStringForUser(dropbox_max_files) without changing result
02-23 03:47:14.516  1472 29935 D NotDeveloper: processing getStringForUser from com.dsi.ant.server with arg dropbox_quota_percent
02-23 03:47:14.516  1472 29935 D NotDeveloper: processed getStringForUser(dropbox_quota_percent) without changing result
02-23 03:47:14.516  1472 29935 D NotDeveloper: processing getStringForUser from com.dsi.ant.server with arg dropbox_quota_percent
02-23 03:47:14.516  1472 29935 D NotDeveloper: processed getStringForUser(dropbox_quota_percent) without changing result
02-23 03:47:14.516  1472 29935 D NotDeveloper: processing getStringForUser from com.dsi.ant.server with arg dropbox_quota_percent
02-23 03:47:14.516  1472 29935 D NotDeveloper: processed getStringForUser(dropbox_quota_percent) without changing result
02-23 03:47:14.516  1472 29935 D NotDeveloper: processing getStringForUser from com.dsi.ant.server with arg dropbox_reserve_percent
02-23 03:47:14.516  1472 29935 D NotDeveloper: processed getStringForUser(dropbox_reserve_percent) without changing result
02-23 03:47:14.517  2794  2794 D PagedView: notifyPageSwitchListener# page: 0 -> 0, who: LauncherRecentsView
02-23 03:47:14.517  1472 29935 D NotDeveloper: processing getStringForUser from com.dsi.ant.server with arg dropbox_reserve_percent
02-23 03:47:14.517  1472 29935 D NotDeveloper: processed getStringForUser(dropbox_reserve_percent) without changing result
02-23 03:47:14.517  2794  2794 D RecentTasksList: getTasks: The list is up to date, callback with the same list.
02-23 03:47:14.517  2794  2794 D RecentsView: applyLoadPlan: recent task size= 10
02-23 03:47:14.517  1472 29935 D NotDeveloper: processing getStringForUser from com.dsi.ant.server with arg dropbox_reserve_percent
02-23 03:47:14.517  1472 29935 D NotDeveloper: processed getStringForUser(dropbox_reserve_percent) without changing result
02-23 03:47:14.517  1472 29935 D NotDeveloper: processing getStringForUser from com.dsi.ant.server with arg dropbox_quota_kb
02-23 03:47:14.517  1472 29935 D NotDeveloper: processed getStringForUser(dropbox_quota_kb) without changing result
02-23 03:47:14.517  1472 29935 D NotDeveloper: processing getStringForUser from com.dsi.ant.server with arg dropbox_quota_kb
02-23 03:47:14.517  1472 29935 D NotDeveloper: processed getStringForUser(dropbox_quota_kb) without changing result
02-23 03:47:14.518  1472 29935 D NotDeveloper: processing getStringForUser from com.dsi.ant.server with arg dropbox_quota_kb
02-23 03:47:14.518  1472 29935 D NotDeveloper: processed getStringForUser(dropbox_quota_kb) without changing result
02-23 03:47:14.518  2794  2794 D PagedView: notifyPageSwitchListener# page: 0 -> 0, who: LauncherRecentsView
02-23 03:47:14.518  2794  2794 D TaskIconsView: applyLoadPlan: task icon size= 10
02-23 03:47:14.554  3129  3129 D LiveWallpaper.VideoEngine: onVisibilityChanged# true true false
02-23 03:47:14.555  3129  3129 D LiveWallpaper.VideoEngine: onVisibilityChanged# mUserManager.isUserUnlocked()=true mNotReadyPlay=false mMediaPlayer=null
02-23 03:47:14.558  2794  2794 D Launcher: onStart# hashcode: 243206930
02-23 03:47:14.559  1472  2557 D NotDeveloper: processing get from com.dsi.ant.server with arg ro.board.platform
02-23 03:47:14.559  1472  2557 I chatty  : uid=1000(system) android.display identical 3 lines
02-23 03:47:14.559  1472  2557 D NotDeveloper: processing get from com.dsi.ant.server with arg ro.board.platform
02-23 03:47:14.563  2794  2794 D WindowTransformSwipeHandler: onLauncherStart# activity: net.oneplus.launcher.Launcher@e7f0b12
02-23 03:47:14.563  2794  2794 D DeviceHelper: isAtLeastOP8DeviceVersion: this= 18801 , is at least OP8: false
02-23 03:47:14.563  2794  2794 D SkuHelper: showDiscover: false
02-23 03:47:14.564  2794  2794 D PreferencesHelper: getDefaultMinusOneScreen# defaultMinusOneScreen=shelf
02-23 03:47:14.564  2794  2794 D StateManager: gotoState# fromState=NORMAL, toState=BACKGROUND_APP, animated = false
02-23 03:47:14.564  2794  2794 D StateManager: onStateTransitionStart# state: NORMAL -> BACKGROUND_APP
02-23 03:47:14.564  2794  2794 D RotationHelper: notifyChange: activityFlags= 1
02-23 03:47:14.565  2794  2794 D LauncherAppWidgetHost: setResumed# isResumed: false, flag: 2
02-23 03:47:14.565  2794  2794 D DeviceHelper: isIndiaSkuSupports: this= 18801 , is SKU: false
02-23 03:47:14.565  2794  2794 D DeviceHelper: isIndiaSkuSupports: this= 18801 , is SKU: false
02-23 03:47:14.565  2794  6163 D AssetCache: black_getUsingIconShapePath: 1 getCurrentAssetPackIconShapePath start
02-23 03:47:14.565  2794  6163 D AssetCache: black_getUsingIconShapePath: 2 getCurrentAssetPackIconShapePath end, getSystemIconShapePath start
02-23 03:47:14.565  2794  6163 D AssetCache: black_getUsingIconShapePath: 3 getSystemIconShapePath end
02-23 03:47:14.565  2794  2794 D DeviceHelper: isIndiaSkuSupports: this= 18801 , is SKU: false
02-23 03:47:14.566  2794  2794 I chatty  : uid=10175(net.oneplus.launcher) identical 1 line
02-23 03:47:14.566  2794  2794 D DeviceHelper: isIndiaSkuSupports: this= 18801 , is SKU: false
02-23 03:47:14.566  2794  2794 D AlphabeticalAppsList: refillAdapterItems# app: 48, recent: 0, suggestion: 0, adapter: 48, hide games: 0, searchResults:  null, filtered: 48. AppsStore# app: 48, recent: 0
02-23 03:47:14.567  2794  2794 D DeviceHelper: isIndiaSkuSupports: this= 18801 , is SKU: false
02-23 03:47:14.567  2794  2794 D AlphabeticalAppsList: refillAdapterItems# app: 48, recent: 0, suggestion: 0, adapter: 48, hide games: 0, searchResults:  null, filtered: 48. AppsStore# app: 48, recent: 0
02-23 03:47:14.567  2794  2794 D AlphabeticalHiddenAppsList: [refillAdapterItems] hidden app size = 1
02-23 03:47:14.567  2794  2794 D AlphabeticalHiddenAppsList: [updateAdapterItems] hasFilter: false, filtersAppInfos size = 48, mAdapterItems size = 1
02-23 03:47:14.568  2794  2794 D AppTagContainer: [ITN-43578]clearSearchResult
02-23 03:47:14.568  2794  2794 D AllAppsContainerView: onClearSearchResult
02-23 03:47:14.568  2794  2794 D DeviceHelper: isIndiaSkuSupports: this= 18801 , is SKU: false
02-23 03:47:14.568  2794  2794 D DeviceHelper: isIndiaSkuSupports: this= 18801 , is SKU: false
02-23 03:47:14.568  2794  2794 D AllAppsTrans: onProgressAnimationEnd, alpha = 1.0, visibility = 4, isShowHidden = false, drawer visibility = 0, alpha = 1.0, allapps visibility = 0, alpha = 1.0
02-23 03:47:14.568  2794  2794 D Launcher.Workspace: onStartStateTransition# toState: BACKGROUND_APP
02-23 03:47:14.569  2794  2794 D Launcher.Workspace: onEndStateTransition# toState: BACKGROUND_APP
02-23 03:47:14.574  2794  2794 D StateManager: onStateTransitionEnd# state: BACKGROUND_APP
02-23 03:47:14.574  2794  2794 D RotationHelper: notifyChange: activityFlags= 1
02-23 03:47:14.575  2794  2794 D Launcher: onStateTransitionComplete set AppsView alphaProperty = 1, state = BACKGROUND_APP
02-23 03:47:14.575  2794  2794 D DeviceHelper: isIndiaSkuSupports: this= 18801 , is SKU: false
02-23 03:47:14.575  2794  2794 D DeviceHelper: isIndiaSkuSupports: this= 18801 , is SKU: false
02-23 03:47:14.576  2794  2794 D SystemUiController: setNavigibationBarBackground = false , mTranslucentNavigation: false , force: false
02-23 03:47:14.576  2794  2794 D DeviceHelper: isIndiaSkuSupports: this= 18801 , is SKU: false
02-23 03:47:14.576  2794  2794 D AlphabeticalAppsList: refillAdapterItems# app: 48, recent: 0, suggestion: 0, adapter: 48, hide games: 0, searchResults:  null, filtered: 48. AppsStore# app: 48, recent: 0
02-23 03:47:14.576  2794  2794 D DeviceHelper: isIndiaSkuSupports: this= 18801 , is SKU: false
