02-23 03:47:16.516  1472 16484 D NotDeveloper: processing get from com.dsi.ant.server with arg ro.board.platform
02-23 03:47:16.516  1472 16484 I chatty  : uid=1000(system) Binder:1472_1B identical 1 line
02-23 03:47:16.516  1472 16484 D NotDeveloper: processing get from com.dsi.ant.server with arg ro.board.platform
02-23 03:47:16.517  1472  1472 D NotDeveloper: processing getStringForUser from com.dsi.ant.server with arg chained_battery_attribution_enabled
02-23 03:47:16.517  1472  1472 D NotDeveloper: processed getStringForUser(chained_battery_attribution_enabled) without changing result
02-23 03:47:16.517  1472  1472 D NotDeveloper: processing getStringForUser from com.dsi.ant.server with arg chained_battery_attribution_enabled
02-23 03:47:16.517  1472  1472 D NotDeveloper: processed getStringForUser(chained_battery_attribution_enabled) without changing result
02-23 03:47:16.518  2794  6480 D WM-ConstraintTracker: NetworkStateTracker: initial state = [ Connected=true Validated=true Metered=false NotRoaming=true ]
02-23 03:47:16.518  2794  6480 D WM-NetworkStateTracker: Registering network callback
02-23 03:47:16.518  1472 16484 D NotDeveloper: processing get from com.dsi.ant.server with arg ro.board.platform
02-23 03:47:16.518  1472  1472 D NotDeveloper: processing getStringForUser from com.dsi.ant.server with arg chained_battery_attribution_enabled
02-23 03:47:16.518  1472  1472 D NotDeveloper: processed getStringForUser(chained_battery_attribution_enabled) without changing result
02-23 03:47:16.518  1472 16484 D NotDeveloper: processing get from com.dsi.ant.server with arg ro.board.platform
02-23 03:47:16.519  1472  5269 D ConnectivityService: requestNetwork for uid/pid:10175/2794 NetworkRequest [ TRACK_DEFAULT id=118, [ Capabilities: INTERNET&NOT_RESTRICTED&TRUSTED Uid: 10175 AdministratorUids: [] RequestorUid: 10175 RequestorPackageName: net.oneplus.launcher] ]
02-23 03:47:16.519  2794  6480 D WM-WorkConstraintsTrack: Constraints met for b95bbb3e-eac3-4c37-ad1d-0fe88c2ff57a
02-23 03:47:16.519  2794  6480 D WM-GreedyScheduler: Constraints met: Scheduling work ID b95bbb3e-eac3-4c37-ad1d-0fe88c2ff57a
02-23 03:47:16.519  1472  2703 D ConnectivityService: NetReassign [118 : null  100]
02-23 03:47:16.520  1472  2743 D Ethernet: got request NetworkRequest [ TRACK_DEFAULT id=118, [ Capabilities: INTERNET&NOT_RESTRICTED&TRUSTED Uid: 10175 AdministratorUids: [] RequestorUid: 10175 RequestorPackageName: net.oneplus.launcher] ] with score 100 and providerId 5
02-23 03:47:16.520  2794  6480 D WM-Processor: Processor: processing b95bbb3e-eac3-4c37-ad1d-0fe88c2ff57a
02-23 03:47:16.520  1472  2694 D WifiNetworkFactory: got request NetworkRequest [ TRACK_DEFAULT id=118, [ Capabilities: INTERNET&NOT_RESTRICTED&TRUSTED Uid: 10175 AdministratorUids: [] RequestorUid: 10175 RequestorPackageName: net.oneplus.launcher] ] with score 100 and providerId 5
02-23 03:47:16.520  1472  2694 D UntrustedWifiNetworkFactory: got request NetworkRequest [ TRACK_DEFAULT id=118, [ Capabilities: INTERNET&NOT_RESTRICTED&TRUSTED Uid: 10175 AdministratorUids: [] RequestorUid: 10175 RequestorPackageName: net.oneplus.launcher] ] with score 100 and providerId 5
02-23 03:47:16.521  3766  3766 D PhoneSwitcherNetworkRequstListener: got request NetworkRequest [ TRACK_DEFAULT id=118, [ Capabilities: INTERNET&NOT_RESTRICTED&TRUSTED Uid: 10175 AdministratorUids: [] RequestorUid: 10175 RequestorPackageName: net.oneplus.launcher] ] with score 100 and providerId 5
02-23 03:47:16.521  3766  3766 D PhoneSwitcherNetworkRequstListener: needNetworkFor NetworkRequest [ TRACK_DEFAULT id=118, [ Capabilities: INTERNET&NOT_RESTRICTED&TRUSTED Uid: 10175 AdministratorUids: [] RequestorUid: 10175 RequestorPackageName: net.oneplus.launcher] ], 100
02-23 03:47:16.521  2794  6319 D WM-NetworkStateTracker: Network capabilities changed: [ Transports: WIFI Capabilities: NOT_METERED&INTERNET&NOT_RESTRICTED&TRUSTED&NOT_VPN&VALIDATED&NOT_ROAMING&FOREGROUND&NOT_CONGESTED&NOT_SUSPENDED LinkUpBandwidth>=774494Kbps LinkDnBandwidth>=815257Kbps SignalStrength: -29 AdministratorUids: [] RequestorUid: -1 RequestorPackageName: null]
02-23 03:47:16.521  2794  2794 D WM-SystemJobService: onStartJob for b95bbb3e-eac3-4c37-ad1d-0fe88c2ff57a
02-23 03:47:16.525  2794  5230 D DynamicIconUtil: bitmap size = 235, 235, drawable bounds = Rect(0, 0 - 147, 147), alpha = 255
02-23 03:47:16.533  2794  2794 D WM-WorkerWrapper: Starting work for net.oneplus.launcher.util.WeatherWorkManager
02-23 03:47:16.533  2794  7867 D WeatherWorkManager: doWork: isFromTestWhether = false, runAtAttemps = 0
02-23 03:47:16.533  2794  7867 D WeatherProvider: queryWeatherInformation() called
02-23 03:47:16.534  2794  6480 D WM-Processor: Work b95bbb3e-eac3-4c37-ad1d-0fe88c2ff57a is already enqueued for processing
02-23 03:47:16.536  1472  3673 D NotDeveloper: processing getStringForUser from com.dsi.ant.server with arg copy_file_endtag
02-23 03:47:16.536  1472  3673 D NotDeveloper: processed getStringForUser(copy_file_endtag) without changing result
02-23 03:47:16.536  1472  3673 D NotDeveloper: processing getStringForUser from com.dsi.ant.server with arg copy_file_endtag
02-23 03:47:16.536  1472  3673 D NotDeveloper: processed getStringForUser(copy_file_endtag) without changing result
02-23 03:47:16.536  1472  3673 D NotDeveloper: processing get from com.dsi.ant.server with arg ro.board.platform
02-23 03:47:16.537  1472  3673 I chatty  : uid=1000(system) Binder:1472_B identical 8 lines
02-23 03:47:16.537  1472  3673 D NotDeveloper: processing get from com.dsi.ant.server with arg ro.board.platform
02-23 03:47:16.540  1472  3673 D NotDeveloper: processing getStringForUser from com.dsi.ant.server with arg copy_file_endtag
02-23 03:47:16.540  1472  3673 D NotDeveloper: processed getStringForUser(copy_file_endtag) without changing result
02-23 03:47:16.540  1472  3673 D NotDeveloper: processing getStringForUser from com.dsi.ant.server with arg copy_file_endtag
02-23 03:47:16.540  1472  3673 D NotDeveloper: processed getStringForUser(copy_file_endtag) without changing result
02-23 03:47:16.540  1472  3673 D NotDeveloper: processing getStringForUser from com.dsi.ant.server with arg copy_file_endtag
02-23 03:47:16.541  1472  3673 D NotDeveloper: processed getStringForUser(copy_file_endtag) without changing result
02-23 03:47:16.541  1472  3673 D NotDeveloper: processing getStringForUser from com.dsi.ant.server with arg copy_file_endtag
02-23 03:47:16.541  1472  3673 D NotDeveloper: processed getStringForUser(copy_file_endtag) without changing result
02-23 03:47:16.541  1472  3673 D NotDeveloper: processing get from com.dsi.ant.server with arg ro.board.platform
02-23 03:47:16.541  1472  3673 I chatty  : uid=1000(system) Binder:1472_B identical 3 lines
02-23 03:47:16.541  1472  3673 D NotDeveloper: processing get from com.dsi.ant.server with arg ro.board.platform
02-23 03:47:16.541  1472  3673 D NotDeveloper: processing getStringForUser from com.dsi.ant.server with arg copy_file_endtag
02-23 03:47:16.541  1472  3673 D NotDeveloper: processed getStringForUser(copy_file_endtag) without changing result
02-23 03:47:16.541  1472  3673 D NotDeveloper: processing getStringForUser from com.dsi.ant.server with arg copy_file_endtag
02-23 03:47:16.541  1472  3673 D NotDeveloper: processed getStringForUser(copy_file_endtag) without changing result
02-23 03:47:16.541  1472  3673 D NotDeveloper: processing get from com.dsi.ant.server with arg ro.board.platform
02-23 03:47:16.542  1472  3673 I chatty  : uid=1000(system) Binder:1472_B identical 3 lines
02-23 03:47:16.542  1472  3673 D NotDeveloper: processing get from com.dsi.ant.server with arg ro.board.platform
02-23 03:47:16.542  1472  3673 D NotDeveloper: processing getStringForUser from com.dsi.ant.server with arg copy_file_endtag
02-23 03:47:16.542  1472  3673 D NotDeveloper: processed getStringForUser(copy_file_endtag) without changing result
02-23 03:47:16.542  1472  3673 D NotDeveloper: processing getStringForUser from com.dsi.ant.server with arg copy_file_endtag
02-23 03:47:16.542  1472  3673 D NotDeveloper: processed getStringForUser(copy_file_endtag) without changing result
02-23 03:47:16.542  1472  3673 D NotDeveloper: processing getStringForUser from com.dsi.ant.server with arg copy_file_endtag
02-23 03:47:16.542  1472  3673 D NotDeveloper: processed getStringForUser(copy_file_endtag) without changing result
02-23 03:47:16.542  1472  3673 D NotDeveloper: processing getStringForUser from com.dsi.ant.server with arg copy_file_endtag
02-23 03:47:16.542  1472  3673 D NotDeveloper: processed getStringForUser(copy_file_endtag) without changing result
02-23 03:47:16.542  1472  3673 D NotDeveloper: processing get from com.dsi.ant.server with arg ro.board.platform
02-23 03:47:16.543  1472  3673 I chatty  : uid=1000(system) Binder:1472_B identical 8 lines
02-23 03:47:16.543  1472  3673 D NotDeveloper: processing get from com.dsi.ant.server with arg ro.board.platform
02-23 03:47:16.543  1472  3673 D NotDeveloper: processing getStringForUser from com.dsi.ant.server with arg copy_file_endtag
02-23 03:47:16.543  1472  3673 D NotDeveloper: processed getStringForUser(copy_file_endtag) without changing result
02-23 03:47:16.543  1472  3673 D NotDeveloper: processing getStringForUser from com.dsi.ant.server with arg copy_file_endtag
02-23 03:47:16.543  1472  3673 D NotDeveloper: processed getStringForUser(copy_file_endtag) without changing result
02-23 03:47:16.543  1472  3673 D NotDeveloper: processing get from com.dsi.ant.server with arg ro.board.platform
02-23 03:47:16.543  1472  3673 I chatty  : uid=1000(system) Binder:1472_B identical 3 lines
02-23 03:47:16.544  1472  3673 D NotDeveloper: processing get from com.dsi.ant.server with arg ro.board.platform
02-23 03:47:16.544  1472  3673 D NotDeveloper: processing getStringForUser from com.dsi.ant.server with arg copy_file_endtag
02-23 03:47:16.544  1472  3673 D NotDeveloper: processed getStringForUser(copy_file_endtag) without changing result
02-23 03:47:16.544  1472  3673 D NotDeveloper: processing getStringForUser from com.dsi.ant.server with arg copy_file_endtag
02-23 03:47:16.544  1472  3673 D NotDeveloper: processed getStringForUser(copy_file_endtag) without changing result
02-23 03:47:16.544  1472  3673 D NotDeveloper: processing get from com.dsi.ant.server with arg ro.board.platform
02-23 03:47:16.544  1472  3673 I chatty  : uid=1000(system) Binder:1472_B identical 3 lines
02-23 03:47:16.544  1472  3673 D NotDeveloper: processing get from com.dsi.ant.server with arg ro.board.platform
02-23 03:47:16.544  1472  3673 D NotDeveloper: processing getStringForUser from com.dsi.ant.server with arg copy_file_endtag
02-23 03:47:16.544  1472  3673 D NotDeveloper: processed getStringForUser(copy_file_endtag) without changing result
02-23 03:47:16.544  1472  3673 D NotDeveloper: processing getStringForUser from com.dsi.ant.server with arg copy_file_endtag
02-23 03:47:16.544  1472  3673 D NotDeveloper: processed getStringForUser(copy_file_endtag) without changing result
02-23 03:47:16.544  1472  3673 D NotDeveloper: processing get from com.dsi.ant.server with arg ro.board.platform
02-23 03:47:16.545  1472  3673 I chatty  : uid=1000(system) Binder:1472_B identical 3 lines
02-23 03:47:16.545  1472  3673 D NotDeveloper: processing get from com.dsi.ant.server with arg ro.board.platform
02-23 03:47:16.545  1472  3673 D NotDeveloper: processing getStringForUser from com.dsi.ant.server with arg copy_file_endtag
02-23 03:47:16.545  1472  3673 D NotDeveloper: processed getStringForUser(copy_file_endtag) without changing result
02-23 03:47:16.545  1472  3673 D NotDeveloper: processing getStringForUser from com.dsi.ant.server with arg copy_file_endtag
02-23 03:47:16.545  1472  3673 D NotDeveloper: processed getStringForUser(copy_file_endtag) without changing result
02-23 03:47:16.545  1472  3673 D NotDeveloper: processing get from com.dsi.ant.server with arg ro.board.platform
02-23 03:47:16.545  1472  3673 I chatty  : uid=1000(system) Binder:1472_B identical 3 lines
02-23 03:47:16.545  1472  3673 D NotDeveloper: processing get from com.dsi.ant.server with arg ro.board.platform
02-23 03:47:16.545  1472  3673 D NotDeveloper: processing getStringForUser from com.dsi.ant.server with arg copy_file_endtag
02-23 03:47:16.545  1472  3673 D NotDeveloper: processed getStringForUser(copy_file_endtag) without changing result
02-23 03:47:16.545  1472  3673 D NotDeveloper: processing getStringForUser from com.dsi.ant.server with arg copy_file_endtag
02-23 03:47:16.545  1472  3673 D NotDeveloper: processed getStringForUser(copy_file_endtag) without changing result
02-23 03:47:16.546  1472  3673 D NotDeveloper: processing get from com.dsi.ant.server with arg ro.board.platform
02-23 03:47:16.546  1472  3673 I chatty  : uid=1000(system) Binder:1472_B identical 3 lines
02-23 03:47:16.546  1472  3673 D NotDeveloper: processing get from com.dsi.ant.server with arg ro.board.platform
02-23 03:47:16.546  1472  3673 D NotDeveloper: processing getStringForUser from com.dsi.ant.server with arg copy_file_endtag
02-23 03:47:16.546  1472  3673 D NotDeveloper: processed getStringForUser(copy_file_endtag) without changing result
02-23 03:47:16.546  1472  3673 D NotDeveloper: processing getStringForUser from com.dsi.ant.server with arg copy_file_endtag
02-23 03:47:16.546  1472  3673 D NotDeveloper: processed getStringForUser(copy_file_endtag) without changing result
02-23 03:47:16.546  1472  3673 D NotDeveloper: processing get from com.dsi.ant.server with arg ro.board.platform
02-23 03:47:16.547  1472  3673 I chatty  : uid=1000(system) Binder:1472_B identical 3 lines
02-23 03:47:16.547  1472  3673 D NotDeveloper: processing get from com.dsi.ant.server with arg ro.board.platform
02-23 03:47:16.547  1472  3673 D NotDeveloper: processing getStringForUser from com.dsi.ant.server with arg copy_file_endtag
02-23 03:47:16.547  1472  3673 D NotDeveloper: processed getStringForUser(copy_file_endtag) without changing result
02-23 03:47:16.547  1472  3673 D NotDeveloper: processing getStringForUser from com.dsi.ant.server with arg copy_file_endtag
02-23 03:47:16.547  1472  3673 D NotDeveloper: processed getStringForUser(copy_file_endtag) without changing result
02-23 03:47:16.547  1472  3673 D NotDeveloper: processing get from com.dsi.ant.server with arg ro.board.platform
02-23 03:47:16.547  1472  3673 I chatty  : uid=1000(system) Binder:1472_B identical 3 lines
02-23 03:47:16.547  1472  3673 D NotDeveloper: processing get from com.dsi.ant.server with arg ro.board.platform
02-23 03:47:16.547  1472  3673 D NotDeveloper: processing getStringForUser from com.dsi.ant.server with arg copy_file_endtag
02-23 03:47:16.547  1472  3673 D NotDeveloper: processed getStringForUser(copy_file_endtag) without changing result
02-23 03:47:16.547  1472  3673 D NotDeveloper: processing getStringForUser from com.dsi.ant.server with arg copy_file_endtag
02-23 03:47:16.548  1472  3673 D NotDeveloper: processed getStringForUser(copy_file_endtag) without changing result
02-23 03:47:16.548  1472  3673 D NotDeveloper: processing get from com.dsi.ant.server with arg ro.board.platform
02-23 03:47:16.548  1472  3673 I chatty  : uid=1000(system) Binder:1472_B identical 3 lines
02-23 03:47:16.548  1472  3673 D NotDeveloper: processing get from com.dsi.ant.server with arg ro.board.platform
02-23 03:47:16.548  1472  3673 D NotDeveloper: processing getStringForUser from com.dsi.ant.server with arg copy_file_endtag
02-23 03:47:16.548  1472  3673 D NotDeveloper: processed getStringForUser(copy_file_endtag) without changing result
02-23 03:47:16.548  1472  3673 D NotDeveloper: processing getStringForUser from com.dsi.ant.server with arg copy_file_endtag
02-23 03:47:16.548  1472  3673 D NotDeveloper: processed getStringForUser(copy_file_endtag) without changing result
02-23 03:47:16.548  1472  3673 D NotDeveloper: processing get from com.dsi.ant.server with arg ro.board.platform
02-23 03:47:16.548  1472  3673 I chatty  : uid=1000(system) Binder:1472_B identical 3 lines
02-23 03:47:16.548  1472  3673 D NotDeveloper: processing get from com.dsi.ant.server with arg ro.board.platform
02-23 03:47:16.548  1472  3673 D NotDeveloper: processing getStringForUser from com.dsi.ant.server with arg copy_file_endtag
02-23 03:47:16.549  1472  3673 D NotDeveloper: processed getStringForUser(copy_file_endtag) without changing result
02-23 03:47:16.549  1472  3673 D NotDeveloper: processing getStringForUser from com.dsi.ant.server with arg copy_file_endtag
02-23 03:47:16.549  1472  3673 D NotDeveloper: processed getStringForUser(copy_file_endtag) without changing result
02-23 03:47:16.549  1472  3673 D NotDeveloper: processing get from com.dsi.ant.server with arg ro.board.platform
02-23 03:47:16.549  1472  3673 I chatty  : uid=1000(system) Binder:1472_B identical 3 lines
02-23 03:47:16.549  1472  3673 D NotDeveloper: processing get from com.dsi.ant.server with arg ro.board.platform
02-23 03:47:16.549  1472  3673 D NotDeveloper: processing getStringForUser from com.dsi.ant.server with arg copy_file_endtag
02-23 03:47:16.549  1472  3673 D NotDeveloper: processed getStringForUser(copy_file_endtag) without changing result
02-23 03:47:16.549  1472  3673 D NotDeveloper: processing getStringForUser from com.dsi.ant.server with arg copy_file_endtag
02-23 03:47:16.549  1472  3673 D NotDeveloper: processed getStringForUser(copy_file_endtag) without changing result
02-23 03:47:16.549  1472  3673 D NotDeveloper: processing get from com.dsi.ant.server with arg ro.board.platform
02-23 03:47:16.550  1472  3673 I chatty  : uid=1000(system) Binder:1472_B identical 3 lines
02-23 03:47:16.550  1472  3673 D NotDeveloper: processing get from com.dsi.ant.server with arg ro.board.platform
02-23 03:47:16.550  1472  3673 D NotDeveloper: processing getStringForUser from com.dsi.ant.server with arg copy_file_endtag
02-23 03:47:16.550  1472  3673 D NotDeveloper: processed getStringForUser(copy_file_endtag) without changing result
02-23 03:47:16.550  1472  3673 D NotDeveloper: processing getStringForUser from com.dsi.ant.server with arg copy_file_endtag
02-23 03:47:16.550  1472  3673 D NotDeveloper: processed getStringForUser(copy_file_endtag) without changing result
02-23 03:47:16.550  1472  3673 D NotDeveloper: processing get from com.dsi.ant.server with arg ro.board.platform
02-23 03:47:16.550  1472  3673 I chatty  : uid=1000(system) Binder:1472_B identical 3 lines
02-23 03:47:16.550  1472  3673 D NotDeveloper: processing get from com.dsi.ant.server with arg ro.board.platform
02-23 03:47:16.550  1472  3673 D NotDeveloper: processing getStringForUser from com.dsi.ant.server with arg copy_file_endtag
02-23 03:47:16.550  1472  3673 D NotDeveloper: processed getStringForUser(copy_file_endtag) without changing result
02-23 03:47:16.550  1472  3673 D NotDeveloper: processing getStringForUser from com.dsi.ant.server with arg copy_file_endtag
02-23 03:47:16.550  1472  3673 D NotDeveloper: processed getStringForUser(copy_file_endtag) without changing result
02-23 03:47:16.551  1472  3673 D NotDeveloper: processing get from com.dsi.ant.server with arg ro.board.platform
02-23 03:47:16.551  1472  3673 I chatty  : uid=1000(system) Binder:1472_B identical 3 lines
02-23 03:47:16.551  1472  3673 D NotDeveloper: processing get from com.dsi.ant.server with arg ro.board.platform
02-23 03:47:16.551  1472  3673 D NotDeveloper: processing getStringForUser from com.dsi.ant.server with arg copy_file_endtag
02-23 03:47:16.551  1472  3673 D NotDeveloper: processed getStringForUser(copy_file_endtag) without changing result
02-23 03:47:16.551  1472  3673 D NotDeveloper: processing getStringForUser from com.dsi.ant.server with arg copy_file_endtag
02-23 03:47:16.551  1472  3673 D NotDeveloper: processed getStringForUser(copy_file_endtag) without changing result
02-23 03:47:16.551  1472  3673 D NotDeveloper: processing get from com.dsi.ant.server with arg ro.board.platform
02-23 03:47:16.551  1472  3673 I chatty  : uid=1000(system) Binder:1472_B identical 3 lines
02-23 03:47:16.551  1472  3673 D NotDeveloper: processing get from com.dsi.ant.server with arg ro.board.platform
02-23 03:47:16.551  1472  3673 D NotDeveloper: processing getStringForUser from com.dsi.ant.server with arg copy_file_endtag
02-23 03:47:16.551  1472  3673 D NotDeveloper: processed getStringForUser(copy_file_endtag) without changing result
02-23 03:47:16.552  1472  3673 D NotDeveloper: processing getStringForUser from com.dsi.ant.server with arg copy_file_endtag
02-23 03:47:16.552  1472  3673 D NotDeveloper: processed getStringForUser(copy_file_endtag) without changing result
02-23 03:47:16.552  1472  3673 D NotDeveloper: processing get from com.dsi.ant.server with arg ro.board.platform
02-23 03:47:16.552  1472  3673 I chatty  : uid=1000(system) Binder:1472_B identical 3 lines
02-23 03:47:16.552  1472  3673 D NotDeveloper: processing get from com.dsi.ant.server with arg ro.board.platform
02-23 03:47:16.552  1472  3673 D NotDeveloper: processing getStringForUser from com.dsi.ant.server with arg copy_file_endtag
02-23 03:47:16.552  1472  3673 D NotDeveloper: processed getStringForUser(copy_file_endtag) without changing result
02-23 03:47:16.552  1472  3673 D NotDeveloper: processing getStringForUser from com.dsi.ant.server with arg copy_file_endtag
02-23 03:47:16.552  1472  3673 D NotDeveloper: processed getStringForUser(copy_file_endtag) without changing result
02-23 03:47:16.552  1472  3673 D NotDeveloper: processing get from com.dsi.ant.server with arg ro.board.platform
02-23 03:47:16.552  1472  3673 I chatty  : uid=1000(system) Binder:1472_B identical 3 lines
02-23 03:47:16.553  1472  3673 D NotDeveloper: processing get from com.dsi.ant.server with arg ro.board.platform
02-23 03:47:16.553  1472  3673 D NotDeveloper: processing getStringForUser from com.dsi.ant.server with arg copy_file_endtag
02-23 03:47:16.553  1472  3673 D NotDeveloper: processed getStringForUser(copy_file_endtag) without changing result
02-23 03:47:16.553  1472  3673 D NotDeveloper: processing getStringForUser from com.dsi.ant.server with arg copy_file_endtag
02-23 03:47:16.553  1472  3673 D NotDeveloper: processed getStringForUser(copy_file_endtag) without changing result
02-23 03:47:16.553  1472  3673 D NotDeveloper: processing get from com.dsi.ant.server with arg ro.board.platform
02-23 03:47:16.553  1472  3673 I chatty  : uid=1000(system) Binder:1472_B identical 3 lines
02-23 03:47:16.553  1472  3673 D NotDeveloper: processing get from com.dsi.ant.server with arg ro.board.platform
02-23 03:47:16.553  1472  3673 D NotDeveloper: processing getStringForUser from com.dsi.ant.server with arg copy_file_endtag
02-23 03:47:16.553  1472  3673 D NotDeveloper: processed getStringForUser(copy_file_endtag) without changing result
02-23 03:47:16.553  1472  3673 D NotDeveloper: processing getStringForUser from com.dsi.ant.server with arg copy_file_endtag
02-23 03:47:16.553  1472  3673 D NotDeveloper: processed getStringForUser(copy_file_endtag) without changing result
02-23 03:47:16.553  1472  3673 D NotDeveloper: processing get from com.dsi.ant.server with arg ro.board.platform
02-23 03:47:16.554  1472  3673 I chatty  : uid=1000(system) Binder:1472_B identical 3 lines
02-23 03:47:16.554  1472  3673 D NotDeveloper: processing get from com.dsi.ant.server with arg ro.board.platform
02-23 03:47:16.554  1472  3673 D NotDeveloper: processing getStringForUser from com.dsi.ant.server with arg copy_file_endtag
02-23 03:47:16.554  1472  3673 D NotDeveloper: processed getStringForUser(copy_file_endtag) without changing result
02-23 03:47:16.554  1472  3673 D NotDeveloper: processing getStringForUser from com.dsi.ant.server with arg copy_file_endtag
02-23 03:47:16.554  1472  3673 D NotDeveloper: processed getStringForUser(copy_file_endtag) without changing result
02-23 03:47:16.554  1472  3673 D NotDeveloper: processing get from com.dsi.ant.server with arg ro.board.platform
02-23 03:47:16.554  1472  3673 I chatty  : uid=1000(system) Binder:1472_B identical 3 lines
02-23 03:47:16.554  1472  3673 D NotDeveloper: processing get from com.dsi.ant.server with arg ro.board.platform
02-23 03:47:16.554  1472  3673 D NotDeveloper: processing getStringForUser from com.dsi.ant.server with arg copy_file_endtag
02-23 03:47:16.554  1472  3673 D NotDeveloper: processed getStringForUser(copy_file_endtag) without changing result
02-23 03:47:16.554  1472  3673 D NotDeveloper: processing getStringForUser from com.dsi.ant.server with arg copy_file_endtag
02-23 03:47:16.554  1472  3673 D NotDeveloper: processed getStringForUser(copy_file_endtag) without changing result
02-23 03:47:16.555  1472  3673 D NotDeveloper: processing get from com.dsi.ant.server with arg ro.board.platform
02-23 03:47:16.555  1472  3673 I chatty  : uid=1000(system) Binder:1472_B identical 3 lines
02-23 03:47:16.555  1472  3673 D NotDeveloper: processing get from com.dsi.ant.server with arg ro.board.platform
02-23 03:47:16.555  1472  3673 D NotDeveloper: processing getStringForUser from com.dsi.ant.server with arg copy_file_endtag
02-23 03:47:16.555  1472  3673 D NotDeveloper: processed getStringForUser(copy_file_endtag) without changing result
02-23 03:47:16.555  1472  3673 D NotDeveloper: processing getStringForUser from com.dsi.ant.server with arg copy_file_endtag
02-23 03:47:16.555  1472  3673 D NotDeveloper: processed getStringForUser(copy_file_endtag) without changing result
02-23 03:47:16.555  1472  3673 D NotDeveloper: processing get from com.dsi.ant.server with arg ro.board.platform
02-23 03:47:16.555  1472  3673 I chatty  : uid=1000(system) Binder:1472_B identical 3 lines
02-23 03:47:16.556  1472  3673 D NotDeveloper: processing get from com.dsi.ant.server with arg ro.board.platform
02-23 03:47:16.556  1472  3673 D NotDeveloper: processing getStringForUser from com.dsi.ant.server with arg copy_file_endtag
02-23 03:47:16.556  1472  3673 D NotDeveloper: processed getStringForUser(copy_file_endtag) without changing result
02-23 03:47:16.556  1472  3673 D NotDeveloper: processing getStringForUser from com.dsi.ant.server with arg copy_file_endtag
02-23 03:47:16.556  1472  3673 D NotDeveloper: processed getStringForUser(copy_file_endtag) without changing result
02-23 03:47:16.556  1472  3673 D NotDeveloper: processing get from com.dsi.ant.server with arg ro.board.platform
02-23 03:47:16.556  1472  3673 I chatty  : uid=1000(system) Binder:1472_B identical 3 lines
02-23 03:47:16.556  1472  3673 D NotDeveloper: processing get from com.dsi.ant.server with arg ro.board.platform
02-23 03:47:16.556  1472  3673 D NotDeveloper: processing getStringForUser from com.dsi.ant.server with arg copy_file_endtag
02-23 03:47:16.556  1472  3673 D NotDeveloper: processed getStringForUser(copy_file_endtag) without changing result
02-23 03:47:16.556  1472  3673 D NotDeveloper: processing getStringForUser from com.dsi.ant.server with arg copy_file_endtag
02-23 03:47:16.556  1472  3673 D NotDeveloper: processed getStringForUser(copy_file_endtag) without changing result
02-23 03:47:16.556  1472  3673 D NotDeveloper: processing get from com.dsi.ant.server with arg ro.board.platform
02-23 03:47:16.557  1472  3673 I chatty  : uid=1000(system) Binder:1472_B identical 3 lines
02-23 03:47:16.557  1472  3673 D NotDeveloper: processing get from com.dsi.ant.server with arg ro.board.platform
02-23 03:47:16.557  1472  3673 D NotDeveloper: processing getStringForUser from com.dsi.ant.server with arg copy_file_endtag
02-23 03:47:16.557  1472  3673 D NotDeveloper: processed getStringForUser(copy_file_endtag) without changing result
02-23 03:47:16.557  1472  3673 D NotDeveloper: processing getStringForUser from com.dsi.ant.server with arg copy_file_endtag
02-23 03:47:16.557  1472  3673 D NotDeveloper: processed getStringForUser(copy_file_endtag) without changing result
02-23 03:47:16.557  1472  3673 D NotDeveloper: processing get from com.dsi.ant.server with arg ro.board.platform
02-23 03:47:16.557  1472  3673 I chatty  : uid=1000(system) Binder:1472_B identical 3 lines
02-23 03:47:16.557  1472  3673 D NotDeveloper: processing get from com.dsi.ant.server with arg ro.board.platform
02-23 03:47:16.558  1472  3673 D NotDeveloper: processing getStringForUser from com.dsi.ant.server with arg copy_file_endtag
02-23 03:47:16.558  1472  3673 D NotDeveloper: processed getStringForUser(copy_file_endtag) without changing result
02-23 03:47:16.558  1472  3673 D NotDeveloper: processing getStringForUser from com.dsi.ant.server with arg copy_file_endtag
02-23 03:47:16.558  1472  3673 D NotDeveloper: processed getStringForUser(copy_file_endtag) without changing result
02-23 03:47:16.558  1472  3673 D NotDeveloper: processing get from com.dsi.ant.server with arg ro.board.platform
02-23 03:47:16.558  1472  3673 I chatty  : uid=1000(system) Binder:1472_B identical 3 lines
02-23 03:47:16.558  1472  3673 D NotDeveloper: processing get from com.dsi.ant.server with arg ro.board.platform
02-23 03:47:16.558  1472  3673 D NotDeveloper: processing getStringForUser from com.dsi.ant.server with arg copy_file_endtag
02-23 03:47:16.558  1472  3673 D NotDeveloper: processed getStringForUser(copy_file_endtag) without changing result
02-23 03:47:16.558  1472  3673 D NotDeveloper: processing getStringForUser from com.dsi.ant.server with arg copy_file_endtag
02-23 03:47:16.558  1472  3673 D NotDeveloper: processed getStringForUser(copy_file_endtag) without changing result
02-23 03:47:16.558  1472  3673 D NotDeveloper: processing get from com.dsi.ant.server with arg ro.board.platform
02-23 03:47:16.559  1472  3673 I chatty  : uid=1000(system) Binder:1472_B identical 3 lines
02-23 03:47:16.559  1472  3673 D NotDeveloper: processing get from com.dsi.ant.server with arg ro.board.platform
02-23 03:47:16.559  1472  3673 D NotDeveloper: processing getStringForUser from com.dsi.ant.server with arg copy_file_endtag
02-23 03:47:16.559  1472  3673 D NotDeveloper: processed getStringForUser(copy_file_endtag) without changing result
02-23 03:47:16.559  1472  3673 D NotDeveloper: processing getStringForUser from com.dsi.ant.server with arg copy_file_endtag
02-23 03:47:16.559  1472  3673 D NotDeveloper: processed getStringForUser(copy_file_endtag) without changing result
02-23 03:47:16.559  1472  3673 D NotDeveloper: processing get from com.dsi.ant.server with arg ro.board.platform
02-23 03:47:16.559  1472  3673 I chatty  : uid=1000(system) Binder:1472_B identical 3 lines
02-23 03:47:16.559  1472  3673 D NotDeveloper: processing get from com.dsi.ant.server with arg ro.board.platform
02-23 03:47:16.559  1472  3673 D NotDeveloper: processing getStringForUser from com.dsi.ant.server with arg copy_file_endtag
02-23 03:47:16.559  1472  3673 D NotDeveloper: processed getStringForUser(copy_file_endtag) without changing result
02-23 03:47:16.560  1472  3673 D NotDeveloper: processing getStringForUser from com.dsi.ant.server with arg copy_file_endtag
02-23 03:47:16.560  1472  3673 D NotDeveloper: processed getStringForUser(copy_file_endtag) without changing result
02-23 03:47:16.560  1472  3673 D NotDeveloper: processing get from com.dsi.ant.server with arg ro.board.platform
02-23 03:47:16.560  1472  3673 I chatty  : uid=1000(system) Binder:1472_B identical 3 lines
02-23 03:47:16.560  1472  3673 D NotDeveloper: processing get from com.dsi.ant.server with arg ro.board.platform
02-23 03:47:16.560  1472  3673 D NotDeveloper: processing getStringForUser from com.dsi.ant.server with arg copy_file_endtag
02-23 03:47:16.560  1472  3673 D NotDeveloper: processed getStringForUser(copy_file_endtag) without changing result
02-23 03:47:16.560  1472  3673 D NotDeveloper: processing getStringForUser from com.dsi.ant.server with arg copy_file_endtag
02-23 03:47:16.560  1472  3673 D NotDeveloper: processed getStringForUser(copy_file_endtag) without changing result
02-23 03:47:16.560  1472  3673 D NotDeveloper: processing get from com.dsi.ant.server with arg ro.board.platform
02-23 03:47:16.560  1472  3673 I chatty  : uid=1000(system) Binder:1472_B identical 3 lines
02-23 03:47:16.560  1472  3673 D NotDeveloper: processing get from com.dsi.ant.server with arg ro.board.platform
02-23 03:47:16.561  1472  3673 D NotDeveloper: processing getStringForUser from com.dsi.ant.server with arg copy_file_endtag
02-23 03:47:16.561  1472  3673 D NotDeveloper: processed getStringForUser(copy_file_endtag) without changing result
02-23 03:47:16.561  1472  3673 D NotDeveloper: processing getStringForUser from com.dsi.ant.server with arg copy_file_endtag
02-23 03:47:16.561  1472  3673 D NotDeveloper: processed getStringForUser(copy_file_endtag) without changing result
02-23 03:47:16.561  1472  3673 D NotDeveloper: processing get from com.dsi.ant.server with arg ro.board.platform
02-23 03:47:16.561  1472  3673 I chatty  : uid=1000(system) Binder:1472_B identical 3 lines
02-23 03:47:16.561  1472  3673 D NotDeveloper: processing get from com.dsi.ant.server with arg ro.board.platform
02-23 03:47:16.561  1472  3673 D NotDeveloper: processing getStringForUser from com.dsi.ant.server with arg copy_file_endtag
02-23 03:47:16.561  1472  3673 D NotDeveloper: processed getStringForUser(copy_file_endtag) without changing result
02-23 03:47:16.561  1472  3673 D NotDeveloper: processing getStringForUser from com.dsi.ant.server with arg copy_file_endtag
02-23 03:47:16.561  1472  3673 D NotDeveloper: processed getStringForUser(copy_file_endtag) without changing result
02-23 03:47:16.561  1472  3673 D NotDeveloper: processing get from com.dsi.ant.server with arg ro.board.platform
02-23 03:47:16.562  1472  3673 I chatty  : uid=1000(system) Binder:1472_B identical 3 lines
02-23 03:47:16.562  1472  3673 D NotDeveloper: processing get from com.dsi.ant.server with arg ro.board.platform
02-23 03:47:16.562  1472  3673 D NotDeveloper: processing getStringForUser from com.dsi.ant.server with arg copy_file_endtag
02-23 03:47:16.562  1472  3673 D NotDeveloper: processed getStringForUser(copy_file_endtag) without changing result
02-23 03:47:16.562  1472  3673 D NotDeveloper: processing getStringForUser from com.dsi.ant.server with arg copy_file_endtag
02-23 03:47:16.562  1472  3673 D NotDeveloper: processed getStringForUser(copy_file_endtag) without changing result
02-23 03:47:16.562  1472  3673 D NotDeveloper: processing get from com.dsi.ant.server with arg ro.board.platform
02-23 03:47:16.562  1472  3673 I chatty  : uid=1000(system) Binder:1472_B identical 3 lines
02-23 03:47:16.562  1472  3673 D NotDeveloper: processing get from com.dsi.ant.server with arg ro.board.platform
02-23 03:47:16.562  1472  3673 D NotDeveloper: processing getStringForUser from com.dsi.ant.server with arg copy_file_endtag
02-23 03:47:16.562  1472  3673 D NotDeveloper: processed getStringForUser(copy_file_endtag) without changing result
02-23 03:47:16.563  1472  3673 D NotDeveloper: processing getStringForUser from com.dsi.ant.server with arg copy_file_endtag
02-23 03:47:16.563  1472  3673 D NotDeveloper: processed getStringForUser(copy_file_endtag) without changing result
02-23 03:47:16.563  1472  3673 D NotDeveloper: processing get from com.dsi.ant.server with arg ro.board.platform
02-23 03:47:16.563  1472  3673 I chatty  : uid=1000(system) Binder:1472_B identical 3 lines
02-23 03:47:16.563  1472  3673 D NotDeveloper: processing get from com.dsi.ant.server with arg ro.board.platform
02-23 03:47:16.563  1472  3673 D NotDeveloper: processing getStringForUser from com.dsi.ant.server with arg copy_file_endtag
02-23 03:47:16.563  1472  3673 D NotDeveloper: processed getStringForUser(copy_file_endtag) without changing result
02-23 03:47:16.563  1472  3673 D NotDeveloper: processing getStringForUser from com.dsi.ant.server with arg copy_file_endtag
02-23 03:47:16.563  1472  3673 D NotDeveloper: processed getStringForUser(copy_file_endtag) without changing result
02-23 03:47:16.563  1472  3673 D NotDeveloper: processing get from com.dsi.ant.server with arg ro.board.platform
02-23 03:47:16.563  1472  3673 I chatty  : uid=1000(system) Binder:1472_B identical 3 lines
02-23 03:47:16.563  1472  3673 D NotDeveloper: processing get from com.dsi.ant.server with arg ro.board.platform
02-23 03:47:16.564  1472  3673 D NotDeveloper: processing getStringForUser from com.dsi.ant.server with arg copy_file_endtag
02-23 03:47:16.564  1472  3673 D NotDeveloper: processed getStringForUser(copy_file_endtag) without changing result
02-23 03:47:16.564  1472  3673 D NotDeveloper: processing getStringForUser from com.dsi.ant.server with arg copy_file_endtag
02-23 03:47:16.564  1472  3673 D NotDeveloper: processed getStringForUser(copy_file_endtag) without changing result
02-23 03:47:16.564  1472  3673 D NotDeveloper: processing get from com.dsi.ant.server with arg ro.board.platform
02-23 03:47:16.564  1472  3673 I chatty  : uid=1000(system) Binder:1472_B identical 3 lines
02-23 03:47:16.564  1472  3673 D NotDeveloper: processing get from com.dsi.ant.server with arg ro.board.platform
02-23 03:47:16.564  1472  3673 D NotDeveloper: processing getStringForUser from com.dsi.ant.server with arg copy_file_endtag
02-23 03:47:16.564  1472  3673 D NotDeveloper: processed getStringForUser(copy_file_endtag) without changing result
02-23 03:47:16.564  1472  3673 D NotDeveloper: processing getStringForUser from com.dsi.ant.server with arg copy_file_endtag
02-23 03:47:16.564  1472  3673 D NotDeveloper: processed getStringForUser(copy_file_endtag) without changing result
02-23 03:47:16.564  1472  3673 D NotDeveloper: processing get from com.dsi.ant.server with arg ro.board.platform
02-23 03:47:16.564  1472  3673 I chatty  : uid=1000(system) Binder:1472_B identical 3 lines
02-23 03:47:16.565  1472  3673 D NotDeveloper: processing get from com.dsi.ant.server with arg ro.board.platform
02-23 03:47:16.565  1472  3673 D NotDeveloper: processing getStringForUser from com.dsi.ant.server with arg copy_file_endtag
02-23 03:47:16.565  1472  3673 D NotDeveloper: processed getStringForUser(copy_file_endtag) without changing result
02-23 03:47:16.565  1472  3673 D NotDeveloper: processing getStringForUser from com.dsi.ant.server with arg copy_file_endtag
02-23 03:47:16.565  1472  3673 D NotDeveloper: processed getStringForUser(copy_file_endtag) without changing result
02-23 03:47:16.565  1472  3673 D NotDeveloper: processing get from com.dsi.ant.server with arg ro.board.platform
02-23 03:47:16.565  1472  3673 I chatty  : uid=1000(system) Binder:1472_B identical 3 lines
02-23 03:47:16.565  1472  3673 D NotDeveloper: processing get from com.dsi.ant.server with arg ro.board.platform
02-23 03:47:16.565  1472  3673 D NotDeveloper: processing getStringForUser from com.dsi.ant.server with arg copy_file_endtag
02-23 03:47:16.565  1472  3673 D NotDeveloper: processed getStringForUser(copy_file_endtag) without changing result
02-23 03:47:16.565  1472  3673 D NotDeveloper: processing getStringForUser from com.dsi.ant.server with arg copy_file_endtag
02-23 03:47:16.565  1472  3673 D NotDeveloper: processed getStringForUser(copy_file_endtag) without changing result
02-23 03:47:16.565  1472  3673 D NotDeveloper: processing get from com.dsi.ant.server with arg ro.board.platform
02-23 03:47:16.566  1472  3673 I chatty  : uid=1000(system) Binder:1472_B identical 3 lines
02-23 03:47:16.566  1472  3673 D NotDeveloper: processing get from com.dsi.ant.server with arg ro.board.platform
02-23 03:47:16.566  1472  3673 D NotDeveloper: processing getStringForUser from com.dsi.ant.server with arg copy_file_endtag
02-23 03:47:16.566  1472  3673 D NotDeveloper: processed getStringForUser(copy_file_endtag) without changing result
02-23 03:47:16.566  1472  3673 D NotDeveloper: processing getStringForUser from com.dsi.ant.server with arg copy_file_endtag
02-23 03:47:16.566  1472  3673 D NotDeveloper: processed getStringForUser(copy_file_endtag) without changing result
02-23 03:47:16.566  1472  3673 D NotDeveloper: processing get from com.dsi.ant.server with arg ro.board.platform
02-23 03:47:16.566  1472  3673 I chatty  : uid=1000(system) Binder:1472_B identical 3 lines
02-23 03:47:16.566  1472  3673 D NotDeveloper: processing get from com.dsi.ant.server with arg ro.board.platform
02-23 03:47:16.567  1472  3673 D NotDeveloper: processing getStringForUser from com.dsi.ant.server with arg copy_file_endtag
02-23 03:47:16.567  1472  3673 D NotDeveloper: processed getStringForUser(copy_file_endtag) without changing result
02-23 03:47:16.567  1472  3673 D NotDeveloper: processing getStringForUser from com.dsi.ant.server with arg copy_file_endtag
02-23 03:47:16.567  1472  3673 D NotDeveloper: processed getStringForUser(copy_file_endtag) without changing result
02-23 03:47:16.567  1472  3673 D NotDeveloper: processing get from com.dsi.ant.server with arg ro.board.platform
02-23 03:47:16.567  1472  3673 I chatty  : uid=1000(system) Binder:1472_B identical 3 lines
02-23 03:47:16.567  1472  3673 D NotDeveloper: processing get from com.dsi.ant.server with arg ro.board.platform
02-23 03:47:16.567  1472  3673 D NotDeveloper: processing getStringForUser from com.dsi.ant.server with arg copy_file_endtag
02-23 03:47:16.567  1472  3673 D NotDeveloper: processed getStringForUser(copy_file_endtag) without changing result
02-23 03:47:16.567  1472  3673 D NotDeveloper: processing getStringForUser from com.dsi.ant.server with arg copy_file_endtag
02-23 03:47:16.567  1472  3673 D NotDeveloper: processed getStringForUser(copy_file_endtag) without changing result
02-23 03:47:16.567  1472  3673 D NotDeveloper: processing get from com.dsi.ant.server with arg ro.board.platform
02-23 03:47:16.568  1472  3673 I chatty  : uid=1000(system) Binder:1472_B identical 3 lines
02-23 03:47:16.568  1472  3673 D NotDeveloper: processing get from com.dsi.ant.server with arg ro.board.platform
02-23 03:47:16.568  1472  3673 D NotDeveloper: processing getStringForUser from com.dsi.ant.server with arg copy_file_endtag
02-23 03:47:16.568  1472  3673 D NotDeveloper: processed getStringForUser(copy_file_endtag) without changing result
02-23 03:47:16.568  1472  3673 D NotDeveloper: processing getStringForUser from com.dsi.ant.server with arg copy_file_endtag
02-23 03:47:16.568  1472  3673 D NotDeveloper: processed getStringForUser(copy_file_endtag) without changing result
02-23 03:47:16.568  1472  3673 D NotDeveloper: processing get from com.dsi.ant.server with arg ro.board.platform
02-23 03:47:16.568  1472  3673 I chatty  : uid=1000(system) Binder:1472_B identical 3 lines
02-23 03:47:16.568  1472  3673 D NotDeveloper: processing get from com.dsi.ant.server with arg ro.board.platform
02-23 03:47:16.568  1472  3673 D NotDeveloper: processing getStringForUser from com.dsi.ant.server with arg copy_file_endtag
02-23 03:47:16.568  1472  3673 D NotDeveloper: processed getStringForUser(copy_file_endtag) without changing result
02-23 03:47:16.568  1472  3673 D NotDeveloper: processing getStringForUser from com.dsi.ant.server with arg copy_file_endtag
02-23 03:47:16.568  1472  3673 D NotDeveloper: processed getStringForUser(copy_file_endtag) without changing result
02-23 03:47:16.569  1472  3673 D NotDeveloper: processing get from com.dsi.ant.server with arg ro.board.platform
02-23 03:47:16.569  1472  3673 I chatty  : uid=1000(system) Binder:1472_B identical 3 lines
02-23 03:47:16.569  1472  3673 D NotDeveloper: processing get from com.dsi.ant.server with arg ro.board.platform
02-23 03:47:16.569  1472  3673 D NotDeveloper: processing getStringForUser from com.dsi.ant.server with arg copy_file_endtag
02-23 03:47:16.569  1472  3673 D NotDeveloper: processed getStringForUser(copy_file_endtag) without changing result
02-23 03:47:16.569  1472  3673 D NotDeveloper: processing getStringForUser from com.dsi.ant.server with arg copy_file_endtag
02-23 03:47:16.569  1472  3673 D NotDeveloper: processed getStringForUser(copy_file_endtag) without changing result
02-23 03:47:16.569  1472  3673 D NotDeveloper: processing getStringForUser from com.dsi.ant.server with arg copy_file_endtag
02-23 03:47:16.569  1472  3673 D NotDeveloper: processed getStringForUser(copy_file_endtag) without changing result
02-23 03:47:16.569  1472  3673 D NotDeveloper: processing getStringForUser from com.dsi.ant.server with arg copy_file_endtag
02-23 03:47:16.569  2794  5230 D ClockIconDelegate: DynamicIcon check needInvalidate true, oldHour = 3, newHour = 3, obj = net.oneplus.launcher.dynamicicon.clock.ClockIconDelegate@2cd1753
02-23 03:47:16.569  1472  3673 D NotDeveloper: processed getStringForUser(copy_file_endtag) without changing result
02-23 03:47:16.569  1472  3673 D NotDeveloper: processing get from com.dsi.ant.server with arg ro.board.platform
02-23 03:47:16.570  1472  3673 I chatty  : uid=1000(system) Binder:1472_B identical 8 lines
02-23 03:47:16.570  1472  3673 D NotDeveloper: processing get from com.dsi.ant.server with arg ro.board.platform
02-23 03:47:16.570  1472  3673 D NotDeveloper: processing getStringForUser from com.dsi.ant.server with arg copy_file_endtag
02-23 03:47:16.570  1472  3673 D NotDeveloper: processed getStringForUser(copy_file_endtag) without changing result
02-23 03:47:16.570  1472  3673 D NotDeveloper: processing getStringForUser from com.dsi.ant.server with arg copy_file_endtag
02-23 03:47:16.570  1472  3673 D NotDeveloper: processed getStringForUser(copy_file_endtag) without changing result
02-23 03:47:16.570  1472  3673 D NotDeveloper: processing get from com.dsi.ant.server with arg ro.board.platform
02-23 03:47:16.570  1472  3673 I chatty  : uid=1000(system) Binder:1472_B identical 3 lines
02-23 03:47:16.571  1472  3673 D NotDeveloper: processing get from com.dsi.ant.server with arg ro.board.platform
02-23 03:47:16.571  1472  3673 D NotDeveloper: processing getStringForUser from com.dsi.ant.server with arg copy_file_endtag
02-23 03:47:16.571  1472  3673 D NotDeveloper: processed getStringForUser(copy_file_endtag) without changing result
02-23 03:47:16.571  1472  3673 D NotDeveloper: processing getStringForUser from com.dsi.ant.server with arg copy_file_endtag
02-23 03:47:16.571  1472  3673 D NotDeveloper: processed getStringForUser(copy_file_endtag) without changing result
02-23 03:47:16.571  1472  3673 D NotDeveloper: processing get from com.dsi.ant.server with arg ro.board.platform
02-23 03:47:16.571  1472  3673 I chatty  : uid=1000(system) Binder:1472_B identical 3 lines
02-23 03:47:16.571  1472  3673 D NotDeveloper: processing get from com.dsi.ant.server with arg ro.board.platform
02-23 03:47:16.571  1472  3673 D NotDeveloper: processing getStringForUser from com.dsi.ant.server with arg copy_file_endtag
02-23 03:47:16.571  1472  3673 D NotDeveloper: processed getStringForUser(copy_file_endtag) without changing result
02-23 03:47:16.571  1472  3673 D NotDeveloper: processing getStringForUser from com.dsi.ant.server with arg copy_file_endtag
02-23 03:47:16.571  1472  3673 D NotDeveloper: processed getStringForUser(copy_file_endtag) without changing result
02-23 03:47:16.572  1472  3673 D NotDeveloper: processing get from com.dsi.ant.server with arg ro.board.platform
02-23 03:47:16.572  1472  3673 I chatty  : uid=1000(system) Binder:1472_B identical 3 lines
02-23 03:47:16.572  1472  3673 D NotDeveloper: processing get from com.dsi.ant.server with arg ro.board.platform
02-23 03:47:16.572  1472  3673 D NotDeveloper: processing getStringForUser from com.dsi.ant.server with arg copy_file_endtag
02-23 03:47:16.572  1472  3673 D NotDeveloper: processed getStringForUser(copy_file_endtag) without changing result
02-23 03:47:16.572  1472  3673 D NotDeveloper: processing getStringForUser from com.dsi.ant.server with arg copy_file_endtag
02-23 03:47:16.572  1472  3673 D NotDeveloper: processed getStringForUser(copy_file_endtag) without changing result
02-23 03:47:16.572  1472  3673 D NotDeveloper: processing get from com.dsi.ant.server with arg ro.board.platform
02-23 03:47:16.573  1472  3673 I chatty  : uid=1000(system) Binder:1472_B identical 8 lines
02-23 03:47:16.573  1472  3673 D NotDeveloper: processing get from com.dsi.ant.server with arg ro.board.platform
02-23 03:47:16.573  1472  3673 D NotDeveloper: processing getStringForUser from com.dsi.ant.server with arg copy_file_endtag
02-23 03:47:16.573  1472  3673 D NotDeveloper: processed getStringForUser(copy_file_endtag) without changing result
02-23 03:47:16.573  1472  3673 D NotDeveloper: processing getStringForUser from com.dsi.ant.server with arg copy_file_endtag
02-23 03:47:16.573  1472  3673 D NotDeveloper: processed getStringForUser(copy_file_endtag) without changing result
02-23 03:47:16.573  1472  3673 D NotDeveloper: processing get from com.dsi.ant.server with arg ro.board.platform
02-23 03:47:16.573  1472  3673 D NotDeveloper: processing get from com.dsi.ant.server with arg ro.board.platform
02-23 03:47:16.573  2794  5230 D DynamicIconUtil: bitmap size = 235, 235, drawable bounds = Rect(0, 0 - 147, 147), alpha = 255
02-23 03:47:16.573  1472  3673 D NotDeveloper: processing get from com.dsi.ant.server with arg ro.board.platform
02-23 03:47:16.573  1472  3673 I chatty  : uid=1000(system) Binder:1472_B identical 1 line
02-23 03:47:16.573  1472  3673 D NotDeveloper: processing get from com.dsi.ant.server with arg ro.board.platform
02-23 03:47:16.577  2794  5230 D DynamicIconUtil: bitmap size = 235, 235, drawable bounds = Rect(0, 0 - 147, 147), alpha = 255
02-23 03:47:16.578  1472  2692 D NotDeveloper: processing getBoolean from com.dsi.ant.server with arg net.qtaguid_enabled
02-23 03:47:16.579 14891 14952 E OPWeather@WeatherDataSharedProvider: query() -> no located city, fallback to use first city in database
02-23 03:47:16.579  1472  2692 D NotDeveloper: processing getBoolean from com.dsi.ant.server with arg net.qtaguid_enabled
02-23 03:47:16.579 14891 14952 W OPWeather@WeatherDataSharedProvider: query() -> no city added in database
02-23 03:47:16.579  1472  2692 D NotDeveloper: processing getBoolean from com.dsi.ant.server with arg net.qtaguid_enabled
