--------- beginning of main
02-23 13:09:37.516  7871 15955 W adbd    : timed out while waiting for FUNCTIONFS_BIND, trying again
02-23 13:09:37.516  7871 15955 I adbd    : UsbFfs: connection terminated: monitor thread finished
02-23 13:09:37.516  7871  7871 I adbd    : UsbFfs: already offline
02-23 13:09:37.516  7871  7871 I adbd    : UsbFfsConnection being destroyed
02-23 13:09:37.580  7871  7876 I adbd    : opening control endpoint /dev/usb-ffs/adb/ep0
02-23 13:09:37.582  7871  7876 I adbd    : UsbFfsConnection constructed
02-23 13:09:37.583  7871 15972 I adbd    : UsbFfs-monitor thread spawned
02-23 13:09:37.616 15973 15973 E cutils-trace: Error opening trace file: No such file or directory (2)
--------- beginning of system
02-23 13:09:37.622  2768 12272 W ActivityTaskManager: callingPackage for (uid=2000, pid=15973) has no WPC
02-23 13:09:37.624  2768 12272 V GrammaticalInflectionUtils: AttributionSource: android.content.AttributionSource@f0eb52c3 does not have READ_SYSTEM_GRAMMATICAL_GENDER permission.
02-23 13:09:37.625  2768 12272 W OptProp : Cannot read opt property android.window.PROPERTY_COMPAT_ALLOW_RESIZEABLE_ACTIVITY_OVERRIDES
02-23 13:09:37.626  2768 12272 W OptProp : Cannot read opt property android.window.PROPERTY_COMPAT_ALLOW_MIN_ASPECT_RATIO_OVERRIDE
02-23 13:09:37.633  2768 12272 W OptProp : Cannot read opt property android.window.PROPERTY_COMPAT_ALLOW_ORIENTATION_OVERRIDE
02-23 13:09:37.635  2768 12272 D ActivityTaskManager: Temporarily retain top process state for launching app
02-23 13:09:37.671  2768 12272 I ActivityTaskManager: START u0 {flg=0x10000000 cmp=com.hdfcfund.investor/.launcher_19ea417d0fe276578fcff928e6e5e72cca0be975ab5d61d89a56c3b8c3e753a6} with LAUNCH_SINGLE_INSTANCE from uid 2000 (BAL_ALLOW_PERMISSION) result code=0
02-23 13:09:37.674  2768  3278 V GrammaticalInflectionUtils: AttributionSource: android.content.AttributionSource@f0eb52c3 does not have READ_SYSTEM_GRAMMATICAL_GENDER permission.
02-23 13:09:37.676  2768  3287 I DIALBOX : Process.start:com.hdfcfund.investor
02-23 13:09:37.678  1613  1613 I BpBinder: onLastStrongRef automatically unlinking death recipients: 
02-23 13:09:37.692  2768  3287 I ActivityManager: Start proc 4359:com.hdfcfund.investor/u0a616 for top-activity {com.hdfcfund.investor/com.hdfcfund.investor.launcher_19ea417d0fe276578fcff928e6e5e72cca0be975ab5d61d89a56c3b8c3e753a6}
02-23 13:09:37.712  4359  4359 I fcfund.investor: Using CollectorTypeCC GC.
02-23 13:09:37.714  4359  4359 E fcfund.investor: Not starting debugger since process cannot load the jdwp agent.
02-23 13:09:37.716  4359  4359 W fcfund.investor: Thread Pool max thread count is 0. Cannot cache binder as linkToDeath cannot be implemented. serviceName: activity
02-23 13:09:37.765  4359  4359 W BpBinder: Linking to death on org.lsposed.lspd.service.ILSPApplicationService but there are no threads (yet?) listening to incoming transactions. See ProcessState::startThreadPool and ProcessState::setThreadPoolMaxThreadCount. Generally you should setup the binder threadpool before other initialization steps.
02-23 13:09:37.774  4359  4359 I LSPosed : Loading xposed for com.hdfcfund.investor/10616
02-23 13:09:37.780  4359  4359 I LSPosed-Bridge: Loading legacy module mfsx.xposed.trustmealready from /data/app/~~bUSgdB9bXLp_dyK7Ab34eA==/mfsx.xposed.trustmealready-sl0iv6NwOXBk03eWoHxHcQ==/base.apk
02-23 13:09:37.781  4359  4359 W fcfund.investor: Unsupported class loader
02-23 13:09:37.782  4359  4359 I LSPosed-Bridge:   Loading class mfsx.xposed.trustmealready.Main
02-23 13:09:37.785  4359  4359 I LSPosed-Bridge: Loading legacy module top.canyie.settingsfirewall from /data/app/~~5wsooPyF3nbuwxv_w4Ivcg==/top.canyie.settingsfirewall-EJ-XnWUdDeb004-2nCao7Q==/base.apk
02-23 13:09:37.785  4359  4359 W fcfund.investor: Unsupported class loader
02-23 13:09:37.785  4359  4359 I LSPosed-Bridge:   Loading class top.canyie.settingsfirewall.SettingsProviderHook
02-23 13:09:37.791  4359  4359 D nativeloader: Load libframework-connectivity-tiramisu-jni.so using APEX ns com_android_tethering for caller /apex/com.android.tethering/javalib/framework-connectivity-t.jar: ok
02-23 13:09:37.796  4900  7834 D BinderSender: onUidIdle: uid=10616, disabled=false
02-23 13:09:37.796  4900  7834 V BinderSender: Uid 10616 starts
02-23 13:09:37.797  4900  7834 D BinderSender: sendBinder to uid 10616: packages=com.hdfcfund.investor
02-23 13:09:37.797  4900  6109 D BinderSender: onForegroundActivitiesChanged: pid=4359, uid=10616, foregroundActivities=true
02-23 13:09:37.797  4900  7834 D BinderSender: onUidCachedChanged: uid=10616, cached=true
02-23 13:09:37.798  4900  6109 D BinderSender: sendBinder to uid 10616: packages=com.hdfcfund.investor
02-23 13:09:37.822  4359  4359 W fcfund.investor: Unsupported class loader
02-23 13:09:37.829  4359  4359 I LSPosedContext: com.gauravssnl.bypassrootcheck.pro: MainModule at :: com.hdfcfund.investor
02-23 13:09:37.865  4359  4359 D ApplicationLoaders: Returning zygote-cached class loader: /system/framework/org.apache.http.legacy.jar
02-23 13:09:37.865  4359  4359 D ApplicationLoaders: Returning zygote-cached class loader: /system_ext/framework/androidx.window.extensions.jar
02-23 13:09:37.865  4359  4359 D ApplicationLoaders: Returning zygote-cached class loader: /system_ext/framework/androidx.window.sidecar.jar
02-23 13:09:37.884  4359  4359 W ziparchive: Unable to open '/data/app/~~HXECl7fi848hmEKHjtt1lA==/com.hdfcfund.investor-0g4D6YGdWPZrK1BjCwSdmQ==/split_config.arm64_v8a.dm': No such file or directory
02-23 13:09:37.884  4359  4359 W ziparchive: Unable to open '/data/app/~~HXECl7fi848hmEKHjtt1lA==/com.hdfcfund.investor-0g4D6YGdWPZrK1BjCwSdmQ==/split_config.arm64_v8a.dm': No such file or directory
02-23 13:09:37.884  4359  4359 W fcfund.investor: Entry not found
02-23 13:09:37.885  4359  4359 W ziparchive: Unable to open '/data/app/~~HXECl7fi848hmEKHjtt1lA==/com.hdfcfund.investor-0g4D6YGdWPZrK1BjCwSdmQ==/split_config.en.dm': No such file or directory
02-23 13:09:37.885  4359  4359 W ziparchive: Unable to open '/data/app/~~HXECl7fi848hmEKHjtt1lA==/com.hdfcfund.investor-0g4D6YGdWPZrK1BjCwSdmQ==/split_config.en.dm': No such file or directory
02-23 13:09:37.885  4359  4359 W fcfund.investor: Entry not found
02-23 13:09:37.885  4359  4359 W ziparchive: Unable to open '/data/app/~~HXECl7fi848hmEKHjtt1lA==/com.hdfcfund.investor-0g4D6YGdWPZrK1BjCwSdmQ==/split_config.xxhdpi.dm': No such file or directory
02-23 13:09:37.885  4359  4359 W ziparchive: Unable to open '/data/app/~~HXECl7fi848hmEKHjtt1lA==/com.hdfcfund.investor-0g4D6YGdWPZrK1BjCwSdmQ==/split_config.xxhdpi.dm': No such file or directory
02-23 13:09:37.885  4359  4359 W fcfund.investor: Entry not found
02-23 13:09:37.886  4359  4359 D nativeloader: Configuring clns-7 for other apk /data/app/~~HXECl7fi848hmEKHjtt1lA==/com.hdfcfund.investor-0g4D6YGdWPZrK1BjCwSdmQ==/base.apk:/data/app/~~HXECl7fi848hmEKHjtt1lA==/com.hdfcfund.investor-0g4D6YGdWPZrK1BjCwSdmQ==/split_config.arm64_v8a.apk:/data/app/~~HXECl7fi848hmEKHjtt1lA==/com.hdfcfund.investor-0g4D6YGdWPZrK1BjCwSdmQ==/split_config.en.apk:/data/app/~~HXECl7fi848hmEKHjtt1lA==/com.hdfcfund.investor-0g4D6YGdWPZrK1BjCwSdmQ==/split_config.xxhdpi.apk. target_sdk_version=36, uses_libraries=, library_path=/data/app/~~HXECl7fi848hmEKHjtt1lA==/com.hdfcfund.investor-0g4D6YGdWPZrK1BjCwSdmQ==/lib/arm64:/data/app/~~HXECl7fi848hmEKHjtt1lA==/com.hdfcfund.investor-0g4D6YGdWPZrK1BjCwSdmQ==/base.apk!/lib/arm64-v8a:/data/app/~~HXECl7fi848hmEKHjtt1lA==/com.hdfcfund.investor-0g4D6YGdWPZrK1BjCwSdmQ==/split_config.arm64_v8a.apk!/lib/arm64-v8a:/data/app/~~HXECl7fi848hmEKHjtt1lA==/com.hdfcfund.investor-0g4D6YGdWPZrK1BjCwSdmQ==/split_config.en.apk!/lib/arm64-v8a:/data/app/~~HXECl7fi848hmEKHjtt1lA==/com.hdfcfund.investor-0g4D6YGdWPZrK1
02-23 13:09:37.912  4359  4359 D nativeloader: Load /data/app/~~HXECl7fi848hmEKHjtt1lA==/com.hdfcfund.investor-0g4D6YGdWPZrK1BjCwSdmQ==/lib/arm64/libhdfcfund_investor.so using class loader ns clns-7 (caller=/data/app/~~HXECl7fi848hmEKHjtt1lA==/com.hdfcfund.investor-0g4D6YGdWPZrK1BjCwSdmQ==/base.apk!classes5.dex): ok
02-23 13:09:38.055  4359  4359 W libc    : Access denied finding property "ro.debuggable"
02-23 13:09:38.055  4359  4359 W libc    : Access denied finding property "ro.secure"
02-23 13:09:38.062  4359  4359 W libc    : Access denied finding property "ro.bootimage.build.fingerprint"
02-23 13:09:38.063  4359  4359 W libc    : Access denied finding property "qemu.hw.mainkeys"
02-23 13:09:38.063  4359  4359 W libc    : Access denied finding property "qemu.sf.lcd_density"
02-23 13:09:38.063  4359  4359 W libc    : Access denied finding property "vendor.qemu.sf.fake_camera"
02-23 13:09:38.063  4359  4359 W libc    : Access denied finding property "vendor.qemu.timezone"
02-23 13:09:38.063  4359  4359 W libc    : Access denied finding property "ro.boot.serialno"
02-23 13:09:38.063  4359  4359 W libc    : Access denied finding property "ro.boot.serialno"
02-23 13:09:38.063  4359  4359 W libc    : Access denied finding property "init.svc.vendor.light-rockchip"
02-23 13:09:38.063  4359  4359 W libc    : Access denied finding property "init.svc_debug_pid.vendor.light-rockchip"
02-23 13:09:38.063  4359  4359 W libc    : Access denied finding property "init.svc_debug_pid.vendor.rknn-1-0"
02-23 13:09:38.063  4359  4359 W libc    : Access denied finding property "khungtask.enable"
02-23 13:09:38.063  4359  4359 W libc    : Access denied finding property "ro.boottime.init.fsck.cache"
02-23 13:09:38.063  4359  4359 W libc    : Access denied finding property "ro.boottime.init.fsck.data"
02-23 13:09:38.063  4359  4359 W libc    : Access denied finding property "ro.boottime.init.fsck.scratch"
02-23 13:09:38.063  4359  4359 W libc    : Access denied finding property "ro.boottime.mdnsd"
02-23 13:09:38.063  4359  4359 W libc    : Access denied finding property "ro.boottime.media.swcodec"
02-23 13:09:38.063  4359  4359 W libc    : Access denied finding property "ro.boottime.mgysocks5"
02-23 13:09:38.063  4359  4359 W libc    : Access denied finding property "ro.boottime.rknn_server"
02-23 13:09:38.063  4359  4359 W libc    : Access denied finding property "ro.boottime.rockchip_udc_detector"
02-23 13:09:38.063  4359  4359 W libc    : Access denied finding property "vendor.cam.librkaiq.ver"
02-23 13:09:38.063  4359  4359 W libc    : Access denied finding property "vendor.cam.librkaiqCalib.ver"
02-23 13:09:38.063  4359  4359 W libc    : Access denied finding property "vendor.ghwc.version"
02-23 13:09:38.087  4359  4359 I LSPosed-Bridge: TrustMeAlready loading: com.hdfcfund.investor
02-23 13:09:38.088  4359  4359 I LSPosed-Bridge: Hooked method: private java.util.List com.android.org.conscrypt.TrustManagerImpl.checkTrusted(java.security.cert.X509Certificate[],java.lang.String,javax.net.ssl.SSLSession,javax.net.ssl.SSLParameters,boolean) throws java.security.cert.CertificateException
02-23 13:09:38.089  4359  4359 I LSPosed-Bridge: Hooked method: private java.util.List com.android.org.conscrypt.TrustManagerImpl.checkTrusted(java.security.cert.X509Certificate[],byte[],byte[],java.lang.String,java.lang.String,boolean) throws java.security.cert.CertificateException
02-23 13:09:38.090  4359  4359 I LSPosed-Bridge: Hooked method: private java.util.List com.android.org.conscrypt.TrustManagerImpl.checkTrustedRecursive(java.security.cert.X509Certificate[],byte[],byte[],java.lang.String,boolean,java.util.List,java.util.List,java.util.Set) throws java.security.cert.CertificateException
02-23 13:09:38.090  4359  4359 I LSPosed-Bridge: Hooked method: private java.util.List com.android.org.conscrypt.TrustManagerImpl.verifyChain(java.util.List,java.util.List,java.lang.String,boolean,byte[],byte[]) throws java.security.cert.CertificateException
02-23 13:09:38.091  4359  4359 I LSPosed-Bridge: Hooked method: public java.util.List com.android.org.conscrypt.TrustManagerImpl.checkServerTrusted(java.security.cert.X509Certificate[],java.lang.String,java.lang.String) throws java.security.cert.CertificateException
02-23 13:09:38.091  4359  4359 I LSPosed-Bridge: Hooked method: public java.util.List com.android.org.conscrypt.TrustManagerImpl.checkServerTrusted(java.security.cert.X509Certificate[],java.lang.String,javax.net.ssl.SSLSession) throws java.security.cert.CertificateException
02-23 13:09:38.092  4359  4359 I LSPosed-Bridge: Hooked method: public java.util.List com.android.org.conscrypt.TrustManagerImpl.checkServerTrusted(java.security.cert.X509Certificate[],byte[],byte[],java.lang.String,java.lang.String) throws java.security.cert.CertificateException
02-23 13:09:38.092  4359  4359 I LSPosed-Bridge: Hooked method: public void com.android.org.conscrypt.TrustManagerImpl.checkServerTrusted(java.security.cert.X509Certificate[],java.lang.String) throws java.security.cert.CertificateException
02-23 13:09:38.093  4359  4359 I LSPosed-Bridge: Hooked method: public void com.android.org.conscrypt.TrustManagerImpl.checkServerTrusted(java.security.cert.X509Certificate[],java.lang.String,java.net.Socket) throws java.security.cert.CertificateException
02-23 13:09:38.093  4359  4359 I LSPosed-Bridge: Hooked method: public void com.android.org.conscrypt.TrustManagerImpl.checkServerTrusted(java.security.cert.X509Certificate[],java.lang.String,javax.net.ssl.SSLEngine) throws java.security.cert.CertificateException
02-23 13:09:38.094  4359  4359 I LSPosed-Bridge: Hooking error: java.lang.ClassNotFoundException: com$android$org$conscrypt$OpenSSLEngineSocketImpl
02-23 13:09:38.094  4359  4359 I LSPosed-Bridge: Hooked method: public final void com.android.org.conscrypt.ConscryptFileDescriptorSocket.verifyCertificateChain(byte[][],java.lang.String) throws java.security.cert.CertificateException
02-23 13:09:38.095  4359  4359 I LSPosed-Bridge: Hooked method: private void android.security.net.config.NetworkSecurityTrustManager.checkPins(java.util.List) throws java.security.cert.CertificateException
02-23 13:09:38.096  4359  4359 I LSPosed-Bridge: Hooked method: public void android.webkit.WebViewClient.onReceivedError(android.webkit.WebView,int,java.lang.String,java.lang.String)
02-23 13:09:38.096  4359  4359 I LSPosed-Bridge: Hooked method: public void android.webkit.WebViewClient.onReceivedError(android.webkit.WebView,android.webkit.WebResourceRequest,android.webkit.WebResourceError)
02-23 13:09:38.097  4359  4359 I LSPosed-Bridge: Hooked method: public void android.webkit.WebViewClient.onReceivedSslError(android.webkit.WebView,android.webkit.SslErrorHandler,android.net.http.SslError)
02-23 13:09:38.097  4359  4359 I LSPosed-Bridge: Hooked method: public static void javax.net.ssl.HttpsURLConnection.setDefaultHostnameVerifier(javax.net.ssl.HostnameVerifier)
02-23 13:09:38.098  4359  4359 I LSPosed-Bridge: Hooked method: public void javax.net.ssl.HttpsURLConnection.setHostnameVerifier(javax.net.ssl.HostnameVerifier)
02-23 13:09:38.098  4359  4359 I LSPosed-Bridge: Hooked method: public void javax.net.ssl.HttpsURLConnection.setSSLSocketFactory(javax.net.ssl.SSLSocketFactory)
02-23 13:09:38.099  4359  4359 I LSPosed-Bridge: Hooked method: public final void javax.net.ssl.SSLContext.init(javax.net.ssl.KeyManager[],javax.net.ssl.TrustManager[],java.security.SecureRandom) throws java.security.KeyManagementException
02-23 13:09:38.099  4359  4359 I LSPosed-Bridge: Hooked method: public final javax.net.ssl.TrustManager[] javax.net.ssl.TrustManagerFactory.getTrustManagers()
02-23 13:09:38.101  4359  4359 I LSPosed-Bridge: Hooked method: public final synchronized org.apache.http.conn.scheme.Scheme org.apache.http.conn.scheme.SchemeRegistry.register(org.apache.http.conn.scheme.Scheme)
02-23 13:09:38.101  4359  4359 I LSPosed-Bridge: Hooking error: java.lang.ClassNotFoundException: org$apache$http$conn$ssl$HttpsURLConnection
02-23 13:09:38.102  4359  4359 I LSPosed-Bridge: Hooked method: public static org.apache.http.conn.ssl.SSLSocketFactory org.apache.http.conn.ssl.SSLSocketFactory.getSocketFactory()
02-23 13:09:38.103  4359  4359 I LSPosed-Bridge: Hooked method: public boolean org.apache.http.conn.ssl.SSLSocketFactory.isSecure(java.net.Socket) throws java.lang.IllegalArgumentException
02-23 13:09:38.103  4359  4359 I LSPosed-Bridge: Hooked method: org.apache.http.conn.ssl.SSLSocketFactory
02-23 13:09:38.104  4359  4359 I LSPosed-Bridge: Hooked method: public void okhttp3.CertificatePinner.check(java.lang.String,java.util.List) throws javax.net.ssl.SSLPeerUnverifiedException
02-23 13:09:38.105  4359  4359 I LSPosed-Bridge: Hooked method: public void okhttp3.CertificatePinner.check(java.lang.String,java.security.cert.Certificate[]) throws javax.net.ssl.SSLPeerUnverifiedException
02-23 13:09:38.105  4359  4359 I LSPosed-Bridge: Hooked method: java.util.List okhttp3.CertificatePinner.findMatchingPins(java.lang.String)
02-23 13:09:38.105  4359  4359 I LSPosed-Bridge: Hooking error: java.lang.ClassNotFoundException: okhttp3$repackaged$CertificatePinner
02-23 13:09:38.105  4359  4359 I LSPosed-Bridge: Hooking error: java.lang.ClassNotFoundException: com$commencis$okhttp3$CertificatePinner
02-23 13:09:38.106  4359  4359 I LSPosed-Bridge: Hooked method: public boolean okhttp3.internal.tls.OkHostnameVerifier.verify(java.lang.String,java.security.cert.X509Certificate)
02-23 13:09:38.106  4359  4359 I LSPosed-Bridge: Hooked method: public boolean okhttp3.internal.tls.OkHostnameVerifier.verify(java.lang.String,javax.net.ssl.SSLSession)
02-23 13:09:38.107  4359  4359 I LSPosed-Bridge: Hooking error: java.lang.ClassNotFoundException: com$squareup$okhttp$CertificatePinner
02-23 13:09:38.107  4359  4359 I LSPosed-Bridge: Hooking error: java.lang.ClassNotFoundException: com$squareup$okhttp$internal$tls$OkHostnameVerifier
02-23 13:09:38.107  4359  4359 I LSPosed-Bridge: Hooking error: java.lang.ClassNotFoundException: org$xutils$http$RequestParams
02-23 13:09:38.107  4359  4359 I LSPosed-Bridge: Hooking error: java.lang.ClassNotFoundException: com$appmattus$certificatetransparency$internal$verifier$CertificateTransparencyInterceptor
02-23 13:09:38.108  4359  4359 I LSPosed-Bridge: Hooking error: java.lang.ClassNotFoundException: com$appmattus$certificatetransparency$internal$verifier$CertificateTransparencyTrustManager
02-23 13:09:38.108  4359  4359 I LSPosed-Bridge: Hooking error: java.lang.ClassNotFoundException: appcelerator$https$PinningTrustManager
02-23 13:09:38.108  4359  4359 I LSPosed-Bridge: Hooking error: java.lang.ClassNotFoundException: ch$boye$httpclientandroidlib$conn$ssl$AbstractVerifier
02-23 13:09:38.108  4359  4359 I LSPosed-Bridge: Hooking error: java.lang.ClassNotFoundException: org$chromium$net$CronetEngine$Builder
02-23 13:09:38.108  4359  4359 I LSPosed-Bridge: Hooking error: java.lang.ClassNotFoundException: com$datatheorem$android$trustkit$pinning$OkHostnameVerifier
02-23 13:09:38.109  4359  4359 I LSPosed-Bridge: Hooking error: java.lang.ClassNotFoundException: com$datatheorem$android$trustkit$pinning$PinningTrustManager
02-23 13:09:38.109  4359  4359 I LSPosed-Bridge: Hooking error: java.lang.ClassNotFoundException: com$commonsware$cwac$netsecurity$conscrypt$CertPinManager
02-23 13:09:38.109  4359  4359 I LSPosed-Bridge: Hooking error: java.lang.ClassNotFoundException: com$worklight$wlclient$certificatepinning$HostNameVerifierWithCertificatePinning
02-23 13:09:38.109  4359  4359 I LSPosed-Bridge: Hooking error: java.lang.ClassNotFoundException: com$worklight$wlclient$api$WLClient
02-23 13:09:38.110  4359  4359 I LSPosed-Bridge: Hooking error: java.lang.ClassNotFoundException: com$worklight$androidgap$plugin$WLCertificatePinningPlugin
02-23 13:09:38.110  4359  4359 I LSPosed-Bridge: Hooking error: java.lang.ClassNotFoundException: nl$xservices$plugins$sslCertificateChecker
02-23 13:09:38.110  4359  4359 I LSPosed-Bridge: Hooking error: java.lang.ClassNotFoundException: io$netty$handler$ssl$util$FingerprintTrustManagerFactory
02-23 13:09:38.110  4359  4359 I LSPosed-Bridge: Hooking error: java.lang.ClassNotFoundException: org$apache$cordova$CordovaWebViewClient
02-23 13:09:38.111  4359  4359 I LSPosed-Bridge: Hooking error: java.lang.ClassNotFoundException: org$apache$harmony$xnet$provider$jsse$OpenSSLSocketImpl
02-23 13:09:38.111  4359  4359 I LSPosed-Bridge: Hooking error: java.lang.ClassNotFoundException: com$turkcell$paycell$data$DataModule
02-23 13:09:38.111  4359  4359 I LSPosed-Bridge: TrustMeAlready loaded! Hooked 29 methods
02-23 13:09:38.111  4359  4359 I LSPosedContext: com.gauravssnl.bypassrootcheck.pro: onPackageLoaded :: com.hdfcfund.investor
02-23 13:09:38.111  4359  4359 I LSPosedContext: com.gauravssnl.bypassrootcheck.pro: param classloader is ::  dalvik.system.PathClassLoader[DexPathList[[zip file "/data/app/~~HXECl7fi848hmEKHjtt1lA==/com.hdfcfund.investor-0g4D6YGdWPZrK1BjCwSdmQ==/base.apk", zip file "/data/app/~~HXECl7fi848hmEKHjtt1lA==/com.hdfcfund.investor-0g4D6YGdWPZrK1BjCwSdmQ==/split_config.arm64_v8a.apk", zip file "/data/app/~~HXECl7fi848hmEKHjtt1lA==/com.hdfcfund.investor-0g4D6YGdWPZrK1BjCwSdmQ==/split_config.en.apk", zip file "/data/app/~~HXECl7fi848hmEKHjtt1lA==/com.hdfcfund.investor-0g4D6YGdWPZrK1BjCwSdmQ==/split_config.xxhdpi.apk"],nativeLibraryDirectories=[/data/app/~~HXECl7fi848hmEKHjtt1lA==/com.hdfcfund.investor-0g4D6YGdWPZrK1BjCwSdmQ==/lib/arm64, /data/app/~~HXECl7fi848hmEKHjtt1lA==/com.hdfcfund.investor-0g4D6YGdWPZrK1BjCwSdmQ==/base.apk!/lib/arm64-v8a, /data/app/~~HXECl7fi848hmEKHjtt1lA==/com.hdfcfund.investor-0g4D6YGdWPZrK1BjCwSdmQ==/split_config.arm64_v8a.apk!/lib/arm64-v8a, /data/app/~~HXECl7fi848hmEKHjtt1lA==/com.hdfcfund.investor-0g4D6YGdWPZrK1BjCwSdmQ==/split_config.en.apk!/lib/arm64-v8a, /data/app/~~HXECl7fi848hmEKHjtt1lA==/com.hdfcfund.investor-0g4D6YGdWPZrK1BjCwSdmQ==/split_config.xxhdpi.apk!/lib/arm64-v8a, /system/lib64, /system_ext/lib64]]]
02-23 13:09:38.111  4359  4359 I LSPosedContext: com.gauravssnl.bypassrootcheck.pro: module apk path is :: /data/app/~~cSUOgf2jm_0lvgXz30shrQ==/com.gauravssnl.bypassrootcheck.pro-MeT80w_8cBAjIYf-Obcaig==/base.apk
02-23 13:09:38.111  4359  4359 I LSPosedContext: com.gauravssnl.bypassrootcheck.pro: ----------------------------
02-23 13:09:38.111  4359  4359 I LSPosedContext: com.gauravssnl.bypassrootcheck.pro: First package loaded
02-23 13:09:38.111  4359  4359 I LSPosedContext: com.gauravssnl.bypassrootcheck.pro: Loading native lib for hooking
02-23 13:09:38.111  4359  4359 D nativeloader: Configuring clns-8 for other apk . target_sdk_version=36, uses_libraries=ALL, library_path=/data/app/~~cSUOgf2jm_0lvgXz30shrQ==/com.gauravssnl.bypassrootcheck.pro-MeT80w_8cBAjIYf-Obcaig==/base.apk!/lib/arm64-v8a:/system/lib64:/system_ext/lib64, permitted_path=/data:/mnt/expand
02-23 13:09:38.115  4359  4359 I NativeHookerByGauravssnl: All System hooks applied for bypassing root check.)
02-23 13:09:38.115  4359  4359 D nativeloader: Load /data/app/~~cSUOgf2jm_0lvgXz30shrQ==/com.gauravssnl.bypassrootcheck.pro-MeT80w_8cBAjIYf-Obcaig==/base.apk!/lib/arm64-v8a/libnativehooks.so using isolated ns clns-8 (caller=Anonymous-DexFile@2611821260): ok
02-23 13:09:38.115  4359  4359 I LSPosedContext: com.gauravssnl.bypassrootcheck.pro:  Native lib loaded for hooking root detection & bypass them :)
02-23 13:09:38.115  4359  4359 I LSPosedContext: com.gauravssnl.bypassrootcheck.pro: Trying to find RootBeerFresh classes & hook Java methods
02-23 13:09:38.117  4359  4359 I LSPosedContext: com.gauravssnl.bypassrootcheck.pro: Hooked File.exists
02-23 13:09:38.118  4359  4359 I LSPosedContext: com.gauravssnl.bypassrootcheck.pro: Hooked android.os.SystemProperties.get
02-23 13:09:38.122  4359  4359 I LSPosedContext: com.gauravssnl.bypassrootcheck.pro: Hooked PackageManagerGetPackageInfo
02-23 13:09:38.124  4359  4359 I LSPosedContext: com.gauravssnl.bypassrootcheck.pro: Hooked Runtime.exec
02-23 13:09:38.124  4359  4359 I LSPosedContext: com.gauravssnl.bypassrootcheck.pro: Java & Native Java (JNI / C / C++) code are hooked. All root detection bypassed :)
02-23 13:09:38.126  4359  4359 I fcfund.investor: AssetManager2(0xb400007d8fd71828) locale list changing from [] to [en-US]
02-23 13:09:38.133  4359  4359 V GraphicsEnvironment: Currently set values for:
02-23 13:09:38.133  4359  4359 V GraphicsEnvironment:   angle_gl_driver_selection_pkgs=[com.android.angle, com.linecorp.b612.android, com.campmobile.snow, com.google.android.apps.tachyon]
02-23 13:09:38.133  4359  4359 V GraphicsEnvironment:   angle_gl_driver_selection_values=[angle, native, native, native]
02-23 13:09:38.133  4359  4359 V GraphicsEnvironment: com.hdfcfund.investor is not listed in per-application setting
02-23 13:09:38.134  4359  4359 V GraphicsEnvironment: Neither updatable production driver nor prerelease driver is supported.
02-23 13:09:38.215  4359  4359 I MultiDex: VM with version 2.1.0 has multidex support
02-23 13:09:38.215  4359  4359 I MultiDex: Installing application
02-23 13:09:38.215  4359  4359 I MultiDex: VM has multidex support, MultiDex support library is disabled.
02-23 13:09:38.224  4359  4359 D SessionsDependencies: Dependency to CRASHLYTICS added.
02-23 13:09:38.225  4359  4359 I FirebaseApp: Device unlocked: initializing all Firebase APIs for app [DEFAULT]
02-23 13:09:38.239  4359  4359 D FirebaseSessions: Initializing Firebase Sessions SDK.
02-23 13:09:38.240  4359  4359 I FirebaseCrashlytics: Initializing Firebase Crashlytics 19.1.0 for com.hdfcfund.investor
02-23 13:09:38.244  4359 16026 W fcfund.investor: ClassLoaderContext classpath size mismatch. expected=1, found=0 (DLC[];PCL[base.apk*2701253676]{PCL[/system/framework/org.apache.http.legacy.jar*478463717]#PCL[/system/framework/com.android.location.provider.jar*2736664001]#PCL[/system/framework/com.android.media.remotedisplay.jar*368925920]#PCL[/system_ext/framework/androidx.window.extensions.jar*1178313661]#PCL[/system_ext/framework/androidx.window.sidecar.jar*3929736136]} | DLC[];PCL[])
02-23 13:09:38.244  4359  4359 D SessionsDependencies: Subscriber CRASHLYTICS registered.
02-23 13:09:38.247  4359 16026 I DynamiteModule: Considering local module com.google.android.gms.measurement.dynamite:122 and remote module com.google.android.gms.measurement.dynamite:177
02-23 13:09:38.247  4359 16026 I DynamiteModule: Selected remote version of com.google.android.gms.measurement.dynamite, version >= 177
02-23 13:09:38.247  4359 16026 V DynamiteModule: Dynamite loader version >= 2, using loadModule2NoCrashUtils
02-23 13:09:38.253  4359  4359 I FirebaseInitProvider: FirebaseApp initialization successful
02-23 13:09:38.255  4359 16029 D LifecycleServiceBinder: Binding service to application.
02-23 13:09:38.257  4359 16030 I LSPosedContext: com.gauravssnl.bypassrootcheck.pro: App tried to access root related file :: /system/app/Superuser.apk , so bypass it
02-23 13:09:38.257  4359 16030 I LSPosedContext: com.gauravssnl.bypassrootcheck.pro: App tried to access root related file :: /system/xbin/su , so bypass it
02-23 13:09:38.257  2768  3348 D FileUtils: Rounded bytes from 7872569344 to 8000000000
02-23 13:09:38.258  4359 16030 I LSPosedContext: com.gauravssnl.bypassrootcheck.pro: App tried to access root related file :: /system/app/Superuser.apk , so bypass it
02-23 13:09:38.258  4359 16030 I LSPosedContext: com.gauravssnl.bypassrootcheck.pro: App tried to access root related file :: /system/xbin/su , so bypass it
02-23 13:09:38.259  4359 16030 I LSPosedContext: com.gauravssnl.bypassrootcheck.pro: App tried to access root related file :: /system/app/Superuser.apk , so bypass it
02-23 13:09:38.259  4359 16030 I LSPosedContext: com.gauravssnl.bypassrootcheck.pro: App tried to access root related file :: /system/xbin/su , so bypass it
02-23 13:09:38.259  4359 16030 I LSPosedContext: com.gauravssnl.bypassrootcheck.pro: App tried to access root related file :: /system/app/Superuser.apk , so bypass it
02-23 13:09:38.260  4359 16030 I LSPosedContext: com.gauravssnl.bypassrootcheck.pro: App tried to access root related file :: /system/xbin/su , so bypass it
02-23 13:09:38.260  4359 16026 W System  : ClassLoader referenced unknown path: 
02-23 13:09:38.260  4359 16026 D nativeloader: Configuring clns-9 for other apk . target_sdk_version=36, uses_libraries=, library_path=/data/app/~~Qvo8xEjr9M5MPC_qvCezhA==/com.google.android.gms-eF5WKwHfh85MRsYHf323Pg==/lib/arm64:/data/app/~~Qvo8xEjr9M5MPC_qvCezhA==/com.google.android.gms-eF5WKwHfh85MRsYHf323Pg==/base.apk!/lib/arm64-v8a, permitted_path=/data:/mnt/expand:/data/user/0/com.google.android.gms
02-23 13:09:38.262  4359  4359 D WM-WrkMgrInitializer: Initializing WorkManager with default configuration.
02-23 13:09:38.264  4359  4359 D WM-PackageManagerHelper: Skipping component enablement for androidx.work.impl.background.systemjob.SystemJobService
02-23 13:09:38.264  4359  4359 D WM-Schedulers: Created SystemJobScheduler and enabled SystemJobService
02-23 13:09:38.264  4359 16026 I fcfund.investor: AssetManager2(0xb400007d8fd71b28) locale list changing from [] to [en-US]
02-23 13:09:38.265  4359 16030 I FirebaseCrashlytics: Saved version control info
02-23 13:09:38.266  4359 16026 I NativeHookerByGauravssnl: App tried to check root related files, so bypass it
02-23 13:09:38.266  4359 16026 I NativeHookerByGauravssnl: App tried to check root related files, so bypass it
02-23 13:09:38.266  4359 16026 W System  : ClassLoader referenced unknown path: /data/app/~~Qvo8xEjr9M5MPC_qvCezhA==/com.google.android.gms-eF5WKwHfh85MRsYHf323Pg==/split_MeasurementDynamite_installtime.apk
02-23 13:09:38.268  4359 16026 I fcfund.investor: AssetManager2(0xb400007d8fd72428) locale list changing from [] to [en-US]
02-23 13:09:38.269  4359 16026 I fcfund.investor: AssetManager2(0xb400007d8fd72728) locale list changing from [] to [en-US]
02-23 13:09:38.269  4359 16026 W DynamiteModuleApi: Failed to set dynamite application context: java.lang.ClassNotFoundException: Didn't find class "com.google.android.gms.chimera.DynamiteModuleInitializer" on path: DexPathList[[],nativeLibraryDirectories=[/data/app/~~Qvo8xEjr9M5MPC_qvCezhA==/com.google.android.gms-eF5WKwHfh85MRsYHf323Pg==/split_MeasurementDynamite_installtime.apk!/lib/arm64-v8a, /system/lib64, /system_ext/lib64]]
02-23 13:09:38.271  4359 16026 I NativeHookerByGauravssnl: App tried to check root related files, so bypass it
02-23 13:09:38.271  4359 16026 W ChimeraApkLoader: Config is out of date: FileBasedSplitApk(MeasurementDynamite_installtime) has been modified
02-23 13:09:38.271  4359 16026 E DynamiteLoaderV2Impl: Failed to create module context.
02-23 13:09:38.271  4359 16026 E DynamiteLoaderV2Impl: m2.u: Module APK has been modified: FileBasedSplitApk(MeasurementDynamite_installtime)
02-23 13:09:38.271  4359 16026 E DynamiteLoaderV2Impl: 	at com.google.android.gms.dynamiteloader.DynamiteLoaderV2.loadModule2NoCrashUtils(:com.google.android.gms.dynamite_dynamiteloader@260534035@26.05.34 (260400-0):109)
02-23 13:09:38.271  4359 16026 E DynamiteLoaderV2Impl: 	at m2.cn.a(:com.google.android.gms.dynamite_dynamiteloader@260534035@26.05.34 (260400-0):73)
02-23 13:09:38.271  4359 16026 E DynamiteLoaderV2Impl: 	at m2.p.onTransact(:com.google.android.gms.dynamite_dynamiteloader@260534035@26.05.34 (260400-0):21)
02-23 13:09:38.271  4359 16026 E DynamiteLoaderV2Impl: 	at android.os.Binder.transact(Binder.java:1258)
02-23 13:09:38.271  4359 16026 E DynamiteLoaderV2Impl: 	at com.google.android.gms.internal.common.zza.zzB(com.google.android.gms:play-services-basement@@18.3.0:2)
02-23 13:09:38.271  4359 16026 E DynamiteLoaderV2Impl: 	at com.google.android.gms.dynamite.zzr.zzf(com.google.android.gms:play-services-basement@@18.3.0:6)
02-23 13:09:38.271  4359 16026 E DynamiteLoaderV2Impl: 	at com.google.android.gms.dynamite.DynamiteModule.load(com.google.android.gms:play-services-basement@@18.3.0:46)
02-23 13:09:38.271  4359 16026 E DynamiteLoaderV2Impl: 	at com.google.android.gms.internal.measurement.zzdv.zza(com.google.android.gms:play-services-measurement-sdk-api@@22.1.0:24)
02-23 13:09:38.271  4359 16026 E DynamiteLoaderV2Impl: 	at com.google.android.gms.internal.measurement.zzdy.zza(com.google.android.gms:play-services-measurement-sdk-api@@22.1.0:10)
02-23 13:09:38.271  4359 16026 E DynamiteLoaderV2Impl: 	at com.google.android.gms.internal.measurement.zzdv$zzb.run(com.google.android.gms:play-services-measurement-sdk-api@@22.1.0:12)
02-23 13:09:38.271  4359 16026 E DynamiteLoaderV2Impl: 	at java.util.concurrent.ThreadPoolExecutor.runWorker(ThreadPoolExecutor.java:1156)
02-23 13:09:38.271  4359 16026 E DynamiteLoaderV2Impl: 	at java.util.concurrent.ThreadPoolExecutor$Worker.run(ThreadPoolExecutor.java:651)
02-23 13:09:38.271  4359 16026 E DynamiteLoaderV2Impl: 	at java.lang.Thread.run(Thread.java:1119)
02-23 13:09:38.271  4359 16026 W DynamiteModule: Failed to load remote module: Failed to get module context
02-23 13:09:38.271  4359 16039 I DynamiteDebugLogger: [100] null
02-23 13:09:38.271  4359 16026 I DynamiteModule: Selected local version of com.google.android.gms.measurement.dynamite
02-23 13:09:38.274  2768  3468 D BackgroundInstallControlService: Package event received: 0
02-23 13:09:38.279  4359 16025 I LSPosedContext: com.gauravssnl.bypassrootcheck.pro: App tried to access root related file :: /data/user/0/com.hdfcfund.investor/shared_prefs/com.google.android.gms.measurement.prefs.xml.bak , so bypass it
02-23 13:09:38.280  4359 16025 I LSPosedContext: com.gauravssnl.bypassrootcheck.pro: App tried to access root related file :: /data/user/0/com.hdfcfund.investor/shared_prefs/com.google.android.gms.measurement.prefs.xml , so bypass it
02-23 13:09:38.280  4359 16025 I NativeHookerByGauravssnl: App tried to check root related files, so bypass it
02-23 13:09:38.801  2717  2722 I pixel-thermal: usbc-therm-monitor:34.958 raw data: usbc-therm-monitor:34958 
02-23 13:09:38.803  2717  2722 I pixel-thermal: sdm-therm-monitor:36.487 raw data: sdm-therm-monitor:36487 
02-23 13:09:38.805  2717  2722 I pixel-thermal: sdm-therm-monitor:36.483 raw data: sdm-therm-monitor:36483 
02-23 13:09:38.811  2717  2722 I pixel-thermal: usbc-therm-monitor:34.952 raw data: usbc-therm-monitor:34952 
02-23 13:09:38.813   707 15453 W libc    : Access denied finding property "suspend.debug.wakestats_log.enabled"
02-23 13:09:38.813  4359 16040 I FA      : App measurement initialized, version: 102001
02-23 13:09:38.813  4359 16040 I FA      : To enable debug logging run: adb shell setprop log.tag.FA VERBOSE
02-23 13:09:38.813  4359 16040 I FA      : To enable faster debug mode event logging run:
02-23 13:09:38.813  4359 16040 I FA      :   adb shell setprop debug.firebase.analytics.app com.hdfcfund.investor
02-23 13:09:38.820  4359 16019 I fcfund.investor: AssetManager2(0xb400007d8fdab028) locale list changing from [] to [en-US]
02-23 13:09:38.820  4359 16041 I LSPosedContext: com.gauravssnl.bypassrootcheck.pro: App tried to access root related file :: /data/user/0/com.hdfcfund.investor/shared_prefs/com.google.android.gms.measurement.prefs.xml , so bypass it
02-23 13:09:38.820  4359 16040 E SQLiteLog: (14) cannot open file at line 44428 of [d68fb8b5db]
02-23 13:09:38.820  4359 16040 E SQLiteLog: (14) os_unix.c:44428: (0) lstat(/data/data/com.hdfcfund.investor/databases/google_app_measurement_local.db) - 
02-23 13:09:38.820  4359 16040 E SQLiteLog: (14) cannot open file at line 44503 of [d68fb8b5db]
02-23 13:09:38.821  4359 16040 E SQLiteDatabase: Failed to open database '/data/user/0/com.hdfcfund.investor/databases/google_app_measurement_local.db'.
02-23 13:09:38.821  4359 16040 E SQLiteDatabase: android.database.sqlite.SQLiteCantOpenDatabaseException: Cannot open database [unable to open database file (code 14 SQLITE_CANTOPEN): could not open database] '/data/user/0/com.hdfcfund.investor/databases/google_app_measurement_local.db' with flags 0x10000000: File /data/user/0/com.hdfcfund.investor/databases/google_app_measurement_local.db doesn't exist and CREATE_IF_NECESSARY is set, check directory permissions
02-23 13:09:38.821  4359 16040 E SQLiteDatabase: 	at android.database.sqlite.SQLiteConnection.open(SQLiteConnection.java:276)
02-23 13:09:38.821  4359 16040 E SQLiteDatabase: 	at android.database.sqlite.SQLiteConnection.open(SQLiteConnection.java:220)
02-23 13:09:38.821  4359 16040 E SQLiteDatabase: 	at android.database.sqlite.SQLiteConnectionPool.openConnectionLocked(SQLiteConnectionPool.java:540)
02-23 13:09:38.821  4359 16040 E SQLiteDatabase: 	at android.database.sqlite.SQLiteConnectionPool.open(SQLiteConnectionPool.java:226)
02-23 13:09:38.821  4359 16040 E SQLiteDatabase: 	at android.database.sqlite.SQLiteConnectionPool.open(SQLiteConnectionPool.java:218)
02-23 13:09:38.821  4359 16040 E SQLiteDatabase: 	at android.database.sqlite.SQLiteDatabase.openInner(SQLiteDatabase.java:1200)
02-23 13:09:38.821  4359 16040 E SQLiteDatabase: 	at android.database.sqlite.SQLiteDatabase.open(SQLiteDatabase.java:1180)
02-23 13:09:38.821  4359 16040 E SQLiteDatabase: 	at android.database.sqlite.SQLiteDatabase.openDatabase(SQLiteDatabase.java:1044)
02-23 13:09:38.821  4359 16040 E SQLiteDatabase: 	at android.database.sqlite.SQLiteDatabase.openDatabase(SQLiteDatabase.java:1033)
02-23 13:09:38.821  4359 16040 E SQLiteDatabase: 	at android.database.sqlite.SQLiteOpenHelper.getDatabaseLocked(SQLiteOpenHelper.java:373)
02-23 13:09:38.821  4359 16040 E SQLiteDatabase: 	at android.database.sqlite.SQLiteOpenHelper.getWritableDatabase(SQLiteOpenHelper.java:316)
02-23 13:09:38.821  4359 16040 E SQLiteDatabase: 	at com.google.android.gms.measurement.internal.zzge.getWritableDatabase(com.google.android.gms:play-services-measurement-impl@@22.1.0:1)
02-23 13:09:38.821  4359 16040 E SQLiteDatabase: 	at com.google.android.gms.measurement.internal.zzgf.zzad(com.google.android.gms:play-services-measurement-impl@@22.1.0:20)
02-23 13:09:38.821  4359 16040 E SQLiteDatabase: 	at com.google.android.gms.measurement.internal.zzgf.zza(com.google.android.gms:play-services-measurement-impl@@22.1.0:259)
02-23 13:09:38.821  4359 16040 E SQLiteDatabase: 	at com.google.android.gms.measurement.internal.zzgf.zzab(com.google.android.gms:play-services-measurement-impl@@22.1.0:189)
02-23 13:09:38.821  4359 16040 E SQLiteDatabase: 	at com.google.android.gms.measurement.internal.zzlp.zzad(com.google.android.gms:play-services-measurement-impl@@22.1.0:65)
02-23 13:09:38.821  4359 16040 E SQLiteDatabase: 	at com.google.android.gms.measurement.internal.zzjk.zzan(com.google.android.gms:play-services-measurement-impl@@22.1.0:324)
02-23 13:09:38.821  4359 16040 E SQLiteDatabase: 	at com.google.android.gms.measurement.internal.zzhw.zza(com.google.android.gms:play-services-measurement-impl@@22.1.0:520)
02-23 13:09:38.821  4359 16040 E SQLiteDatabase: 	at com.google.android.gms.measurement.internal.zzhx.run(com.google.android.gms:play-services-measurement-impl@@22.1.0:3)
02-23 13:09:38.821  4359 16040 E SQLiteDatabase: 	at java.util.concurrent.Executors$RunnableAdapter.call(Executors.java:524)
02-23 13:09:38.821  4359 16040 E SQLiteDatabase: 	at java.util.concurrent.FutureTask.run(FutureTask.java:317)
02-23 13:09:38.821  4359 16040 E SQLiteDatabase: 	at com.google.android.gms.measurement.internal.zzht.run(com.google.android.gms:play-services-measurement-impl@@22.1.0:37)
02-23 13:09:38.821  4359 16040 E SQLiteDatabase: Caused by: android.database.sqlite.SQLiteCantOpenDatabaseException: unable to open database file (code 14 SQLITE_CANTOPEN): could not open database
02-23 13:09:38.821  4359 16040 E SQLiteDatabase: 	at android.database.sqlite.SQLiteConnection.nativeOpen(Native Method)
02-23 13:09:38.821  4359 16040 E SQLiteDatabase: 	at android.database.sqlite.SQLiteConnection.open(SQLiteConnection.java:239)
02-23 13:09:38.821  4359 16040 E SQLiteDatabase: 	... 21 more
02-23 13:09:38.821  4359 16040 E FA      : Opening the local database failed, dropping and recreating it
02-23 13:09:38.822  4359 16040 E FA      : Failed to delete corrupted local db file: google_app_measurement_local.db
02-23 13:09:38.822  4359 16040 E SQLiteLog: (14) cannot open file at line 44428 of [d68fb8b5db]
02-23 13:09:38.822  4359 16040 E SQLiteLog: (14) os_unix.c:44428: (0) lstat(/data/data/com.hdfcfund.investor/databases/google_app_measurement_local.db) - 
02-23 13:09:38.822  4359 16040 E SQLiteLog: (14) cannot open file at line 44503 of [d68fb8b5db]
02-23 13:09:38.822  4359 16040 E SQLiteDatabase: Failed to open database '/data/user/0/com.hdfcfund.investor/databases/google_app_measurement_local.db'.
02-23 13:09:38.822  4359 16040 E SQLiteDatabase: android.database.sqlite.SQLiteCantOpenDatabaseException: Cannot open database [unable to open database file (code 14 SQLITE_CANTOPEN): could not open database] '/data/user/0/com.hdfcfund.investor/databases/google_app_measurement_local.db' with flags 0x10000000: File /data/user/0/com.hdfcfund.investor/databases/google_app_measurement_local.db doesn't exist and CREATE_IF_NECESSARY is set, check directory permissions
02-23 13:09:38.822  4359 16040 E SQLiteDatabase: 	at android.database.sqlite.SQLiteConnection.open(SQLiteConnection.java:276)
02-23 13:09:38.822  4359 16040 E SQLiteDatabase: 	at android.database.sqlite.SQLiteConnection.open(SQLiteConnection.java:220)
02-23 13:09:38.822  4359 16040 E SQLiteDatabase: 	at android.database.sqlite.SQLiteConnectionPool.openConnectionLocked(SQLiteConnectionPool.java:540)
02-23 13:09:38.822  4359 16040 E SQLiteDatabase: 	at android.database.sqlite.SQLiteConnectionPool.open(SQLiteConnectionPool.java:226)
02-23 13:09:38.822  4359 16040 E SQLiteDatabase: 	at android.database.sqlite.SQLiteConnectionPool.open(SQLiteConnectionPool.java:218)
02-23 13:09:38.822  4359 16040 E SQLiteDatabase: 	at android.database.sqlite.SQLiteDatabase.openInner(SQLiteDatabase.java:1200)
02-23 13:09:38.822  4359 16040 E SQLiteDatabase: 	at android.database.sqlite.SQLiteDatabase.open(SQLiteDatabase.java:1180)
02-23 13:09:38.822  4359 16040 E SQLiteDatabase: 	at android.database.sqlite.SQLiteDatabase.openDatabase(SQLiteDatabase.java:1044)
02-23 13:09:38.822  4359 16040 E SQLiteDatabase: 	at android.database.sqlite.SQLiteDatabase.openDatabase(SQLiteDatabase.java:1033)
02-23 13:09:38.822  4359 16040 E SQLiteDatabase: 	at android.database.sqlite.SQLiteOpenHelper.getDatabaseLocked(SQLiteOpenHelper.java:373)
02-23 13:09:38.822  4359 16040 E SQLiteDatabase: 	at android.database.sqlite.SQLiteOpenHelper.getWritableDatabase(SQLiteOpenHelper.java:316)
02-23 13:09:38.822  4359 16040 E SQLiteDatabase: 	at com.google.android.gms.measurement.internal.zzge.getWritableDatabase(com.google.android.gms:play-services-measurement-impl@@22.1.0:9)
02-23 13:09:38.822  4359 16040 E SQLiteDatabase: 	at com.google.android.gms.measurement.internal.zzgf.zzad(com.google.android.gms:play-services-measurement-impl@@22.1.0:20)
02-23 13:09:38.822  4359 16040 E SQLiteDatabase: 	at com.google.android.gms.measurement.internal.zzgf.zza(com.google.android.gms:play-services-measurement-impl@@22.1.0:259)
02-23 13:09:38.822  4359 16040 E SQLiteDatabase: 	at com.google.android.gms.measurement.internal.zzgf.zzab(com.google.android.gms:play-services-measurement-impl@@22.1.0:189)
02-23 13:09:38.822  4359 16040 E SQLiteDatabase: 	at com.google.android.gms.measurement.internal.zzlp.zzad(com.google.android.gms:play-services-measurement-impl@@22.1.0:65)
02-23 13:09:38.822  4359 16040 E SQLiteDatabase: 	at com.google.android.gms.measurement.internal.zzjk.zzan(com.google.android.gms:play-services-measurement-impl@@22.1.0:324)
02-23 13:09:38.822  4359 16040 E SQLiteDatabase: 	at com.google.android.gms.measurement.internal.zzhw.zza(com.google.android.gms:play-services-measurement-impl@@22.1.0:520)
02-23 13:09:38.822  4359 16040 E SQLiteDatabase: 	at com.google.android.gms.measurement.internal.zzhx.run(com.google.android.gms:play-services-measurement-impl@@22.1.0:3)
02-23 13:09:38.822  4359 16040 E SQLiteDatabase: 	at java.util.concurrent.Executors$RunnableAdapter.call(Executors.java:524)
02-23 13:09:38.822  4359 16040 E SQLiteDatabase: 	at java.util.concurrent.FutureTask.run(FutureTask.java:317)
02-23 13:09:38.822  4359 16040 E SQLiteDatabase: 	at com.google.android.gms.measurement.internal.zzht.run(com.google.android.gms:play-services-measurement-impl@@22.1.0:37)
02-23 13:09:38.822  4359 16040 E SQLiteDatabase: Caused by: android.database.sqlite.SQLiteCantOpenDatabaseException: unable to open database file (code 14 SQLITE_CANTOPEN): could not open database
02-23 13:09:38.822  4359 16040 E SQLiteDatabase: 	at android.database.sqlite.SQLiteConnection.nativeOpen(Native Method)
02-23 13:09:38.822  4359 16040 E SQLiteDatabase: 	at android.database.sqlite.SQLiteConnection.open(SQLiteConnection.java:239)
02-23 13:09:38.822  4359 16040 E SQLiteDatabase: 	... 21 more
02-23 13:09:38.822  4359 16040 E FA      : Failed to open local database. Events will bypass local storage: android.database.sqlite.SQLiteCantOpenDatabaseException: Cannot open database [unable to open database file (code 14 SQLITE_CANTOPEN): could not open database] '/data/user/0/com.hdfcfund.investor/databases/google_app_measurement_local.db' with flags 0x10000000: File /data/user/0/com.hdfcfund.investor/databases/google_app_measurement_local.db doesn't exist and CREATE_IF_NECESSARY is set, check directory permissions: com.google.android.gms.measurement.internal.zzge.getWritableDatabase(com.google.android.gms:play-services-measurement-impl@@22.1.0:9)
02-23 13:09:38.826  2768  3468 D BackgroundInstallControlService: Package event received: 0
02-23 13:09:38.827  2768 12272 D ActivityManager: sync unfroze 28243 com.google.android.gms for 6
02-23 13:09:38.828  2768 12272 D ActivityManager: sync unfroze 14296 com.android.vending for 6
02-23 13:09:38.829  2768 12272 D ActivityManager: sync unfroze 2845 com.google.android.webview:sandboxed_process0:org.chromium.content.app.SandboxedProcessService0:0 for 6
02-23 13:09:38.830  4359 16041 I NativeHookerByGauravssnl: App tried to check root related files, so bypass it
02-23 13:09:38.830  4359 16041 I LSPosedContext: com.gauravssnl.bypassrootcheck.pro: App tried to access root related file :: /data/user/0/com.hdfcfund.investor/shared_prefs/com.google.android.gms.measurement.prefs.xml , so bypass it
02-23 13:09:38.831 14296 14296 I Finsky  : [2] Memory trim requested to level 40
02-23 13:09:38.832 14296 14296 I Finsky  : [2] Flushing in-memory image cache
02-23 13:09:38.834  4359 16041 I NativeHookerByGauravssnl: App tried to check root related files, so bypass it
02-23 13:09:38.834  4359 16041 I LSPosedContext: com.gauravssnl.bypassrootcheck.pro: App tried to access root related file :: /data/user/0/com.hdfcfund.investor/shared_prefs/com.google.android.gms.measurement.prefs.xml , so bypass it
02-23 13:09:38.835  4359 16041 I NativeHookerByGauravssnl: App tried to check root related files, so bypass it
02-23 13:09:38.835  4359 16041 I LSPosedContext: com.gauravssnl.bypassrootcheck.pro: App tried to access root related file :: /data/user/0/com.hdfcfund.investor/shared_prefs/com.google.android.gms.measurement.prefs.xml , so bypass it
02-23 13:09:38.836  4359 16041 I NativeHookerByGauravssnl: App tried to check root related files, so bypass it
02-23 13:09:38.836  4359 16041 I LSPosedContext: com.gauravssnl.bypassrootcheck.pro: App tried to access root related file :: /data/user/0/com.hdfcfund.investor/shared_prefs/com.google.android.gms.measurement.prefs.xml , so bypass it
02-23 13:09:38.837  4900  6109 D BinderSender: onUidCachedChanged: uid=99019, cached=false
02-23 13:09:38.837  4900  6109 V BinderSender: Uid 99019 already starts
02-23 13:09:38.837  4900  6109 D BinderSender: onUidCachedChanged: uid=10460, cached=false
02-23 13:09:38.837  4900  6109 V BinderSender: Uid 10460 already starts
02-23 13:09:38.837  4359 16041 I NativeHookerByGauravssnl: App tried to check root related files, so bypass it
02-23 13:09:38.837  4359 16041 I LSPosedContext: com.gauravssnl.bypassrootcheck.pro: App tried to access root related file :: /data/user/0/com.hdfcfund.investor/shared_prefs/com.google.android.gms.measurement.prefs.xml , so bypass it
02-23 13:09:38.838  4359 16041 I NativeHookerByGauravssnl: App tried to check root related files, so bypass it
02-23 13:09:38.839 14296 14314 I Finsky  : [1220] Stats for Executor: LightweightExecutor uww@fa1c762[Running, pool size = 4, active threads = 0, queued tasks = 0, completed tasks = 430]
02-23 13:09:38.839 14296 14314 I Finsky  : [1220] Stats for Executor: BlockingExecutor uww@a6df0f3[Running, pool size = 0, active threads = 0, queued tasks = 0, completed tasks = 80]
02-23 13:09:38.839 14296 14314 I Finsky  : [1220] Stats for Executor: bgExecutor uww@f2bd1b0[Running, pool size = 4, active threads = 1, queued tasks = 2, completed tasks = 781]
02-23 13:09:38.839 14296 14314 I Finsky  : [1220] Stats for Executor: GrpcBackgroundExecutor uww@8f48b6b[Running, pool size = 4, active threads = 0, queued tasks = 0, completed tasks = 11]
02-23 13:09:38.841 14296 14327 I Finsky  : [1233] AIM: AppInfoManager-Perf > Destroying AppInfoManager ...
02-23 13:09:38.843  4359  4359 V Smartech: debug level system property: 
02-23 13:09:38.845 14296 14330 I Finsky  : [1236] AIM: AppInfoManager-Perf > Destroying AppInfoManager ...
02-23 13:09:38.848  4359 16051 I Hansel  : Hansel SDK initialization start 
02-23 13:09:38.849 28243 28243 D BoundBrokerSvc: onBind: Intent { act=com.google.android.gms.measurement.START pkg=com.google.android.gms }
02-23 13:09:38.849 28243 28243 D BoundBrokerSvc: Loading bound service for intent: Intent { act=com.google.android.gms.measurement.START pkg=com.google.android.gms }
02-23 13:09:38.850  4359 16051 I Hansel  : Your device id : 316fb0674e282f6b
02-23 13:09:38.850  4359 16051 I Hansel  : Hansel SDK HSLVersion : 10.1.2
02-23 13:09:38.850  4359 16051 I Hansel  : Hansel JS HSLVersion : 1.1.1
02-23 13:09:38.853  4359 16051 I Hansel  : bm initialised
02-23 13:09:38.853  4900  6110 D BinderSender: onUidCachedChanged: uid=99019, cached=true
02-23 13:09:38.853  4900  6110 D BinderSender: onUidCachedChanged: uid=10460, cached=true
02-23 13:09:38.853  4359  4359 V Smartech: debug level system property: 
