02-23 04:06:36.163  1472  2547 D NotDeveloper: processing get from com.dsi.ant.server with arg ro.board.platform
02-23 04:06:36.163  1472  2547 D NotDeveloper: processing getStringForUser from com.dsi.ant.server with arg copy_file_endtag
02-23 04:06:36.163  1472  2547 D NotDeveloper: processed getStringForUser(copy_file_endtag) without changing result
02-23 04:06:36.163  1472  2547 D NotDeveloper: processing getStringForUser from com.dsi.ant.server with arg copy_file_endtag
02-23 04:06:36.163  1472  2547 D NotDeveloper: processed getStringForUser(copy_file_endtag) without changing result
02-23 04:06:36.163  1472  2547 D NotDeveloper: processing get from com.dsi.ant.server with arg ro.board.platform
02-23 04:06:36.164  1472  2547 I chatty  : uid=1000(system) android.fg identical 8 lines
02-23 04:06:36.164  1472  2547 D NotDeveloper: processing get from com.dsi.ant.server with arg ro.board.platform
02-23 04:06:36.164  1472  2547 D NotDeveloper: processing getStringForUser from com.dsi.ant.server with arg copy_file_endtag
02-23 04:06:36.164  1472  2547 D NotDeveloper: processed getStringForUser(copy_file_endtag) without changing result
02-23 04:06:36.164  1472  2547 D NotDeveloper: processing getStringForUser from com.dsi.ant.server with arg copy_file_endtag
02-23 04:06:36.164  1472  2547 D NotDeveloper: processed getStringForUser(copy_file_endtag) without changing result
02-23 04:06:36.164  1472  2547 D NotDeveloper: processing get from com.dsi.ant.server with arg ro.board.platform
02-23 04:06:36.164  1472  2547 I chatty  : uid=1000(system) android.fg identical 3 lines
02-23 04:06:36.165  1472  2547 D NotDeveloper: processing get from com.dsi.ant.server with arg ro.board.platform
02-23 04:06:36.165  1472  2547 D NotDeveloper: processing getStringForUser from com.dsi.ant.server with arg copy_file_endtag
02-23 04:06:36.165  1472  2547 D NotDeveloper: processed getStringForUser(copy_file_endtag) without changing result
02-23 04:06:36.165  1472  2547 D NotDeveloper: processing getStringForUser from com.dsi.ant.server with arg copy_file_endtag
02-23 04:06:36.165  1472  2547 D NotDeveloper: processed getStringForUser(copy_file_endtag) without changing result
02-23 04:06:36.165  1472  2547 D NotDeveloper: processing get from com.dsi.ant.server with arg ro.board.platform
02-23 04:06:36.165  1472  2547 I chatty  : uid=1000(system) android.fg identical 3 lines
02-23 04:06:36.165  1472  2547 D NotDeveloper: processing get from com.dsi.ant.server with arg ro.board.platform
02-23 04:06:36.165  1472  2547 D NotDeveloper: processing getStringForUser from com.dsi.ant.server with arg copy_file_endtag
02-23 04:06:36.165  1472  2547 D NotDeveloper: processed getStringForUser(copy_file_endtag) without changing result
02-23 04:06:36.165  1472  2547 D NotDeveloper: processing getStringForUser from com.dsi.ant.server with arg copy_file_endtag
02-23 04:06:36.165  1472  2547 D NotDeveloper: processed getStringForUser(copy_file_endtag) without changing result
02-23 04:06:36.165  1472  2547 D NotDeveloper: processing getStringForUser from com.dsi.ant.server with arg copy_file_endtag
02-23 04:06:36.165  1472  2547 D NotDeveloper: processed getStringForUser(copy_file_endtag) without changing result
02-23 04:06:36.166  1472  2547 D NotDeveloper: processing getStringForUser from com.dsi.ant.server with arg copy_file_endtag
02-23 04:06:36.166  1472  2547 D NotDeveloper: processed getStringForUser(copy_file_endtag) without changing result
02-23 04:06:36.166  1472  2547 D NotDeveloper: processing get from com.dsi.ant.server with arg ro.board.platform
02-23 04:06:36.166  1472  2547 I chatty  : uid=1000(system) android.fg identical 8 lines
02-23 04:06:36.166  1472  2547 D NotDeveloper: processing get from com.dsi.ant.server with arg ro.board.platform
02-23 04:06:36.166  1472  2547 D NotDeveloper: processing getStringForUser from com.dsi.ant.server with arg copy_file_endtag
02-23 04:06:36.166  1472  2547 D NotDeveloper: processed getStringForUser(copy_file_endtag) without changing result
02-23 04:06:36.167  1472  2547 D NotDeveloper: processing getStringForUser from com.dsi.ant.server with arg copy_file_endtag
02-23 04:06:36.167  1472  2547 D NotDeveloper: processed getStringForUser(copy_file_endtag) without changing result
02-23 04:06:36.167  1472  2547 D NotDeveloper: processing get from com.dsi.ant.server with arg ro.board.platform
02-23 04:06:36.167  1472  2547 I chatty  : uid=1000(system) android.fg identical 3 lines
02-23 04:06:36.167  1472  2547 D NotDeveloper: processing get from com.dsi.ant.server with arg ro.board.platform
02-23 04:06:36.167  1472  2547 D NotDeveloper: processing getStringForUser from com.dsi.ant.server with arg copy_file_endtag
02-23 04:06:36.167  1472  2547 D NotDeveloper: processed getStringForUser(copy_file_endtag) without changing result
02-23 04:06:36.167  1472  2547 D NotDeveloper: processing getStringForUser from com.dsi.ant.server with arg copy_file_endtag
02-23 04:06:36.167  1472  2547 D NotDeveloper: processed getStringForUser(copy_file_endtag) without changing result
02-23 04:06:36.167  1472  2547 D NotDeveloper: processing get from com.dsi.ant.server with arg ro.board.platform
02-23 04:06:36.168  1472  2547 I chatty  : uid=1000(system) android.fg identical 3 lines
02-23 04:06:36.168  1472  2547 D NotDeveloper: processing get from com.dsi.ant.server with arg ro.board.platform
02-23 04:06:36.168  1472  2547 D NotDeveloper: processing getStringForUser from com.dsi.ant.server with arg copy_file_endtag
02-23 04:06:36.168  1472  2547 D NotDeveloper: processed getStringForUser(copy_file_endtag) without changing result
02-23 04:06:36.168  1472  2547 D NotDeveloper: processing getStringForUser from com.dsi.ant.server with arg copy_file_endtag
02-23 04:06:36.168  1472  2547 D NotDeveloper: processed getStringForUser(copy_file_endtag) without changing result
02-23 04:06:36.168  1472  2547 D NotDeveloper: processing get from com.dsi.ant.server with arg ro.board.platform
02-23 04:06:36.168  1472  2547 I chatty  : uid=1000(system) android.fg identical 3 lines
02-23 04:06:36.168  1472  2547 D NotDeveloper: processing get from com.dsi.ant.server with arg ro.board.platform
02-23 04:06:36.168  1472  2547 D NotDeveloper: processing getStringForUser from com.dsi.ant.server with arg copy_file_endtag
02-23 04:06:36.168  1472  2547 D NotDeveloper: processed getStringForUser(copy_file_endtag) without changing result
02-23 04:06:36.168  1472  2547 D NotDeveloper: processing getStringForUser from com.dsi.ant.server with arg copy_file_endtag
02-23 04:06:36.168  1472  2547 D NotDeveloper: processed getStringForUser(copy_file_endtag) without changing result
02-23 04:06:36.169  1472  2547 D NotDeveloper: processing get from com.dsi.ant.server with arg ro.board.platform
02-23 04:06:36.169  1472  2547 I chatty  : uid=1000(system) android.fg identical 3 lines
02-23 04:06:36.169  1472  2547 D NotDeveloper: processing get from com.dsi.ant.server with arg ro.board.platform
02-23 04:06:36.169  1472  2547 D NotDeveloper: processing getStringForUser from com.dsi.ant.server with arg copy_file_endtag
02-23 04:06:36.169  1472  2547 D NotDeveloper: processed getStringForUser(copy_file_endtag) without changing result
02-23 04:06:36.169  1472  2547 D NotDeveloper: processing getStringForUser from com.dsi.ant.server with arg copy_file_endtag
02-23 04:06:36.169  1472  2547 D NotDeveloper: processed getStringForUser(copy_file_endtag) without changing result
02-23 04:06:36.169  1472  2547 D NotDeveloper: processing get from com.dsi.ant.server with arg ro.board.platform
02-23 04:06:36.169  1472  2547 I chatty  : uid=1000(system) android.fg identical 3 lines
02-23 04:06:36.169  1472  2547 D NotDeveloper: processing get from com.dsi.ant.server with arg ro.board.platform
02-23 04:06:36.170  1472  2547 D NotDeveloper: processing getStringForUser from com.dsi.ant.server with arg copy_file_endtag
02-23 04:06:36.170  1472  2547 D NotDeveloper: processed getStringForUser(copy_file_endtag) without changing result
02-23 04:06:36.170  1472  2547 D NotDeveloper: processing getStringForUser from com.dsi.ant.server with arg copy_file_endtag
02-23 04:06:36.170  1472  2547 D NotDeveloper: processed getStringForUser(copy_file_endtag) without changing result
02-23 04:06:36.170  1472  2547 D NotDeveloper: processing get from com.dsi.ant.server with arg ro.board.platform
02-23 04:06:36.171  1472  2547 I chatty  : uid=1000(system) android.fg identical 18 lines
02-23 04:06:36.171  1472  2547 D NotDeveloper: processing get from com.dsi.ant.server with arg ro.board.platform
02-23 04:06:36.171  1472  2547 D NotDeveloper: processing getStringForUser from com.dsi.ant.server with arg copy_file_endtag
02-23 04:06:36.172  1472  2547 D NotDeveloper: processed getStringForUser(copy_file_endtag) without changing result
02-23 04:06:36.172  1472  2547 D NotDeveloper: processing getStringForUser from com.dsi.ant.server with arg copy_file_endtag
02-23 04:06:36.172  1472  2547 D NotDeveloper: processed getStringForUser(copy_file_endtag) without changing result
02-23 04:06:36.172  1472  2547 D NotDeveloper: processing getStringForUser from com.dsi.ant.server with arg copy_file_endtag
02-23 04:06:36.172  1472  2547 D NotDeveloper: processed getStringForUser(copy_file_endtag) without changing result
02-23 04:06:36.172  1472  2547 D NotDeveloper: processing getStringForUser from com.dsi.ant.server with arg copy_file_endtag
02-23 04:06:36.172  1472  2547 D NotDeveloper: processed getStringForUser(copy_file_endtag) without changing result
02-23 04:06:36.172  1472  2547 D NotDeveloper: processing get from com.dsi.ant.server with arg ro.board.platform
02-23 04:06:36.172  1472  2547 I chatty  : uid=1000(system) android.fg identical 3 lines
02-23 04:06:36.172  1472  2547 D NotDeveloper: processing get from com.dsi.ant.server with arg ro.board.platform
02-23 04:06:36.172  1472  2547 D NotDeveloper: processing getStringForUser from com.dsi.ant.server with arg copy_file_endtag
02-23 04:06:36.172  1472  2547 D NotDeveloper: processed getStringForUser(copy_file_endtag) without changing result
02-23 04:06:36.172  1472  2547 D NotDeveloper: processing getStringForUser from com.dsi.ant.server with arg copy_file_endtag
02-23 04:06:36.173  1472  2547 D NotDeveloper: processed getStringForUser(copy_file_endtag) without changing result
02-23 04:06:36.173  1472  2547 D NotDeveloper: processing get from com.dsi.ant.server with arg ro.board.platform
02-23 04:06:36.174  1472  2547 I chatty  : uid=1000(system) android.fg identical 13 lines
02-23 04:06:36.174  1472  2547 D NotDeveloper: processing get from com.dsi.ant.server with arg ro.board.platform
02-23 04:06:36.174  1472  2547 D NotDeveloper: processing getStringForUser from com.dsi.ant.server with arg copy_file_endtag
02-23 04:06:36.174  1472  2547 D NotDeveloper: processed getStringForUser(copy_file_endtag) without changing result
02-23 04:06:36.174  1472  2547 D NotDeveloper: processing getStringForUser from com.dsi.ant.server with arg copy_file_endtag
02-23 04:06:36.174  1472  2547 D NotDeveloper: processed getStringForUser(copy_file_endtag) without changing result
02-23 04:06:36.174  1472  2547 D NotDeveloper: processing getStringForUser from com.dsi.ant.server with arg copy_file_endtag
02-23 04:06:36.174  1472  2547 D NotDeveloper: processed getStringForUser(copy_file_endtag) without changing result
02-23 04:06:36.174  1472  2547 D NotDeveloper: processing getStringForUser from com.dsi.ant.server with arg copy_file_endtag
02-23 04:06:36.174  1472  2547 D NotDeveloper: processed getStringForUser(copy_file_endtag) without changing result
02-23 04:06:36.174  1472  2547 D NotDeveloper: processing get from com.dsi.ant.server with arg ro.board.platform
02-23 04:06:36.175  1472  2547 I chatty  : uid=1000(system) android.fg identical 8 lines
02-23 04:06:36.175  1472  2547 D NotDeveloper: processing get from com.dsi.ant.server with arg ro.board.platform
02-23 04:06:36.175  1472  2547 D NotDeveloper: processing getStringForUser from com.dsi.ant.server with arg copy_file_endtag
02-23 04:06:36.175  1472  2547 D NotDeveloper: processed getStringForUser(copy_file_endtag) without changing result
02-23 04:06:36.175  1472  2547 D NotDeveloper: processing getStringForUser from com.dsi.ant.server with arg copy_file_endtag
02-23 04:06:36.175  1472  2547 D NotDeveloper: processed getStringForUser(copy_file_endtag) without changing result
02-23 04:06:36.175  1472  2547 D NotDeveloper: processing get from com.dsi.ant.server with arg ro.board.platform
02-23 04:06:36.176  1472  2547 I chatty  : uid=1000(system) android.fg identical 8 lines
02-23 04:06:36.176  1472  2547 D NotDeveloper: processing get from com.dsi.ant.server with arg ro.board.platform
02-23 04:06:36.176  1472  2547 D NotDeveloper: processing getStringForUser from com.dsi.ant.server with arg copy_file_endtag
02-23 04:06:36.176  1472  2547 D NotDeveloper: processed getStringForUser(copy_file_endtag) without changing result
02-23 04:06:36.176  1472  2547 D NotDeveloper: processing getStringForUser from com.dsi.ant.server with arg copy_file_endtag
02-23 04:06:36.176  1472  2547 D NotDeveloper: processed getStringForUser(copy_file_endtag) without changing result
02-23 04:06:36.176  1472  2547 D NotDeveloper: processing get from com.dsi.ant.server with arg ro.board.platform
02-23 04:06:36.176  1472  2547 I chatty  : uid=1000(system) android.fg identical 3 lines
02-23 04:06:36.176  1472  2547 D NotDeveloper: processing get from com.dsi.ant.server with arg ro.board.platform
02-23 04:06:36.176  1472  2547 D NotDeveloper: processing getStringForUser from com.dsi.ant.server with arg copy_file_endtag
02-23 04:06:36.176  1472  2547 D NotDeveloper: processed getStringForUser(copy_file_endtag) without changing result
02-23 04:06:36.177  1472  2547 D NotDeveloper: processing getStringForUser from com.dsi.ant.server with arg copy_file_endtag
02-23 04:06:36.177  1472  2547 D NotDeveloper: processed getStringForUser(copy_file_endtag) without changing result
02-23 04:06:36.177  1472  2547 D NotDeveloper: processing get from com.dsi.ant.server with arg ro.board.platform
02-23 04:06:36.177  1472  2547 I chatty  : uid=1000(system) android.fg identical 3 lines
02-23 04:06:36.177  1472  2547 D NotDeveloper: processing get from com.dsi.ant.server with arg ro.board.platform
02-23 04:06:36.177  1472  2547 D NotDeveloper: processing getStringForUser from com.dsi.ant.server with arg copy_file_endtag
02-23 04:06:36.177  1472  2547 D NotDeveloper: processed getStringForUser(copy_file_endtag) without changing result
02-23 04:06:36.177  2781 14504 E SecureStorageAndroid: StorageCipher initialization failed
02-23 04:06:36.177  2781 14504 E SecureStorageAndroid: java.security.InvalidKeyException: Unsupported key type: OpenSSLRSAPublicKey{modulus=95d53b642dc469cb5a2d5af7636d1b66d47681e28893e14e075ab9c4897b3c3e065e128a4bbea2bbfd36c6ee35547ccc5c22ccf7d90d7c8bb8c162a1f056a9b58a606f14f183cf6a43691b0f6e674c41dfcf01dfc90742f25e06bed0c035371618afc5282bb063fb32748ce834d8d7a75b9bb935513de02dde3467e1f6fa153efe2d249b426f177b0784f99d81d3065565c5e77ee43acd09500cff1ea956429168f31e2b7100f25e3b90e471d9b3bb96d5a7d5428738d346685fc4dde8f377c5b5d7c20e406787a0a6265ac2141788d768214303ab4d6256ad656f4becc69bac134f6225a5debd234e3965f5830255c50a3ba182d26ebbae61cd4b232d2598ff,publicExponent=10001}
02-23 04:06:36.177  2781 14504 E SecureStorageAndroid: 	at android.security.keystore.AndroidKeyStoreRSACipherSpi.initKey(AndroidKeyStoreRSACipherSpi.java:371)
02-23 04:06:36.177  2781 14504 E SecureStorageAndroid: 	at android.security.keystore.AndroidKeyStoreCipherSpiBase.init(AndroidKeyStoreCipherSpiBase.java:170)
02-23 04:06:36.177  2781 14504 E SecureStorageAndroid: 	at android.security.keystore.AndroidKeyStoreCipherSpiBase.engineInit(AndroidKeyStoreCipherSpiBase.java:146)
02-23 04:06:36.177  2781 14504 E SecureStorageAndroid: 	at javax.crypto.Cipher.tryTransformWithProvider(Cipher.java:2980)
02-23 04:06:36.177  2781 14504 E SecureStorageAndroid: 	at javax.crypto.Cipher.tryCombinations(Cipher.java:2877)
02-23 04:06:36.177  2781 14504 E SecureStorageAndroid: 	at javax.crypto.Cipher$SpiAndProviderUpdater.updateAndGetSpiAndProvider(Cipher.java:2796)
02-23 04:06:36.177  2781 14504 E SecureStorageAndroid: 	at javax.crypto.Cipher.chooseProvider(Cipher.java:773)
02-23 04:06:36.177  2781 14504 E SecureStorageAndroid: 	at javax.crypto.Cipher.init(Cipher.java:1288)
02-23 04:06:36.177  2781 14504 E SecureStorageAndroid: 	at javax.crypto.Cipher.init(Cipher.java:1223)
02-23 04:06:36.177  2781 14504 E SecureStorageAndroid: 	at com.it_nomads.fluttersecurestorage.ciphers.f.a(Obfuscated:14)
02-23 04:06:36.177  2781 14504 E SecureStorageAndroid: 	at com.it_nomads.fluttersecurestorage.ciphers.h.<init>(Obfuscated:76)
02-23 04:06:36.177  2781 14504 E SecureStorageAndroid: 	at com.it_nomads.fluttersecurestorage.ciphers.j.a(Obfuscated:3)
02-23 04:06:36.177  2781 14504 E SecureStorageAndroid: 	at com.it_nomads.fluttersecurestorage.ciphers.m.a(Obfuscated:13)
02-23 04:06:36.177  2781 14504 E SecureStorageAndroid: 	at F5.a.k(Obfuscated:45)
02-23 04:06:36.177  2781 14504 E SecureStorageAndroid: 	at F5.a.g(Obfuscated:19)
02-23 04:06:36.177  2781 14504 E SecureStorageAndroid: 	at F5.a.c(Obfuscated:1)
02-23 04:06:36.177  2781 14504 E SecureStorageAndroid: 	at F5.e$b.run(Obfuscated:246)
02-23 04:06:36.177  2781 14504 E SecureStorageAndroid: 	at android.os.Handler.handleCallback(Handler.java:938)
02-23 04:06:36.177  2781 14504 E SecureStorageAndroid: 	at android.os.Handler.dispatchMessage(Handler.java:99)
02-23 04:06:36.177  2781 14504 E SecureStorageAndroid: 	at android.os.Looper.loop(Looper.java:233)
02-23 04:06:36.177  2781 14504 E SecureStorageAndroid: 	at android.os.HandlerThread.run(HandlerThread.java:67)
02-23 04:06:36.177  1472  2547 D NotDeveloper: processing getStringForUser from com.dsi.ant.server with arg copy_file_endtag
02-23 04:06:36.177  1472  2547 D NotDeveloper: processed getStringForUser(copy_file_endtag) without changing result
02-23 04:06:36.177  1472  2547 D NotDeveloper: processing getStringForUser from com.dsi.ant.server with arg copy_file_endtag
02-23 04:06:36.177  1472  2547 D NotDeveloper: processed getStringForUser(copy_file_endtag) without changing result
02-23 04:06:36.177  1472  2547 D NotDeveloper: processing getStringForUser from com.dsi.ant.server with arg copy_file_endtag
02-23 04:06:36.177  1472  2547 D NotDeveloper: processed getStringForUser(copy_file_endtag) without changing result
02-23 04:06:36.177  1472  2547 D NotDeveloper: processing get from com.dsi.ant.server with arg ro.board.platform
02-23 04:06:36.178  1472  2547 I chatty  : uid=1000(system) android.fg identical 8 lines
02-23 04:06:36.178  1472  2547 D NotDeveloper: processing get from com.dsi.ant.server with arg ro.board.platform
02-23 04:06:36.178  1472  2547 D NotDeveloper: processing getStringForUser from com.dsi.ant.server with arg copy_file_endtag
02-23 04:06:36.178  1472  2547 D NotDeveloper: processed getStringForUser(copy_file_endtag) without changing result
02-23 04:06:36.178  1472  2547 D NotDeveloper: processing getStringForUser from com.dsi.ant.server with arg copy_file_endtag
02-23 04:06:36.178  1472  2547 D NotDeveloper: processed getStringForUser(copy_file_endtag) without changing result
02-23 04:06:36.178  1472  2547 D NotDeveloper: processing get from com.dsi.ant.server with arg ro.board.platform
02-23 04:06:36.179  1472  2547 I chatty  : uid=1000(system) android.fg identical 3 lines
02-23 04:06:36.179  1472  2547 D NotDeveloper: processing get from com.dsi.ant.server with arg ro.board.platform
02-23 04:06:36.179  1472  2547 D NotDeveloper: processing getStringForUser from com.dsi.ant.server with arg copy_file_endtag
02-23 04:06:36.179  1472  2547 D NotDeveloper: processed getStringForUser(copy_file_endtag) without changing result
02-23 04:06:36.179  1472  2547 D NotDeveloper: processing getStringForUser from com.dsi.ant.server with arg copy_file_endtag
02-23 04:06:36.179  1472  2547 D NotDeveloper: processed getStringForUser(copy_file_endtag) without changing result
02-23 04:06:36.179  1472  2547 D NotDeveloper: processing get from com.dsi.ant.server with arg ro.board.platform
02-23 04:06:36.179  1472  2547 I chatty  : uid=1000(system) android.fg identical 3 lines
02-23 04:06:36.179  1472  2547 D NotDeveloper: processing get from com.dsi.ant.server with arg ro.board.platform
02-23 04:06:36.179  1472  2547 D NotDeveloper: processing getStringForUser from com.dsi.ant.server with arg copy_file_endtag
02-23 04:06:36.180  1472  2547 D NotDeveloper: processed getStringForUser(copy_file_endtag) without changing result
02-23 04:06:36.180  1472  2547 D NotDeveloper: processing getStringForUser from com.dsi.ant.server with arg copy_file_endtag
02-23 04:06:36.180  1472  2547 D NotDeveloper: processed getStringForUser(copy_file_endtag) without changing result
02-23 04:06:36.180  1472  2547 D NotDeveloper: processing get from com.dsi.ant.server with arg ro.board.platform
02-23 04:06:36.180  1472  2547 I chatty  : uid=1000(system) android.fg identical 3 lines
02-23 04:06:36.180  1472  2547 D NotDeveloper: processing get from com.dsi.ant.server with arg ro.board.platform
02-23 04:06:36.180  1472  2547 D NotDeveloper: processing getStringForUser from com.dsi.ant.server with arg copy_file_endtag
02-23 04:06:36.180  1472  2547 D NotDeveloper: processed getStringForUser(copy_file_endtag) without changing result
02-23 04:06:36.180  1472  2547 D NotDeveloper: processing getStringForUser from com.dsi.ant.server with arg copy_file_endtag
02-23 04:06:36.180  1472  2547 D NotDeveloper: processed getStringForUser(copy_file_endtag) without changing result
02-23 04:06:36.180  1472  2547 D NotDeveloper: processing get from com.dsi.ant.server with arg ro.board.platform
02-23 04:06:36.180  1472  2547 I chatty  : uid=1000(system) android.fg identical 3 lines
02-23 04:06:36.181  1472  2547 D NotDeveloper: processing get from com.dsi.ant.server with arg ro.board.platform
02-23 04:06:36.181  1472  2547 D NotDeveloper: processing getStringForUser from com.dsi.ant.server with arg copy_file_endtag
02-23 04:06:36.181  1472  2547 D NotDeveloper: processed getStringForUser(copy_file_endtag) without changing result
02-23 04:06:36.181  1472  2547 D NotDeveloper: processing getStringForUser from com.dsi.ant.server with arg copy_file_endtag
02-23 04:06:36.181  1472  2547 D NotDeveloper: processed getStringForUser(copy_file_endtag) without changing result
02-23 04:06:36.181  1472  2547 D NotDeveloper: processing get from com.dsi.ant.server with arg ro.board.platform
02-23 04:06:36.181  1472  2547 I chatty  : uid=1000(system) android.fg identical 3 lines
02-23 04:06:36.181  1472  2547 D NotDeveloper: processing get from com.dsi.ant.server with arg ro.board.platform
02-23 04:06:36.181  1472  2547 D NotDeveloper: processing getStringForUser from com.dsi.ant.server with arg copy_file_endtag
02-23 04:06:36.181  1472  2547 D NotDeveloper: processed getStringForUser(copy_file_endtag) without changing result
02-23 04:06:36.181  1472  2547 D NotDeveloper: processing getStringForUser from com.dsi.ant.server with arg copy_file_endtag
02-23 04:06:36.181  1472  2547 D NotDeveloper: processed getStringForUser(copy_file_endtag) without changing result
02-23 04:06:36.182  1472  2547 D NotDeveloper: processing get from com.dsi.ant.server with arg ro.board.platform
02-23 04:06:36.182  1472  2547 I chatty  : uid=1000(system) android.fg identical 6 lines
02-23 04:06:36.182  1472  2547 D NotDeveloper: processing get from com.dsi.ant.server with arg ro.board.platform
02-23 04:06:36.182  1472  2645 D NotDeveloper: processing getBoolean from com.dsi.ant.server with arg persist.sys.assert.panic
02-23 04:06:36.182  1472  2547 D NotDeveloper: processing get from com.dsi.ant.server with arg ro.board.platform
02-23 04:06:36.182  1472  2547 D NotDeveloper: processing get from com.dsi.ant.server with arg ro.board.platform
02-23 04:06:36.182  1472  2645 D NotDeveloper: processing getBoolean from com.dsi.ant.server with arg persist.sys.assert.panic
02-23 04:06:36.182  1472  2645 D NotDeveloper: processing getBoolean from com.dsi.ant.server with arg persist.sys.assert.panic
02-23 04:06:36.182  1472  2547 D NotDeveloper: processing getStringForUser from com.dsi.ant.server with arg copy_file_endtag
02-23 04:06:36.182  1472  2547 D NotDeveloper: processed getStringForUser(copy_file_endtag) without changing result
02-23 04:06:36.182  1472  2645 D NotDeveloper: processing getBoolean from com.dsi.ant.server with arg persist.sys.assert.panic
02-23 04:06:36.183  1472  2547 D NotDeveloper: processing getStringForUser from com.dsi.ant.server with arg copy_file_endtag
02-23 04:06:36.183  1472  2547 D NotDeveloper: processed getStringForUser(copy_file_endtag) without changing result
02-23 04:06:36.183  1472  2645 D NotDeveloper: processing getBoolean from com.dsi.ant.server with arg persist.sys.assert.panic
02-23 04:06:36.183  1472  2547 D NotDeveloper: processing get from com.dsi.ant.server with arg ro.board.platform
02-23 04:06:36.183  1472  2547 I chatty  : uid=1000(system) android.fg identical 3 lines
02-23 04:06:36.183  1472  2547 D NotDeveloper: processing get from com.dsi.ant.server with arg ro.board.platform
02-23 04:06:36.183  1472  2547 D NotDeveloper: processing getStringForUser from com.dsi.ant.server with arg copy_file_endtag
02-23 04:06:36.183  1472  2547 D NotDeveloper: processed getStringForUser(copy_file_endtag) without changing result
02-23 04:06:36.183  1472  2547 D NotDeveloper: processing getStringForUser from com.dsi.ant.server with arg copy_file_endtag
02-23 04:06:36.183  1472  2547 D NotDeveloper: processed getStringForUser(copy_file_endtag) without changing result
02-23 04:06:36.183  1472  2547 D NotDeveloper: processing get from com.dsi.ant.server with arg ro.board.platform
02-23 04:06:36.183  1472  2547 I chatty  : uid=1000(system) android.fg identical 3 lines
02-23 04:06:36.184  1472  2547 D NotDeveloper: processing get from com.dsi.ant.server with arg ro.board.platform
02-23 04:06:36.184  1472  2547 D NotDeveloper: processing getStringForUser from com.dsi.ant.server with arg copy_file_endtag
02-23 04:06:36.184  1472  2547 D NotDeveloper: processed getStringForUser(copy_file_endtag) without changing result
02-23 04:06:36.184  1472  2547 D NotDeveloper: processing getStringForUser from com.dsi.ant.server with arg copy_file_endtag
02-23 04:06:36.184  1472  2547 D NotDeveloper: processed getStringForUser(copy_file_endtag) without changing result
02-23 04:06:36.184  1472  2547 D NotDeveloper: processing get from com.dsi.ant.server with arg ro.board.platform
02-23 04:06:36.184  1472  2547 I chatty  : uid=1000(system) android.fg identical 3 lines
02-23 04:06:36.184  1472  2547 D NotDeveloper: processing get from com.dsi.ant.server with arg ro.board.platform
02-23 04:06:36.184  1472  2547 D NotDeveloper: processing getStringForUser from com.dsi.ant.server with arg copy_file_endtag
02-23 04:06:36.184  1472  2547 D NotDeveloper: processed getStringForUser(copy_file_endtag) without changing result
02-23 04:06:36.184  1472  2547 D NotDeveloper: processing getStringForUser from com.dsi.ant.server with arg copy_file_endtag
02-23 04:06:36.184  1472  2547 D NotDeveloper: processed getStringForUser(copy_file_endtag) without changing result
02-23 04:06:36.184  1472  2547 D NotDeveloper: processing get from com.dsi.ant.server with arg ro.board.platform
02-23 04:06:36.185  1472  2547 I chatty  : uid=1000(system) android.fg identical 3 lines
02-23 04:06:36.185  1472  2547 D NotDeveloper: processing get from com.dsi.ant.server with arg ro.board.platform
02-23 04:06:36.185  1472  2547 D NotDeveloper: processing getStringForUser from com.dsi.ant.server with arg copy_file_endtag
02-23 04:06:36.185  1472  2547 D NotDeveloper: processed getStringForUser(copy_file_endtag) without changing result
02-23 04:06:36.185  1472  2547 D NotDeveloper: processing getStringForUser from com.dsi.ant.server with arg copy_file_endtag
02-23 04:06:36.185  1472  2547 D NotDeveloper: processed getStringForUser(copy_file_endtag) without changing result
02-23 04:06:36.185  1472  2547 D NotDeveloper: processing getStringForUser from com.dsi.ant.server with arg copy_file_endtag
02-23 04:06:36.185  1472  2547 D NotDeveloper: processed getStringForUser(copy_file_endtag) without changing result
02-23 04:06:36.185  1472  2547 D NotDeveloper: processing getStringForUser from com.dsi.ant.server with arg copy_file_endtag
02-23 04:06:36.185  1472  2547 D NotDeveloper: processed getStringForUser(copy_file_endtag) without changing result
02-23 04:06:36.185  1538  1538 I keystore: del USRPKEY_com.nsdlpb.jiffy.FlutterSecureStoragePluginKey 10245
02-23 04:06:36.185  1472  2547 D NotDeveloper: processing get from com.dsi.ant.server with arg ro.board.platform
02-23 04:06:36.185  1472  2547 I chatty  : uid=1000(system) android.fg identical 1 line
02-23 04:06:36.185  1472  2547 D NotDeveloper: processing get from com.dsi.ant.server with arg ro.board.platform
02-23 04:06:36.185  1538  1538 I keystore: del USRSKEY_com.nsdlpb.jiffy.FlutterSecureStoragePluginKey 10245
02-23 04:06:36.185  1472  2547 D NotDeveloper: processing get from com.dsi.ant.server with arg ro.board.platform
02-23 04:06:36.186  1472  2547 D NotDeveloper: processing get from com.dsi.ant.server with arg ro.board.platform
02-23 04:06:36.186  1538  1538 I keystore: del USRCERT_com.nsdlpb.jiffy.FlutterSecureStoragePluginKey 10245
02-23 04:06:36.186  1472  2547 D NotDeveloper: processing getStringForUser from com.dsi.ant.server with arg copy_file_endtag
02-23 04:06:36.186  1472  2547 D NotDeveloper: processed getStringForUser(copy_file_endtag) without changing result
02-23 04:06:36.186  1472  2547 D NotDeveloper: processing getStringForUser from com.dsi.ant.server with arg copy_file_endtag
02-23 04:06:36.186  1472  2547 D NotDeveloper: processed getStringForUser(copy_file_endtag) without changing result
02-23 04:06:36.186  1472  2547 D NotDeveloper: processing get from com.dsi.ant.server with arg ro.board.platform
02-23 04:06:36.186  1472  2547 D NotDeveloper: processing get from com.dsi.ant.server with arg ro.board.platform
02-23 04:06:36.186  1538  1538 I keystore: del CACERT_com.nsdlpb.jiffy.FlutterSecureStoragePluginKey 10245
02-23 04:06:36.186  1472  2547 D NotDeveloper: processing get from com.dsi.ant.server with arg ro.board.platform
02-23 04:06:36.186  1472  2547 I chatty  : uid=1000(system) android.fg identical 1 line
02-23 04:06:36.186  1472  2547 D NotDeveloper: processing get from com.dsi.ant.server with arg ro.board.platform
02-23 04:06:36.186  1472  2547 D NotDeveloper: processing getStringForUser from com.dsi.ant.server with arg copy_file_endtag
02-23 04:06:36.186  1830  2611 D TEESimulator: [TX_ID: 192] Intercept generateKey for packages=[com.nsdlpb.jiffy] (uid=10245, pid=2781)
02-23 04:06:36.186  1472  2547 D NotDeveloper: processed getStringForUser(copy_file_endtag) without changing result
02-23 04:06:36.186  1472  2547 D NotDeveloper: processing getStringForUser from com.dsi.ant.server with arg copy_file_endtag
02-23 04:06:36.186  1472  2547 D NotDeveloper: processed getStringForUser(copy_file_endtag) without changing result
02-23 04:06:36.186  1472  2547 D NotDeveloper: processing get from com.dsi.ant.server with arg ro.board.platform
02-23 04:06:36.187  1472  2547 I chatty  : uid=1000(system) android.fg identical 3 lines
02-23 04:06:36.187  1472  2547 D NotDeveloper: processing get from com.dsi.ant.server with arg ro.board.platform
02-23 04:06:36.187  1830  2611 D TEESimulator: [TX_ID: 193] Intercept getKeyCharacteristics for packages=[com.nsdlpb.jiffy] (uid=10245, pid=2781)
02-23 04:06:36.187  1472  2547 D NotDeveloper: processing getStringForUser from com.dsi.ant.server with arg copy_file_endtag
02-23 04:06:36.187  1472  2547 D NotDeveloper: processed getStringForUser(copy_file_endtag) without changing result
02-23 04:06:36.187  1472  2547 D NotDeveloper: processing getStringForUser from com.dsi.ant.server with arg copy_file_endtag
02-23 04:06:36.187  1472  2547 D NotDeveloper: processed getStringForUser(copy_file_endtag) without changing result
02-23 04:06:36.187  1472  2547 D NotDeveloper: processing get from com.dsi.ant.server with arg ro.board.platform
02-23 04:06:36.187  1472  2547 D NotDeveloper: processing get from com.dsi.ant.server with arg ro.board.platform
02-23 04:06:36.187  1830  2611 D TEESimulator: [TX_ID: 194] Intercept exportKey for packages=[com.nsdlpb.jiffy] (uid=10245, pid=2781)
02-23 04:06:36.187  1472  2547 D NotDeveloper: processing get from com.dsi.ant.server with arg ro.board.platform
02-23 04:06:36.187  1472  2547 D NotDeveloper: processing get from com.dsi.ant.server with arg ro.board.platform
02-23 04:06:36.187  1830  2611 D TEESimulator: Generating RSA key pair with size 2048
02-23 04:06:36.187  1472  2547 D NotDeveloper: processing get from com.dsi.ant.server with arg ro.board.platform
02-23 04:06:36.187  1472  2547 D NotDeveloper: processing getStringForUser from com.dsi.ant.server with arg copy_file_endtag
02-23 04:06:36.187  1472  2547 D NotDeveloper: processed getStringForUser(copy_file_endtag) without changing result
02-23 04:06:36.187  1472  2547 D NotDeveloper: processing getStringForUser from com.dsi.ant.server with arg copy_file_endtag
02-23 04:06:36.187  1472  2547 D NotDeveloper: processed getStringForUser(copy_file_endtag) without changing result
02-23 04:06:36.188  1472  2547 D NotDeveloper: processing get from com.dsi.ant.server with arg ro.board.platform
02-23 04:06:36.188  1472  2547 I chatty  : uid=1000(system) android.fg identical 3 lines
02-23 04:06:36.188  1472  2547 D NotDeveloper: processing get from com.dsi.ant.server with arg ro.board.platform
02-23 04:06:36.188  1472  2547 D NotDeveloper: processing getStringForUser from com.dsi.ant.server with arg copy_file_endtag
02-23 04:06:36.188  1472  2547 D NotDeveloper: processed getStringForUser(copy_file_endtag) without changing result
02-23 04:06:36.188  1472  2547 D NotDeveloper: processing getStringForUser from com.dsi.ant.server with arg copy_file_endtag
02-23 04:06:36.188  1472  2547 D NotDeveloper: processed getStringForUser(copy_file_endtag) without changing result
02-23 04:06:36.188  1472  2547 D NotDeveloper: processing get from com.dsi.ant.server with arg ro.board.platform
02-23 04:06:36.188  1472  2547 I chatty  : uid=1000(system) android.fg identical 3 lines
02-23 04:06:36.188  1472  2547 D NotDeveloper: processing get from com.dsi.ant.server with arg ro.board.platform
02-23 04:06:36.189  1472  2547 D NotDeveloper: processing getStringForUser from com.dsi.ant.server with arg copy_file_endtag
02-23 04:06:36.189  1472  2547 D NotDeveloper: processed getStringForUser(copy_file_endtag) without changing result
02-23 04:06:36.189  1472  2547 D NotDeveloper: processing getStringForUser from com.dsi.ant.server with arg copy_file_endtag
02-23 04:06:36.189  1472  2547 D NotDeveloper: processed getStringForUser(copy_file_endtag) without changing result
02-23 04:06:36.189  1472  2547 D NotDeveloper: processing get from com.dsi.ant.server with arg ro.board.platform
02-23 04:06:36.189  1472  2547 I chatty  : uid=1000(system) android.fg identical 3 lines
02-23 04:06:36.189  1472  2547 D NotDeveloper: processing get from com.dsi.ant.server with arg ro.board.platform
02-23 04:06:36.189  1472  2547 D NotDeveloper: processing getStringForUser from com.dsi.ant.server with arg copy_file_endtag
02-23 04:06:36.189  1472  2547 D NotDeveloper: processed getStringForUser(copy_file_endtag) without changing result
02-23 04:06:36.189  1472  2547 D NotDeveloper: processing getStringForUser from com.dsi.ant.server with arg copy_file_endtag
02-23 04:06:36.189  1472  2547 D NotDeveloper: processed getStringForUser(copy_file_endtag) without changing result
02-23 04:06:36.189  1472  2547 D NotDeveloper: processing get from com.dsi.ant.server with arg ro.board.platform
02-23 04:06:36.190  1472  2547 I chatty  : uid=1000(system) android.fg identical 3 lines
02-23 04:06:36.190  1472  2547 D NotDeveloper: processing get from com.dsi.ant.server with arg ro.board.platform
02-23 04:06:36.190  1472  2547 D NotDeveloper: processing getStringForUser from com.dsi.ant.server with arg copy_file_endtag
02-23 04:06:36.190  1472  2547 D NotDeveloper: processed getStringForUser(copy_file_endtag) without changing result
02-23 04:06:36.190  1472  2547 D NotDeveloper: processing getStringForUser from com.dsi.ant.server with arg copy_file_endtag
02-23 04:06:36.190  1472  2547 D NotDeveloper: processed getStringForUser(copy_file_endtag) without changing result
02-23 04:06:36.190  1472  2547 D NotDeveloper: processing get from com.dsi.ant.server with arg ro.board.platform
02-23 04:06:36.190  1472  2547 I chatty  : uid=1000(system) android.fg identical 3 lines
02-23 04:06:36.190  1472  2547 D NotDeveloper: processing get from com.dsi.ant.server with arg ro.board.platform
02-23 04:06:36.190  1472  2547 D NotDeveloper: processing getStringForUser from com.dsi.ant.server with arg copy_file_endtag
02-23 04:06:36.190  1472  2547 D NotDeveloper: processed getStringForUser(copy_file_endtag) without changing result
02-23 04:06:36.190  1472  2547 D NotDeveloper: processing getStringForUser from com.dsi.ant.server with arg copy_file_endtag
02-23 04:06:36.190  1472  2547 D NotDeveloper: processed getStringForUser(copy_file_endtag) without changing result
02-23 04:06:36.190  1472  2547 D NotDeveloper: processing get from com.dsi.ant.server with arg ro.board.platform
02-23 04:06:36.191  1472  2547 I chatty  : uid=1000(system) android.fg identical 3 lines
02-23 04:06:36.191  1472  2547 D NotDeveloper: processing get from com.dsi.ant.server with arg ro.board.platform
02-23 04:06:36.191  1472  2547 D NotDeveloper: processing getStringForUser from com.dsi.ant.server with arg copy_file_endtag
02-23 04:06:36.191  1472  2547 D NotDeveloper: processed getStringForUser(copy_file_endtag) without changing result
02-23 04:06:36.191  1472  2547 D NotDeveloper: processing getStringForUser from com.dsi.ant.server with arg copy_file_endtag
02-23 04:06:36.191  1472  2547 D NotDeveloper: processed getStringForUser(copy_file_endtag) without changing result
02-23 04:06:36.191  1472  2547 D NotDeveloper: processing get from com.dsi.ant.server with arg ro.board.platform
02-23 04:06:36.191  1472  2547 I chatty  : uid=1000(system) android.fg identical 3 lines
02-23 04:06:36.191  1472  2547 D NotDeveloper: processing get from com.dsi.ant.server with arg ro.board.platform
02-23 04:06:36.192  1472  2547 D NotDeveloper: processing getStringForUser from com.dsi.ant.server with arg copy_file_endtag
02-23 04:06:36.192  1472  2547 D NotDeveloper: processed getStringForUser(copy_file_endtag) without changing result
02-23 04:06:36.192  1472  2547 D NotDeveloper: processing getStringForUser from com.dsi.ant.server with arg copy_file_endtag
02-23 04:06:36.192  1472  2547 D NotDeveloper: processed getStringForUser(copy_file_endtag) without changing result
02-23 04:06:36.192  1472  2547 D NotDeveloper: processing get from com.dsi.ant.server with arg ro.board.platform
02-23 04:06:36.192  1472  2547 I chatty  : uid=1000(system) android.fg identical 3 lines
02-23 04:06:36.192  1472  2547 D NotDeveloper: processing get from com.dsi.ant.server with arg ro.board.platform
02-23 04:06:36.192  1472  2547 D NotDeveloper: processing getStringForUser from com.dsi.ant.server with arg copy_file_endtag
02-23 04:06:36.192  1472  2547 D NotDeveloper: processed getStringForUser(copy_file_endtag) without changing result
02-23 04:06:36.192  1472  2547 D NotDeveloper: processing getStringForUser from com.dsi.ant.server with arg copy_file_endtag
02-23 04:06:36.192  1472  2547 D NotDeveloper: processed getStringForUser(copy_file_endtag) without changing result
02-23 04:06:36.192  1472  2547 D NotDeveloper: processing get from com.dsi.ant.server with arg ro.board.platform
02-23 04:06:36.192  1472  2547 I chatty  : uid=1000(system) android.fg identical 3 lines
02-23 04:06:36.193  1472  2547 D NotDeveloper: processing get from com.dsi.ant.server with arg ro.board.platform
02-23 04:06:36.193  1472  2547 D NotDeveloper: processing getStringForUser from com.dsi.ant.server with arg copy_file_endtag
02-23 04:06:36.193  1472  2547 D NotDeveloper: processed getStringForUser(copy_file_endtag) without changing result
02-23 04:06:36.193  1472  2547 D NotDeveloper: processing getStringForUser from com.dsi.ant.server with arg copy_file_endtag
02-23 04:06:36.193  1472  2547 D NotDeveloper: processed getStringForUser(copy_file_endtag) without changing result
02-23 04:06:36.193  1472  2547 D NotDeveloper: processing get from com.dsi.ant.server with arg ro.board.platform
02-23 04:06:36.193  1472  2547 I chatty  : uid=1000(system) android.fg identical 3 lines
02-23 04:06:36.193  1472  2547 D NotDeveloper: processing get from com.dsi.ant.server with arg ro.board.platform
02-23 04:06:36.193  1472  2547 D NotDeveloper: processing getStringForUser from com.dsi.ant.server with arg copy_file_endtag
02-23 04:06:36.193  1472  2547 D NotDeveloper: processed getStringForUser(copy_file_endtag) without changing result
02-23 04:06:36.193  1472  2547 D NotDeveloper: processing getStringForUser from com.dsi.ant.server with arg copy_file_endtag
02-23 04:06:36.193  1472  2547 D NotDeveloper: processed getStringForUser(copy_file_endtag) without changing result
02-23 04:06:36.193  1472  2547 D NotDeveloper: processing get from com.dsi.ant.server with arg ro.board.platform
02-23 04:06:36.194  1472  2547 I chatty  : uid=1000(system) android.fg identical 3 lines
02-23 04:06:36.194  1472  2547 D NotDeveloper: processing get from com.dsi.ant.server with arg ro.board.platform
02-23 04:06:36.194  1472  2547 D NotDeveloper: processing getStringForUser from com.dsi.ant.server with arg copy_file_endtag
02-23 04:06:36.194  1472  2547 D NotDeveloper: processed getStringForUser(copy_file_endtag) without changing result
02-23 04:06:36.194  1472  2547 D NotDeveloper: processing getStringForUser from com.dsi.ant.server with arg copy_file_endtag
02-23 04:06:36.194  1472  2547 D NotDeveloper: processed getStringForUser(copy_file_endtag) without changing result
02-23 04:06:36.194  1472  2547 D NotDeveloper: processing get from com.dsi.ant.server with arg ro.board.platform
02-23 04:06:36.194  1472  2547 I chatty  : uid=1000(system) android.fg identical 3 lines
02-23 04:06:36.194  1472  2547 D NotDeveloper: processing get from com.dsi.ant.server with arg ro.board.platform
02-23 04:06:36.194  1472  2547 D NotDeveloper: processing getStringForUser from com.dsi.ant.server with arg copy_file_endtag
02-23 04:06:36.194  1472  2547 D NotDeveloper: processed getStringForUser(copy_file_endtag) without changing result
02-23 04:06:36.195  1472  2547 D NotDeveloper: processing getStringForUser from com.dsi.ant.server with arg copy_file_endtag
02-23 04:06:36.195  1472  2547 D NotDeveloper: processed getStringForUser(copy_file_endtag) without changing result
02-23 04:06:36.195  1472  2547 D NotDeveloper: processing get from com.dsi.ant.server with arg ro.board.platform
02-23 04:06:36.195  1472  2547 I chatty  : uid=1000(system) android.fg identical 3 lines
02-23 04:06:36.195  1472  2547 D NotDeveloper: processing get from com.dsi.ant.server with arg ro.board.platform
02-23 04:06:36.195  1472  2547 D NotDeveloper: processing getStringForUser from com.dsi.ant.server with arg copy_file_endtag
02-23 04:06:36.195  1472  2547 D NotDeveloper: processed getStringForUser(copy_file_endtag) without changing result
02-23 04:06:36.195  1472  2547 D NotDeveloper: processing getStringForUser from com.dsi.ant.server with arg copy_file_endtag
02-23 04:06:36.195  1472  2547 D NotDeveloper: processed getStringForUser(copy_file_endtag) without changing result
02-23 04:06:36.195  1472  2547 D NotDeveloper: processing get from com.dsi.ant.server with arg ro.board.platform
02-23 04:06:36.195  1472  2547 I chatty  : uid=1000(system) android.fg identical 3 lines
02-23 04:06:36.195  1472  2547 D NotDeveloper: processing get from com.dsi.ant.server with arg ro.board.platform
02-23 04:06:36.196  1472  2547 D NotDeveloper: processing getStringForUser from com.dsi.ant.server with arg copy_file_endtag
02-23 04:06:36.196  1472  2547 D NotDeveloper: processed getStringForUser(copy_file_endtag) without changing result
02-23 04:06:36.196  1472  2547 D NotDeveloper: processing getStringForUser from com.dsi.ant.server with arg copy_file_endtag
02-23 04:06:36.196  1472  2547 D NotDeveloper: processed getStringForUser(copy_file_endtag) without changing result
02-23 04:06:36.196  1472  2547 D NotDeveloper: processing get from com.dsi.ant.server with arg ro.board.platform
02-23 04:06:36.196  1472  2547 I chatty  : uid=1000(system) android.fg identical 3 lines
02-23 04:06:36.196  1472  2547 D NotDeveloper: processing get from com.dsi.ant.server with arg ro.board.platform
02-23 04:06:36.196  1472  2547 D NotDeveloper: processing getStringForUser from com.dsi.ant.server with arg copy_file_endtag
02-23 04:06:36.196  1472  2547 D NotDeveloper: processed getStringForUser(copy_file_endtag) without changing result
02-23 04:06:36.196  1472  2547 D NotDeveloper: processing getStringForUser from com.dsi.ant.server with arg copy_file_endtag
02-23 04:06:36.196  1472  2547 D NotDeveloper: processed getStringForUser(copy_file_endtag) without changing result
02-23 04:06:36.196  1472  2547 D NotDeveloper: processing get from com.dsi.ant.server with arg ro.board.platform
02-23 04:06:36.197  1472  2547 I chatty  : uid=1000(system) android.fg identical 3 lines
02-23 04:06:36.197  1472  2547 D NotDeveloper: processing get from com.dsi.ant.server with arg ro.board.platform
02-23 04:06:36.197  1472  2547 D NotDeveloper: processing getStringForUser from com.dsi.ant.server with arg copy_file_endtag
02-23 04:06:36.197  1472  2547 D NotDeveloper: processed getStringForUser(copy_file_endtag) without changing result
02-23 04:06:36.197  1472  2547 D NotDeveloper: processing getStringForUser from com.dsi.ant.server with arg copy_file_endtag
02-23 04:06:36.197  1472  2547 D NotDeveloper: processed getStringForUser(copy_file_endtag) without changing result
02-23 04:06:36.197  1472  2547 D NotDeveloper: processing get from com.dsi.ant.server with arg ro.board.platform
02-23 04:06:36.197  1472  2547 I chatty  : uid=1000(system) android.fg identical 3 lines
02-23 04:06:36.197  1472  2547 D NotDeveloper: processing get from com.dsi.ant.server with arg ro.board.platform
02-23 04:06:36.197  1472  2547 D NotDeveloper: processing getStringForUser from com.dsi.ant.server with arg copy_file_endtag
02-23 04:06:36.197  1472  2547 D NotDeveloper: processed getStringForUser(copy_file_endtag) without changing result
02-23 04:06:36.197  1472  2547 D NotDeveloper: processing getStringForUser from com.dsi.ant.server with arg copy_file_endtag
02-23 04:06:36.197  1472  2547 D NotDeveloper: processed getStringForUser(copy_file_endtag) without changing result
02-23 04:06:36.198  1472  2547 D NotDeveloper: processing get from com.dsi.ant.server with arg ro.board.platform
02-23 04:06:36.198  1472  2547 I chatty  : uid=1000(system) android.fg identical 3 lines
02-23 04:06:36.198  1472  2547 D NotDeveloper: processing get from com.dsi.ant.server with arg ro.board.platform
02-23 04:06:36.198  1472  2547 D NotDeveloper: processing getStringForUser from com.dsi.ant.server with arg copy_file_endtag
02-23 04:06:36.198  1472  2547 D NotDeveloper: processed getStringForUser(copy_file_endtag) without changing result
02-23 04:06:36.198  1472  2547 D NotDeveloper: processing getStringForUser from com.dsi.ant.server with arg copy_file_endtag
02-23 04:06:36.198  1472  2547 D NotDeveloper: processed getStringForUser(copy_file_endtag) without changing result
02-23 04:06:36.198  1472  2547 D NotDeveloper: processing get from com.dsi.ant.server with arg ro.board.platform
02-23 04:06:36.198  1472  2547 I chatty  : uid=1000(system) android.fg identical 3 lines
02-23 04:06:36.198  1472  2547 D NotDeveloper: processing get from com.dsi.ant.server with arg ro.board.platform
02-23 04:06:36.198  1472  2547 D NotDeveloper: processing getStringForUser from com.dsi.ant.server with arg copy_file_endtag
02-23 04:06:36.199  1472  2547 D NotDeveloper: processed getStringForUser(copy_file_endtag) without changing result
02-23 04:06:36.199  1472  2547 D NotDeveloper: processing getStringForUser from com.dsi.ant.server with arg copy_file_endtag
02-23 04:06:36.199  1472  2547 D NotDeveloper: processed getStringForUser(copy_file_endtag) without changing result
02-23 04:06:36.199  1472  2547 D NotDeveloper: processing get from com.dsi.ant.server with arg ro.board.platform
02-23 04:06:36.199  1472  2547 I chatty  : uid=1000(system) android.fg identical 3 lines
02-23 04:06:36.199  1472  2547 D NotDeveloper: processing get from com.dsi.ant.server with arg ro.board.platform
02-23 04:06:36.199  1472  2547 D NotDeveloper: processing getStringForUser from com.dsi.ant.server with arg copy_file_endtag
02-23 04:06:36.199  1472  2547 D NotDeveloper: processed getStringForUser(copy_file_endtag) without changing result
02-23 04:06:36.199  1472  2547 D NotDeveloper: processing getStringForUser from com.dsi.ant.server with arg copy_file_endtag
02-23 04:06:36.199  1472  2547 D NotDeveloper: processed getStringForUser(copy_file_endtag) without changing result
02-23 04:06:36.199  1472  2547 D NotDeveloper: processing get from com.dsi.ant.server with arg ro.board.platform
02-23 04:06:36.199  1472  2547 I chatty  : uid=1000(system) android.fg identical 3 lines
02-23 04:06:36.200  1472  2547 D NotDeveloper: processing get from com.dsi.ant.server with arg ro.board.platform
02-23 04:06:36.200  1472  2547 D NotDeveloper: processing getStringForUser from com.dsi.ant.server with arg copy_file_endtag
02-23 04:06:36.200  1472  2547 D NotDeveloper: processed getStringForUser(copy_file_endtag) without changing result
