02-23 03:56:50.804  1597  2560 D NotDeveloper: processing get from com.dsi.ant.server with arg ro.board.platform
02-23 03:56:50.804  1597  2560 I chatty  : uid=1000(system) android.display identical 3 lines
02-23 03:56:50.804  1597  2560 D NotDeveloper: processing get from com.dsi.ant.server with arg ro.board.platform
02-23 03:56:50.804  1597  2560 D NotDeveloper: processing getStringForUser from com.dsi.ant.server with arg copy_file_endtag
02-23 03:56:50.804  1597  2560 D NotDeveloper: processed getStringForUser(copy_file_endtag) without changing result
02-23 03:56:50.804  1597  2560 D NotDeveloper: processing getStringForUser from com.dsi.ant.server with arg copy_file_endtag
02-23 03:56:50.804  1597  2560 D NotDeveloper: processed getStringForUser(copy_file_endtag) without changing result
02-23 03:56:50.804  1597  2560 D NotDeveloper: processing get from com.dsi.ant.server with arg ro.board.platform
02-23 03:56:50.805  1597  2560 I chatty  : uid=1000(system) android.display identical 3 lines
02-23 03:56:50.805  1597  2560 D NotDeveloper: processing get from com.dsi.ant.server with arg ro.board.platform
02-23 03:56:50.805  1597  2560 D NotDeveloper: processing getStringForUser from com.dsi.ant.server with arg copy_file_endtag
02-23 03:56:50.805  1597  2560 D NotDeveloper: processed getStringForUser(copy_file_endtag) without changing result
02-23 03:56:50.805  1597  2560 D NotDeveloper: processing getStringForUser from com.dsi.ant.server with arg copy_file_endtag
02-23 03:56:50.805  1597  2560 D NotDeveloper: processed getStringForUser(copy_file_endtag) without changing result
02-23 03:56:50.805  1597  2560 D NotDeveloper: processing get from com.dsi.ant.server with arg ro.board.platform
02-23 03:56:50.805  1597  2560 I chatty  : uid=1000(system) android.display identical 3 lines
02-23 03:56:50.805  1597  2560 D NotDeveloper: processing get from com.dsi.ant.server with arg ro.board.platform
02-23 03:56:50.805  1597  2560 D NotDeveloper: processing getStringForUser from com.dsi.ant.server with arg copy_file_endtag
02-23 03:56:50.805  1597  2560 D NotDeveloper: processed getStringForUser(copy_file_endtag) without changing result
02-23 03:56:50.805  1597  2560 D NotDeveloper: processing getStringForUser from com.dsi.ant.server with arg copy_file_endtag
02-23 03:56:50.805  1597  2560 D NotDeveloper: processed getStringForUser(copy_file_endtag) without changing result
02-23 03:56:50.806  1597  2560 D NotDeveloper: processing get from com.dsi.ant.server with arg ro.board.platform
02-23 03:56:50.806  1597  2560 I chatty  : uid=1000(system) android.display identical 3 lines
02-23 03:56:50.806  1597  2560 D NotDeveloper: processing get from com.dsi.ant.server with arg ro.board.platform
02-23 03:56:50.806  1597  2560 D NotDeveloper: processing getStringForUser from com.dsi.ant.server with arg copy_file_endtag
02-23 03:56:50.806  1597  2560 D NotDeveloper: processed getStringForUser(copy_file_endtag) without changing result
02-23 03:56:50.806  1597  2560 D NotDeveloper: processing getStringForUser from com.dsi.ant.server with arg copy_file_endtag
02-23 03:56:50.806  1597  2560 D NotDeveloper: processed getStringForUser(copy_file_endtag) without changing result
02-23 03:56:50.806  1597  2560 D NotDeveloper: processing get from com.dsi.ant.server with arg ro.board.platform
02-23 03:56:50.806  1597  2560 I chatty  : uid=1000(system) android.display identical 3 lines
02-23 03:56:50.806  1597  2560 D NotDeveloper: processing get from com.dsi.ant.server with arg ro.board.platform
02-23 03:56:50.806  1597  2560 D NotDeveloper: processing getStringForUser from com.dsi.ant.server with arg copy_file_endtag
02-23 03:56:50.806  1597  2560 D NotDeveloper: processed getStringForUser(copy_file_endtag) without changing result
02-23 03:56:50.807  1597  2560 D NotDeveloper: processing getStringForUser from com.dsi.ant.server with arg copy_file_endtag
02-23 03:56:50.807  1597  2560 D NotDeveloper: processed getStringForUser(copy_file_endtag) without changing result
02-23 03:56:50.807  1597  2560 D NotDeveloper: processing get from com.dsi.ant.server with arg ro.board.platform
02-23 03:56:50.807  1597  2560 I chatty  : uid=1000(system) android.display identical 3 lines
02-23 03:56:50.807  1597  2560 D NotDeveloper: processing get from com.dsi.ant.server with arg ro.board.platform
02-23 03:56:50.807  1597  2560 D NotDeveloper: processing getStringForUser from com.dsi.ant.server with arg copy_file_endtag
02-23 03:56:50.807  1597  2560 D NotDeveloper: processed getStringForUser(copy_file_endtag) without changing result
02-23 03:56:50.807  1597  2560 D NotDeveloper: processing getStringForUser from com.dsi.ant.server with arg copy_file_endtag
02-23 03:56:50.807  1597  2560 D NotDeveloper: processed getStringForUser(copy_file_endtag) without changing result
02-23 03:56:50.807  1597  2560 D NotDeveloper: processing get from com.dsi.ant.server with arg ro.board.platform
02-23 03:56:50.807  1597  2560 I chatty  : uid=1000(system) android.display identical 3 lines
02-23 03:56:50.807  1597  2560 D NotDeveloper: processing get from com.dsi.ant.server with arg ro.board.platform
02-23 03:56:50.808  1597  2560 D NotDeveloper: processing getStringForUser from com.dsi.ant.server with arg copy_file_endtag
02-23 03:56:50.808  1597  2560 D NotDeveloper: processed getStringForUser(copy_file_endtag) without changing result
02-23 03:56:50.808  1597  2560 D NotDeveloper: processing getStringForUser from com.dsi.ant.server with arg copy_file_endtag
02-23 03:56:50.808  1597  2560 D NotDeveloper: processed getStringForUser(copy_file_endtag) without changing result
02-23 03:56:50.808  1597  2560 D NotDeveloper: processing get from com.dsi.ant.server with arg ro.board.platform
02-23 03:56:50.808  1597  2560 I chatty  : uid=1000(system) android.display identical 3 lines
02-23 03:56:50.808  1597  2560 D NotDeveloper: processing get from com.dsi.ant.server with arg ro.board.platform
02-23 03:56:50.808  1597  2560 D NotDeveloper: processing getStringForUser from com.dsi.ant.server with arg copy_file_endtag
02-23 03:56:50.808  1597  2560 D NotDeveloper: processed getStringForUser(copy_file_endtag) without changing result
02-23 03:56:50.808  1597  2560 D NotDeveloper: processing getStringForUser from com.dsi.ant.server with arg copy_file_endtag
02-23 03:56:50.808  1597  2560 D NotDeveloper: processed getStringForUser(copy_file_endtag) without changing result
02-23 03:56:50.808  1597  2560 D NotDeveloper: processing get from com.dsi.ant.server with arg ro.board.platform
02-23 03:56:50.808  1597  2560 I chatty  : uid=1000(system) android.display identical 3 lines
02-23 03:56:50.809  1597  2560 D NotDeveloper: processing get from com.dsi.ant.server with arg ro.board.platform
02-23 03:56:50.809  1597  2560 D NotDeveloper: processing getStringForUser from com.dsi.ant.server with arg copy_file_endtag
02-23 03:56:50.809  1597  2560 D NotDeveloper: processed getStringForUser(copy_file_endtag) without changing result
02-23 03:56:50.809  1597  2560 D NotDeveloper: processing getStringForUser from com.dsi.ant.server with arg copy_file_endtag
02-23 03:56:50.809  1597  2560 D NotDeveloper: processed getStringForUser(copy_file_endtag) without changing result
02-23 03:56:50.809  1597  2560 D NotDeveloper: processing get from com.dsi.ant.server with arg ro.board.platform
02-23 03:56:50.809  1597  2560 I chatty  : uid=1000(system) android.display identical 3 lines
02-23 03:56:50.809  1597  2560 D NotDeveloper: processing get from com.dsi.ant.server with arg ro.board.platform
02-23 03:56:50.809  1597  2560 D NotDeveloper: processing getStringForUser from com.dsi.ant.server with arg copy_file_endtag
02-23 03:56:50.809  1597  2560 D NotDeveloper: processed getStringForUser(copy_file_endtag) without changing result
02-23 03:56:50.809  1597  2560 D NotDeveloper: processing getStringForUser from com.dsi.ant.server with arg copy_file_endtag
02-23 03:56:50.809  1597  2560 D NotDeveloper: processed getStringForUser(copy_file_endtag) without changing result
02-23 03:56:50.809  1597  2560 D NotDeveloper: processing get from com.dsi.ant.server with arg ro.board.platform
02-23 03:56:50.810  1597  2560 I chatty  : uid=1000(system) android.display identical 3 lines
02-23 03:56:50.810  1597  2560 D NotDeveloper: processing get from com.dsi.ant.server with arg ro.board.platform
02-23 03:56:50.810  1597  2560 D NotDeveloper: processing getStringForUser from com.dsi.ant.server with arg copy_file_endtag
02-23 03:56:50.810  1597  2560 D NotDeveloper: processed getStringForUser(copy_file_endtag) without changing result
02-23 03:56:50.810  1597  2560 D NotDeveloper: processing getStringForUser from com.dsi.ant.server with arg copy_file_endtag
02-23 03:56:50.810  1597  2560 D NotDeveloper: processed getStringForUser(copy_file_endtag) without changing result
02-23 03:56:50.810  1597  2560 D NotDeveloper: processing get from com.dsi.ant.server with arg ro.board.platform
02-23 03:56:50.810  1597  2560 I chatty  : uid=1000(system) android.display identical 3 lines
02-23 03:56:50.810  1597  2560 D NotDeveloper: processing get from com.dsi.ant.server with arg ro.board.platform
02-23 03:56:50.810  1597  2560 D NotDeveloper: processing getStringForUser from com.dsi.ant.server with arg copy_file_endtag
02-23 03:56:50.810  1597  2560 D NotDeveloper: processed getStringForUser(copy_file_endtag) without changing result
02-23 03:56:50.810  1597  2560 D NotDeveloper: processing getStringForUser from com.dsi.ant.server with arg copy_file_endtag
02-23 03:56:50.810  1597  2560 D NotDeveloper: processed getStringForUser(copy_file_endtag) without changing result
02-23 03:56:50.810  1597  2560 D NotDeveloper: processing get from com.dsi.ant.server with arg ro.board.platform
02-23 03:56:50.811  1597  2560 I chatty  : uid=1000(system) android.display identical 3 lines
02-23 03:56:50.811  1597  2560 D NotDeveloper: processing get from com.dsi.ant.server with arg ro.board.platform
02-23 03:56:50.811  1597  2560 D NotDeveloper: processing getStringForUser from com.dsi.ant.server with arg copy_file_endtag
02-23 03:56:50.811  1597  2560 D NotDeveloper: processed getStringForUser(copy_file_endtag) without changing result
02-23 03:56:50.811  1597  2560 D NotDeveloper: processing getStringForUser from com.dsi.ant.server with arg copy_file_endtag
02-23 03:56:50.811  1597  2560 D NotDeveloper: processed getStringForUser(copy_file_endtag) without changing result
02-23 03:56:50.811  1597  2560 D NotDeveloper: processing get from com.dsi.ant.server with arg ro.board.platform
02-23 03:56:50.811  1597  2560 I chatty  : uid=1000(system) android.display identical 3 lines
02-23 03:56:50.811  1597  2560 D NotDeveloper: processing get from com.dsi.ant.server with arg ro.board.platform
02-23 03:56:50.811  1597  2560 D NotDeveloper: processing getStringForUser from com.dsi.ant.server with arg copy_file_endtag
02-23 03:56:50.811  1597  2560 D NotDeveloper: processed getStringForUser(copy_file_endtag) without changing result
02-23 03:56:50.811  1597  2560 D NotDeveloper: processing getStringForUser from com.dsi.ant.server with arg copy_file_endtag
02-23 03:56:50.811  1597  2560 D NotDeveloper: processed getStringForUser(copy_file_endtag) without changing result
02-23 03:56:50.812  1597  2560 D NotDeveloper: processing get from com.dsi.ant.server with arg ro.board.platform
02-23 03:56:50.812  1597  2560 I chatty  : uid=1000(system) android.display identical 3 lines
02-23 03:56:50.812  1597  2560 D NotDeveloper: processing get from com.dsi.ant.server with arg ro.board.platform
02-23 03:56:50.812  1597  2560 D NotDeveloper: processing getStringForUser from com.dsi.ant.server with arg copy_file_endtag
02-23 03:56:50.812  1597  2560 D NotDeveloper: processed getStringForUser(copy_file_endtag) without changing result
02-23 03:56:50.812  1597  2560 D NotDeveloper: processing getStringForUser from com.dsi.ant.server with arg copy_file_endtag
02-23 03:56:50.812  1597  2560 D NotDeveloper: processed getStringForUser(copy_file_endtag) without changing result
02-23 03:56:50.812  1597  2560 D NotDeveloper: processing get from com.dsi.ant.server with arg ro.board.platform
02-23 03:56:50.812  1597  2560 I chatty  : uid=1000(system) android.display identical 3 lines
02-23 03:56:50.812  1597  2560 D NotDeveloper: processing get from com.dsi.ant.server with arg ro.board.platform
02-23 03:56:50.812  1597  2560 D NotDeveloper: processing getStringForUser from com.dsi.ant.server with arg copy_file_endtag
02-23 03:56:50.812  1597  2560 D NotDeveloper: processed getStringForUser(copy_file_endtag) without changing result
02-23 03:56:50.813  1597  2560 D NotDeveloper: processing getStringForUser from com.dsi.ant.server with arg copy_file_endtag
02-23 03:56:50.813  1597  2560 D NotDeveloper: processed getStringForUser(copy_file_endtag) without changing result
02-23 03:56:50.813  1597  2560 D NotDeveloper: processing get from com.dsi.ant.server with arg ro.board.platform
02-23 03:56:50.813  1597  2560 I chatty  : uid=1000(system) android.display identical 3 lines
02-23 03:56:50.813  1597  2560 D NotDeveloper: processing get from com.dsi.ant.server with arg ro.board.platform
02-23 03:56:50.813  1597  2560 D NotDeveloper: processing getStringForUser from com.dsi.ant.server with arg copy_file_endtag
02-23 03:56:50.813  1597  2560 D NotDeveloper: processed getStringForUser(copy_file_endtag) without changing result
02-23 03:56:50.813  1597  2560 D NotDeveloper: processing getStringForUser from com.dsi.ant.server with arg copy_file_endtag
02-23 03:56:50.813  1597  2560 D NotDeveloper: processed getStringForUser(copy_file_endtag) without changing result
02-23 03:56:50.813  1597  2560 D NotDeveloper: processing get from com.dsi.ant.server with arg ro.board.platform
02-23 03:56:50.813  1597  2560 I chatty  : uid=1000(system) android.display identical 3 lines
02-23 03:56:50.813  1597  2560 D NotDeveloper: processing get from com.dsi.ant.server with arg ro.board.platform
02-23 03:56:50.813  1597  2560 D NotDeveloper: processing getStringForUser from com.dsi.ant.server with arg copy_file_endtag
02-23 03:56:50.814  1597  2560 D NotDeveloper: processed getStringForUser(copy_file_endtag) without changing result
02-23 03:56:50.814  1597  2560 D NotDeveloper: processing getStringForUser from com.dsi.ant.server with arg copy_file_endtag
02-23 03:56:50.814  1597  2560 D NotDeveloper: processed getStringForUser(copy_file_endtag) without changing result
02-23 03:56:50.814  1597  2560 D NotDeveloper: processing get from com.dsi.ant.server with arg ro.board.platform
02-23 03:56:50.814  1597  2560 I chatty  : uid=1000(system) android.display identical 3 lines
02-23 03:56:50.814  1597  2560 D NotDeveloper: processing get from com.dsi.ant.server with arg ro.board.platform
02-23 03:56:50.814  1597  2560 D NotDeveloper: processing getStringForUser from com.dsi.ant.server with arg copy_file_endtag
02-23 03:56:50.814  1597  2560 D NotDeveloper: processed getStringForUser(copy_file_endtag) without changing result
02-23 03:56:50.814  1597  2560 D NotDeveloper: processing getStringForUser from com.dsi.ant.server with arg copy_file_endtag
02-23 03:56:50.814  1597  2560 D NotDeveloper: processed getStringForUser(copy_file_endtag) without changing result
02-23 03:56:50.814  1597  2560 D NotDeveloper: processing get from com.dsi.ant.server with arg ro.board.platform
02-23 03:56:50.814  1597  2560 I chatty  : uid=1000(system) android.display identical 3 lines
02-23 03:56:50.814  1597  2560 D NotDeveloper: processing get from com.dsi.ant.server with arg ro.board.platform
02-23 03:56:50.815  1597  2560 D NotDeveloper: processing getStringForUser from com.dsi.ant.server with arg copy_file_endtag
02-23 03:56:50.815  1597  2560 D NotDeveloper: processed getStringForUser(copy_file_endtag) without changing result
02-23 03:56:50.815  1597  2560 D NotDeveloper: processing getStringForUser from com.dsi.ant.server with arg copy_file_endtag
02-23 03:56:50.815  1597  2560 D NotDeveloper: processed getStringForUser(copy_file_endtag) without changing result
02-23 03:56:50.815  1597  2560 D NotDeveloper: processing get from com.dsi.ant.server with arg ro.board.platform
02-23 03:56:50.815  1597  2560 I chatty  : uid=1000(system) android.display identical 3 lines
02-23 03:56:50.815  1597  2560 D NotDeveloper: processing get from com.dsi.ant.server with arg ro.board.platform
02-23 03:56:50.815  1597  2560 D NotDeveloper: processing getStringForUser from com.dsi.ant.server with arg copy_file_endtag
02-23 03:56:50.815  1597  2560 D NotDeveloper: processed getStringForUser(copy_file_endtag) without changing result
02-23 03:56:50.815  1597  2560 D NotDeveloper: processing getStringForUser from com.dsi.ant.server with arg copy_file_endtag
02-23 03:56:50.815  1597  2560 D NotDeveloper: processed getStringForUser(copy_file_endtag) without changing result
02-23 03:56:50.816  1597  2560 D NotDeveloper: processing getStringForUser from com.dsi.ant.server with arg copy_file_endtag
02-23 03:56:50.816  1597  2560 D NotDeveloper: processed getStringForUser(copy_file_endtag) without changing result
02-23 03:56:50.816  1597  2560 D NotDeveloper: processing getStringForUser from com.dsi.ant.server with arg copy_file_endtag
02-23 03:56:50.816  1597  2560 D NotDeveloper: processed getStringForUser(copy_file_endtag) without changing result
02-23 03:56:50.816  1597  2560 D NotDeveloper: processing getStringForUser from com.dsi.ant.server with arg copy_file_endtag
02-23 03:56:50.816  1597  2560 D NotDeveloper: processed getStringForUser(copy_file_endtag) without changing result
02-23 03:56:50.816  1597  2560 D NotDeveloper: processing getStringForUser from com.dsi.ant.server with arg copy_file_endtag
02-23 03:56:50.816  1597  2560 D NotDeveloper: processed getStringForUser(copy_file_endtag) without changing result
02-23 03:56:50.816  1597  2560 D NotDeveloper: processing get from com.dsi.ant.server with arg ro.board.platform
02-23 03:56:50.817  1597  2560 I chatty  : uid=1000(system) android.display identical 13 lines
02-23 03:56:50.817  1597  2560 D NotDeveloper: processing get from com.dsi.ant.server with arg ro.board.platform
02-23 03:56:50.817  1597  2560 D NotDeveloper: processing getStringForUser from com.dsi.ant.server with arg copy_file_endtag
02-23 03:56:50.817  1597  2560 D NotDeveloper: processed getStringForUser(copy_file_endtag) without changing result
02-23 03:56:50.817  1597  2560 D NotDeveloper: processing getStringForUser from com.dsi.ant.server with arg copy_file_endtag
02-23 03:56:50.817  1597  2560 D NotDeveloper: processed getStringForUser(copy_file_endtag) without changing result
02-23 03:56:50.817  1597  2560 D NotDeveloper: processing get from com.dsi.ant.server with arg ro.board.platform
02-23 03:56:50.817  1597  2560 I chatty  : uid=1000(system) android.display identical 3 lines
02-23 03:56:50.817  1597  2560 D NotDeveloper: processing get from com.dsi.ant.server with arg ro.board.platform
02-23 03:56:50.818  1597  2560 D NotDeveloper: processing getStringForUser from com.dsi.ant.server with arg copy_file_endtag
02-23 03:56:50.818  1597  2560 D NotDeveloper: processed getStringForUser(copy_file_endtag) without changing result
02-23 03:56:50.818  1597  2560 D NotDeveloper: processing getStringForUser from com.dsi.ant.server with arg copy_file_endtag
02-23 03:56:50.818  1597  2560 D NotDeveloper: processed getStringForUser(copy_file_endtag) without changing result
02-23 03:56:50.818  1597  2560 D NotDeveloper: processing get from com.dsi.ant.server with arg ro.board.platform
02-23 03:56:50.818  1597  2560 I chatty  : uid=1000(system) android.display identical 3 lines
02-23 03:56:50.818  1597  2560 D NotDeveloper: processing get from com.dsi.ant.server with arg ro.board.platform
02-23 03:56:50.818  1597  2560 D NotDeveloper: processing getStringForUser from com.dsi.ant.server with arg copy_file_endtag
02-23 03:56:50.818  1597  2560 D NotDeveloper: processed getStringForUser(copy_file_endtag) without changing result
02-23 03:56:50.818  1597  2560 D NotDeveloper: processing getStringForUser from com.dsi.ant.server with arg copy_file_endtag
02-23 03:56:50.818  1597  2560 D NotDeveloper: processed getStringForUser(copy_file_endtag) without changing result
02-23 03:56:50.818  1597  2560 D NotDeveloper: processing get from com.dsi.ant.server with arg ro.board.platform
02-23 03:56:50.819  1597  2560 I chatty  : uid=1000(system) android.display identical 8 lines
02-23 03:56:50.819  1597  2560 D NotDeveloper: processing get from com.dsi.ant.server with arg ro.board.platform
02-23 03:56:50.819  1597  2560 D NotDeveloper: processing getStringForUser from com.dsi.ant.server with arg copy_file_endtag
02-23 03:56:50.819  1597  2560 D NotDeveloper: processed getStringForUser(copy_file_endtag) without changing result
02-23 03:56:50.819  1597  2560 D NotDeveloper: processing getStringForUser from com.dsi.ant.server with arg copy_file_endtag
02-23 03:56:50.819  1597  2560 D NotDeveloper: processed getStringForUser(copy_file_endtag) without changing result
02-23 03:56:50.819  1597  2560 D NotDeveloper: processing get from com.dsi.ant.server with arg ro.board.platform
02-23 03:56:50.819  1597  2560 I chatty  : uid=1000(system) android.display identical 3 lines
02-23 03:56:50.820  1597  2560 D NotDeveloper: processing get from com.dsi.ant.server with arg ro.board.platform
02-23 03:56:50.820  1597  2560 D NotDeveloper: processing getStringForUser from com.dsi.ant.server with arg copy_file_endtag
02-23 03:56:50.820  1597  2560 D NotDeveloper: processed getStringForUser(copy_file_endtag) without changing result
02-23 03:56:50.820  1597  2560 D NotDeveloper: processing getStringForUser from com.dsi.ant.server with arg copy_file_endtag
02-23 03:56:50.820  1597  2560 D NotDeveloper: processed getStringForUser(copy_file_endtag) without changing result
02-23 03:56:50.820  1597  2560 D NotDeveloper: processing getStringForUser from com.dsi.ant.server with arg copy_file_endtag
02-23 03:56:50.820  1597  2560 D NotDeveloper: processed getStringForUser(copy_file_endtag) without changing result
02-23 03:56:50.820  1597  2560 D NotDeveloper: processing getStringForUser from com.dsi.ant.server with arg copy_file_endtag
02-23 03:56:50.820  1597  2560 D NotDeveloper: processed getStringForUser(copy_file_endtag) without changing result
02-23 03:56:50.820  1597  2560 D NotDeveloper: processing get from com.dsi.ant.server with arg ro.board.platform
02-23 03:56:50.821  1597  2560 I chatty  : uid=1000(system) android.display identical 8 lines
02-23 03:56:50.821  1597  2560 D NotDeveloper: processing get from com.dsi.ant.server with arg ro.board.platform
02-23 03:56:50.821  1597  2560 D NotDeveloper: processing getStringForUser from com.dsi.ant.server with arg copy_file_endtag
02-23 03:56:50.821  1597  2560 D NotDeveloper: processed getStringForUser(copy_file_endtag) without changing result
02-23 03:56:50.821  1597  2560 D NotDeveloper: processing getStringForUser from com.dsi.ant.server with arg copy_file_endtag
02-23 03:56:50.821  1597  2560 D NotDeveloper: processed getStringForUser(copy_file_endtag) without changing result
02-23 03:56:50.821  1597  2560 D NotDeveloper: processing getStringForUser from com.dsi.ant.server with arg copy_file_endtag
02-23 03:56:50.821  1597  2560 D NotDeveloper: processed getStringForUser(copy_file_endtag) without changing result
02-23 03:56:50.821  1597  2560 D NotDeveloper: processing getStringForUser from com.dsi.ant.server with arg copy_file_endtag
02-23 03:56:50.821  1597  2560 D NotDeveloper: processed getStringForUser(copy_file_endtag) without changing result
02-23 03:56:50.821  1597  2560 D NotDeveloper: processing get from com.dsi.ant.server with arg ro.board.platform
02-23 03:56:50.822  1597  2560 I chatty  : uid=1000(system) android.display identical 8 lines
02-23 03:56:50.822  1597  2560 D NotDeveloper: processing get from com.dsi.ant.server with arg ro.board.platform
02-23 03:56:50.822  1597  2560 D NotDeveloper: processing getStringForUser from com.dsi.ant.server with arg copy_file_endtag
02-23 03:56:50.822  1597  2560 D NotDeveloper: processed getStringForUser(copy_file_endtag) without changing result
02-23 03:56:50.822  1597  2560 D NotDeveloper: processing getStringForUser from com.dsi.ant.server with arg copy_file_endtag
02-23 03:56:50.822  1597  2560 D NotDeveloper: processed getStringForUser(copy_file_endtag) without changing result
02-23 03:56:50.822  1597  2560 D NotDeveloper: processing get from com.dsi.ant.server with arg ro.board.platform
02-23 03:56:50.822  1597  2560 I chatty  : uid=1000(system) android.display identical 3 lines
02-23 03:56:50.822  1597  2560 D NotDeveloper: processing get from com.dsi.ant.server with arg ro.board.platform
02-23 03:56:50.822  1597  2560 D NotDeveloper: processing getStringForUser from com.dsi.ant.server with arg copy_file_endtag
02-23 03:56:50.822  1597  2560 D NotDeveloper: processed getStringForUser(copy_file_endtag) without changing result
02-23 03:56:50.822  1597  2560 D NotDeveloper: processing getStringForUser from com.dsi.ant.server with arg copy_file_endtag
02-23 03:56:50.822  1597  2560 D NotDeveloper: processed getStringForUser(copy_file_endtag) without changing result
02-23 03:56:50.823  1597  2560 D NotDeveloper: processing getStringForUser from com.dsi.ant.server with arg copy_file_endtag
02-23 03:56:50.823  1597  2560 D NotDeveloper: processed getStringForUser(copy_file_endtag) without changing result
02-23 03:56:50.823  1597  2560 D NotDeveloper: processing getStringForUser from com.dsi.ant.server with arg copy_file_endtag
02-23 03:56:50.823  1597  2560 D NotDeveloper: processed getStringForUser(copy_file_endtag) without changing result
02-23 03:56:50.823  1597  2560 D NotDeveloper: processing get from com.dsi.ant.server with arg ro.board.platform
02-23 03:56:50.823  1597  2560 I chatty  : uid=1000(system) android.display identical 8 lines
02-23 03:56:50.823  1597  2560 D NotDeveloper: processing get from com.dsi.ant.server with arg ro.board.platform
02-23 03:56:50.823  1597  2560 D NotDeveloper: processing getStringForUser from com.dsi.ant.server with arg copy_file_endtag
02-23 03:56:50.823  1597  2560 D NotDeveloper: processed getStringForUser(copy_file_endtag) without changing result
02-23 03:56:50.823  1597  2560 D NotDeveloper: processing getStringForUser from com.dsi.ant.server with arg copy_file_endtag
02-23 03:56:50.824  1597  2560 D NotDeveloper: processed getStringForUser(copy_file_endtag) without changing result
02-23 03:56:50.824  1597  2560 D NotDeveloper: processing getStringForUser from com.dsi.ant.server with arg copy_file_endtag
02-23 03:56:50.824  1597  2560 D NotDeveloper: processed getStringForUser(copy_file_endtag) without changing result
02-23 03:56:50.824  1597  2560 D NotDeveloper: processing getStringForUser from com.dsi.ant.server with arg copy_file_endtag
02-23 03:56:50.824  1597  2560 D NotDeveloper: processed getStringForUser(copy_file_endtag) without changing result
02-23 03:56:50.824  1597  2560 D NotDeveloper: processing get from com.dsi.ant.server with arg ro.board.platform
02-23 03:56:50.824  1597  2560 I chatty  : uid=1000(system) android.display identical 8 lines
02-23 03:56:50.824  1597  2560 D NotDeveloper: processing get from com.dsi.ant.server with arg ro.board.platform
02-23 03:56:50.824  1597  2560 D NotDeveloper: processing getStringForUser from com.dsi.ant.server with arg copy_file_endtag
02-23 03:56:50.824  1597  2560 D NotDeveloper: processed getStringForUser(copy_file_endtag) without changing result
02-23 03:56:50.825  1597  2560 D NotDeveloper: processing getStringForUser from com.dsi.ant.server with arg copy_file_endtag
02-23 03:56:50.825  1597  2560 D NotDeveloper: processed getStringForUser(copy_file_endtag) without changing result
02-23 03:56:50.825  1597  2560 D NotDeveloper: processing get from com.dsi.ant.server with arg ro.board.platform
02-23 03:56:50.825  1597  2560 I chatty  : uid=1000(system) android.display identical 3 lines
02-23 03:56:50.825  1597  2560 D NotDeveloper: processing get from com.dsi.ant.server with arg ro.board.platform
02-23 03:56:50.826  1597  2696 D NotDeveloper: processing getBoolean from com.dsi.ant.server with arg net.qtaguid_enabled
02-23 03:56:50.826  1597  2696 I chatty  : uid=1000(system) tworkPolicy.uid identical 3 lines
02-23 03:56:50.826  1597  2696 D NotDeveloper: processing getBoolean from com.dsi.ant.server with arg net.qtaguid_enabled
02-23 03:56:50.827  2797 20596 D RecentTasksList: loadTasksInBackground: getRecentTasks
02-23 03:56:50.827  1597  2676 D NotDeveloper: processing get from com.dsi.ant.server with arg ro.board.platform
02-23 03:56:50.828  1597  2676 I chatty  : uid=1000(system) Binder:1597_7 identical 8 lines
02-23 03:56:50.829  1597  2676 D NotDeveloper: processing get from com.dsi.ant.server with arg ro.board.platform
02-23 03:56:50.829  2797  6392 D WM-GreedyScheduler: Starting tracking for [692d1e3a-f8b3-42c4-b0c6-4e51c81cd184]
02-23 03:56:50.829  2797 20596 D RecentTasksList: dumpTasks# id=137, cmp=ComponentInfo{com.nsdlpb.jiffy/com.nsdlpb.jiffy.MainActivity}, uid=0, locked=false, isAppLocked=false; id=138, cmp=ComponentInfo{com.android.chrome/com.google.android.apps.chrome.Main}, uid=0, locked=false, isAppLocked=false; id=140, cmp=ComponentInfo{moe.haruue.wadb/moe.haruue.wadb.ui.activity.LaunchActivity}, uid=0, locked=false, isAppLocked=false;
02-23 03:56:50.830  1597  1597 D NotDeveloper: processing getStringForUser from com.dsi.ant.server with arg chained_battery_attribution_enabled
02-23 03:56:50.830  1597  1597 D NotDeveloper: processed getStringForUser(chained_battery_attribution_enabled) without changing result
02-23 03:56:50.830  1597  1597 D NotDeveloper: processing getStringForUser from com.dsi.ant.server with arg chained_battery_attribution_enabled
02-23 03:56:50.830  1597  1597 D NotDeveloper: processed getStringForUser(chained_battery_attribution_enabled) without changing result
02-23 03:56:50.830  1597  1597 D NotDeveloper: processing getStringForUser from com.dsi.ant.server with arg chained_battery_attribution_enabled
02-23 03:56:50.830  1597  1597 D NotDeveloper: processed getStringForUser(chained_battery_attribution_enabled) without changing result
02-23 03:56:50.830  1597  2512 D NotDeveloper: processing get from com.dsi.ant.server with arg ro.board.platform
02-23 03:56:50.830  1597  2512 I chatty  : uid=1000(system) Binder:1597_2 identical 1 line
02-23 03:56:50.830  1597  2512 D NotDeveloper: processing get from com.dsi.ant.server with arg ro.board.platform
02-23 03:56:50.830  2797  2797 D WM-SystemJobService: onStartJob for 692d1e3a-f8b3-42c4-b0c6-4e51c81cd184
02-23 03:56:50.831  1597  2512 D NotDeveloper: processing get from com.dsi.ant.server with arg ro.board.platform
02-23 03:56:50.831  1597  2512 D NotDeveloper: processing get from com.dsi.ant.server with arg ro.board.platform
02-23 03:56:50.831  2925  2925 D EdgeBackGestureHandler: updateTopPackage isHomeApp true
02-23 03:56:50.831  2797  6392 D WM-ConstraintTracker: NetworkStateTracker: initial state = [ Connected=true Validated=true Metered=false NotRoaming=true ]
02-23 03:56:50.831  2797  6392 D WM-NetworkStateTracker: Registering network callback
02-23 03:56:50.831  1597  3374 D ConnectivityService: requestNetwork for uid/pid:10175/2797 NetworkRequest [ TRACK_DEFAULT id=107, [ Capabilities: INTERNET&NOT_RESTRICTED&TRUSTED Uid: 10175 AdministratorUids: [] RequestorUid: 10175 RequestorPackageName: net.oneplus.launcher] ]
02-23 03:56:50.832  2797  6392 D WM-WorkConstraintsTrack: Constraints met for 692d1e3a-f8b3-42c4-b0c6-4e51c81cd184
02-23 03:56:50.832  2797  6392 D WM-GreedyScheduler: Constraints met: Scheduling work ID 692d1e3a-f8b3-42c4-b0c6-4e51c81cd184
02-23 03:56:50.832  1597  2707 D ConnectivityService: NetReassign [107 : null  100]
02-23 03:56:50.832  1597  2745 D Ethernet: got request NetworkRequest [ TRACK_DEFAULT id=107, [ Capabilities: INTERNET&NOT_RESTRICTED&TRUSTED Uid: 10175 AdministratorUids: [] RequestorUid: 10175 RequestorPackageName: net.oneplus.launcher] ] with score 100 and providerId 5
02-23 03:56:50.833  1597  2698 D WifiNetworkFactory: got request NetworkRequest [ TRACK_DEFAULT id=107, [ Capabilities: INTERNET&NOT_RESTRICTED&TRUSTED Uid: 10175 AdministratorUids: [] RequestorUid: 10175 RequestorPackageName: net.oneplus.launcher] ] with score 100 and providerId 5
02-23 03:56:50.833  1597  2698 D UntrustedWifiNetworkFactory: got request NetworkRequest [ TRACK_DEFAULT id=107, [ Capabilities: INTERNET&NOT_RESTRICTED&TRUSTED Uid: 10175 AdministratorUids: [] RequestorUid: 10175 RequestorPackageName: net.oneplus.launcher] ] with score 100 and providerId 5
02-23 03:56:50.833  2797  6380 D WM-Processor: Processor: processing 692d1e3a-f8b3-42c4-b0c6-4e51c81cd184
02-23 03:56:50.833  2797  6296 D WM-NetworkStateTracker: Network capabilities changed: [ Transports: WIFI Capabilities: NOT_METERED&INTERNET&NOT_RESTRICTED&TRUSTED&NOT_VPN&VALIDATED&NOT_ROAMING&FOREGROUND&NOT_CONGESTED&NOT_SUSPENDED LinkUpBandwidth>=672000Kbps LinkDnBandwidth>=672000Kbps SignalStrength: -24 AdministratorUids: [] RequestorUid: -1 RequestorPackageName: null]
02-23 03:56:50.833  2797  6380 D WM-Processor: Work 692d1e3a-f8b3-42c4-b0c6-4e51c81cd184 is already enqueued for processing
02-23 03:56:50.833  3728  3728 D PhoneSwitcherNetworkRequstListener: got request NetworkRequest [ TRACK_DEFAULT id=107, [ Capabilities: INTERNET&NOT_RESTRICTED&TRUSTED Uid: 10175 AdministratorUids: [] RequestorUid: 10175 RequestorPackageName: net.oneplus.launcher] ] with score 100 and providerId 5
02-23 03:56:50.833  3728  3728 D PhoneSwitcherNetworkRequstListener: needNetworkFor NetworkRequest [ TRACK_DEFAULT id=107, [ Capabilities: INTERNET&NOT_RESTRICTED&TRUSTED Uid: 10175 AdministratorUids: [] RequestorUid: 10175 RequestorPackageName: net.oneplus.launcher] ], 100
02-23 03:56:50.835  2797  2797 D WM-WorkerWrapper: Starting work for net.oneplus.launcher.util.WeatherWorkManager
02-23 03:56:50.835  2797 24952 D WeatherWorkManager: doWork: isFromTestWhether = false, runAtAttemps = 0
02-23 03:56:50.835  2797 24952 D WeatherProvider: queryWeatherInformation() called
02-23 03:56:50.837  1597  2512 D NotDeveloper: processing getBoolean from com.dsi.ant.server with arg sys.debug.watchdog
02-23 03:56:50.837  1597  2512 I chatty  : uid=1000(system) Binder:1597_2 identical 3 lines
02-23 03:56:50.837  1597  2512 D NotDeveloper: processing getBoolean from com.dsi.ant.server with arg sys.debug.watchdog
02-23 03:56:50.838  1597  2512 D NotDeveloper: processing get from com.dsi.ant.server with arg debug.checkjni
02-23 03:56:50.838  1597  2512 I chatty  : uid=1000(system) Binder:1597_2 identical 3 lines
02-23 03:56:50.838  1597  2512 D NotDeveloper: processing get from com.dsi.ant.server with arg debug.checkjni
02-23 03:56:50.838  1597  2512 D NotDeveloper: processing get from com.dsi.ant.server with arg debug.generate-debug-info
02-23 03:56:50.838  1597  2512 I chatty  : uid=1000(system) Binder:1597_2 identical 3 lines
02-23 03:56:50.838  1597  2512 D NotDeveloper: processing get from com.dsi.ant.server with arg debug.generate-debug-info
02-23 03:56:50.838  1597  2512 D NotDeveloper: processing get from com.dsi.ant.server with arg dalvik.vm.minidebuginfo
02-23 03:56:50.838  1597  2512 I chatty  : uid=1000(system) Binder:1597_2 identical 3 lines
02-23 03:56:50.838  1597  2512 D NotDeveloper: processing get from com.dsi.ant.server with arg dalvik.vm.minidebuginfo
02-23 03:56:50.838  1597  2512 D NotDeveloper: processing get from com.dsi.ant.server with arg debug.jni.logging
02-23 03:56:50.839  1597  2512 I chatty  : uid=1000(system) Binder:1597_2 identical 3 lines
02-23 03:56:50.839  1597  2512 D NotDeveloper: processing get from com.dsi.ant.server with arg debug.jni.logging
02-23 03:56:50.839  1597  2512 D NotDeveloper: processing get from com.dsi.ant.server with arg debug.assert
02-23 03:56:50.839  1597  2512 I chatty  : uid=1000(system) Binder:1597_2 identical 3 lines
02-23 03:56:50.839  1597  2512 D NotDeveloper: processing get from com.dsi.ant.server with arg debug.assert
02-23 03:56:50.839  1597  2512 D NotDeveloper: processing get from com.dsi.ant.server with arg debug.ignoreappsignalhandler
02-23 03:56:50.839  1597  2512 I chatty  : uid=1000(system) Binder:1597_2 identical 3 lines
02-23 03:56:50.839  1597  2512 D NotDeveloper: processing get from com.dsi.ant.server with arg debug.ignoreappsignalhandler
02-23 03:56:50.839  1597  2512 D NotDeveloper: processing get from com.dsi.ant.server with arg persist.device_config.runtime_native.use_app_image_startup_cache
02-23 03:56:50.840  1597  2512 D CompatibilityChangeReporter: Compat change id reported: 135634846; UID 10232; state: DISABLED
02-23 03:56:50.840  1597  2512 I chatty  : uid=1000(system) Binder:1597_2 identical 3 lines
02-23 03:56:50.840  1597  2512 D NotDeveloper: processing get from com.dsi.ant.server with arg persist.device_config.runtime_native.use_app_image_startup_cache
02-23 03:56:50.840  1597  2512 D NotDeveloper: processing get from com.dsi.ant.server with arg wrap.net.oneplus.weather
02-23 03:56:50.841  1597  2568 D CompatibilityChangeReporter: Compat change id reported: 143937733; UID 10232; state: DISABLED
02-23 03:56:50.840  1597  2512 I chatty  : uid=1000(system) Binder:1597_2 identical 3 lines
02-23 03:56:50.840  1597  2512 D NotDeveloper: processing get from com.dsi.ant.server with arg wrap.net.oneplus.weather
02-23 03:56:50.841  1597  2568 I DIALBOX : Process.start:net.oneplus.weather
02-23 03:56:50.856  1597  2568 D NotDeveloper: processing get from com.dsi.ant.server with arg persist.device_config.runtime_native.usap_pool_enabled
02-23 03:56:50.856  1597  2568 I chatty  : uid=1000(system) ActivityManager identical 3 lines
02-23 03:56:50.856  1597  2568 D NotDeveloper: processing get from com.dsi.ant.server with arg persist.device_config.runtime_native.usap_pool_enabled
02-23 03:56:50.856  1597  2568 D NotDeveloper: processing getBoolean from com.dsi.ant.server with arg persist.device_config.runtime_native.usap_pool_enabled
02-23 03:56:50.856  1597  2568 I chatty  : uid=1000(system) ActivityManager identical 3 lines
02-23 03:56:50.856  1597  2568 D NotDeveloper: processing getBoolean from com.dsi.ant.server with arg persist.device_config.runtime_native.usap_pool_enabled
02-23 03:56:50.860  1077  1077 V zygiskd64: zygiskd::zygiskd: New daemon action: GetProcessFlags
02-23 03:56:50.860  1077 24954 V zygiskd64: zygiskd::zygiskd: Flags for UID 10232: ProcessFlags(PROCESS_ON_DENYLIST | PROCESS_ROOT_IS_KSU)
02-23 03:56:50.871 20861 24944 W adbd    : timed out while waiting for FUNCTIONFS_BIND, trying again
02-23 03:56:50.872 20861 24944 I adbd    : UsbFfs: connection terminated: monitor thread finished
02-23 03:56:50.873 20861 20861 I adbd    : UsbFfs: already offline
02-23 03:56:50.873 20861 20861 I adbd    : destroying transport UsbFfs
02-23 03:56:50.873 20861 20861 I adbd    : UsbFfsConnection being destroyed
02-23 03:56:50.884  1075  1075 D Zygote  : Forked child process 24955
02-23 03:56:50.885 24955 24955 I zygisk-core64: [net.oneplus.weather] is on the denylist
02-23 03:56:50.885  1077  1077 V zygiskd64: zygiskd::zygiskd: New daemon action: ReadModules
02-23 03:56:50.887  1597  2568 I ActivityManager: Start proc 24955:net.oneplus.weather/u0a232 for content provider {net.oneplus.weather/net.oneplus.weather.provider.WeatherDataSharedProvider}
02-23 03:56:50.897  1077  1077 V zygiskd64: zygiskd::zygiskd: New daemon action: UpdateMountNamespace
02-23 03:56:50.898  1597  2660 D NotDeveloper: processing getBoolean from com.dsi.ant.server with arg persist.sys.assert.panic
02-23 03:56:50.898  1597  2660 I chatty  : uid=1000(system) SettingsProvide identical 2 lines
02-23 03:56:50.898  1597  2660 D NotDeveloper: processing getBoolean from com.dsi.ant.server with arg persist.sys.assert.panic
02-23 03:56:50.899 24955 24955 I Zygote  : seccomp disabled by setenforce 0
02-23 03:56:50.899  1597  2660 D NotDeveloper: processing getBoolean from com.dsi.ant.server with arg persist.sys.assert.panic
02-23 03:56:50.902 24955 24955 E oneplus.weathe: Unknown bits set in runtime_flags: 0x800000
02-23 03:56:50.907 24955 24955 E oneplus.weathe: Not starting debugger since process cannot load the jdwp agent.
02-23 03:56:50.928  1597  3374 D NotDeveloper: processing getStringForUser from com.dsi.ant.server with arg copy_file_endtag
02-23 03:56:50.928  1597  3374 D NotDeveloper: processed getStringForUser(copy_file_endtag) without changing result
02-23 03:56:50.928  1597  3374 D NotDeveloper: processing getStringForUser from com.dsi.ant.server with arg copy_file_endtag
02-23 03:56:50.929  1597  3374 D NotDeveloper: processed getStringForUser(copy_file_endtag) without changing result
02-23 03:56:50.929  1597  3374 D NotDeveloper: processing get from com.dsi.ant.server with arg ro.board.platform
02-23 03:56:50.929  1597  3374 I chatty  : uid=1000(system) Binder:1597_A identical 8 lines
02-23 03:56:50.929  1597  3374 D NotDeveloper: processing get from com.dsi.ant.server with arg ro.board.platform
02-23 03:56:50.931  1597  2696 D NotDeveloper: processing getBoolean from com.dsi.ant.server with arg net.qtaguid_enabled
02-23 03:56:50.932  1597  2696 I chatty  : uid=1000(system) tworkPolicy.uid identical 3 lines
02-23 03:56:50.933  1597  2696 D NotDeveloper: processing getBoolean from com.dsi.ant.server with arg net.qtaguid_enabled
02-23 03:56:50.936 20861 20864 I adbd    : opening control endpoint /dev/usb-ffs/adb/ep0
02-23 03:56:50.937 20861 20864 I adbd    : UsbFfsConnection constructed
02-23 03:56:50.939 24955 24955 D ApplicationLoaders: Returning zygote-cached class loader: /system/framework/android.test.base.jar
02-23 03:56:50.940  1597  2565 D NotDeveloper: processing get from com.dsi.ant.server with arg ro.boot.project_codename
02-23 03:56:50.940  1597  2565 I chatty  : uid=1000(system) HwBinder:1597_1 identical 3 lines
02-23 03:56:50.940  1597  2565 D NotDeveloper: processing get from com.dsi.ant.server with arg ro.boot.project_codename
02-23 03:56:50.940 20861 24976 I adbd    : UsbFfs-monitor thread spawned
02-23 03:56:50.944 20703 20703 D Cloud.DeviceStatusDispatcher: charge status is 2
02-23 03:56:50.944 20703 20703 D Cloud.DeviceStatusDispatcher: battery Temperature 33.6
02-23 03:56:50.944  3574  3574 D QtiCarrierConfigHelper: WARNING, no carrier configs on phone Id: 0
02-23 03:56:50.944 20703 20703 D Cloud.BatteryStatusUtil: setBatteryTemperature = 33.6
02-23 03:56:50.944  1597  2572 W AlarmManager: Unrecognized alarm listener com.android.server.OpPowerControllerService$tsu@cf8160d
02-23 03:56:50.945  2925  2925 I OpUtils : isSupportWarpCharging:false
02-23 03:56:50.945  1597  2557 D NotDeveloper: processing get from com.dsi.ant.server with arg persist.charging.notify
02-23 03:56:50.945  2925  2925 D OpSWarpChargingView: level is same as latest one [58]
02-23 03:56:50.945  1597  2557 D NotDeveloper: processing get from com.dsi.ant.server with arg persist.charging.notify
02-23 03:56:50.945  1597  2557 I chatty  : uid=1000(system) android.fg identical 2 lines
02-23 03:56:50.945  1597  2557 D NotDeveloper: processing get from com.dsi.ant.server with arg persist.charging.notify
02-23 03:56:50.946  2925  2925 D KeyguardUpdateMonitor: received broadcast android.intent.action.BATTERY_CHANGED
02-23 03:56:50.946  2925  2925 I OpUtils : isSupportWarpCharging:false
02-23 03:56:50.946  2925  2925 D KeyguardUpdateMonitor: pdCharge false, chargingstatus 0, fastcharge:0
02-23 03:56:50.948 24955 24955 I Perf    : Connecting to perf service.
02-23 03:56:50.951 24955 24955 I oneplus.weathe: [GL_OOM] ClampGrowthLimit 268435456
02-23 03:56:50.952 24955 24955 D NetworkSecurityConfig: No Network Security Config specified, using platform default
02-23 03:56:50.952 24955 24955 D NetworkSecurityConfig: No Network Security Config specified, using platform default
02-23 03:56:50.967 24955 24982 I DynamiteModule: Considering local module com.google.android.gms.measurement.dynamite:15 and remote module com.google.android.gms.measurement.dynamite:0
02-23 03:56:50.967 24955 24982 I DynamiteModule: Selected local version of com.google.android.gms.measurement.dynamite
02-23 03:56:50.969 24955 24955 I FirebaseInitProvider: FirebaseApp initialization successful
02-23 03:56:50.970  1597  2511 D NotDeveloper: processing getStringForUser from com.dsi.ant.server with arg copy_file_endtag
02-23 03:56:50.970  1597  2511 D NotDeveloper: processed getStringForUser(copy_file_endtag) without changing result
02-23 03:56:50.970  1597  2511 D NotDeveloper: processing getStringForUser from com.dsi.ant.server with arg copy_file_endtag
02-23 03:56:50.970  1597  2511 D NotDeveloper: processed getStringForUser(copy_file_endtag) without changing result
02-23 03:56:50.970  1597  2511 D NotDeveloper: processing getStringForUser from com.dsi.ant.server with arg copy_file_endtag
02-23 03:56:50.970  1597  2511 D NotDeveloper: processed getStringForUser(copy_file_endtag) without changing result
02-23 03:56:50.970  1597  2511 D NotDeveloper: processing getStringForUser from com.dsi.ant.server with arg copy_file_endtag
02-23 03:56:50.970  1597  2511 D NotDeveloper: processed getStringForUser(copy_file_endtag) without changing result
02-23 03:56:50.970  1597  2511 D NotDeveloper: processing get from com.dsi.ant.server with arg ro.board.platform
02-23 03:56:50.970  1597  2511 I chatty  : uid=1000(system) Binder:1597_1 identical 3 lines
02-23 03:56:50.970  1597  2511 D NotDeveloper: processing get from com.dsi.ant.server with arg ro.board.platform
02-23 03:56:50.970  1597  2511 D NotDeveloper: processing getStringForUser from com.dsi.ant.server with arg copy_file_endtag
02-23 03:56:50.970  1597  2511 D NotDeveloper: processed getStringForUser(copy_file_endtag) without changing result
02-23 03:56:50.970  1597  2511 D NotDeveloper: processing getStringForUser from com.dsi.ant.server with arg copy_file_endtag
02-23 03:56:50.971  1597  2511 D NotDeveloper: processed getStringForUser(copy_file_endtag) without changing result
02-23 03:56:50.971  1597  2511 D NotDeveloper: processing get from com.dsi.ant.server with arg ro.board.platform
02-23 03:56:50.971  1597  2511 I chatty  : uid=1000(system) Binder:1597_1 identical 8 lines
02-23 03:56:50.971  1597  2511 D NotDeveloper: processing get from com.dsi.ant.server with arg ro.board.platform
02-23 03:56:50.971  1597  2511 D NotDeveloper: processing getStringForUser from com.dsi.ant.server with arg copy_file_endtag
02-23 03:56:50.971  1597  2511 D NotDeveloper: processed getStringForUser(copy_file_endtag) without changing result
02-23 03:56:50.971  1597  2511 D NotDeveloper: processing getStringForUser from com.dsi.ant.server with arg copy_file_endtag
02-23 03:56:50.971  1597  2511 D NotDeveloper: processed getStringForUser(copy_file_endtag) without changing result
02-23 03:56:50.972  1597  2511 D NotDeveloper: processing get from com.dsi.ant.server with arg ro.board.platform
02-23 03:56:50.972  1597  2511 I chatty  : uid=1000(system) Binder:1597_1 identical 3 lines
02-23 03:56:50.972  1597  2511 D NotDeveloper: processing get from com.dsi.ant.server with arg ro.board.platform
02-23 03:56:50.972  1597  2511 D NotDeveloper: processing getStringForUser from com.dsi.ant.server with arg copy_file_endtag
02-23 03:56:50.972  1597  2511 D NotDeveloper: processed getStringForUser(copy_file_endtag) without changing result
02-23 03:56:50.972  1597  2511 D NotDeveloper: processing getStringForUser from com.dsi.ant.server with arg copy_file_endtag
02-23 03:56:50.972  1597  2511 D NotDeveloper: processed getStringForUser(copy_file_endtag) without changing result
02-23 03:56:50.972  1597  2511 D NotDeveloper: processing get from com.dsi.ant.server with arg ro.board.platform
02-23 03:56:50.972  1597  2511 I chatty  : uid=1000(system) Binder:1597_1 identical 3 lines
02-23 03:56:50.972  1597  2511 D NotDeveloper: processing get from com.dsi.ant.server with arg ro.board.platform
02-23 03:56:50.972  1597  2511 D NotDeveloper: processing getStringForUser from com.dsi.ant.server with arg copy_file_endtag
02-23 03:56:50.972  1597  2511 D NotDeveloper: processed getStringForUser(copy_file_endtag) without changing result
02-23 03:56:50.973  1597  2511 D NotDeveloper: processing getStringForUser from com.dsi.ant.server with arg copy_file_endtag
02-23 03:56:50.973  1597  2511 D NotDeveloper: processed getStringForUser(copy_file_endtag) without changing result
02-23 03:56:50.973  1597  2511 D NotDeveloper: processing get from com.dsi.ant.server with arg ro.board.platform
02-23 03:56:50.973  1597  2511 I chatty  : uid=1000(system) Binder:1597_1 identical 3 lines
02-23 03:56:50.973  1597  2511 D NotDeveloper: processing get from com.dsi.ant.server with arg ro.board.platform
02-23 03:56:50.973  1597  2511 D NotDeveloper: processing getStringForUser from com.dsi.ant.server with arg copy_file_endtag
02-23 03:56:50.973  1597  2511 D NotDeveloper: processed getStringForUser(copy_file_endtag) without changing result
02-23 03:56:50.973  1597  2511 D NotDeveloper: processing getStringForUser from com.dsi.ant.server with arg copy_file_endtag
02-23 03:56:50.973  1597  2511 D NotDeveloper: processed getStringForUser(copy_file_endtag) without changing result
02-23 03:56:50.973  1597  2511 D NotDeveloper: processing get from com.dsi.ant.server with arg ro.board.platform
02-23 03:56:50.973  1597  2511 I chatty  : uid=1000(system) Binder:1597_1 identical 3 lines
02-23 03:56:50.973  1597  2511 D NotDeveloper: processing get from com.dsi.ant.server with arg ro.board.platform
02-23 03:56:50.974  1597  2511 D NotDeveloper: processing getStringForUser from com.dsi.ant.server with arg copy_file_endtag
02-23 03:56:50.974  1597  2511 D NotDeveloper: processed getStringForUser(copy_file_endtag) without changing result
02-23 03:56:50.974  1597  2511 D NotDeveloper: processing getStringForUser from com.dsi.ant.server with arg copy_file_endtag
02-23 03:56:50.974  1597  2511 D NotDeveloper: processed getStringForUser(copy_file_endtag) without changing result
