02-23 03:56:49.487  2925  2925 D PanelView: notifyBarPanelExpansionChanged, isKeyguardShowing= false, isKeyguardDone= true, isSwitching= false, expandedFraction= 0.6922595
02-23 03:56:49.518  2925  2925 D PanelView: notifyBarPanelExpansionChanged, isKeyguardShowing= false, isKeyguardDone= true, isSwitching= false, expandedFraction= 0.39087516
02-23 03:56:49.535  2925  2925 I PanelView:  isBiometricUnlock:false, false, true
02-23 03:56:49.549  2925  2925 D LightBarController:  updateStatus numStacks=1
02-23 03:56:49.549  2925  2925 D LightBarController: updateNavigation() NavigationMode:2
02-23 03:56:49.566  2925  2925 D PanelView: notifyBarPanelExpansionChanged, isKeyguardShowing= false, isKeyguardDone= true, isSwitching= false, expandedFraction= 0.074913755
02-23 03:56:49.582  2925  2925 D StatusBar: disable<e i a s b h r c s > disable2<q i n v >
02-23 03:56:49.600  2925  2925 D StatusBar:  setPanelExpanded isExpanded=false mPanelExpanded=true
02-23 03:56:49.603  2925  2925 D OverviewProxyService: SystemUi flags: 0
02-23 03:56:49.604  2925  2925 D PanelView: notifyBarPanelExpansionChanged, isKeyguardShowing= false, isKeyguardDone= true, isSwitching= false, expandedFraction= 0.0
02-23 03:56:49.604  2797 12304 D TouchInteractionService: onSystemUiStateChanged# stateFlags: 4 -> 0
02-23 03:56:49.604  2925  2925 D OpKeyguardUpdateMonitor: setQSExpanded: false, callers= com.android.systemui.statusbar.phone.PanelViewController.notifyBarPanelExpansionChanged:1233 
02-23 03:56:49.604  2925  2925 D OpFodHelper: handleQSExpandChanged false
02-23 03:56:49.605  2925  2925 D OpFodHelper: empty client, do not handle it.
02-23 03:56:49.613  2925  3293 D mab     : App Event: portrait_pull
02-23 03:56:49.614  2925  3293 I chatty  : uid=10193(com.android.systemui) MdmLogger identical 1 line
02-23 03:56:49.623  2925  3293 D mab     : App Event: portrait_pull
02-23 03:56:49.628  2925  2925 D StatusBar/NavBarView: onApplyWindowInsets: leftInset:0, rightInset:0,isGesturalMode:true,isLandScape:false
02-23 03:56:49.629  2925  3293 D mab     : App Event: portrait_pull
02-23 03:56:49.632  2801  2801 D DecorView: onWindowFocusChangedFromViewRoot hasFocus: true, DecorView@5065e63[LaunchActivity]
02-23 03:56:49.633  2925  2925 D ViewRootImpl[NotificationShade]: windowFocusChanged hasFocus=false inTouchMode=true
02-23 03:56:49.633  2801  2801 D ViewRootImpl[LaunchActivity]: windowFocusChanged hasFocus=true inTouchMode=true
02-23 03:56:49.634  2925  2925 D KeyguardAffordanceView: setCircleRadius: 0.0com.android.systemui.statusbar.KeyguardAffordanceView.setCircleRadiusWithoutAnimation:416 com.android.systemui.statusbar.phone.KeyguardAffordanceHelper.updateIcon:444 com.android.systemui.statusbar.phone.KeyguardAffordanceHelper.setTranslation:394 com.android.systemui.statusbar.phone.KeyguardAffordanceHelper.reset:506 com.android.systemui.statusbar.phone.NotificationPanelViewController.resetViews:1208 com.android.systemui.statusbar.phone.PanelBar.collapsePanel:268 com.android.systemui.statusbar.phone.StatusBar.makeExpandedInvisible:2510 
02-23 03:56:49.636  2925  2925 D StatusBar: disable<e i a s b h r c s > disable2<q i n v >
02-23 03:56:49.637  2925  3293 D mab     : App Event: portrait_pull
02-23 03:56:49.639 19846 19846 I GoogleInputMethodService: GoogleInputMethodService.onFinishInput():2113 
02-23 03:56:49.641 19846 19846 I Module  : DeviceLockedStatusModuleProvider$Module.updateDeviceLockedStatus():103 repeatCheckTimes = 0, locked = false
02-23 03:56:49.641 19846 19846 I GoogleInputMethodService: GoogleInputMethodService.onStartInput():1384 onStartInput(EditorInfo{EditorInfo{packageName=moe.haruue.wadb, inputType=0, inputTypeString=NULL, enableLearning=false, autoCorrection=false, autoComplete=false, imeOptions=0, privateImeOptions=null, actionName=UNSPECIFIED, actionLabel=null, initialSelStart=-1, initialSelEnd=-1, initialCapsMode=0, label=null, fieldId=-1, fieldName=null, extras=null, hintText=null, hintLocales=[]}}, false)
02-23 03:56:49.642 19846 19846 I Module  : DeviceLockedStatusModuleProvider$Module.updateDeviceLockedStatus():103 repeatCheckTimes = 1, locked = false
02-23 03:56:49.647  2925  2925 D QSPanel : setListening: true->false
02-23 03:56:49.650  2925  2925 D xne     : Event success
02-23 03:56:49.651  1322  1369 E surfaceflinger: [frame_perf] perfboost open boost file failed
02-23 03:56:49.658  2925  2925 D xne     : Event success
02-23 03:56:49.667  1322  3889 E surfaceflinger: [frame_perf] perfboost open boost file failed
02-23 03:56:49.678  2925  2925 D xne     : Event success
02-23 03:56:49.688  2925  2925 I chatty  : uid=10193(com.android.systemui) identical 1 line
02-23 03:56:49.694  2925  2925 D xne     : Event success
02-23 03:56:49.742  1181  4048 I vendor.qti.bluetooth@1.0-ibs_handler: ProcessIbsCmd: Received IBS_WAKE_IND: 0xFD
02-23 03:56:49.742  1181  4048 D vendor.qti.bluetooth@1.0-ibs_handler: SerialClockVote: vote for UART CLK ON
02-23 03:56:49.743  1181  4048 D vendor.qti.bluetooth@1.0-wake_lock: Acquire wakelock is acquired 
02-23 03:56:49.743  1181  4048 I vendor.qti.bluetooth@1.0-ibs_handler: ProcessIbsCmd: Writing IBS_WAKE_ACK
02-23 03:56:49.745  2888  4050 V bt_stack: [VERBOSE1:btm_inq.cc(1019)] BTM_InqDbRead: bd addr 4e:94:82:67:a5:aa
02-23 03:56:49.784  1181  4048 I vendor.qti.bluetooth@1.0-ibs_handler: ProcessIbsCmd: Received IBS_SLEEP_IND: 0xFE
02-23 03:56:49.784  1181  4048 D vendor.qti.bluetooth@1.0-ibs_handler: SerialClockVote: vote for UART CLK OFF
02-23 03:56:49.823 20861 24936 W adbd    : timed out while waiting for FUNCTIONFS_BIND, trying again
02-23 03:56:49.823  1181  4048 I vendor.qti.bluetooth@1.0-ibs_handler: ProcessIbsCmd: Received IBS_WAKE_IND: 0xFD
02-23 03:56:49.823 20861 24936 I adbd    : UsbFfs: connection terminated: monitor thread finished
02-23 03:56:49.823  1181  4048 D vendor.qti.bluetooth@1.0-ibs_handler: SerialClockVote: vote for UART CLK ON
02-23 03:56:49.823  1181  4048 I vendor.qti.bluetooth@1.0-ibs_handler: ProcessIbsCmd: Writing IBS_WAKE_ACK
02-23 03:56:49.823 20861 20861 I adbd    : UsbFfs: already offline
02-23 03:56:49.823 20861 20861 I adbd    : destroying transport UsbFfs
02-23 03:56:49.823 20861 20861 I adbd    : UsbFfsConnection being destroyed
02-23 03:56:49.864  1181  4048 I vendor.qti.bluetooth@1.0-ibs_handler: ProcessIbsCmd: Received IBS_SLEEP_IND: 0xFE
02-23 03:56:49.864  1181  4048 D vendor.qti.bluetooth@1.0-ibs_handler: SerialClockVote: vote for UART CLK OFF
02-23 03:56:49.866 20861 20864 I adbd    : opening control endpoint /dev/usb-ffs/adb/ep0
02-23 03:56:49.869 20861 20864 I adbd    : UsbFfsConnection constructed
02-23 03:56:49.870 20861 24944 I adbd    : UsbFfs-monitor thread spawned
02-23 03:56:49.887  3728  3992 D OPSIMNameController: the hasSet is false
02-23 03:56:49.887  3728  3992 D OPSIMNameController: the sim Name is Jio 4G
02-23 03:56:50.014  1181  3904 D vendor.qti.bluetooth@1.0-wake_lock: Release wakelock is released 
02-23 03:56:50.073  2925  2925 D OpEdgeNavGestureHandler: AllowNavGesture actionDown
02-23 03:56:50.073  2797  2797 D TouchInteractionService: onInputEvent# ev: MotionEvent { action=ACTION_DOWN, actionButton=0, id[0]=0, x[0]=722.0, y[0]=2329.0, toolType[0]=TOOL_TYPE_FINGER, buttonState=0, classification=NONE, metaState=0, flags=0x0, edgeFlags=0x0, pointerCount=1, historySize=0, eventTime=232966, downTime=232966, deviceId=2, source=0x1002, displayId=0 }
02-23 03:56:50.077  2797  2797 D TouchInteractionService: newConsumer# isInValidSystemUiState: true, mSystemUiStateFlags = 0
02-23 03:56:50.078  2797  2797 D TouchInteractionService: runningTaskInfo: ComponentInfo{moe.haruue.wadb/moe.haruue.wadb.component.HomeActivity}
02-23 03:56:50.086  2797  2797 D OtherActivityInputConsumer: activityControlHelper: net.oneplus.quickstep.LauncherActivityControllerHelper@7956a8a
02-23 03:56:50.086  2797  2797 D OtherActivityInputConsumer: deferredDownTarget: false
02-23 03:56:50.086  2797  2797 D OtherActivityInputConsumer: continuingPreviousGesture: false
02-23 03:56:50.087  2797  2797 D TouchInteractionService: onInputEvent# touch down on swipe region. consumer: TYPE_OTHER_ACTIVITY
02-23 03:56:50.088  2797  2797 D OtherActivityInputConsumer: startTouchTrackingForWindowAnimation#
02-23 03:56:50.088  2797  2797 I ShelfLauncherCallbacks: hideOverlay:false
02-23 03:56:50.088  2797  2797 I ShelfLauncherCallbacks: isScreenOn:true
02-23 03:56:50.089  2797  2797 I ShelfLauncherCallbacks: animToProgress=0.0, mEnterDirection:LEFT, animate:false
02-23 03:56:50.089  2797  2797 D ShelfLauncherCallbacks: cancelAnimationsIfNeeded
02-23 03:56:50.089  2797  2797 I ShelfLauncherCallbacks: getTranslationX:0.0, translationX=-1080, alpha:1.0
02-23 03:56:50.089  2797  2797 I ShelfLauncherCallbacks: animToProgress=0.0, current alpha:1.0
02-23 03:56:50.089  2797  2797 D ShelfLauncherCallbacks: updateTouchable:false
02-23 03:56:50.096  2797  2797 D RecentTasksList: getTasks: The list is up to date, callback with the same list.
02-23 03:56:50.097  2797  2797 D WindowTransformSwipeHandler: onActivityInit# newActivity: net.oneplus.launcher.Launcher@223f281, oldActivity: null, alreadyOnHome: false
02-23 03:56:50.097  2797  2797 D BaseActivity: addForceInvisibleFlag add flag = 9, currentFlag = 9
02-23 03:56:50.097  2797  2797 D BaseActivity: Showing call stack: 
02-23 03:56:50.097  2797  2797 D BaseActivity:     [BaseActivity] WindowTransformSwipeHandler.java, onActivityInit, line: 484
02-23 03:56:50.100  2797  2797 D RecentsView: showCurrentTask: bind temp runningTaskId= 140
02-23 03:56:50.101  2797  2797 D PagedView: notifyPageSwitchListener# page: 0 -> 0, who: LauncherRecentsView
02-23 03:56:50.102  2797  2797 D RecentTasksList: getTasks: The list is up to date, callback with the same list.
02-23 03:56:50.102  2797  2797 D RecentsView: applyLoadPlan: recent task size= 10
02-23 03:56:50.103  2797  2797 D PagedView: notifyPageSwitchListener# page: 0 -> 0, who: LauncherRecentsView
02-23 03:56:50.106  2797  2797 D TaskIconsView: applyLoadPlan: task icon size= 10
02-23 03:56:50.108  2797  2797 D PagedView: notifyPageSwitchListener# page: 0 -> 0, who: LauncherRecentsView
02-23 03:56:50.113  1177  1241 D audio_hw_primary: out_set_parameters: enter: usecase(1: low-latency-playback) kvpairs: suspend_playback=false
02-23 03:56:50.114  1177  1241 D audio_hw_extn: audio_extn_fm_set_parameters: Enter
02-23 03:56:50.114  1177  4258 W audio_hw_primary: out_write: underrun(12) frames_by_time(48178) > out->last_fifo_frames_remaining(384)
02-23 03:56:50.118  2797  2797 D WindowTransformSwipeHandler: onGestureStarted#
02-23 03:56:50.118  2797  2797 D BaseActivity: clearForceInvisibleFlag add flag = 9, currentFlag = 0
02-23 03:56:50.118  2797  2797 D BaseActivity: Showing call stack: 
02-23 03:56:50.118  2797  2797 D BaseActivity:     [BaseActivity] WindowTransformSwipeHandler.java, notifyGestureStartedAsync, line: 949
02-23 03:56:50.118  2797  2797 D PagedView: notifyPageSwitchListener# page: 0 -> 0, who: LauncherRecentsView
02-23 03:56:50.119  2797  2797 D RecentTasksList: getTasks: The list is up to date, callback with the same list.
02-23 03:56:50.119  2797  2797 D RecentsView: applyLoadPlan: recent task size= 10
02-23 03:56:50.119  2797  2797 D PagedView: notifyPageSwitchListener# page: 0 -> 0, who: LauncherRecentsView
02-23 03:56:50.119  2797  2797 D TaskIconsView: applyLoadPlan: task icon size= 10
02-23 03:56:50.120  2797  2797 D BaseActivity: clearForceInvisibleFlag add flag = 9, currentFlag = 0
02-23 03:56:50.121  2797  2797 D BaseActivity: Showing call stack: 
02-23 03:56:50.121  2797  2797 D BaseActivity:     [BaseActivity] WindowTransformSwipeHandler.java, notifyGestureStartedAsync, line: 949
02-23 03:56:50.121  2925  4615 D OverviewProxyService: notifyGestureStarted
02-23 03:56:50.127  2925  2925 D OverviewProxyService: authenticatingPkg = null
02-23 03:56:50.129  2797  2797 D WindowTransformSwipeHandler: onRecentsAnimationStart#
02-23 03:56:50.130  2797  6126 V IconPackHelper: Don't need to load same iconpack
02-23 03:56:50.131  2797  2797 I DeviceProfile: updateIconTextLine: double line. swdp: 384 , config: {1.0  405mcc871mnc [en_IN,en_US] ldltr sw384dp w384dp h787dp 450dpi nrml long hdr widecg port force dark=0 finger -keyb/v/h -nav/h winConfig={ mBounds=Rect(0, 0 - 1080, 2340) mAppBounds=Rect(0, 80 - 1080, 2295) mWindowingMode=fullscreen mDisplayWindowingMode=fullscreen mActivityType=undefined mAlwaysOnTop=undefined mRotation=ROTATION_0} s.66FontSeq = 1, FontUserId = 0, FontID = 1}
02-23 03:56:50.132  2797  6126 W PackageManager: Failure retrieving resources for com.android.settings: Drawable com.android.settings:drawable/ic_homepage_network with resource ID #0x7f0801d3
02-23 03:56:50.132  2797  6126 V IconPackHelper: Don't need to load same iconpack
02-23 03:56:50.134  1597  2560 I chatty  : uid=1000(system) android.display expire 17 lines
02-23 03:56:50.134  3247  3247 D LiveWallpaper.VideoEngine: onVisibilityChanged# true true false
02-23 03:56:50.135  3247  3247 D LiveWallpaper.VideoEngine: onVisibilityChanged# mUserManager.isUserUnlocked()=true mNotReadyPlay=false mMediaPlayer=null
02-23 03:56:50.144  2797  6126 D AssetCache: black_getUsingIconShapePath: 1 getCurrentAssetPackIconShapePath start
02-23 03:56:50.144  2797  6126 D AssetCache: black_getUsingIconShapePath: 2 getCurrentAssetPackIconShapePath end, getSystemIconShapePath start
02-23 03:56:50.144  2797  6126 D AssetCache: black_getUsingIconShapePath: 3 getSystemIconShapePath end
02-23 03:56:50.145  2797  2797 D Launcher: onStart# hashcode: 35910273
02-23 03:56:50.146  2797  2797 D WindowTransformSwipeHandler: onLauncherStart# activity: net.oneplus.launcher.Launcher@223f281
02-23 03:56:50.147  2797  2797 D DeviceHelper: isAtLeastOP8DeviceVersion: this= 18801 , is at least OP8: false
02-23 03:56:50.147  2797  2797 D SkuHelper: showDiscover: false
02-23 03:56:50.147  2797  2797 D PreferencesHelper: getDefaultMinusOneScreen# defaultMinusOneScreen=shelf
02-23 03:56:50.147  2797  2797 D StateManager: gotoState# fromState=NORMAL, toState=BACKGROUND_APP, animated = false
02-23 03:56:50.147  2797  2797 D StateManager: onStateTransitionStart# state: NORMAL -> BACKGROUND_APP
02-23 03:56:50.147  2797  2797 D RotationHelper: notifyChange: activityFlags= 1
02-23 03:56:50.147  2797  2797 D LauncherAppWidgetHost: setResumed# isResumed: false, flag: 2
02-23 03:56:50.148  2797  2797 D DeviceHelper: isIndiaSkuSupports: this= 18801 , is SKU: false
02-23 03:56:50.148  2797  2797 I chatty  : uid=10175(net.oneplus.launcher) identical 2 lines
02-23 03:56:50.148  2797  2797 D DeviceHelper: isIndiaSkuSupports: this= 18801 , is SKU: false
02-23 03:56:50.149  2801  2801 D ViewRootImpl[LaunchActivity]: windowFocusChanged hasFocus=false inTouchMode=true
02-23 03:56:50.149  2797  2797 D DeviceHelper: isIndiaSkuSupports: this= 18801 , is SKU: false
02-23 03:56:50.149  2797  2797 D AlphabeticalAppsList: refillAdapterItems# app: 48, recent: 0, suggestion: 0, adapter: 48, hide games: 0, searchResults:  null, filtered: 48. AppsStore# app: 48, recent: 0
02-23 03:56:50.149  2797  2797 D DeviceHelper: isIndiaSkuSupports: this= 18801 , is SKU: false
02-23 03:56:50.149  2797  2797 D AlphabeticalAppsList: refillAdapterItems# app: 48, recent: 0, suggestion: 0, adapter: 48, hide games: 0, searchResults:  null, filtered: 48. AppsStore# app: 48, recent: 0
02-23 03:56:50.149  2797  2797 D AlphabeticalHiddenAppsList: [refillAdapterItems] hidden app size = 1
02-23 03:56:50.149  2797  2797 D AlphabeticalHiddenAppsList: [updateAdapterItems] hasFilter: false, filtersAppInfos size = 48, mAdapterItems size = 1
02-23 03:56:50.150  2797  2797 D AppTagContainer: [ITN-43578]clearSearchResult
02-23 03:56:50.150  2797  2797 D AllAppsContainerView: onClearSearchResult
02-23 03:56:50.150  2797  2797 D DeviceHelper: isIndiaSkuSupports: this= 18801 , is SKU: false
02-23 03:56:50.150  2797  2797 D DeviceHelper: isIndiaSkuSupports: this= 18801 , is SKU: false
02-23 03:56:50.150  2797  2797 D AllAppsTrans: onProgressAnimationEnd, alpha = 1.0, visibility = 4, isShowHidden = false, drawer visibility = 0, alpha = 1.0, allapps visibility = 0, alpha = 1.0
02-23 03:56:50.150  2797  2797 D Launcher.Workspace: onStartStateTransition# toState: BACKGROUND_APP
02-23 03:56:50.151  2797  2797 D Launcher.Workspace: onEndStateTransition# toState: BACKGROUND_APP
02-23 03:56:50.152  1177  1241 D audio_hw_primary: out_set_parameters: enter: usecase(1: low-latency-playback) kvpairs: suspend_playback=true
02-23 03:56:50.152  1177  1241 D audio_hw_extn: audio_extn_fm_set_parameters: Enter
02-23 03:56:50.154  2797  2797 D StateManager: onStateTransitionEnd# state: BACKGROUND_APP
02-23 03:56:50.155  2797  2797 D RotationHelper: notifyChange: activityFlags= 1
02-23 03:56:50.155  2925  2925 V ShadeControllerImpl: NotificationShadeWindow: com.android.systemui.statusbar.phone.NotificationShadeWindowView{d3012ad I.E...... ......ID 0,0-1080,2340} canPanelBeCollapsed(): false
02-23 03:56:50.155  2797  2797 D Launcher: onStateTransitionComplete set AppsView alphaProperty = 1, state = BACKGROUND_APP
02-23 03:56:50.155  2797  2797 D DeviceHelper: isIndiaSkuSupports: this= 18801 , is SKU: false
02-23 03:56:50.155  2797  2797 D DeviceHelper: isIndiaSkuSupports: this= 18801 , is SKU: false
02-23 03:56:50.155  2797  2797 D SystemUiController: setNavigibationBarBackground = false , mTranslucentNavigation: false , force: false
02-23 03:56:50.156  2797  2797 D DeviceHelper: isIndiaSkuSupports: this= 18801 , is SKU: false
02-23 03:56:50.156  2797  2797 D AlphabeticalAppsList: refillAdapterItems# app: 48, recent: 0, suggestion: 0, adapter: 48, hide games: 0, searchResults:  null, filtered: 48. AppsStore# app: 48, recent: 0
02-23 03:56:50.156  2797  2797 D DeviceHelper: isIndiaSkuSupports: this= 18801 , is SKU: false
02-23 03:56:50.156  2797  2797 D AlphabeticalAppsList: refillAdapterItems# app: 48, recent: 0, suggestion: 0, adapter: 48, hide games: 0, searchResults:  null, filtered: 48. AppsStore# app: 48, recent: 0
02-23 03:56:50.157  2797  2797 D AlphabeticalHiddenAppsList: [refillAdapterItems] hidden app size = 1
02-23 03:56:50.157  2797  2797 D AlphabeticalHiddenAppsList: [updateAdapterItems] hasFilter: false, filtersAppInfos size = 48, mAdapterItems size = 1
02-23 03:56:50.157  2797  2797 D DeviceHelper: isIndiaSkuSupports: this= 18801 , is SKU: false
02-23 03:56:50.159  2797  2797 I ShelfLauncherCallbacks: onStart
02-23 03:56:50.159  2797  2797 D LauncherAppWidgetHost: setListenIfResumed# listenIfResumed: true, flag: 0
02-23 03:56:50.159  2797  2797 D NotificationListener: setNotificationsChangedListener# l: net.oneplus.launcher.popup.PopupDataProvider@2b21776
02-23 03:56:50.160  2797  2797 D NotificationListener: checkPermissionGranted# grant: false
02-23 03:56:50.160  2797  2797 D WallpaperEventHandler: [onLauncherStart] mWillResetWallpaper=false
02-23 03:56:50.163  2797  2797 D RecentsView: updateTaskStackListenerState: reloadIfNeeded
02-23 03:56:50.166  2925  2925 D LightBarController:  updateStatus numStacks=1
02-23 03:56:50.167  2925  2925 D LightBarController: updateNavigation() NavigationMode:2
02-23 03:56:50.169  1322  1369 E surfaceflinger: [frame_perf] perfboost open boost file failed
02-23 03:56:50.172  2925  2925 D OpEdgeNavGestureHandler: AllowNavGesture actionUp
02-23 03:56:50.172  2797  2797 D SearchViewController: NewView#ViewChanges top= 80 oldTop= 80
02-23 03:56:50.174  2797  2797 D StateManager: clearCurrentAnimation#
02-23 03:56:50.174  2797  2797 D StateManager: setAnimation# targetState: null, anim: 93633399
02-23 03:56:50.185  1322  3889 E surfaceflinger: [frame_perf] perfboost open boost file failed
02-23 03:56:50.187  2797  2797 D RecentsView: isReturnToOriginalPage: fling gesture.
02-23 03:56:50.188  2797  2797 W RecentsView: onPageEndTransition# recentsView currentPage: 1 , isScrolling: false , icons currentPage: 9 , icons nextPage: 9
02-23 03:56:50.188  2797  2797 D PagedView: notifyPageSwitchListener# page: 0 -> 1, who: LauncherRecentsView
02-23 03:56:50.188  2797  2797 D PagedView: notifyPageSwitchListener# page: 0 -> 9, who: TaskIconsView
02-23 03:56:50.188  2797  2797 D WindowTransformSwipeHandler: onGestureEnded# endVelocity = -22500.0, velocity = PointF(7997.441, -22500.0)
02-23 03:56:50.188  2797  2797 D WindowTransformSwipeHandler: calculateEndTarget# endTarget: HOME, mCurrentShift.value = 0.42639786, mGestureStarted = true
02-23 03:56:50.188  2797  2797 D RecentsAnimationWrapper: enableInputProxy#
02-23 03:56:50.189  2797  2797 D WindowTransformSwipeHandler: setShelfState# state: CANCEL
02-23 03:56:50.190  2797  2797 I Launcher.Utilities: [BUG 94792] getViewBoundsOnWindow, hotseat - hotseatScaleX = 1.0, hotseatScaleY = 1.0, hotseatTranslationX = 0.0, hotseatTranslationY = 0.0
02-23 03:56:50.191  2797  2797 D StateManager: reset# playbackController isn't null, dispatch cancel
02-23 03:56:50.191  2797  2797 D DeviceHelper: isIndiaSkuSupports: this= 18801 , is SKU: false
02-23 03:56:50.191  2797  5286 D mab     : App Event: launcher.recents
02-23 03:56:50.191  2797  2797 D DeviceHelper: isIndiaSkuSupports: this= 18801 , is SKU: false
02-23 03:56:50.191  2797  2797 D DeviceHelper: isIndiaSkuSupports: this= 18801 , is SKU: false
02-23 03:56:50.192  2797  2797 D AlphabeticalAppsList: refillAdapterItems# app: 48, recent: 0, suggestion: 0, adapter: 48, hide games: 0, searchResults:  null, filtered: 48. AppsStore# app: 48, recent: 0
02-23 03:56:50.192  2797  2797 D DeviceHelper: isIndiaSkuSupports: this= 18801 , is SKU: false
02-23 03:56:50.192  2797  2797 D AlphabeticalAppsList: refillAdapterItems# app: 48, recent: 0, suggestion: 0, adapter: 48, hide games: 0, searchResults:  null, filtered: 48. AppsStore# app: 48, recent: 0
02-23 03:56:50.192  2797  2797 D AlphabeticalHiddenAppsList: [refillAdapterItems] hidden app size = 1
02-23 03:56:50.192  2797  2797 D AlphabeticalHiddenAppsList: [updateAdapterItems] hasFilter: false, filtersAppInfos size = 48, mAdapterItems size = 1
02-23 03:56:50.192  2797  2797 D AppTagContainer: [ITN-43578]clearSearchResult
02-23 03:56:50.192  2797  2797 D AllAppsContainerView: onClearSearchResult
02-23 03:56:50.192  2797  2797 D DeviceHelper: isIndiaSkuSupports: this= 18801 , is SKU: false
02-23 03:56:50.192  2797  2797 D DeviceHelper: isIndiaSkuSupports: this= 18801 , is SKU: false
02-23 03:56:50.192  2797  2797 D AllAppsTrans: onProgressAnimationEnd, alpha = 1.0, visibility = 4, isShowHidden = false, drawer visibility = 0, alpha = 1.0, allapps visibility = 0, alpha = 1.0
02-23 03:56:50.194  2797  2797 D StateManager: setAnimation# targetState: NORMAL, anim: 134048684
02-23 03:56:50.194  2797  2797 D StateManager: onStateTransitionStart# state: BACKGROUND_APP -> NORMAL
02-23 03:56:50.194  2797  2797 D RotationHelper: notifyChange: activityFlags= 1
02-23 03:56:50.194  2797  2797 D LauncherAppWidgetHost: setResumed# isResumed: true, flag: 4
02-23 03:56:50.196  2797  2797 D LauncherAppWidgetHostView: updateAppWidget: com.android.settings
02-23 03:56:50.196  2797  2797 D LauncherAppWidgetHost: startListening# flag: 7
02-23 03:56:50.197  2797  2797 D DeviceHelper: isIndiaSkuSupports: this= 18801 , is SKU: false
02-23 03:56:50.197  2797  2797 D DeviceHelper: isIndiaSkuSupports: this= 18801 , is SKU: false
02-23 03:56:50.197  2797  2797 D Launcher.Workspace: onStartStateTransition# toState: NORMAL
02-23 03:56:50.198  2797  2797 D OtherActivityInputConsumer: finishTouchTracking velocity = -22500.0, x = 7997.441, y = -22500.0, trackerEventCount = 7, actionUp point = 956.0, 1264.0
02-23 03:56:50.203  2797  2797 D SearchViewController: NewView#ViewChanges top= 80 oldTop= 80
02-23 03:56:50.207  1597  2572 I chatty  : uid=1000(system) android.bg expire 1 line
02-23 03:56:50.210  1597  2512 I chatty  : uid=1000(system) Binder:1597_2 expire 14 lines
02-23 03:56:50.227  2797  2797 D xne     : Event success
02-23 03:56:50.256  2797  6126 D AssetCache: black_getUsingIconShapePath: 1 getCurrentAssetPackIconShapePath start
02-23 03:56:50.256  2797  6126 D AssetCache: black_getUsingIconShapePath: 2 getCurrentAssetPackIconShapePath end, getSystemIconShapePath start
02-23 03:56:50.256  2797  6126 D AssetCache: black_getUsingIconShapePath: 3 getSystemIconShapePath end
02-23 03:56:50.261  2797  6338 D WallpaperUtils: [isOnePlusH2BlurWallpaper]: user=0, info=WallpaperInfo{com.oneplus.wallpaper.LiveWallpaper, settings: null}
02-23 03:56:50.262  2797  6338 D WallpaperEventHandler: [onLauncherStart] isOnePlusH2BlurWallpaper=false
02-23 03:56:50.312  4060  4060 W ThreadPoolForeg: type=1400 audit(0.0:323): avc: denied { write } for name="traced_producer" dev="tmpfs" ino=33770 scontext=u:r:gmscore_app:s0:c512,c768 tcontext=u:object_r:traced_producer_socket:s0 tclass=sock_file permissive=0 app=com.google.android.gms
02-23 03:56:50.344  2797  2797 D TaskThumbnailView: updateThumbnailMatrix: taskID: 140 , packageName: moe.haruue.wadb , update white list nav bar height: 0
02-23 03:56:50.521  1181  4048 I vendor.qti.bluetooth@1.0-ibs_handler: ProcessIbsCmd: Received IBS_WAKE_IND: 0xFD
02-23 03:56:50.521  1181  4048 D vendor.qti.bluetooth@1.0-ibs_handler: SerialClockVote: vote for UART CLK ON
02-23 03:56:50.522  1181  4048 D vendor.qti.bluetooth@1.0-wake_lock: Acquire wakelock is acquired 
02-23 03:56:50.522  1181  4048 I vendor.qti.bluetooth@1.0-ibs_handler: ProcessIbsCmd: Writing IBS_WAKE_ACK
02-23 03:56:50.524  2888  4050 V bt_stack: [VERBOSE1:btm_inq.cc(1019)] BTM_InqDbRead: bd addr 4e:94:82:67:a5:aa
02-23 03:56:50.563  1181  4048 I vendor.qti.bluetooth@1.0-ibs_handler: ProcessIbsCmd: Received IBS_SLEEP_IND: 0xFE
02-23 03:56:50.563  1181  4048 D vendor.qti.bluetooth@1.0-ibs_handler: SerialClockVote: vote for UART CLK OFF
02-23 03:56:50.594  1181  4048 I vendor.qti.bluetooth@1.0-ibs_handler: ProcessIbsCmd: Received IBS_WAKE_IND: 0xFD
02-23 03:56:50.594  1181  4048 D vendor.qti.bluetooth@1.0-ibs_handler: SerialClockVote: vote for UART CLK ON
02-23 03:56:50.594  1181  4048 I vendor.qti.bluetooth@1.0-ibs_handler: ProcessIbsCmd: Writing IBS_WAKE_ACK
02-23 03:56:50.596  2888  4050 V bt_stack: [VERBOSE1:btm_inq.cc(1019)] BTM_InqDbRead: bd addr 4e:94:82:67:a5:aa
02-23 03:56:50.634  2797  2797 D StateManager: onAnimationEnd# set currentAnim to empty.
02-23 03:56:50.634  2797  2797 D StateManager: onStateTransitionEnd# state: NORMAL
02-23 03:56:50.635  1181  4048 I vendor.qti.bluetooth@1.0-ibs_handler: ProcessIbsCmd: Received IBS_SLEEP_IND: 0xFE
02-23 03:56:50.635  1181  4048 D vendor.qti.bluetooth@1.0-ibs_handler: SerialClockVote: vote for UART CLK OFF
02-23 03:56:50.635  2797  2797 D Launcher: onStateTransitionComplete set AppsView alphaProperty = 1.0, state = NORMAL
02-23 03:56:50.635  2797  2797 D DeviceHelper: isIndiaSkuSupports: this= 18801 , is SKU: false
02-23 03:56:50.635  2797  2797 D DeviceHelper: isIndiaSkuSupports: this= 18801 , is SKU: false
02-23 03:56:50.636  2797  2797 D SystemUiController: setNavigibationBarBackground = false , mTranslucentNavigation: false , force: false
02-23 03:56:50.636  2797  2797 D PagedView: notifyPageSwitchListener# page: 1 -> 0, who: LauncherRecentsView
02-23 03:56:50.636  2797  2797 D RecentsView: autoRemoveLauncherTask#
02-23 03:56:50.637  2797  2797 D RecentTasksList: getTasks: The list is up to date, callback with the same list.
02-23 03:56:50.637  2797  2797 D Launcher.Workspace: onEndStateTransition# toState: NORMAL
02-23 03:56:50.638  2797  2797 D WindowTransformSwipeHandler: onAnimationSuccess# home animation success
02-23 03:56:50.645  2797  2797 D WindowTransformSwipeHandler: finishCurrentTransitionToHome#
02-23 03:56:50.645  2797  2797 D SwipeAnimationTargetSet: finishController# toRecents: true, sendUserLeaveHint: true
02-23 03:56:50.646  2797  2797 D WindowTransformSwipeHandler: notifySysUiGestureEnded# action= 0
02-23 03:56:50.646  2925  4298 D OverviewProxyService: notifyGestureEnded: action = 0, mAuthenticatingPackage = null
02-23 03:56:50.646  2797  6388 D SwipeAnimationTargetSet: finishControllerInBackground# start
02-23 03:56:50.651  1597  2675 D OpQuickReply: setQuickReplyResumed focusedApp ActivityRecord{1142797 u0 net.oneplus.launcher/.Launcher t139} pkgName net.oneplus.launcher
02-23 03:56:50.659  1597  2675 E HwuiBoostFrontPackageListener: Exception : file not exits :/sys/module/houston/parameters/hwui_boost_enable
02-23 03:56:50.660  1597  2587 I DisplayPowerController: useProximityForceSuspend = false
02-23 03:56:50.660  1597  2587 I RampAnimator: target:0.011308613 rate:0.2352941 mCurrentValue:0.011308613 mTargetValue:0.011308613
02-23 03:56:50.661  1597  2675 D OpColorDisplayService: frontPackageChanged: net.oneplus.launcher
02-23 03:56:50.661  1597  2675 D OpColorDisplayService: lpackageName: moe.haruue.wadb
02-23 03:56:50.663  1597  2675 D OpProximityController: noteFrontPackageChanged pkg:net.oneplus.launcher uid:10175 lpkg:moe.haruue.wadb luid:10239
02-23 03:56:50.664  1597  2675 D OemSceneModeActivityStack: [scene] evaluateGameModes :  gameMsg.arg1=0 gameMsg.arg2=1
02-23 03:56:50.665  1597  2675 D OpQuickReply: setQuickReplyResumed focusedApp ActivityRecord{1142797 u0 net.oneplus.launcher/.Launcher t139} pkgName net.oneplus.launcher
02-23 03:56:50.672  2797  6388 D SwipeAnimationTargetSet: finishControllerInBackground# end
02-23 03:56:50.677  2797  2797 D BaseActivity: onResume# who: Launcher, taskId: 139
02-23 03:56:50.679  1597  2751 I chatty  : uid=1000(system) TaskSnapshotPer expire 5 lines
02-23 03:56:50.679  2797  2797 D FrequentAppsGrid: App icon adds to Shelf: ComponentInfo{moe.haruue.wadb/moe.haruue.wadb.ui.activity.LaunchActivity}
02-23 03:56:50.679  2797  5286 D Launcher: onResume# isInteractive=true
02-23 03:56:50.680  2797  2797 D QuickPage: updateOnResume, count:9
02-23 03:56:50.680  2797  5284 D InstallShortcutReceiver: MSG_FLUSH_QUEUE string = null
02-23 03:56:50.680  2797  2797 I ShelfLauncherCallbacks: onResume
02-23 03:56:50.680  2797  2797 D Launcher.Workspace: DynamicIcon Workspace updateCurrentPageDynamicIconState success
02-23 03:56:50.680  2797  2797 D RecentsView: autoRemoveLauncherTask#
02-23 03:56:50.680  2797  2797 D RecentTasksList: getTasks: The list is up to date, callback with the same list.
02-23 03:56:50.681  2797  2797 D Launcher: onResume# hashcode: 35910273, resource folder: values-sw370dp-xxhdpi, version: code: 30116, name: 5.1.16, Themes.getThemeModeCache = 0, realSize = Point(1080, 2340), size = Point(1080, 2215); isHideIconLabelEnable: false; allAppsSearchEnable: false , swipeSearchModeType: Swipe up and hold , drawer mode: ALL_APPS
02-23 03:56:50.682  2797  5284 I WeatherProvider: subscribe new weather callback: 
02-23 03:56:50.682  2925  2925 D AssistHandleReminder: callbackForUnlearnedState supportAssistantGesture :true, isH2:false
02-23 03:56:50.682  2925  2925 D AssistHandleReminder: callbackForUnlearnedState isFullyAwake :true, mIsNavBarHidden:false,isSuppressed:false, mOnLockscreen:false, mIsLauncherShowing:true, shouldHideCornerHint:false
02-23 03:56:50.682  1597  3374 I chatty  : uid=1000(system) Binder:1597_A expire 101 lines
02-23 03:56:50.684  2797  2797 D OPSearchPlus: SPVirtualDB -- Retrieving default sms details - Start
02-23 03:56:50.687  2797  2797 D OPSearchPlus: SPVirtualDB -- Retrieving default sms details - End
02-23 03:56:50.687  2797  2797 D OPSearchPlus: SPVirtualDB -- Current User : 0
02-23 03:56:50.687  2797  2797 D OPSearchPlus: lifecycle -- LocationHelper -- onResume : state = 2
02-23 03:56:50.687  2797  5284 D WeatherProvider: getOfflineWeatherInformation() called
02-23 03:56:50.687  2797  5284 D WeatherProvider: getOfflineWeatherInformation() called to get data from cursor
02-23 03:56:50.687  2797  5284 D WeatherProvider: getWeatherUpdate() called with: isFromTestWeatherObserver = [false]
02-23 03:56:50.688  2797  2797 D DecorView: onWindowFocusChangedFromViewRoot hasFocus: true, DecorView@dbc89ab[Launcher]
02-23 03:56:50.689  2797  2797 D ViewRootImpl[Launcher]: windowFocusChanged hasFocus=true inTouchMode=true
02-23 03:56:50.689  2797  2797 D WindowTransformSwipeHandler: reset#
02-23 03:56:50.689  2797  2797 D WindowTransformSwipeHandler: invalidateHandler#
02-23 03:56:50.689  2797  2797 D RecentsAnimationWrapper: disableInputProxy#
02-23 03:56:50.689  2797  2797 D OtherActivityInputConsumer: onInteractionGestureFinished#
02-23 03:56:50.689  2797  2797 D TouchInteractionService: onConsumerInactive# caller: net.oneplus.quickstep.inputconsumers.OtherActivityInputConsumer@d232e47, current: net.oneplus.quickstep.inputconsumers.OtherActivityInputConsumer@d232e47
02-23 03:56:50.689  2797  2797 D BaseActivity: clearForceInvisibleFlag add flag = 9, currentFlag = 0
02-23 03:56:50.690  2797  2797 D BaseActivity: Showing call stack: 
02-23 03:56:50.690  2797  2797 D BaseActivity:     [BaseActivity] WindowTransformSwipeHandler.java, invalidateHandler, line: 1575
02-23 03:56:50.690  2797  2797 D WindowTransformSwipeHandler: setShelfState# state: CANCEL
02-23 03:56:50.690  2797  2797 D PagedView: notifyPageSwitchListener# page: 0 -> 0, who: LauncherRecentsView
02-23 03:56:50.691  2797  5284 D ClockIconDelegate: DynamicIcon check needInvalidate true, oldHour = 3, newHour = 3, obj = net.oneplus.launcher.dynamicicon.clock.ClockIconDelegate@a690ace
02-23 03:56:50.691  2797  2797 D WallpaperUtils: checkPeekWallpaperPermission# permission granted: false
02-23 03:56:50.693  1597  2676 I chatty  : uid=1000(system) Binder:1597_7 expire 5 lines
02-23 03:56:50.694  2797  6392 D WM-PackageManagerHelper: androidx.work.impl.background.systemalarm.RescheduleReceiver enabled
02-23 03:56:50.695  2797  2797 D Launcher: onWindowFocusChanged# hasFocus: true
02-23 03:56:50.695  2797  2797 D resumeflow: false
02-23 03:56:50.695  2797  2797 D DeviceHelper: isIndiaSkuSupports: this= 18801 , is SKU: false
02-23 03:56:50.696  2797  2797 D OPSearchPlus: lifecycle -- SearchPlusView -- Window Focus = true
02-23 03:56:50.697  2797  5284 D DynamicIconUtil: bitmap size = 235, 235, drawable bounds = Rect(0, 0 - 147, 147), alpha = 255
02-23 03:56:50.697  2797  6392 D WM-SystemJobScheduler: Scheduling work ID 692d1e3a-f8b3-42c4-b0c6-4e51c81cd184 Job ID 278
02-23 03:56:50.700 19846 19846 I GoogleInputMethodService: GoogleInputMethodService.onFinishInput():2113 
02-23 03:56:50.701 19846 19846 I Module  : DeviceLockedStatusModuleProvider$Module.updateDeviceLockedStatus():103 repeatCheckTimes = 0, locked = false
02-23 03:56:50.701  5130  5130 D BoundBrokerSvc: onBind: Intent { act=com.google.android.gms.measurement.START pkg=com.google.android.gms }
02-23 03:56:50.701  5130  5130 D BoundBrokerSvc: Loading bound service for intent: Intent { act=com.google.android.gms.measurement.START pkg=com.google.android.gms }
02-23 03:56:50.702 19846 19846 I GoogleInputMethodService: GoogleInputMethodService.onStartInput():1384 onStartInput(EditorInfo{EditorInfo{packageName=net.oneplus.launcher, inputType=0, inputTypeString=NULL, enableLearning=false, autoCorrection=false, autoComplete=false, imeOptions=0, privateImeOptions=null, actionName=UNSPECIFIED, actionLabel=null, initialSelStart=-1, initialSelEnd=-1, initialCapsMode=0, label=null, fieldId=-1, fieldName=null, extras=null, hintText=null, hintLocales=[]}}, false)
02-23 03:56:50.705 19846 19846 I Module  : DeviceLockedStatusModuleProvider$Module.updateDeviceLockedStatus():103 repeatCheckTimes = 1, locked = false
02-23 03:56:50.706  2925  2925 D PhoneStatusBarView: getCompatMode: mode:0 ops:3
02-23 03:56:50.706  2925  2925 I PhoneStatusBarView: isFullAndNotchEnabled() isFullMode=false pkg=net.oneplus.launcher isCameraNotchIgnoreSetting=false, uid=10175
02-23 03:56:50.707  1597  2751 I chatty  : uid=1000(system) TaskSnapshotPer expire 1 line
02-23 03:56:50.707  1597  1597 V SettingsProvider: Notifying for 0: content://settings/secure/reminder_exp_learning_time_elapsed
02-23 03:56:50.708  1597  2511 I chatty  : uid=1000(system) Binder:1597_1 expire 577 lines
02-23 03:56:50.708  2888  3872 I BtGatt.ScanManager: msg.what = 6
02-23 03:56:50.711  2925  2955 W System  : A resource failed to call close. 
02-23 03:56:50.711  2925  2955 W System  : A resource failed to call close. 
02-23 03:56:50.732  2797  5284 D ClockIconDelegate: DynamicIcon check needInvalidate true, oldHour = 3, newHour = 3, obj = net.oneplus.launcher.dynamicicon.clock.ClockIconDelegate@a690ace
02-23 03:56:50.736  2797  5284 D DynamicIconUtil: bitmap size = 235, 235, drawable bounds = Rect(0, 0 - 147, 147), alpha = 255
02-23 03:56:50.740  1597  2751 I chatty  : uid=1000(system) TaskSnapshotPer expire 1 line
02-23 03:56:50.740  2797  5284 D DynamicIconUtil: bitmap size = 235, 235, drawable bounds = Rect(0, 0 - 147, 147), alpha = 255
02-23 03:56:50.744  2797  5284 D DynamicIconUtil: bitmap size = 235, 235, drawable bounds = Rect(0, 0 - 147, 147), alpha = 255
02-23 03:56:50.747  2797  5284 D DynamicIconUtil: bitmap size = 235, 235, drawable bounds = Rect(0, 0 - 147, 147), alpha = 255
02-23 03:56:50.748  2797  5284 D DynamicIconUpdatedTask: DynamicIconUpdatedTask end
02-23 03:56:50.748  2797  2797 D Launcher: bindAppsAddedOrUpdated: [AppInfo(id=-1 type=APP container=-1 screen=-1 cell(-1,-1) span(1,1) minSpan(1,1) rank=0 user=UserHandle{0} title=Clock hidden=false dirty = false newInstallTag=null componentName=ComponentInfo{com.oneplus.deskclock/com.oneplus.deskclock.DeskClock} searchResult=null suggestionApp=null)]
02-23 03:56:50.749  2797  2797 D DeviceHelper: isIndiaSkuSupports: this= 18801 , is SKU: false
02-23 03:56:50.749  2797  2797 D DeviceHelper: isIndiaSkuSupports: this= 18801 , is SKU: false
02-23 03:56:50.749  2797  2797 D AlphabeticalAppsList: refillAdapterItems# app: 48, recent: 0, suggestion: 0, adapter: 48, hide games: 0, searchResults:  null, filtered: 48. AppsStore# app: 48, recent: 0
02-23 03:56:50.749  2797  2797 D DeviceHelper: isIndiaSkuSupports: this= 18801 , is SKU: false
02-23 03:56:50.749  2797  2797 D AlphabeticalAppsList: refillAdapterItems# app: 48, recent: 0, suggestion: 0, adapter: 48, hide games: 0, searchResults:  null, filtered: 48. AppsStore# app: 48, recent: 0
02-23 03:56:50.749  2797  2797 D AlphabeticalHiddenAppsList: [refillAdapterItems] hidden app size = 1
02-23 03:56:50.749  2797  2797 D AlphabeticalHiddenAppsList: [updateAdapterItems] hasFilter: false, filtersAppInfos size = 48, mAdapterItems size = 1
02-23 03:56:50.750  1597  2560 I chatty  : uid=1000(system) android.display expire 121 lines
02-23 03:56:50.750  2797  2797 D AllAppsStore: notifyUpdate count = 6. (0) net.oneplus.launcher.allapps.-$$Lambda$5tYtGnC2pfJ4XjcysOSp9_vUsUM@bfe0b9c. (1) net.oneplus.launcher.allapps.AlphabeticalAppsList@d54ed2b. (2) net.oneplus.launcher.allapps.AlphabeticalAppsList@7ae4588. (3) net.oneplus.launcher.allapps.AlphabeticalHiddenAppsList@d933b21. (4) net.oneplus.launcher.allapps.-$$Lambda$AllAppsContainerView$lOkEWdzg80XCafQCzM8yI6Nmpk0@3a6b46. (5) net.oneplus.launcher.allapps.search.AppsSearchContainerLayout{993b3c2 VFED..CL. ......ID 211,28-869,259 #7f0b0388 app:id/search_all_apps}. 
02-23 03:56:50.750  2797  2797 D QuickPage: setPackageState: com.oneplus.deskclock, 0, 0
02-23 03:56:50.750  2797  2797 D FrequentAppsGrid: onDynamicIconChanged: ComponentName= ComponentInfo{com.oneplus.deskclock/com.oneplus.deskclock.DeskClock}, user = UserHandle{0}
02-23 03:56:50.750  2797  2797 D ToolBoxGrid: onDynamicIconChanged: ComponentName= ComponentInfo{com.oneplus.deskclock/com.oneplus.deskclock.DeskClock}, user = UserHandle{0}
02-23 03:56:50.750  2797  2797 D Launcher.Utilities: getShelfShortcutInfoUpdateList: ComponentName= ComponentInfo{com.oneplus.deskclock/com.oneplus.deskclock.DeskClock}, user = UserHandle{0}
02-23 03:56:50.750  2797  2797 D OPSearchPlus: collapse_bar -- SearchPlusView -- verticalOffset = 1.0
02-23 03:56:50.750  2797  2797 D OPSearchPlus: collapse_bar -- SearchPlusView -- AppBarDrawable Alpha = 0
02-23 03:56:50.750  2797  2797 D Launcher.Workspace: DynamicIcon Workspace updateCurrentPageDynamicIconState success
02-23 03:56:50.757  2797  7908 E neplus.launche: Invalid ID 0x00000000.
02-23 03:56:50.757  2797  7908 E neplus.launche: Invalid ID 0x00000000.
02-23 03:56:50.757  2797  7908 E neplus.launche: Invalid ID 0x00000000.
02-23 03:56:50.757  2797  7908 E neplus.launche: Invalid ID 0x00000000.
02-23 03:56:50.758  1597  2560 D NotDeveloper: processing get from com.dsi.ant.server with arg ro.board.platform
02-23 03:56:50.758  1597  2560 D NotDeveloper: processing getStringForUser from com.dsi.ant.server with arg copy_file_endtag
02-23 03:56:50.758  1597  2560 D NotDeveloper: processed getStringForUser(copy_file_endtag) without changing result
02-23 03:56:50.758  1597  2560 D NotDeveloper: processing getStringForUser from com.dsi.ant.server with arg copy_file_endtag
02-23 03:56:50.758  1597  2560 D NotDeveloper: processed getStringForUser(copy_file_endtag) without changing result
02-23 03:56:50.758  1597  2560 D NotDeveloper: processing get from com.dsi.ant.server with arg ro.board.platform
02-23 03:56:50.758  1597  2560 I chatty  : uid=1000(system) android.display identical 3 lines
02-23 03:56:50.758  1597  2560 D NotDeveloper: processing get from com.dsi.ant.server with arg ro.board.platform
02-23 03:56:50.758  1597  2560 D NotDeveloper: processing getStringForUser from com.dsi.ant.server with arg copy_file_endtag
02-23 03:56:50.758  1597  2560 D NotDeveloper: processed getStringForUser(copy_file_endtag) without changing result
02-23 03:56:50.758  1597  2560 D NotDeveloper: processing getStringForUser from com.dsi.ant.server with arg copy_file_endtag
02-23 03:56:50.758  1597  2560 D NotDeveloper: processed getStringForUser(copy_file_endtag) without changing result
02-23 03:56:50.759  1597  2560 D NotDeveloper: processing getStringForUser from com.dsi.ant.server with arg copy_file_endtag
02-23 03:56:50.759  1597  2560 D NotDeveloper: processed getStringForUser(copy_file_endtag) without changing result
02-23 03:56:50.759  1597  2560 D NotDeveloper: processing getStringForUser from com.dsi.ant.server with arg copy_file_endtag
02-23 03:56:50.759  1597  2560 D NotDeveloper: processed getStringForUser(copy_file_endtag) without changing result
02-23 03:56:50.759  1597  2560 D NotDeveloper: processing get from com.dsi.ant.server with arg ro.board.platform
02-23 03:56:50.759  1597  2560 I chatty  : uid=1000(system) android.display identical 8 lines
02-23 03:56:50.759  1597  2560 D NotDeveloper: processing get from com.dsi.ant.server with arg ro.board.platform
02-23 03:56:50.759  1597  2560 D NotDeveloper: processing getStringForUser from com.dsi.ant.server with arg copy_file_endtag
02-23 03:56:50.759  1597  2560 D NotDeveloper: processed getStringForUser(copy_file_endtag) without changing result
02-23 03:56:50.760  1597  2560 D NotDeveloper: processing getStringForUser from com.dsi.ant.server with arg copy_file_endtag
02-23 03:56:50.760  1597  2560 D NotDeveloper: processed getStringForUser(copy_file_endtag) without changing result
02-23 03:56:50.760  1597  2560 D NotDeveloper: processing get from com.dsi.ant.server with arg ro.board.platform
02-23 03:56:50.760  1597  2560 I chatty  : uid=1000(system) android.display identical 3 lines
02-23 03:56:50.760  1597  2560 D NotDeveloper: processing get from com.dsi.ant.server with arg ro.board.platform
02-23 03:56:50.760  1597  2560 D NotDeveloper: processing getStringForUser from com.dsi.ant.server with arg copy_file_endtag
02-23 03:56:50.760  1597  2560 D NotDeveloper: processed getStringForUser(copy_file_endtag) without changing result
02-23 03:56:50.760  1597  2560 D NotDeveloper: processing getStringForUser from com.dsi.ant.server with arg copy_file_endtag
02-23 03:56:50.760  1597  2560 D NotDeveloper: processed getStringForUser(copy_file_endtag) without changing result
02-23 03:56:50.760  1597  2560 D NotDeveloper: processing get from com.dsi.ant.server with arg ro.board.platform
02-23 03:56:50.760  1597  2560 I chatty  : uid=1000(system) android.display identical 3 lines
02-23 03:56:50.760  1597  2560 D NotDeveloper: processing get from com.dsi.ant.server with arg ro.board.platform
02-23 03:56:50.761  1597  2560 D NotDeveloper: processing getStringForUser from com.dsi.ant.server with arg copy_file_endtag
02-23 03:56:50.761  1597  2560 D NotDeveloper: processed getStringForUser(copy_file_endtag) without changing result
02-23 03:56:50.761  1597  2560 D NotDeveloper: processing getStringForUser from com.dsi.ant.server with arg copy_file_endtag
02-23 03:56:50.761  1597  2560 D NotDeveloper: processed getStringForUser(copy_file_endtag) without changing result
02-23 03:56:50.761  1597  2560 D NotDeveloper: processing get from com.dsi.ant.server with arg ro.board.platform
02-23 03:56:50.761  1597  2560 I chatty  : uid=1000(system) android.display identical 3 lines
02-23 03:56:50.761  1597  2560 D NotDeveloper: processing get from com.dsi.ant.server with arg ro.board.platform
02-23 03:56:50.761  1597  2560 D NotDeveloper: processing getStringForUser from com.dsi.ant.server with arg copy_file_endtag
02-23 03:56:50.761  1597  2560 D NotDeveloper: processed getStringForUser(copy_file_endtag) without changing result
02-23 03:56:50.761  1597  2560 D NotDeveloper: processing getStringForUser from com.dsi.ant.server with arg copy_file_endtag
02-23 03:56:50.761  1597  2560 D NotDeveloper: processed getStringForUser(copy_file_endtag) without changing result
02-23 03:56:50.761  1597  2560 D NotDeveloper: processing get from com.dsi.ant.server with arg ro.board.platform
02-23 03:56:50.762  1597  2560 I chatty  : uid=1000(system) android.display identical 3 lines
02-23 03:56:50.762  1597  2560 D NotDeveloper: processing get from com.dsi.ant.server with arg ro.board.platform
02-23 03:56:50.762  1597  2560 D NotDeveloper: processing getStringForUser from com.dsi.ant.server with arg copy_file_endtag
02-23 03:56:50.762  1597  2560 D NotDeveloper: processed getStringForUser(copy_file_endtag) without changing result
02-23 03:56:50.762  1597  2560 D NotDeveloper: processing getStringForUser from com.dsi.ant.server with arg copy_file_endtag
02-23 03:56:50.762  1597  2560 D NotDeveloper: processed getStringForUser(copy_file_endtag) without changing result
02-23 03:56:50.762  1597  2560 D NotDeveloper: processing get from com.dsi.ant.server with arg ro.board.platform
02-23 03:56:50.762  1597  2560 I chatty  : uid=1000(system) android.display identical 3 lines
02-23 03:56:50.762  1597  2560 D NotDeveloper: processing get from com.dsi.ant.server with arg ro.board.platform
02-23 03:56:50.762  1597  2560 D NotDeveloper: processing getStringForUser from com.dsi.ant.server with arg copy_file_endtag
02-23 03:56:50.762  1597  2560 D NotDeveloper: processed getStringForUser(copy_file_endtag) without changing result
02-23 03:56:50.762  1597  2560 D NotDeveloper: processing getStringForUser from com.dsi.ant.server with arg copy_file_endtag
02-23 03:56:50.762  1597  2560 D NotDeveloper: processed getStringForUser(copy_file_endtag) without changing result
02-23 03:56:50.763  1597  2560 D NotDeveloper: processing get from com.dsi.ant.server with arg ro.board.platform
02-23 03:56:50.763  1597  2560 I chatty  : uid=1000(system) android.display identical 3 lines
02-23 03:56:50.763  1597  2560 D NotDeveloper: processing get from com.dsi.ant.server with arg ro.board.platform
02-23 03:56:50.763  1597  2560 D NotDeveloper: processing getStringForUser from com.dsi.ant.server with arg copy_file_endtag
02-23 03:56:50.763  1597  2560 D NotDeveloper: processed getStringForUser(copy_file_endtag) without changing result
02-23 03:56:50.763  1597  2560 D NotDeveloper: processing getStringForUser from com.dsi.ant.server with arg copy_file_endtag
02-23 03:56:50.763  1597  2560 D NotDeveloper: processed getStringForUser(copy_file_endtag) without changing result
02-23 03:56:50.763  1597  2560 D NotDeveloper: processing get from com.dsi.ant.server with arg ro.board.platform
02-23 03:56:50.763  1597  2560 I chatty  : uid=1000(system) android.display identical 3 lines
02-23 03:56:50.763  1597  2560 D NotDeveloper: processing get from com.dsi.ant.server with arg ro.board.platform
02-23 03:56:50.763  1597  2560 D NotDeveloper: processing getStringForUser from com.dsi.ant.server with arg copy_file_endtag
02-23 03:56:50.763  1597  2560 D NotDeveloper: processed getStringForUser(copy_file_endtag) without changing result
02-23 03:56:50.764  1597  2560 D NotDeveloper: processing getStringForUser from com.dsi.ant.server with arg copy_file_endtag
02-23 03:56:50.764  1597  2560 D NotDeveloper: processed getStringForUser(copy_file_endtag) without changing result
02-23 03:56:50.764  1597  2560 D NotDeveloper: processing get from com.dsi.ant.server with arg ro.board.platform
02-23 03:56:50.764  1597  2560 I chatty  : uid=1000(system) android.display identical 3 lines
02-23 03:56:50.764  1597  2560 D NotDeveloper: processing get from com.dsi.ant.server with arg ro.board.platform
02-23 03:56:50.764  1597  2560 D NotDeveloper: processing getStringForUser from com.dsi.ant.server with arg copy_file_endtag
02-23 03:56:50.764  1597  2560 D NotDeveloper: processed getStringForUser(copy_file_endtag) without changing result
02-23 03:56:50.764  1597  2560 D NotDeveloper: processing getStringForUser from com.dsi.ant.server with arg copy_file_endtag
02-23 03:56:50.764  1597  2560 D NotDeveloper: processed getStringForUser(copy_file_endtag) without changing result
02-23 03:56:50.764  1597  2560 D NotDeveloper: processing get from com.dsi.ant.server with arg ro.board.platform
02-23 03:56:50.764  1597  2560 I chatty  : uid=1000(system) android.display identical 3 lines
02-23 03:56:50.764  1597  2560 D NotDeveloper: processing get from com.dsi.ant.server with arg ro.board.platform
02-23 03:56:50.765  1597  2560 D NotDeveloper: processing getStringForUser from com.dsi.ant.server with arg copy_file_endtag
02-23 03:56:50.765  1597  2560 D NotDeveloper: processed getStringForUser(copy_file_endtag) without changing result
02-23 03:56:50.765  1597  2560 D NotDeveloper: processing getStringForUser from com.dsi.ant.server with arg copy_file_endtag
