02-23 13:09:38.862  4359  4359 D SMTBootPNReceiver: On Smartech Boot Receiver called
02-23 13:09:38.863  4900  6109 D BinderSender: onUidCachedChanged: uid=99019
02-23 13:09:38.864  4900  6109 V BinderSender: Uid 99019 already starts
02-23 13:09:38.864  4900  6109 D BinderSender: onUidCachedChanged: uid=99019, cached=false
02-23 13:09:38.864  4900  6109 V BinderSender: Uid 99019 already starts
02-23 13:09:38.864  4900  6109 D BinderSender: onUidCachedChanged: uid=10616
02-23 13:09:38.864  4900  6109 V BinderSender: Uid 10616 already starts
02-23 13:09:38.864  4900  6109 D BinderSender: onUidCachedChanged: uid=10616, cached=false
02-23 13:09:38.864  4900  6109 V BinderSender: Uid 10616 already starts
02-23 13:09:38.864  4900  6109 D BinderSender: onUidCachedChanged: uid=10460
02-23 13:09:38.864  4900  6109 V BinderSender: Uid 10460 already starts
02-23 13:09:38.864  4900  6109 D BinderSender: onUidCachedChanged: uid=10460, cached=false
02-23 13:09:38.864  4900  6109 V BinderSender: Uid 10460 already starts
02-23 13:09:38.866  4359 16041 I LSPosedContext: com.gauravssnl.bypassrootcheck.pro: App tried to access root related file :: /data/user/0/com.hdfcfund.investor/shared_prefs/com.google.android.gms.measurement.prefs.xml , so bypass it
02-23 13:09:38.866  2768  3468 D BackgroundInstallControlService: Package event received: 0
02-23 13:09:38.866  2768  3468 D BackgroundInstallControlService: Package event received: 0
02-23 13:09:38.866  2768  3468 D BackgroundInstallControlService: Package event received: 0
02-23 13:09:38.867  2768  3468 D BackgroundInstallControlService: Package event received: 0
02-23 13:09:38.867  2768  3468 D BackgroundInstallControlService: Package event received: 0
02-23 13:09:38.867  2768  3468 D BackgroundInstallControlService: Package event received: 0
02-23 13:09:38.868  4359 16041 I NativeHookerByGauravssnl: App tried to check root related files, so bypass it
02-23 13:09:38.869  4359 16041 I LSPosedContext: com.gauravssnl.bypassrootcheck.pro: App tried to access root related file :: /data/user/0/com.hdfcfund.investor/shared_prefs/com.google.android.gms.measurement.prefs.xml , so bypass it
02-23 13:09:38.871  4359 16041 I NativeHookerByGauravssnl: App tried to check root related files, so bypass it
02-23 13:09:38.871  4359 16041 I LSPosedContext: com.gauravssnl.bypassrootcheck.pro: App tried to access root related file :: /data/user/0/com.hdfcfund.investor/shared_prefs/com.google.android.gms.measurement.prefs.xml , so bypass it
02-23 13:09:38.873  4359 16051 I Hansel  : vmo initialised
02-23 13:09:38.874  4359 16041 I NativeHookerByGauravssnl: App tried to check root related files, so bypass it
02-23 13:09:38.874  4359 16041 I LSPosedContext: com.gauravssnl.bypassrootcheck.pro: App tried to access root related file :: /data/user/0/com.hdfcfund.investor/shared_prefs/com.google.android.gms.measurement.prefs.xml , so bypass it
02-23 13:09:38.875  4359 16041 I NativeHookerByGauravssnl: App tried to check root related files, so bypass it
02-23 13:09:38.875  4359 16041 I LSPosedContext: com.gauravssnl.bypassrootcheck.pro: App tried to access root related file :: /data/user/0/com.hdfcfund.investor/shared_prefs/com.google.android.gms.measurement.prefs.xml , so bypass it
02-23 13:09:38.875  4359 16041 I NativeHookerByGauravssnl: App tried to check root related files, so bypass it
02-23 13:09:38.876  4359 16041 I LSPosedContext: com.gauravssnl.bypassrootcheck.pro: App tried to access root related file :: /data/user/0/com.hdfcfund.investor/shared_prefs/com.google.android.gms.measurement.prefs.xml , so bypass it
02-23 13:09:38.877  4359 16041 I NativeHookerByGauravssnl: App tried to check root related files, so bypass it
02-23 13:09:38.877  4359 16041 I LSPosedContext: com.gauravssnl.bypassrootcheck.pro: App tried to access root related file :: /data/user/0/com.hdfcfund.investor/shared_prefs/com.google.android.gms.measurement.prefs.xml , so bypass it
02-23 13:09:38.877  4359 16051 I Hansel  : actm initialised
02-23 13:09:38.878  4359 16041 I NativeHookerByGauravssnl: App tried to check root related files, so bypass it
02-23 13:09:38.880  4359  4359 I fcfund.investor: AssetManager2(0xb400007d8fdab628) locale list changing from [] to [en-US]
02-23 13:09:38.884  4359 16060 I SMTNotificationTable: getScheduledNotification()
02-23 13:09:38.884  4359 16051 I Hansel  : sm initialised
02-23 13:09:38.885  4359 16060 D SMTAlarm: onBootComplete.
02-23 13:09:38.888  4359 16051 I Hansel  : tm initialised
02-23 13:09:38.888  4359  4359 D DesktopModeFlagsUtil: Toggle override initialized to: OVERRIDE_UNSET
02-23 13:09:38.888  4359 16051 I Hansel  : jm initialised
02-23 13:09:38.888  4359 16051 I Hansel  : Hansel SDK initialization complete
02-23 13:09:38.889  4359 16025 I LSPosedContext: com.gauravssnl.bypassrootcheck.pro: App tried to access root related file :: /data/user/0/com.hdfcfund.investor/shared_prefs/experiences_su.xml.bak , so bypass it
02-23 13:09:38.889  2768 12272 I BroadcastQueue: BOOT_COMPLETED_BROADCAST_COMPLETION_LATENCY_REPORTED action:android.intent.action.LOCKED_BOOT_COMPLETED dispatchLatency:1 completeLatency:654 dispatchRealLatency:0 completeRealLatency:1093 receiversSize:1 userId:0 userType:android.os.usertype.full.SYSTEM
02-23 13:09:38.889  4359 16025 I LSPosedContext: com.gauravssnl.bypassrootcheck.pro: App tried to access root related file :: /data/user/0/com.hdfcfund.investor/shared_prefs/experiences_su.xml , so bypass it
02-23 13:09:38.889  4359 16025 I NativeHookerByGauravssnl: App tried to check root related files, so bypass it
02-23 13:09:38.891  2768 12272 E ActivityTaskManager: Activity start ONLY allowed by BAL_ALLOW_GRACE_PERIOD within 10000ms grace period (33ms): [callingPackage: com.hdfcfund.investor; callingPackageTargetSdk: 36; callingUid: 10616; callingPid: 4359; appSwitchState: 2; callingUidHasVisibleActivity: false; callingUidHasNonAppVisibleWindow: false; callingUidProcState: TOP; isCallingUidPersistentSystemProcess: false; allowBalExemptionForSystemProcess: false; intent: Intent { flg=0x10000 cmp=com.hdfcfund.investor/smw.GS }; callerApp: ProcessRecord{8e29164 4359:com.hdfcfund.investor/u0a616}; inVisibleTask: false; balAllowedByPiCreator: BSP.ALLOW_BAL; balAllowedByPiCreatorWithHardening: BSP.ALLOW_BAL; resultIfPiCreatorAllowsBal: BAL_ALLOW_GRACE_PERIOD; callerStartMode: MODE_BACKGROUND_ACTIVITY_START_SYSTEM_DEFINED; hasRealCaller: true; isCallForResult: false; isPendingIntent: false; autoOptInReason: notPendingIntent; realCallingPackage: com.hdfcfund.investor; realCallingPackageTargetSdk: 36; realCallingUid: 10616; realCallingPid: 4359; realCallingUidHasVisibleActivity: false; realCallingUidHasNonAppVisibleWindow: false; realCallingUidProcState: TOP; isRealCallingUidPersistentSystemProcess: false; originatingPendingIntent: null; realCallerApp: ProcessRecord{8e29164 4359:com.hdfcfund.investor/u0a616}; realInVisibleTask: false; balAllowedByPiSender: BSP.ALLOW_BAL; resultIfPiSenderAllowsBal: BAL_ALLOW_GRACE_PERIOD; realCallerStartMode: MODE_BACKGROUND_ACTIVITY_START_SYSTEM_DEFINED; balRequireOptInByPendingIntentCreator: true; balDontBringExistingBackgroundTaskStackToFg: true]
02-23 13:09:38.892  2768 12272 V GrammaticalInflectionUtils: AttributionSource: android.content.AttributionSource@f0eb52c3 does not have READ_SYSTEM_GRAMMATICAL_GENDER permission.
02-23 13:09:38.892  2768 12272 W OptProp : Cannot read opt property android.window.PROPERTY_COMPAT_ALLOW_RESIZEABLE_ACTIVITY_OVERRIDES
02-23 13:09:38.892  2768 12272 W OptProp : Cannot read opt property android.window.PROPERTY_COMPAT_ALLOW_MIN_ASPECT_RATIO_OVERRIDE
02-23 13:09:38.895  2768 12272 W OptProp : Cannot read opt property android.window.PROPERTY_COMPAT_ALLOW_ORIENTATION_OVERRIDE
02-23 13:09:38.896  2768 12272 D ActivityTaskManager: Temporarily retain top process state for launching app
02-23 13:09:38.897  2768 12272 I ActivityTaskManager: START u0 {flg=0x10000 cmp=com.hdfcfund.investor/smw.GS} with LAUNCH_SINGLE_TASK from uid 10616 (sr=93650687) (BAL_ALLOW_GRACE_PERIOD) result code=0
02-23 13:09:38.901  4900  4954 D BinderSender: onForegroundActivitiesChanged: pid=4359, uid=10616, foregroundActivities=false
02-23 13:09:38.905  4359  4359 D SessionLifecycleService: Service bound to new client on process 4359
02-23 13:09:38.911  4359 16070 D SessionLifecycleService: App has not yet foregrounded. Using previously stored session: null
02-23 13:09:38.911  4359 16070 D SessionLifecycleService: Client android.os.Messenger@7892a3f bound at 14388428. Clients: 1
02-23 13:09:38.924  4359  4359 D SMTBootPNReceiver: On Smartech Boot Receiver called
02-23 13:09:38.928  4359 16060 I SMTNotificationTable: getScheduledNotification()
02-23 13:09:38.928  4359  4359 D SessionLifecycleClient: Connected to SessionLifecycleService. Queue size 0
02-23 13:09:38.928  4359 16060 D SMTAlarm: onBootComplete.
02-23 13:09:38.930  4359  4359 I Hansel  : App did move to background
02-23 13:09:38.930  2768  3468 D BackgroundInstallControlService: Package event received: 0
02-23 13:09:38.935  4900  4954 D BinderSender: onForegroundActivitiesChanged: pid=4359, uid=10616, foregroundActivities=true
02-23 13:09:38.936  3984  3984 D RecentsView: onTaskRemoved: 1086, not handling task stack changes
02-23 13:09:38.937  3984  3984 D RecentsView: onTaskRemoved: 1086, not handling task stack changes
02-23 13:09:38.938  4359  4359 D AppCompatDelegate: Checking for metadata for AppLocalesMetadataHolderService : Service not found
02-23 13:09:38.939  2768  3468 D BackgroundInstallControlService: Package event received: 0
02-23 13:09:38.939  2768  3468 D BackgroundInstallControlService: Package event received: 0
02-23 13:09:38.939  2768  3468 D BackgroundInstallControlService: Package event received: 0
02-23 13:09:38.939  2768  3468 D BackgroundInstallControlService: Package event received: 0
02-23 13:09:38.939  4359  4359 I fcfund.investor: AssetManager2(0xb400007d8fdab928) locale list changing from [] to [en-US]
02-23 13:09:38.939  2768  3468 D BackgroundInstallControlService: Package event received: 0
02-23 13:09:38.939  2768  3468 D BackgroundInstallControlService: Package event received: 0
02-23 13:09:38.941  2768  3348 I BroadcastQueue: BOOT_COMPLETED_BROADCAST_COMPLETION_LATENCY_REPORTED action:android.intent.action.BOOT_COMPLETED dispatchLatency:654 completeLatency:706 dispatchRealLatency:1093 completeRealLatency:1145 receiversSize:2 userId:0 userType:android.os.usertype.full.SYSTEM
02-23 13:09:38.943 28243 16074 D AdvertisingIdClient: AdvertisingIdClient already created.
02-23 13:09:38.943 28243 16074 D AdvertisingIdClient: AdvertisingIdClient is not bounded. Starting to bind it...
02-23 13:09:38.945 28243 16074 D AdvertisingIdClient: AdvertisingIdClient is bounded
02-23 13:09:38.948 28243 16074 I AdvertisingIdClient: shouldSendLog 61223359
02-23 13:09:38.948 28243 16074 I AdvertisingIdClient: GetInfoInternal elapse 5ms
02-23 13:09:38.949  2768  4317 V GrammaticalInflectionUtils: AttributionSource: android.content.AttributionSource@a14c254 does not have READ_SYSTEM_GRAMMATICAL_GENDER permission.
02-23 13:09:38.950  2768  3287 I DIALBOX : Process.start:com.hdfcfund.investor
02-23 13:09:38.957  4198  4198 D BoundBrokerSvc: onRebind: Intent { act=com.google.android.gms.presencemanager.service.START dat=chimera-action:/... cmp=com.google.android.gms/.chimera.PersistentApiService }
02-23 13:09:38.958  4198  4198 D BoundBrokerSvc: onRebind: Intent { act=com.google.android.gms.presencemanager.service.INTERNAL_IDENTITY dat=chimera-action:/... cmp=com.google.android.gms/.chimera.PersistentApiService }
02-23 13:09:38.966  4359 16077 D nativeloader: Load /data/app/~~HXECl7fi848hmEKHjtt1lA==/com.hdfcfund.investor-0g4D6YGdWPZrK1BjCwSdmQ==/lib/arm64/libflutter.so using class loader ns clns-7 (caller=/data/app/~~HXECl7fi848hmEKHjtt1lA==/com.hdfcfund.investor-0g4D6YGdWPZrK1BjCwSdmQ==/base.apk): ok
02-23 13:09:38.968  2768  4317 D FileUtils: Rounded bytes from 7872569344 to 8000000000
02-23 13:09:38.970  4359  4359 W libc    : Access denied finding property "ro.vendor.mediatek.platform"
02-23 13:09:38.971  4198 15013 I NetworkScheduler: (REDACTED) Error inserting %s
02-23 13:09:38.976  1361  1361 D Zygote  : Forked child process 16085
02-23 13:09:38.978  2768  3287 I ActivityManager: Start proc 16085:com.hdfcfund.investor:zvdzrgaokm:smw.ape/u0i143 for service {com.hdfcfund.investor/smw.ape}
02-23 13:09:38.979 16085 16085 I LSPosed : skip injecting into com.hdfcfund.investor:zvdzrgaokm:smw.ape because it's isolated
02-23 13:09:38.984  4359  4359 D vulkan  : searching for layers in '/data/app/~~HXECl7fi848hmEKHjtt1lA==/com.hdfcfund.investor-0g4D6YGdWPZrK1BjCwSdmQ==/lib/arm64'
02-23 13:09:38.985  4359  4359 D vulkan  : searching for layers in '/data/app/~~HXECl7fi848hmEKHjtt1lA==/com.hdfcfund.investor-0g4D6YGdWPZrK1BjCwSdmQ==/base.apk!/lib/arm64-v8a'
02-23 13:09:38.985  4359  4359 D vulkan  : searching for layers in '/data/app/~~HXECl7fi848hmEKHjtt1lA==/com.hdfcfund.investor-0g4D6YGdWPZrK1BjCwSdmQ==/split_config.arm64_v8a.apk!/lib/arm64-v8a'
02-23 13:09:38.985  4359  4359 D vulkan  : searching for layers in '/data/app/~~HXECl7fi848hmEKHjtt1lA==/com.hdfcfund.investor-0g4D6YGdWPZrK1BjCwSdmQ==/split_config.en.apk!/lib/arm64-v8a'
02-23 13:09:38.986  4359  4359 D vulkan  : searching for layers in '/data/app/~~HXECl7fi848hmEKHjtt1lA==/com.hdfcfund.investor-0g4D6YGdWPZrK1BjCwSdmQ==/split_config.xxhdpi.apk!/lib/arm64-v8a'
02-23 13:09:38.986 16085 16085 I zrgaokm:smw.ape: Using CollectorTypeCC GC.
02-23 13:09:38.987  4359  4359 I DMABUFHEAPS: Using : Non-legacy ION heaps
02-23 13:09:38.987  4359  4359 E DMABUFHEAPS: No ion heap of name ion_system_heap exists
02-23 13:09:38.987  4359  4359 E DMABUFHEAPS: No ion heap of name ion_system_heap exists
02-23 13:09:38.987 16085 16085 E zrgaokm:smw.ape: Not starting debugger since process cannot load the jdwp agent.
02-23 13:09:38.990 16085 16085 D nativeloader: Load libframework-connectivity-tiramisu-jni.so using APEX ns com_android_tethering for caller /apex/com.android.tethering/javalib/framework-connectivity-t.jar: ok
02-23 13:09:38.993  4359  4359 I AdrenoVK-0: ===== BEGIN DUMP OF OVERRIDDEN SETTINGS =====
02-23 13:09:38.993  4359  4359 I AdrenoVK-0: ===== END DUMP OF OVERRIDDEN SETTINGS =====
02-23 13:09:38.993  4359 16079 I NativeHookerByGauravssnl: App tried to check root related files, so bypass it
02-23 13:09:38.993  4359 16079 I NativeHookerByGauravssnl: App tried to check root related files, so bypass it
02-23 13:09:38.993  4359  4359 E cutils-trace: Error opening trace file: No such file or directory (2)
02-23 13:09:38.997  4359  4359 E DMABUFHEAPS: No ion heap of name ion_system_heap exists
02-23 13:09:38.997  4359  4359 E DMABUFHEAPS: No ion heap of name ion_system_heap exists
02-23 13:09:39.002  4900  4954 D BinderSender: onUidIdle: uid=99143, disabled=false
02-23 13:09:39.002  4900  4954 V BinderSender: Uid 99143 starts
02-23 13:09:39.003  4359  4359 I AdrenoVK-0: QUALCOMM build          : 5c44054b8b, I064dd7d485
02-23 13:09:39.003  4359  4359 I AdrenoVK-0: Build Date              : 09/12/24
02-23 13:09:39.003  4359  4359 I AdrenoVK-0: Shader Compiler Version : E031.47.14.01
02-23 13:09:39.003  4359  4359 I AdrenoVK-0: Local Branch            : 
02-23 13:09:39.003  4359  4359 I AdrenoVK-0: Remote Branch           : refs/tags/AU_LINUX_ANDROID_LA.VENDOR.12.3.11.00.00.934.442
02-23 13:09:39.003  4359  4359 I AdrenoVK-0: Remote Branch           : NONE
02-23 13:09:39.003  4359  4359 I AdrenoVK-0: Reconstruct Branch      : NOTHING
02-23 13:09:39.003  4359  4359 I AdrenoVK-0: Build Config            : S P 12.1.6 AArch64
02-23 13:09:39.003  4359  4359 I AdrenoVK-0: Driver Path             : /vendor/lib64/hw/vulkan.adreno.so
02-23 13:09:39.003  4359  4359 I AdrenoVK-0: Driver Version          : 0797.0
02-23 13:09:39.003  4359  4359 I AdrenoVK-0: PFP                     : 0x016ee190
02-23 13:09:39.003  4359  4359 I AdrenoVK-0: ME                      : 0x00000000
02-23 13:09:39.003  4359  4359 I AdrenoVK-0: Application Name    : Impeller
02-23 13:09:39.003  4359  4359 I AdrenoVK-0: Application Version : 0x00400000
02-23 13:09:39.003  4359  4359 I AdrenoVK-0: Engine Name         : Impeller
02-23 13:09:39.003  4359  4359 I AdrenoVK-0: Engine Version      : 0x00400000
02-23 13:09:39.003  4359  4359 I AdrenoVK-0: Api Version         : 0x00401000
02-23 13:09:39.005  2768  3286 D ActivityManager: sync unfroze 6811 io.chaldeaprjkt.gamespace for 3
02-23 13:09:39.005  4900  4954 D BinderSender: onUidCachedChanged: uid=99143, cached=true
02-23 13:09:39.007  2768  3468 D BackgroundInstallControlService: Package event received: 0
02-23 13:09:39.008  4359 16079 I NativeHookerByGauravssnl: App tried to check root related files, so bypass it
02-23 13:09:39.008  4359 16079 I NativeHookerByGauravssnl: App tried to check root related files, so bypass it
02-23 13:09:39.009 16085 16085 D ApplicationLoaders: Returning zygote-cached class loader: /system/framework/org.apache.http.legacy.jar
02-23 13:09:39.009 16085 16085 D ApplicationLoaders: Returning zygote-cached class loader: /system_ext/framework/androidx.window.extensions.jar
02-23 13:09:39.009 16085 16085 D ApplicationLoaders: Returning zygote-cached class loader: /system_ext/framework/androidx.window.sidecar.jar
02-23 13:09:39.011 16085 16085 W ziparchive: Unable to open '/data/app/~~HXECl7fi848hmEKHjtt1lA==/com.hdfcfund.investor-0g4D6YGdWPZrK1BjCwSdmQ==/split_config.arm64_v8a.dm': No such file or directory
02-23 13:09:39.011 16085 16085 W ziparchive: Unable to open '/data/app/~~HXECl7fi848hmEKHjtt1lA==/com.hdfcfund.investor-0g4D6YGdWPZrK1BjCwSdmQ==/split_config.arm64_v8a.dm': No such file or directory
02-23 13:09:39.011 16085 16085 W zrgaokm:smw.ape: Entry not found
02-23 13:09:39.011 16085 16085 W ziparchive: Unable to open '/data/app/~~HXECl7fi848hmEKHjtt1lA==/com.hdfcfund.investor-0g4D6YGdWPZrK1BjCwSdmQ==/split_config.en.dm': No such file or directory
02-23 13:09:39.011 16085 16085 W ziparchive: Unable to open '/data/app/~~HXECl7fi848hmEKHjtt1lA==/com.hdfcfund.investor-0g4D6YGdWPZrK1BjCwSdmQ==/split_config.en.dm': No such file or directory
02-23 13:09:39.011 16085 16085 W zrgaokm:smw.ape: Entry not found
02-23 13:09:39.011 16085 16085 W ziparchive: Unable to open '/data/app/~~HXECl7fi848hmEKHjtt1lA==/com.hdfcfund.investor-0g4D6YGdWPZrK1BjCwSdmQ==/split_config.xxhdpi.dm': No such file or directory
02-23 13:09:39.011 16085 16085 W ziparchive: Unable to open '/data/app/~~HXECl7fi848hmEKHjtt1lA==/com.hdfcfund.investor-0g4D6YGdWPZrK1BjCwSdmQ==/split_config.xxhdpi.dm': No such file or directory
02-23 13:09:39.011 16085 16085 W zrgaokm:smw.ape: Entry not found
02-23 13:09:39.012 16085 16085 D nativeloader: Configuring clns-7 for other apk /data/app/~~HXECl7fi848hmEKHjtt1lA==/com.hdfcfund.investor-0g4D6YGdWPZrK1BjCwSdmQ==/base.apk:/data/app/~~HXECl7fi848hmEKHjtt1lA==/com.hdfcfund.investor-0g4D6YGdWPZrK1BjCwSdmQ==/split_config.arm64_v8a.apk:/data/app/~~HXECl7fi848hmEKHjtt1lA==/com.hdfcfund.investor-0g4D6YGdWPZrK1BjCwSdmQ==/split_config.en.apk:/data/app/~~HXECl7fi848hmEKHjtt1lA==/com.hdfcfund.investor-0g4D6YGdWPZrK1BjCwSdmQ==/split_config.xxhdpi.apk. target_sdk_version=36, uses_libraries=, library_path=/data/app/~~HXECl7fi848hmEKHjtt1lA==/com.hdfcfund.investor-0g4D6YGdWPZrK1BjCwSdmQ==/lib/arm64:/data/app/~~HXECl7fi848hmEKHjtt1lA==/com.hdfcfund.investor-0g4D6YGdWPZrK1BjCwSdmQ==/base.apk!/lib/arm64-v8a:/data/app/~~HXECl7fi848hmEKHjtt1lA==/com.hdfcfund.investor-0g4D6YGdWPZrK1BjCwSdmQ==/split_config.arm64_v8a.apk!/lib/arm64-v8a:/data/app/~~HXECl7fi848hmEKHjtt1lA==/com.hdfcfund.investor-0g4D6YGdWPZrK1BjCwSdmQ==/split_config.en.apk!/lib/arm64-v8a:/data/app/~~HXECl7fi848hmEKHjtt1lA==/com.hdfcfund.investor-0g4D6YGdWPZrK1
02-23 13:09:39.016  2768  3204 W System  : A resource failed to call release. 
02-23 13:09:39.037 16085 16085 D nativeloader: Load /data/app/~~HXECl7fi848hmEKHjtt1lA==/com.hdfcfund.investor-0g4D6YGdWPZrK1BjCwSdmQ==/lib/arm64/libhdfcfund_investor.so using class loader ns clns-7 (caller=/data/app/~~HXECl7fi848hmEKHjtt1lA==/com.hdfcfund.investor-0g4D6YGdWPZrK1BjCwSdmQ==/base.apk!classes5.dex): ok
02-23 13:09:39.039  4359  4359 E DMABUFHEAPS: No ion heap of name ion_system_heap exists
02-23 13:09:39.039  4359  4359 E DMABUFHEAPS: No ion heap of name ion_system_heap exists
02-23 13:09:39.041  4359  4359 E DMABUFHEAPS: No ion heap of name ion_system_heap exists
02-23 13:09:39.041  4359  4359 E DMABUFHEAPS: No ion heap of name ion_system_heap exists
02-23 13:09:39.042  4359  4359 I AdrenoVK-0: QUALCOMM build          : 5c44054b8b, I064dd7d485
02-23 13:09:39.042  4359  4359 I AdrenoVK-0: Build Date              : 09/12/24
02-23 13:09:39.042  4359  4359 I AdrenoVK-0: Shader Compiler Version : E031.47.14.01
02-23 13:09:39.042  4359  4359 I AdrenoVK-0: Local Branch            : 
02-23 13:09:39.042  4359  4359 I AdrenoVK-0: Remote Branch           : refs/tags/AU_LINUX_ANDROID_LA.VENDOR.12.3.11.00.00.934.442
02-23 13:09:39.042  4359  4359 I AdrenoVK-0: Remote Branch           : NONE
02-23 13:09:39.042  4359  4359 I AdrenoVK-0: Reconstruct Branch      : NOTHING
02-23 13:09:39.042  4359  4359 I AdrenoVK-0: Build Config            : S P 12.1.6 AArch64
02-23 13:09:39.042  4359  4359 I AdrenoVK-0: Driver Path             : /vendor/lib64/hw/vulkan.adreno.so
02-23 13:09:39.042  4359  4359 I AdrenoVK-0: Driver Version          : 0797.0
02-23 13:09:39.042  4359  4359 I AdrenoVK-0: PFP                     : 0x016ee190
02-23 13:09:39.042  4359  4359 I AdrenoVK-0: ME                      : 0x00000000
02-23 13:09:39.042  4359  4359 I AdrenoVK-0: Application Name    : Impeller
02-23 13:09:39.042  4359  4359 I AdrenoVK-0: Application Version : 0x00400000
02-23 13:09:39.042  4359  4359 I AdrenoVK-0: Engine Name         : Impeller
02-23 13:09:39.042  4359  4359 I AdrenoVK-0: Engine Version      : 0x00400000
02-23 13:09:39.042  4359  4359 I AdrenoVK-0: Api Version         : 0x00401000
02-23 13:09:39.047  4359  4359 I flutter : [IMPORTANT:flutter/shell/platform/android/android_context_vk_impeller.cc(60)] Using the Impeller rendering backend (Vulkan).
02-23 13:09:39.069  4359 16041 I LSPosedContext: com.gauravssnl.bypassrootcheck.pro: App tried to access root related file :: /data/user/0/com.hdfcfund.investor/shared_prefs/com.google.android.gms.measurement.prefs.xml , so bypass it
02-23 13:09:39.071  4359 16041 I NativeHookerByGauravssnl: App tried to check root related files, so bypass it
02-23 13:09:39.075  1520  6275 I QC2Comp : [avcE_14] Stats: Works: Q(42899)/Done(42899)| Work-Rate: Q(0.0/s Avg=7.0/s) Done(0.000/s Avg=7.018/s)| Stream: 10.00fps 33.4Kbps| Pending(0) i/p-done(0)
02-23 13:09:39.084  7871 15972 W adbd    : timed out while waiting for FUNCTIONFS_BIND, trying again
02-23 13:09:39.085  7871 15972 I adbd    : UsbFfs: connection terminated: monitor thread finished
02-23 13:09:39.085  7871  7871 I adbd    : UsbFfs: already offline
02-23 13:09:39.085  7871  7871 I adbd    : UsbFfsConnection being destroyed
02-23 13:09:39.109  7871  7876 I adbd    : opening control endpoint /dev/usb-ffs/adb/ep0
02-23 13:09:39.109  7871  7876 I adbd    : UsbFfsConnection constructed
02-23 13:09:39.110  7871 16121 I adbd    : UsbFfs-monitor thread spawned
02-23 13:09:39.156 16085 16085 I zrgaokm:smw.ape: AssetManager2(0xb400007d2d436228) locale list changing from [] to [en-US]
02-23 13:09:39.161 16085 16085 W ContextImpl: Failed to ensure /data/user/0/com.hdfcfund.investor/files: mkdir failed: ENOENT (No such file or directory)
02-23 13:09:39.168  2768  3468 D BackgroundInstallControlService: Package event received: 0
02-23 13:09:39.170  4900  4952 D BinderSender: onUidCachedChanged: uid=99143
02-23 13:09:39.170  4900  4952 V BinderSender: Uid 99143 already starts
02-23 13:09:39.170  4900  4952 D BinderSender: onUidCachedChanged: uid=99143, cached=false
02-23 13:09:39.170  4900  4952 V BinderSender: Uid 99143 already starts
02-23 13:09:39.171  4359  4359 I System.out: ca=CN=api.hdfcfund.com, O=HDFC Asset Management Company Limited, L=Mumbai, ST=Maharashtra, C=IN
02-23 13:09:39.184  4359  4359 W HWUI    : Image decoding logging dropped!
02-23 13:09:39.193  4359  4359 D SPLASH  : Initializing onespan SDK ...
02-23 13:09:39.194  4359  4359 D SPLASH  : SCREEN_MIRRORINGfalse
02-23 13:09:39.194  4359  4359 V SMTActivityLifecycleCallback: Lifecycle callback - Activity Started
02-23 13:09:39.195  4359  4359 I Smartech: Smartech SDK - v3.4.3, Smartech Push SDK - v3.4.3, Smartech AppInbox SDK - vNA
02-23 13:09:39.195  4359  4359 I Smartech: Smartech app id: 1128c00aae2ba6a1b5fa157ced51358d, guid: 865c8cb2-d8b7-44d8-a1c9-a172dac18d04
02-23 13:09:39.195  4359 16059 I Smartech: SDK debug level: 1
02-23 13:09:39.196  4359 16059 V Smartech: debug level system property: 
02-23 13:09:39.196  4359 16059 I h       : resetUsageForSessionTypeRule()
02-23 13:09:39.196  4359 16059 I h       : getAllInAppRule()
02-23 13:09:39.197  4359 16060 D com.netcore.android.smartechpush.pnpermission.SMTPnPermissionUtility: Current Notification PermissionStatus :: true
02-23 13:09:39.198  4359 16050 V NetworkUtil: network not is null
02-23 13:09:39.198  4359 16047 V NetworkUtil: network not is null
02-23 13:09:39.200  4359  4359 D SPLASH  : SCREEN_MIRRORINGfalse
02-23 13:09:39.201  4359 16076 D SPLASH  : DEBUGGERfalse
02-23 13:09:39.201  4359 16029 D SessionLifecycleClient: Sending lifecycle 1 to service
02-23 13:09:39.202  4359 16070 D SessionLifecycleService: Activity foregrounding at 14388724.
02-23 13:09:39.202  4359 16070 D SessionLifecycleService: Cold start detected.
02-23 13:09:39.203  4359 16070 D SessionLifecycleService: Generated new session 7a10223e19d8455cb7533a02dcffffe7
02-23 13:09:39.203  4359 16070 D SessionLifecycleService: Broadcasting new session: SessionDetails(sessionId=7a10223e19d8455cb7533a02dcffffe7, firstSessionId=7a10223e19d8455cb7533a02dcffffe7, sessionIndex=0, sessionStartTimestampUs=1771832379203000)
02-23 13:09:39.204  4359 16027 D SessionFirelogPublisher: Data Collection is enabled for at least one Subscriber
02-23 13:09:39.208  4359 16040 I FA      : Tag Manager is not found and thus will not be used
02-23 13:09:39.210  4359 16034 D EventGDTLogger: Session Event: {"eventType":1,"sessionData":{"sessionId":"7a10223e19d8455cb7533a02dcffffe7","firstSessionId":"7a10223e19d8455cb7533a02dcffffe7","sessionIndex":0,"eventTimestampUs":1771832379203000,"dataCollectionStatus":{"performance":1,"crashlytics":2,"sessionSamplingRate":1.0},"firebaseInstallationId":"d5i--5Z-QOC58YUBcC9WHF","firebaseAuthenticationToken":"eyJhbGciOiJFUzI1NiIsInR5cCI6IkpXVCJ9.eyJhcHBJZCI6IjE6MTAyMTMzNDU0NDQ5MTphbmRyb2lkOjZiYTk4MGRiODk1NjdiNWQiLCJleHAiOjE3NzI0MzA2MTMsImZpZCI6ImQ1aS0tNVotUU9DNThZVUJjQzlXSEYiLCJwcm9qZWN0TnVtYmVyIjoxMDIxMzM0NTQ0NDkxfQ.AB2LPV8wRQIhAIJoZCz0_fECR_0ZHr1YXzD2OYw9Fd3DOHNTpldrOCSeAiBLfuikDDWu0H3EAITuEMfPBeI-a6NLqvn9JT9HbC48bg"},"applicationInfo":{"appId":"1:1021334544491:android:6ba980db89567b5d","deviceModel":"Redmi K20 Pro","sessionSdkVersion":"2.0.4","osVersion":"15","logEnvironment":3,"androidAppInfo":{"packageName":"com.hdfcfund.investor","versionName":"2.7.1","appBuildVersion":"201","deviceManufacturer":"Xiaomi","currentProcessDetails":{"processName":"com.hdfcfund.investor","pid":4359,"importance":100,"defaultProcess":true},"appProcessDetails":[{"processName":"com.hdfcfund.investor","pid":4359,"importance":100,"defaultProcess":true}]}}}
02-23 13:09:39.210  4359 16034 D SessionFirelogPublisher: Successfully logged Session Start event: 7a10223e19d8455cb7533a02dcffffe7
02-23 13:09:39.218  4359 16138 E perf_hint: createSessionUsingConfig: PerformanceHint cannot create session. PowerHAL is not supported!
02-23 13:09:39.222  4198 14758 I NetworkScheduler: (REDACTED) Error inserting %s
02-23 13:09:39.226  4198 15013 I NetworkScheduler: (REDACTED) Error inserting %s
02-23 13:09:39.229  4359 16029 D SessionLifecycleClient: Sending lifecycle 2 to service
02-23 13:09:39.229  4359 16070 D SessionLifecycleService: Activity backgrounding at 14388752
02-23 13:09:39.231  2768  3468 D BackgroundInstallControlService: Package event received: 0
02-23 13:09:39.245  4359  4359 D SPLASH  : ROOTINGfalse
02-23 13:09:39.245  2768  3207 I ActivityManager: Killing 16085:com.hdfcfund.investor:zvdzrgaokm:smw.ape/u0a616i143 (adj 0): isolated not needed
02-23 13:09:39.246  4900  4954 D BinderSender: onUidCachedChanged: uid=99143, cached=true
02-23 13:09:39.246  4359  4359 D SessionLifecycleClient: Session update received: 7a10223e19d8455cb7533a02dcffffe7
02-23 13:09:39.247  4359 16071 V NetworkUtil: network not is null
02-23 13:09:39.248  4359 16034 D SessionLifecycleClient: Notified CRASHLYTICS of new session 7a10223e19d8455cb7533a02dcffffe7
02-23 13:09:39.249  2768  3207 D CoreBackPreview: Window{7981950 u0 com.hdfcfund.investor/smw.GS}: Setting back callback OnBackInvokedCallbackInfo{mCallback=android.window.IOnBackInvokedCallback$Stub$Proxy@669eb5a, mPriority=0, mIsAnimationCallback=false, mOverrideBehavior=0}
02-23 13:09:39.252  2768  3275 V WindowManager: Sent Transition (#459) createdAt=02-23 13:09:37.627 via request=TransitionRequestInfo { type = OPEN, triggerTask = TaskInfo{userId=0 taskId=1086 effectiveUid=10616 displayId=0 isRunning=true baseIntent=Intent { flg=0x10800000 cmp=com.hdfcfund.investor/.launcher_19ea417d0fe276578fcff928e6e5e72cca0be975ab5d61d89a56c3b8c3e753a6 } baseActivity=ComponentInfo{com.hdfcfund.investor/smw.atf} topActivity=ComponentInfo{com.hdfcfund.investor/smw.atf} origActivity=ComponentInfo{com.hdfcfund.investor/com.hdfcfund.investor.launcher_19ea417d0fe276578fcff928e6e5e72cca0be975ab5d61d89a56c3b8c3e753a6} realActivity=ComponentInfo{com.hdfcfund.investor/smw.atf} numActivities=1 lastActiveTime=62123095 supportsMultiWindow=true resizeMode=1 isResizeable=true minWidth=-1 minHeight=-1 defaultMinSize=220 token=WCT{RemoteToken{26ad18b Task{e5c74cc #1086 type=standard A=10616:com.hdfcfund.investor.launcher_c3c0708e35}}} topActivityType=1 pictureInPictureParams=null shouldDockBigOverlays=false launchIntoPipHostTaskId=-1 lastParentTaskIdBeforePip=-1 displayCutoutSafeInsets=Rect(0, 0 - 0, 0) topActivityInfo=ActivityInfo{fd5c268 com.hdfcfund.investor.launcher_19ea417d0fe276578fcff928e6e5e72cca0be975ab5d61d89a56c3b8c3e753a6} launchCookies=[] positionInParent=Point(0, 0) parentTaskId=-1 isFocused=false isVisible=false isVisibleRequested=false isTopActivityNoDisplay=false isSleeping=true locusId=null displayAreaFeatureId=1 isTopActivityTransparent=false isActivityStackTransparent=false lastNonFullscreenBounds=Rect(276, 643 - 805, 1723) capturedLink=null capturedLinkTimestamp=0 requestedVisibleTypes=-9 topActivityRequestOpenInBrowserEducationTimestamp=0 appCompatTaskInfo=AppCompatTaskInfo { topActivityInSizeCompat=false eligibleForLetterboxEducation= false isLetterboxEducationEnabled= false isLetterboxDoubleTapEnabled= false eligibleForUserAspectRatioButton= false topActivityBoundsLetterboxed= false isFromLetterboxDoubleTap= false topActivityLetterboxVerticalPosition= -1 topActivityLetterboxHorizontalPosition= -1 topActivityLetterboxWidth=-1 topActivityLetterboxHeight=-1 topActivityLetterboxAppWidth=-1 topActivityLetterboxAppHeight=-1 isUserFullscreenOverrideEnabled=false isSystemFullscreenOverrideEnabled=false hasMinAspectRatioOverride=false topActivityLetterboxBounds=null cameraCompatTaskInfo=CameraCompatTaskInfo { freeformCameraCompatMode=inactive}} topActivityMainWindowFrame=null}, pipChange = null, remoteTransition = null, displayChange = null, flags = 0, debugId = 459 }
02-23 13:09:39.252  2768  3275 V WindowManager:     startWCT=WindowContainerTransaction { changes= {} hops= [] errorCallbackToken=null taskFragmentOrganizer=null }
02-23 13:09:39.252  2768  3275 V WindowManager:     info={id=459 t=OPEN f=0x40 trk=0 r=[] c=[]}
02-23 13:09:39.255  2768  3461 I MR2ServiceImpl: Updating composite discovery preference | preference: RouteDiscoveryRequest{ preferredFeatures={}, activeScan=false }, active routers: []
02-23 13:09:39.255  2768  3275 V WindowManager: Finish Transition (#459): created at 02-23 13:09:37.627 collect-started=0.102ms request-sent=43.552ms started=45.349ms ready=1302.863ms sent=1624.758ms finished=1627.651ms
02-23 13:09:39.255  4359 16061 I AdrenoGLES-0: QUALCOMM build                   : 5c44054b8b, I064dd7d485
02-23 13:09:39.255  4359 16061 I AdrenoGLES-0: Build Date                       : 09/12/24
02-23 13:09:39.255  4359 16061 I AdrenoGLES-0: OpenGL ES Shader Compiler Version: E031.47.14.01
02-23 13:09:39.255  4359 16061 I AdrenoGLES-0: Local Branch                     : 
02-23 13:09:39.255  4359 16061 I AdrenoGLES-0: Remote Branch                    : refs/tags/AU_LINUX_ANDROID_LA.VENDOR.12.3.11.00.00.934.442
02-23 13:09:39.255  4359 16061 I AdrenoGLES-0: Remote Branch                    : NONE
02-23 13:09:39.255  4359 16061 I AdrenoGLES-0: Reconstruct Branch               : NOTHING
02-23 13:09:39.255  4359 16061 I AdrenoGLES-0: Build Config                     : S P 12.1.6 AArch64
02-23 13:09:39.255  4359 16061 I AdrenoGLES-0: Driver Path                      : /vendor/lib64/egl/libGLESv2_adreno.so
02-23 13:09:39.255  4359 16061 I AdrenoGLES-0: Driver Version                   : 0797.0
02-23 13:09:39.255  4359 16061 I AdrenoGLES-0: Process Name                     : com.hdfcfund.investor
02-23 13:09:39.255  2768  3207 W UserManagerService: Requested status bar icon for non-badged user 0
02-23 13:09:39.256  2768  3660 W UserManagerService: Requested status bar icon for non-badged user 0
02-23 13:09:39.258  2768  3461 I MR2ServiceImpl: Updating composite discovery preference | preference: RouteDiscoveryRequest{ preferredFeatures={}, activeScan=false }, active routers: []
02-23 13:09:39.259  4359 16048 W SMTSdkInitParser: InApp rules not found
02-23 13:09:39.260  4359 16048 I Smartech: Smartech SDK initialized successfully.
02-23 13:09:39.260  4359 16048 I Smartech: Smartech SDK status Panel: true, SDK: true
02-23 13:09:39.260  4359 16048 I Smartech: SDK initialized from Smartech panel with settings : SmartTechSettings(batchInterval=10, batchSize=30, fetchLocation=false, paEnabled=true, paInterval=15, panelActive=true, sdkActive=true, sessionInterval=30)
02-23 13:09:39.260  4359 16048 I Smartech: SDK debug level: 1
02-23 13:09:39.261  4359 16048 V Smartech: debug level system property: 
02-23 13:09:39.261  4359 16061 I AdrenoGLES-0: PFP: 0x016ee190, ME: 0x00000000
02-23 13:09:39.261  4359 16048 V SMTEventPayload: APP Launch status  false
02-23 13:09:39.263  4359 16048 I e       : insertEvent() result 17
02-23 13:09:39.263  4359 16048 I e       : deleteMultipleEvents()
02-23 13:09:39.263  4359 16048 I SMTEventRecorder: Event name: regular_app_launched
02-23 13:09:39.263  4359 16048 I SMTEventRecorder: Event id: 21
02-23 13:09:39.263  4359 16048 I SMTEventRecorder: Event type: system_app_lifecycle
02-23 13:09:39.263  4359 16048 I SMTEventRecorder: Event Payload: {"networkMode":"Unknown","eventId":21,"attrParams":{},"lng":null,"timeZone":"GMT+05:30","sessionId":"1771832379196","td":0,"screenOrientation":"portrait","identity":"","eventTime":"1771832379261","eventName":"regular_app_launched","lat":null,"retry":0,"lateBind":false}
02-23 13:09:39.263  4359 16048 I SMTEventRecorder: Payload: null
02-23 13:09:39.264  4359 16048 I e       : InApp : Flag is true , Event id 21 present true
02-23 13:09:39.264  4359 16048 I h       : InApp :  0
02-23 13:09:39.266  4359 16048 I Smartech: SmartechAppInbox: null
02-23 13:09:39.266  4359 16048 I Smartech: Geofence value: false
02-23 13:09:39.266  4359 16048 D d       : Processing inapp rules
02-23 13:09:39.266  4359 16048 I h       : deleteOtherInAppRules()
02-23 13:09:39.267  4359 16048 I h       : deleteOtherInAppRules() result 0
02-23 13:09:39.269  4359 16041 I LSPosedContext: com.gauravssnl.bypassrootcheck.pro: App tried to access root related file :: /data/user/0/com.hdfcfund.investor/shared_prefs/com.google.android.gms.measurement.prefs.xml , so bypass it
02-23 13:09:39.272  4359 16041 I NativeHookerByGauravssnl: App tried to check root related files, so bypass it
02-23 13:09:39.273  4359 16041 I LSPosedContext: com.gauravssnl.bypassrootcheck.pro: App tried to access root related file :: /data/user/0/com.hdfcfund.investor/shared_prefs/com.google.android.gms.measurement.prefs.xml , so bypass it
02-23 13:09:39.274  4359 16041 I NativeHookerByGauravssnl: App tried to check root related files, so bypass it
02-23 13:09:39.274  4359 16041 I LSPosedContext: com.gauravssnl.bypassrootcheck.pro: App tried to access root related file :: /data/user/0/com.hdfcfund.investor/shared_prefs/com.google.android.gms.measurement.prefs.xml , so bypass it
02-23 13:09:39.274  4359 16149 I Gralloc4: Adding additional valid usage bits: 0x8202000
02-23 13:09:39.275  4359 16041 I NativeHookerByGauravssnl: App tried to check root related files, so bypass it
02-23 13:09:39.275  4359 16041 I LSPosedContext: com.gauravssnl.bypassrootcheck.pro: App tried to access root related file :: /data/user/0/com.hdfcfund.investor/shared_prefs/com.google.android.gms.measurement.prefs.xml , so bypass it
02-23 13:09:39.276  4359 16041 I NativeHookerByGauravssnl: App tried to check root related files, so bypass it
02-23 13:09:39.276  4359 16041 I LSPosedContext: com.gauravssnl.bypassrootcheck.pro: App tried to access root related file :: /data/user/0/com.hdfcfund.investor/shared_prefs/com.google.android.gms.measurement.prefs.xml , so bypass it
02-23 13:09:39.277  4359 16041 I NativeHookerByGauravssnl: App tried to check root related files, so bypass it
02-23 13:09:39.277  4359 16041 I LSPosedContext: com.gauravssnl.bypassrootcheck.pro: App tried to access root related file :: /data/user/0/com.hdfcfund.investor/shared_prefs/com.google.android.gms.measurement.prefs.xml , so bypass it
02-23 13:09:39.278  4359 16041 I NativeHookerByGauravssnl: App tried to check root related files, so bypass it
02-23 13:09:39.278  4359 16041 I LSPosedContext: com.gauravssnl.bypassrootcheck.pro: App tried to access root related file :: /data/user/0/com.hdfcfund.investor/shared_prefs/com.google.android.gms.measurement.prefs.xml , so bypass it
02-23 13:09:39.279  4359 16041 I NativeHookerByGauravssnl: App tried to check root related files, so bypass it
02-23 13:09:39.313  2768  3275 I ActivityTaskManager: Displayed com.hdfcfund.investor/smw.GS for user 0: +1s249ms
02-23 13:09:39.313  4359  4359 I flutter : SSL Pinning failed: Unable to load asset: "".
02-23 13:09:39.313  4359  4359 E flutter : [ERROR:flutter/runtime/dart_vm_initializer.cc(40)] Unhandled Exception: Unable to load asset: "".
02-23 13:09:39.313  4359  4359 E flutter : #0      PlatformAssetBundle.load.<anonymous closure> (package:flutter/src/services/asset_bundle.dart:333)
02-23 13:09:39.313  4359  4359 E flutter : <asynchronous suspension>
02-23 13:09:39.313  4359  4359 E flutter : #1      DioClient.createDio (package:investor_network/network/api_service.dart:368)
02-23 13:09:39.313  4359  4359 E flutter : <asynchronous suspension>
02-23 13:09:39.313  4359  4359 E flutter : #2      ApiService._init (package:investor_network/network/api_service.dart:27)
02-23 13:09:39.313  4359  4359 E flutter : <asynchronous suspension>
02-23 13:09:39.313  4359  4359 E flutter : 
02-23 13:09:39.313  4359  4359 I flutter : SSL Pinning failed: Unable to load asset: "".
02-23 13:09:39.313  4359  4359 E flutter : [ERROR:flutter/runtime/dart_vm_initializer.cc(40)] Unhandled Exception: Unable to load asset: "".
02-23 13:09:39.313  4359  4359 E flutter : #0      PlatformAssetBundle.load.<anonymous closure> (package:flutter/src/services/asset_bundle.dart:333)
02-23 13:09:39.313  4359  4359 E flutter : <asynchronous suspension>
02-23 13:09:39.313  4359  4359 E flutter : #1      DioClient.createDio (package:investor_network/network/api_service.dart:368)
02-23 13:09:39.313  4359  4359 E flutter : <asynchronous suspension>
02-23 13:09:39.313  4359  4359 E flutter : #2      ApiService._init (package:investor_network/network/api_service.dart:27)
02-23 13:09:39.313  4359  4359 E flutter : <asynchronous suspension>
02-23 13:09:39.313  4359  4359 E flutter : 
02-23 13:09:39.313  4359  4359 I flutter : SSL Pinning failed: Unable to load asset: "".
02-23 13:09:39.313  4359  4359 E flutter : [ERROR:flutter/runtime/dart_vm_initializer.cc(40)] Unhandled Exception: Unable to load asset: "".
02-23 13:09:39.313  4359  4359 E flutter : #0      PlatformAssetBundle.load.<anonymous closure> (package:flutter/src/services/asset_bundle.dart:333)
02-23 13:09:39.313  4359  4359 E flutter : <asynchronous suspension>
02-23 13:09:39.313  4359  4359 E flutter : #1      DioClient.createDio (package:investor_network/network/api_service.dart:368)
02-23 13:09:39.313  4359  4359 E flutter : <asynchronous suspension>
02-23 13:09:39.313  4359  4359 E flutter : #2      ApiService._init (package:investor_network/network/api_service.dart:27)
02-23 13:09:39.313  4359  4359 E flutter : <asynchronous suspension>
02-23 13:09:39.313  4359  4359 E flutter : 
02-23 13:09:39.315  4359  4359 I Hansel  : HSLTrackerModule: Application moved to foreground and firing two internal events
02-23 13:09:39.316  4359  4359 I Hansel  : Sync status: Last sync time is 23 Feb 2026 12:56:22 GMT+05:30
02-23 13:09:39.316  4359  4359 I Hansel  : Sync status: TTL did not expire and the next sync time is 23 Feb 2026 13:11:22 GMT+05:30
02-23 13:09:39.316  4359  4359 I Hansel  : App did move to foreground
02-23 13:09:39.317  2768  4317 D BiometricService: canAuthenticate: User=0, Caller=0, Authenticators=255
02-23 13:09:39.317  2768  4317 D BiometricService/PreAuthInfo: Package: com.hdfcfund.investor Sensor ID: 1008 Modality: 8 Status: 7
02-23 13:09:39.318  2768  4317 D BiometricService/PreAuthInfo: Package: com.hdfcfund.investor Sensor ID: 0 Modality: 2 Status: 7
02-23 13:09:39.318  2768  4317 D BiometricService/PreAuthInfo: getCanAuthenticateInternal Modality: 2 AuthenticatorStatus: 7
02-23 13:09:39.318  2768  4317 D AuthService: canAuthenticate, userId: 0, callingUserId: 0, authenticators: 255, result: 11
02-23 13:09:39.319  4359  4359 I flutter : env===========>prod
02-23 13:09:39.319  4359  4359 I flutter : deviceId===========>
02-23 13:09:39.347  4359 16025 I LSPosedContext: com.gauravssnl.bypassrootcheck.pro: App tried to access root related file :: /data/user/0/com.hdfcfund.investor/shared_prefs/sub_segment_fields.xml.bak , so bypass it
02-23 13:09:39.347  4359 16025 I LSPosedContext: com.gauravssnl.bypassrootcheck.pro: App tried to access root related file :: /data/user/0/com.hdfcfund.investor/shared_prefs/sub_segment_fields.xml , so bypass it
02-23 13:09:39.347  4359 16025 I NativeHookerByGauravssnl: App tried to check root related files, so bypass it
02-23 13:09:39.348  4359 16025 I LSPosedContext: com.gauravssnl.bypassrootcheck.pro: App tried to access root related file :: /data/user/0/com.hdfcfund.investor/shared_prefs/sub_segment_seg.xml.bak , so bypass it
02-23 13:09:39.348  4359 16025 I LSPosedContext: com.gauravssnl.bypassrootcheck.pro: App tried to access root related file :: /data/user/0/com.hdfcfund.investor/shared_prefs/sub_segment_seg.xml , so bypass it
02-23 13:09:39.348  4359 16025 I NativeHookerByGauravssnl: App tried to check root related files, so bypass it
02-23 13:09:39.349  4359 16025 I LSPosedContext: com.gauravssnl.bypassrootcheck.pro: App tried to access root related file :: /data/user/0/com.hdfcfund.investor/shared_prefs/sub_segment_timestamp.xml.bak , so bypass it
02-23 13:09:39.349  4359 16025 I LSPosedContext: com.gauravssnl.bypassrootcheck.pro: App tried to access root related file :: /data/user/0/com.hdfcfund.investor/shared_prefs/sub_segment_timestamp.xml , so bypass it
02-23 13:09:39.349  4359 16025 I NativeHookerByGauravssnl: App tried to check root related files, so bypass it
02-23 13:09:39.350  4359 16025 I LSPosedContext: com.gauravssnl.bypassrootcheck.pro: App tried to access root related file :: /data/user/0/com.hdfcfund.investor/shared_prefs/sub_segment_values.xml.bak , so bypass it
02-23 13:09:39.350  4359 16025 I LSPosedContext: com.gauravssnl.bypassrootcheck.pro: App tried to access root related file :: /data/user/0/com.hdfcfund.investor/shared_prefs/sub_segment_values.xml , so bypass it
02-23 13:09:39.350  4359 16025 I NativeHookerByGauravssnl: App tried to check root related files, so bypass it
02-23 13:09:39.356  1361  1361 I Zygote  : Process 16085 exited due to signal 9 (Killed)
02-23 13:09:39.357  2768  3289 I libprocessgroup: Removed cgroup /sys/fs/cgroup/uid_99143/pid_16085
02-23 13:09:39.358  2768  3276 D DisplayManagerService: Drop pending events for gone uid 99143
02-23 13:09:39.359  4900  4952 D BinderSender: onUidIdle: uid=99143, disabled=false
02-23 13:09:39.360  4900  4952 V BinderSender: Uid 99143 already starts
02-23 13:09:39.360  4900  4952 D BinderSender: onUidGone: uid=99143, disabled=false
02-23 13:09:39.360  4900  4952 V BinderSender: Uid 99143 dead
02-23 13:09:39.360  4900  4954 D BinderSender: onProcessDied: pid=16085, uid=10616
02-23 13:09:39.470  4359 16193 V f       : Creating batch request
02-23 13:09:39.471  4359 16193 I e       : getPendingAndFailedEventsMapWithSize()
02-23 13:09:39.471  4359 16193 I e       : parseAllPayLoadsFromCursor()
02-23 13:09:39.471  4359 16193 I e       : getPayLoadWithRetryCount()
02-23 13:09:39.471  4359 16193 I e       : getPayLoadWithRetryCount()
02-23 13:09:39.472  4359 16193 I e       : deleteMultipleEventRows()
02-23 13:09:39.474  4359 16193 I e       : updateMultipleRowsWithSameColumnValue() result 1
02-23 13:09:39.474  4359 16193 I e       : updateMultipleRowsWithSameColumnValue() result 1
02-23 13:09:39.474  4359 16193 I e       : updateMultipleRowsWithSameColumnValue() result 1
02-23 13:09:39.479  4359  4359 I flutter : 
02-23 13:09:39.479  4359  4359 I flutter : 
02-23 13:09:39.479  4359  4359 I flutter : ==================== Begin API Request Logs ====================
02-23 13:09:39.479  4359  4359 I flutter : URL: https://api.hdfcfund.com/investor/v3/mobile/config/details
02-23 13:09:39.479  4359  4359 I flutter : Method: GET
02-23 13:09:39.479  4359  4359 I flutter : Request Before Encryption: null
02-23 13:09:39.479  4359 16193 I f       : Batch Details Size: 4 and Batch details: [{"appVersion":"2.7.1","deviceWidth":"1080","vendorId":"","appBuild":"201","pushSdkVersion":"3.4.3","radio":"Unknown","deviceHeight":"2340","osVersion":"15","countryCode":"","appId":"1128c00aae2ba6a1b5fa157ced51358d","appBundleId":"com.hdfcfund.investor","eventTime":"1771832379473","eventName":"device_common_data","inboxSdkVersion":"","eventId":"99","deviceMake":"xiaomi","pushTokens":[{"gwSource":1,"pushToken":"d5i--5Z-QOC58YUBcC9WHF:APA91bHlIyVNXoTi31gr9CQzxxrTbJiQCub-cwYCe3IgZvrVbjznS4vNNs_TPdz-yjo4rEPpPoqin30tBqt1FPRbt4tShxJiuK6uenQmbBIoRhxrFcaYrXs","pushTokenOld":"d5i--5Z-QOC58YUBcC9WHF:APA91bHlIyVNXoTi31gr9CQzxxrTbJiQCub-cwYCe3IgZvrVbjznS4vNNs_TPdz-yjo4rEPpPoqin30tBqt1FPRbt4tShxJiuK6uenQmbBIoRhxrFcaYrXs"}],"osName":"android","pushToken":"d5i--5Z-QOC58YUBcC9WHF:APA91bHlIyVNXoTi31gr9CQzxxrTbJiQCub-cwYCe3IgZvrVbjznS4vNNs_TPdz-yjo4rEPpPoqin30tBqt1FPRbt4tShxJiuK6uenQmbBIoRhxrFcaYrXs","advertiserId":"","pushTokenOld":"d5i--5Z-QOC58YUBcC9WHF:APA91bHlIyVNXoTi31gr9CQzxxrTbJiQCub-cwYCe3IgZvrVbjznS4vNNs_TPdz-yjo4rEPpPoqin30tBqt1FPRbt4tShxJiuK6uenQmbBIoRhxrFcaYrXs","carrier":"","bod":2602,"guid":"865c8cb2-d8b7-44d8-a1c9-a172dac18d04","sdkVersion":"3.4.3","deviceModel":"redmi k20 pro","deviceLocale":"en"},{"networkMode":"Unknown","eventId":86,"lng":null,"tokenTs":1771825814883,"timeZone":"GMT+05:30","sessionId":"1771831477869","pushToken":"d5i--5Z-QOC58YUBcC9WHF:APA91bHlIyVNXoTi31gr9CQzxxrTbJiQCub-cwYCe3IgZvrVbjznS4vNNs_TPdz-yjo4rEPpPoqin30tBqt1FPRbt4tShxJiuK6uenQmbBIoRhxrFcaYrXs","td":0,"pushTokenOld":"d5i--5Z-QOC58YUBcC9WHF:APA91bHlIyVNXoTi31gr9CQzxxrTbJiQCub-cwYCe3IgZvrVbjznS4vNNs_TPdz-yjo4rEPpPoqin30tBqt1FPRbt4tShxJiuK6uenQmbBIoRhxrFcaYrXs","screenOrientation":"portrait","identity":"","eventTime":"1771831477988","gwSource":1,"eventName":"pn_token_generated","lat":null,"retry":4},{"networkMode":"unknown","eventId":21,"attrParams":{},"lng":null,"timeZone":"GMT+05:30","sessionId":"1771832169003","td":0,"screenOrientation":"portrait","identity":"","eventTime":"1771832169074","eventName":"regular_app_launched","lat":null,"retry":3,"lateBind":false},{"networkMode":"Unknown","eventId":21,"attrParams":{},"lng":null,"timeZone":"GMT+05:30","sessionId":"1771832379196","td":0,"screenOrientation":"portrait","identity":"","eventTime":"1771832379261","eventName":"regular_app_launched","lat":null,"retry":0,"lateBind":false}]
02-23 13:09:39.479  4359  4359 I flutter : Headers: {app-type: M, appVersion: 2.7.1, applicationPlatform: Android, X-API-VERSION: 3, Authorization: Basic aW52ZXN0b3ItMmZhLWNsaWVudDpJbnZlc3RvcjJmYTEyM1NlY3JldA==, content-type: application/json}
02-23 13:09:39.481  4359  4359 I flutter : Request After Encryption: null
02-23 13:09:39.481  4359  4359 I flutter : ==================== End API Request Logs ====================
02-23 13:09:39.481  4359  4359 I flutter : 
02-23 13:09:39.481  4359  4359 I flutter : 
02-23 13:09:39.481  4359  4359 I flutter : ==================== Begin API Request Logs ====================
02-23 13:09:39.481  4359  4359 I flutter : URL: https://api.hdfcfund.com/investor/v1/force/logout/all
02-23 13:09:39.481  4359  4359 I flutter : Method: POST
02-23 13:09:39.481  4359  4359 I flutter : Request Before Encryption: 
02-23 13:09:39.481  4359  4359 I flutter : Headers: {app-type: M, appVersion: 2.7.1, applicationPlatform: Android, User-Agent: a9b4c4d4e12-316fb0674e282f6b, Authorization: Basic aW52ZXN0b3ItMmZhLWNsaWVudDpJbnZlc3RvcjJmYTEyM1NlY3JldA==, content-type: application/json}
02-23 13:09:39.482  4359  4359 I flutter : Request After Encryption: 
02-23 13:09:39.482  4359  4359 I flutter : ==================== End API Request Logs ====================
02-23 13:09:39.484  4359 16193 E SMTHttpRequestClient: Network issue in calling Smartech URL: https://npn.netcoresmartech.com/app/v1/track_appact?appId=1128c00aae2ba6a1b5fa157ced51358d&appVersion=2.7.1&sdkVersion=3.4.3&td=0
