02-23 03:47:16.623  1472  5269 D NotDeveloper: processed getStringForUser(copy_file_endtag) without changing result
02-23 03:47:16.623  1472  5269 D NotDeveloper: processing getStringForUser from com.dsi.ant.server with arg copy_file_endtag
02-23 03:47:16.623  1472  5269 D NotDeveloper: processed getStringForUser(copy_file_endtag) without changing result
02-23 03:47:16.623  1472  5269 D NotDeveloper: processing get from com.dsi.ant.server with arg ro.board.platform
02-23 03:47:16.624  1472  5269 I chatty  : uid=1000(system) Binder:1472_14 identical 8 lines
02-23 03:47:16.624  1472  5269 D NotDeveloper: processing get from com.dsi.ant.server with arg ro.board.platform
02-23 03:47:16.624  1472  5269 D NotDeveloper: processing getStringForUser from com.dsi.ant.server with arg copy_file_endtag
02-23 03:47:16.624  1472  5269 D NotDeveloper: processed getStringForUser(copy_file_endtag) without changing result
02-23 03:47:16.624  1472  5269 D NotDeveloper: processing getStringForUser from com.dsi.ant.server with arg copy_file_endtag
02-23 03:47:16.624  1472  5269 D NotDeveloper: processed getStringForUser(copy_file_endtag) without changing result
02-23 03:47:16.624  1472  5269 D NotDeveloper: processing get from com.dsi.ant.server with arg ro.board.platform
02-23 03:47:16.624  1472  5269 I chatty  : uid=1000(system) Binder:1472_14 identical 3 lines
02-23 03:47:16.624  1472  5269 D NotDeveloper: processing get from com.dsi.ant.server with arg ro.board.platform
02-23 03:47:16.626  2794  6453 D WM-GreedyScheduler: Cancelling work ID b95bbb3e-eac3-4c37-ad1d-0fe88c2ff57a
02-23 03:47:16.627  2794  6453 D WM-Processor: Processor stopping background work b95bbb3e-eac3-4c37-ad1d-0fe88c2ff57a
02-23 03:47:16.627  2794  6453 D WM-Processor: WorkerWrapper could not be found for b95bbb3e-eac3-4c37-ad1d-0fe88c2ff57a
02-23 03:47:16.627  2794  6453 D WM-StopWorkRunnable: StopWorkRunnable for b95bbb3e-eac3-4c37-ad1d-0fe88c2ff57a; Processor.stopWork = false
02-23 03:47:16.630  2794  2794 D SearchViewController: NewView#ViewChanges top= 80 oldTop= 80
02-23 03:47:16.630  2794  2794 W ToolBoxGrid: notifyToolBoxChanged: mViewHolder is null.
02-23 03:47:16.631  1472  5269 D NotDeveloper: processing get from com.dsi.ant.server with arg ro.board.platform
02-23 03:47:16.631  1472  5269 I chatty  : uid=1000(system) Binder:1472_14 identical 3 lines
02-23 03:47:16.631  1472  5269 D NotDeveloper: processing get from com.dsi.ant.server with arg ro.board.platform
02-23 03:47:16.958  2920  2920 I OpEdgeNavGestureHandler:  mAllowNavGesture touch point is height than NavBarHeight.
02-23 03:47:16.960  2794  2794 D DragController: onControllerInterceptTouchEvent ActionDown pos =341, 345
02-23 03:47:16.962  2794  2794 D TouchInteractionService: onInputEvent# ev: MotionEvent { action=ACTION_DOWN, actionButton=0, id[0]=0, x[0]=341.0, y[0]=345.0, toolType[0]=TOOL_TYPE_FINGER, buttonState=0, classification=NONE, metaState=0, flags=0x0, edgeFlags=0x0, pointerCount=1, historySize=0, eventTime=319171, downTime=319171, deviceId=2, source=0x1002, displayId=0 }
02-23 03:47:17.000 21165 29949 W adbd    : timed out while waiting for FUNCTIONFS_BIND, trying again
02-23 03:47:17.001 21165 29949 I adbd    : UsbFfs: connection terminated: monitor thread finished
02-23 03:47:17.001 21165 21165 I adbd    : UsbFfs: already offline
02-23 03:47:17.001 21165 21165 I adbd    : destroying transport UsbFfs
02-23 03:47:17.001 21165 21165 I adbd    : UsbFfsConnection being destroyed
02-23 03:47:17.015  2794  2794 D DragController: onControllerInterceptTouchEvent ActionUp pos =341.0, 345.0
02-23 03:47:17.027  1472 16484 D NotDeveloper: processing getStringForUser from com.dsi.ant.server with arg driving_mode_state
02-23 03:47:17.028  1472 16484 D NotDeveloper: processed getStringForUser(driving_mode_state) without changing result
02-23 03:47:17.028  1472 16484 D NotDeveloper: processing getStringForUser from com.dsi.ant.server with arg driving_mode_state
02-23 03:47:17.028  1472 16484 D NotDeveloper: processed getStringForUser(driving_mode_state) without changing result
02-23 03:47:17.028  1472 16484 D NotDeveloper: processing getBoolean from com.dsi.ant.server with arg sys.oem.decrypt
02-23 03:47:17.029  1472 16484 I ActivityTaskManager: START u0 {act=android.intent.action.MAIN cat=[android.intent.category.LAUNCHER] flg=0x10200000 cmp=com.nsdlpb.jiffy/.MainActivity bnds=[237,126][439,479]} from uid 10175 pid 2794
02-23 03:47:17.029  1472 16484 I chatty  : uid=1000(system) Binder:1472_1B identical 3 lines
02-23 03:47:17.029  1472 16484 D NotDeveloper: processing getBoolean from com.dsi.ant.server with arg sys.oem.decrypt
02-23 03:47:17.033 21165 21169 I adbd    : opening control endpoint /dev/usb-ffs/adb/ep0
02-23 03:47:17.034  1472 16484 E ANDR-PERF-JNI: com_qualcomm_qtiperformance_native_perf_io_prefetch_start
02-23 03:47:17.035 21165 21169 I adbd    : UsbFfsConnection constructed
02-23 03:47:17.035  1472 16484 D NotDeveloper: processing getStringForUser from com.dsi.ant.server with arg user_setup_complete
02-23 03:47:17.035  1472 16484 D NotDeveloper: processed getStringForUser(user_setup_complete) without changing result
02-23 03:47:17.035  1472 16484 D NotDeveloper: processing getStringForUser from com.dsi.ant.server with arg user_setup_complete
02-23 03:47:17.035  1472 16484 D NotDeveloper: processed getStringForUser(user_setup_complete) without changing result
02-23 03:47:17.036 21165 29953 I adbd    : UsbFfs-monitor thread spawned
02-23 03:47:17.036  1472 16484 V ActivityTaskManager: checkAndUpdateLocalList list: [com.android.chrome, com.autonavi.minimap, com.shuqiyuedu823.google, com.snapchat.android, com.google.android.youtube, com.amazon.avod.thirdpartyclient, com.google.android.apps.maps, com.tencent.qqlive, com.youku.phone, com.qiyi.video, com.duowan.kiwi, tv.danmaku.bili, com.google.android.calendar, com.lingdian.activity, local.pivot.pingmeter, com.whatsapp, com.netflix.mediaclient] UpdateDay: 2
02-23 03:47:17.039  1472 16484 D NotDeveloper: processing getStringForUser from com.dsi.ant.server with arg user_setup_complete
02-23 03:47:17.039  1472 16484 D NotDeveloper: processed getStringForUser(user_setup_complete) without changing result
02-23 03:47:17.039  1472 16484 D NotDeveloper: processing getStringForUser from com.dsi.ant.server with arg user_setup_complete
02-23 03:47:17.039  1472 16484 D NotDeveloper: processed getStringForUser(user_setup_complete) without changing result
02-23 03:47:17.040  1472 16484 D ActivityTaskManager: Updating New task bounds Rect(0, 0 - 0, 0)
02-23 03:47:17.042  1472 16484 D NotDeveloper: processing get from com.dsi.ant.server with arg ro.board.platform
02-23 03:47:17.042  1472 16484 I chatty  : uid=1000(system) Binder:1472_1B identical 3 lines
02-23 03:47:17.042  1472 16484 D NotDeveloper: processing get from com.dsi.ant.server with arg ro.board.platform
02-23 03:47:17.042  1472 16484 D ActivityTrigger: ActivityTrigger activityPauseTrigger 
02-23 03:47:17.044  1255  1287 E ANDR-IOP: io prefetch is disabled
02-23 03:47:17.046  2794  2794 D BaseDraggingActivity: startActivity bookkeeping intent = Intent { act=android.intent.action.MAIN cat=[android.intent.category.LAUNCHER] flg=0x10200000 cmp=com.nsdlpb.jiffy/.MainActivity bnds=[237,126][439,479] }
02-23 03:47:17.046  2794  2794 D Stats   : Intent.getPackage() is null. therefore try to get package name from componentName.getPackageName(): com.nsdlpb.jiffy
02-23 03:47:17.046  2794  2794 D Stats   : Intent.getPackage() is null. therefore try to get package name from componentName.getPackageName(): com.nsdlpb.jiffy
02-23 03:47:17.047  2920  2920 D AssistHandleReminder: callbackForUnlearnedState supportAssistantGesture :true, isH2:false
02-23 03:47:17.047  2920  2920 D AssistHandleReminder: callbackForUnlearnedState isFullyAwake :true, mIsNavBarHidden:false,isSuppressed:true, mOnLockscreen:false, mIsLauncherShowing:false, shouldHideCornerHint:false
02-23 03:47:17.048  1472  2558 D NotDeveloper: processing getStringForUser from com.dsi.ant.server with arg render_shadows_in_compositor
02-23 03:47:17.048  1472  2557 D NotDeveloper: processing get from com.dsi.ant.server with arg debug.checkjni
02-23 03:47:17.048  1472  2558 D NotDeveloper: processed getStringForUser(render_shadows_in_compositor) without changing result
02-23 03:47:17.048  2794  7804 D Stats   : save stats in background ...
02-23 03:47:17.048  1472  2558 D NotDeveloper: processing getStringForUser from com.dsi.ant.server with arg render_shadows_in_compositor
02-23 03:47:17.048  1472  2557 D NotDeveloper: processing get from com.dsi.ant.server with arg debug.checkjni
02-23 03:47:17.048  1472  2558 D NotDeveloper: processed getStringForUser(render_shadows_in_compositor) without changing result
02-23 03:47:17.048  1472  2557 D NotDeveloper: processing get from com.dsi.ant.server with arg debug.checkjni
02-23 03:47:17.048  1472  2558 D NotDeveloper: processing getStringForUser from com.dsi.ant.server with arg render_shadows_in_compositor
02-23 03:47:17.048  1472  2557 D NotDeveloper: processing get from com.dsi.ant.server with arg debug.checkjni
02-23 03:47:17.048  1472  2558 D NotDeveloper: processed getStringForUser(render_shadows_in_compositor) without changing result
02-23 03:47:17.048  1472  2557 D NotDeveloper: processing get from com.dsi.ant.server with arg debug.checkjni
02-23 03:47:17.048  1472  2557 D NotDeveloper: processing get from com.dsi.ant.server with arg debug.generate-debug-info
02-23 03:47:17.048  1472  2557 I chatty  : uid=1000(system) android.display identical 3 lines
02-23 03:47:17.048  1472  2557 D NotDeveloper: processing get from com.dsi.ant.server with arg debug.generate-debug-info
02-23 03:47:17.048  1472  2557 D NotDeveloper: processing get from com.dsi.ant.server with arg dalvik.vm.minidebuginfo
02-23 03:47:17.049  1472  2557 I chatty  : uid=1000(system) android.display identical 3 lines
02-23 03:47:17.049  1472  2557 D NotDeveloper: processing get from com.dsi.ant.server with arg dalvik.vm.minidebuginfo
02-23 03:47:17.049  1472  2557 D NotDeveloper: processing get from com.dsi.ant.server with arg debug.jni.logging
02-23 03:47:17.049  1472  2558 D NotDeveloper: processing getStringForUser from com.dsi.ant.server with arg navigation_mode
02-23 03:47:17.049  1472  2558 D NotDeveloper: processed getStringForUser(navigation_mode) without changing result
02-23 03:47:17.049  1472  2557 D NotDeveloper: processing get from com.dsi.ant.server with arg debug.jni.logging
02-23 03:47:17.049  1472  2558 D NotDeveloper: processing getStringForUser from com.dsi.ant.server with arg navigation_mode
02-23 03:47:17.049  1472  2558 D NotDeveloper: processed getStringForUser(navigation_mode) without changing result
02-23 03:47:17.049  1472  2557 D NotDeveloper: processing get from com.dsi.ant.server with arg debug.jni.logging
02-23 03:47:17.049  1472  2557 I chatty  : uid=1000(system) android.display identical 1 line
02-23 03:47:17.049  1472  2557 D NotDeveloper: processing get from com.dsi.ant.server with arg debug.jni.logging
02-23 03:47:17.049  1472  2557 D NotDeveloper: processing get from com.dsi.ant.server with arg debug.assert
02-23 03:47:17.049  1472  2557 I chatty  : uid=1000(system) android.display identical 3 lines
02-23 03:47:17.049  1472  2557 D NotDeveloper: processing get from com.dsi.ant.server with arg debug.assert
02-23 03:47:17.050  1472  2557 D NotDeveloper: processing get from com.dsi.ant.server with arg debug.ignoreappsignalhandler
02-23 03:47:17.050  1472  2557 I chatty  : uid=1000(system) android.display identical 3 lines
02-23 03:47:17.050  1472  2557 D NotDeveloper: processing get from com.dsi.ant.server with arg debug.ignoreappsignalhandler
02-23 03:47:17.050  1472  2557 D NotDeveloper: processing get from com.dsi.ant.server with arg persist.device_config.runtime_native.use_app_image_startup_cache
02-23 03:47:17.050  1472  2557 D CompatibilityChangeReporter: Compat change id reported: 135634846; UID 10245; state: DISABLED
02-23 03:47:17.050  1472  2557 I chatty  : uid=1000(system) android.display identical 3 lines
02-23 03:47:17.050  1472  2557 D NotDeveloper: processing get from com.dsi.ant.server with arg persist.device_config.runtime_native.use_app_image_startup_cache
02-23 03:47:17.051  1472  2558 D NotDeveloper: processing getInt from com.dsi.ant.server with arg persist.gesture_button.dis
02-23 03:47:17.051  1472  2557 D NotDeveloper: processing get from com.dsi.ant.server with arg wrap.com.nsdlpb.jiffy
02-23 03:47:17.051  1472  2558 D NotDeveloper: processing getInt from com.dsi.ant.server with arg persist.gesture_button.dis
02-23 03:47:17.051  1472  2558 D NotDeveloper: processing getInt from com.dsi.ant.server with arg persist.gesture_button.dis
02-23 03:47:17.051  1472  2557 D NotDeveloper: processing get from com.dsi.ant.server with arg wrap.com.nsdlpb.jiffy
02-23 03:47:17.051  1472  2558 D NotDeveloper: processing getInt from com.dsi.ant.server with arg persist.gesture_button.dis
02-23 03:47:17.051  1472  2557 D NotDeveloper: processing get from com.dsi.ant.server with arg wrap.com.nsdlpb.jiffy
02-23 03:47:17.051  1472  2558 D NotDeveloper: processing getInt from com.dsi.ant.server with arg persist.gesture_button.dis
02-23 03:47:17.051  1472  2557 D NotDeveloper: processing get from com.dsi.ant.server with arg wrap.com.nsdlpb.jiffy
02-23 03:47:17.051  1472  2558 D NotDeveloper: processing getInt from com.dsi.ant.server with arg persist.gesture_button.one.handed.horizontal.shift.rate
02-23 03:47:17.051  1472  2557 D NotDeveloper: processing get from com.dsi.ant.server with arg wrap.com.nsdlpb.jiffy
02-23 03:47:17.051  1472  2558 D NotDeveloper: processing getInt from com.dsi.ant.server with arg persist.gesture_button.one.handed.horizontal.shift.rate
02-23 03:47:17.051  1472  2558 I chatty  : uid=1000(system) android.anim identical 1 line
02-23 03:47:17.051  1472  2558 D NotDeveloper: processing getInt from com.dsi.ant.server with arg persist.gesture_button.one.handed.horizontal.shift.rate
02-23 03:47:17.051  1472  2566 I DIALBOX : Process.start:com.nsdlpb.jiffy
02-23 03:47:17.051  1472  2558 D NotDeveloper: processing getInt from com.dsi.ant.server with arg persist.gesture_button.one.handed.horizontal.shift.rate
02-23 03:47:17.052  1472  2558 D NotDeveloper: processing getInt from com.dsi.ant.server with arg persist.gesture_button.one.handed.trapezoid.upper.scale
02-23 03:47:17.052  1472  2558 I chatty  : uid=1000(system) android.anim identical 3 lines
02-23 03:47:17.052  1472  2558 D NotDeveloper: processing getInt from com.dsi.ant.server with arg persist.gesture_button.one.handed.trapezoid.upper.scale
02-23 03:47:17.052  1472  2558 D NotDeveloper: processing getInt from com.dsi.ant.server with arg persist.gesture_button.one.handed.trapezoid.bottom.scale
02-23 03:47:17.052  1472  2558 I chatty  : uid=1000(system) android.anim identical 3 lines
02-23 03:47:17.052  1472  2558 D NotDeveloper: processing getInt from com.dsi.ant.server with arg persist.gesture_button.one.handed.trapezoid.bottom.scale
02-23 03:47:17.052  1472  2558 D NotDeveloper: processing getStringForUser from com.dsi.ant.server with arg navigation_mode
02-23 03:47:17.053  1472  2558 D NotDeveloper: processed getStringForUser(navigation_mode) without changing result
02-23 03:47:17.053  1472  2558 D NotDeveloper: processing getStringForUser from com.dsi.ant.server with arg navigation_mode
02-23 03:47:17.053  1472  2558 D NotDeveloper: processed getStringForUser(navigation_mode) without changing result
02-23 03:47:17.053  2794  2794 D ItemClickHandler: onClick appShortcut, tag = WorkspaceItemInfo(id=44 type=APP container=desktop screen=2 cell(1,0) span(1,1) minSpan(1,1) rank=0 user=UserHandle{0} title=NSDL Jiffy hidden=false dirty = false newInstallTag=null)
02-23 03:47:17.053  1472  1472 V SettingsProvider: Notifying for 0: content://settings/secure/reminder_exp_learning_time_elapsed
02-23 03:47:17.055  1472  2717 I AS.AudioService: playerEvent: 15 event: 2 isMusicActive:false device:2 currentPackageName:null
02-23 03:47:17.055  1472  2717 D AudioTrack: Uid 1000 AudioTrack::setVolume left 0.501187 right 0.501187
02-23 03:47:17.055  1472  2717 D AudioTrack: ClientUid 1000 AudioTrack::start 
02-23 03:47:17.056  1316  1570 D APM_AudioPolicyManager: startOutput() output 13, stream 1, session 73, portId 31
02-23 03:47:17.056  1316  1570 D APM_AudioPolicyManager: setOutputDevices device {type:0x2,@:} delayMs 0 force 0
02-23 03:47:17.056  1316  1570 D APM_AudioPolicyManager: setOutputDevices() prevDevice {type:0x2,@:}
02-23 03:47:17.056  1316  1570 D APM_AudioPolicyManager: setOutputDevices setting same device {type:0x2,@:} or null device, force=0, patch handle=4
02-23 03:47:17.057  1316  1891 D AudioFlinger: acquireWakeLock_l() count:-9
02-23 03:47:17.057  2794  2794 D Launcher: onPause# hashcode: 243206930
02-23 03:47:17.057  2794  5230 I WeatherProvider: un-subscribe the weather callback: 
02-23 03:47:17.058  1316  1891 D AudioFlinger: acquireWakeLock_l() AudioOut_D status 0
02-23 03:47:17.058  1316  1891 D AudioFlinger: acquireWakeLock_l() binder:0x774ff75550
02-23 03:47:17.058  2794  2794 I ShelfLauncherCallbacks: onPause
02-23 03:47:17.059  1472  2557 D OpPowerConsumpStatsInjector: notifyPkgEvent
02-23 03:47:17.059  1472  3673 D NotDeveloper: processing get from com.dsi.ant.server with arg ro.board.platform
02-23 03:47:17.060  1472  2557 D OpRestartProcessManager: updateSelf :  com.nsdlpb.jiffy, size : 1
02-23 03:47:17.059  1472  3673 I chatty  : uid=1000(system) Binder:1472_B identical 3 lines
02-23 03:47:17.059  1472  3673 D NotDeveloper: processing get from com.dsi.ant.server with arg ro.board.platform
02-23 03:47:17.060  1180  4286 D audio_hw_primary: start_output_stream: enter: stream(0xec1464c0)usecase(1: low-latency-playback) devices(0x2) is_haptic_usecase(0)
02-23 03:47:17.061  1180  4286 D audio_hw_primary: select_devices for use case (low-latency-playback)
02-23 03:47:17.061  1180  4286 I msm8974_platform: platform_check_and_set_codec_backend_cfg:becf: afe: bitwidth 16, samplerate 48000 channels 2, backend_idx 0 usecase = 1 device (speaker)
02-23 03:47:17.061  1180  4286 D msm8974_platform: platform_split_snd_device: snd_device(6) num devices(1) new_snd_devices(0)
02-23 03:47:17.061  1180  4286 I msm8974_platform: platform_check_and_set_codec_backend_cfg: new_snd_devices[0] is 6
02-23 03:47:17.061  1180  4286 I msm8974_platform: platform_check_codec_backend_cfg:becf: afe: bitwidth 16, samplerate 48000 channels 2, backend_idx 0 usecase = 1 device (speaker)
02-23 03:47:17.061  1472 13569 I system_server: oneway function results will be dropped but finished with status OK and parcel size 4
02-23 03:47:17.061  1180  4286 E audio_hw_extn: audio_extn_enable_hifi_filter: Could not get ctl for mixer cmd - HiFi Filter, using default control
02-23 03:47:17.061  1180  4286 D msm8974_platform: platform_check_codec_backend_cfg:becf: updated afe: bitwidth 16, samplerate 48000 channels 2,backend_idx 0 usecase = 1 device (speaker)
02-23 03:47:17.061  1180  4286 D msm8974_platform: platform_check_codec_backend_cfg:becf: afe: playback on codec device not supporting native playback set default Sample Rate(48k)
02-23 03:47:17.061  1180  4286 I msm8974_platform: platform_check_codec_backend_cfg:becf: afe: Codec selected backend: 0 updated bit width: 16 and sample rate: 48000
02-23 03:47:17.061  1180  4286 D audio_hw_primary: check_usecases_codec_backend:becf: force routing 0
02-23 03:47:17.061  1180  4286 E msm8974_platform: platform_check_backends_match: Invalid snd_device = 
02-23 03:47:17.061  1180  4286 D audio_hw_primary: check_usecases_codec_backend:becf: (77) check_usecases curr device: speaker, usecase device: backends match 0
02-23 03:47:17.061  1180  4286 D audio_hw_primary: check_usecases_codec_backend:becf: check_usecases num.of Usecases to switch 0
02-23 03:47:17.061  1180  4286 D msm8974_platform: platform_split_snd_device: snd_device(6) num devices(0) new_snd_devices(0)
02-23 03:47:17.061  1180  4286 D hardware_info: hw_info_append_hw_type : device_name = speaker
02-23 03:47:17.061  1180  4286 D msm8974_platform: platform_split_snd_device: snd_device(6) num devices(0) new_snd_devices(0)
02-23 03:47:17.061  1180  4286 D audio_hw_primary: enable_snd_device: snd_device(6: speaker)
02-23 03:47:17.061  1180  4286 D msm8974_platform: platform_get_island_cfg_on_device:island cfg status on snd_device = (speaker 0)
02-23 03:47:17.061  1180  4286 I soundtrigger: audio_extn_sound_trigger_update_device_status: device 0x6 of type 0 for Event 1, with Raise=0
02-23 03:47:17.061  1180  4286 D audio_route: Apply path: speaker
02-23 03:47:17.061  1180  4286 I audio_hw_utils: audio_extn_utils_update_stream_output_app_type_cfg Allowing 24 and above bits playback on speaker ONLY at default sampling rate
02-23 03:47:17.061  1180  4286 E soundtrigger: audio_extn_sound_trigger_update_stream_status: invalid input device 0x0, for event 3
02-23 03:47:17.061  1180  4286 D soundtrigger: audio_extn_sound_trigger_update_stream_status: uc_info->id 1 of type 0 for Event 3, with Raise=0
02-23 03:47:17.061  1180  4286 D audio_hw_utils: audio_extn_utils_send_app_type_cfg: usecase->out_snd_device speaker
02-23 03:47:17.061  1180  4286 D msm8974_platform: platform_split_snd_device: snd_device(6) num devices(0) new_snd_devices(0)
02-23 03:47:17.061  1180  4286 D audio_hw_utils: audio_extn_btsco_get_sample_rate:Not a BT SCO device, need not update sampling rate
02-23 03:47:17.061  1180  4286 I audio_hw_utils: send_app_type_cfg_for_device PLAYBACK app_type 69937, acdb_dev_id 15, sample_rate 48000, snd_device_be_idx 39
02-23 03:47:17.061  1472 13569 I system_server: oneway function results will be dropped but finished with status OK and parcel size 4
02-23 03:47:17.062  1180  4286 D msm8974_platform: platform_split_snd_device: snd_device(6) num devices(1) new_snd_devices(0)
02-23 03:47:17.062  1180  4286 D audio_hw_utils: audio_extn_btsco_get_sample_rate:Not a BT SCO device, need not update sampling rate
02-23 03:47:17.062  1180  4286 D ACDB-LOADER: ACDB -> send_audio_cal, acdb_id = 15, path = 0, app id = 0x11131, sample rate = 48000, afe_sample_rate = 48000
02-23 03:47:17.062  1180  4286 D ACDB-LOADER: ACDB -> send_asm_topology
02-23 03:47:17.062  1180  4286 D ACDB-LOADER: ACDB -> ACDB_CMD_GET_AUDPROC_STREAM_TOPOLOGY_ID
02-23 03:47:17.062  1180  4286 D ACDB-LOADER: ACDB -> send_adm_topology
02-23 03:47:17.062  1180  4286 D ACDB-LOADER: ACDB -> ACDB_CMD_GET_AUDPROC_COMMON_TOPOLOGY_ID
02-23 03:47:17.062  1180  4286 D ACDB-LOADER: ACDB -> send_audtable
02-23 03:47:17.062  1180  4286 D ACDB-LOADER: ACDB -> ACDB_CMD_GET_AUDPROC_COMMON_TABLE_SIZE
02-23 03:47:17.062  1180  4286 D ACDB-LOADER: ACDB -> ACDB_CMD_GET_AUDPROC_COMMON_TABLE
02-23 03:47:17.062  1180  4286 D ACDB-LOADER: ACDB -> AUDIO_SET_AUDPROC_CAL cal_type[11] acdb_id[15] app_type[69937]
02-23 03:47:17.062  1180  4286 D ACDB-LOADER: ACDB -> send_audvoltable
02-23 03:47:17.062  1180  4286 D ACDB-LOADER: ACDB -> ACDB_CMD_GET_AUDPROC_GAIN_DEP_STEP_TABLE_SIZE
02-23 03:47:17.062  1180  4286 D ACDB-LOADER: ACDB -> ACDB_CMD_GET_AUDPROC_GAIN_DEP_STEP_TABLE, vol index 0
02-23 03:47:17.062  1180  4286 D ACDB-LOADER: ACDB -> AUDIO_SET_VOL_CAL cal type = 12
02-23 03:47:17.062  1180  4286 D ACDB-LOADER: ACDB -> ACDB_CMD_GET_AUDPROC_STREAM_TABLE_SIZE
02-23 03:47:17.062  1180  4286 D ACDB-LOADER: ACDB -> send_audstrmtable
02-23 03:47:17.062  1180  4286 D ACDB-LOADER: ACDB -> ACDB_CMD_GET_AUDPROC_STREAM_TABLE_V2
02-23 03:47:17.062  1180  4286 D ACDB-LOADER: ACDB -> audstrm_cal->cal_type.cal_data.cal_size = 16
02-23 03:47:17.062  1180  4286 D ACDB-LOADER: ACDB -> send_afe_topology
02-23 03:47:17.062  1180  4286 D ACDB-LOADER: ACDB -> ACDB_CMD_GET_AFE_TOPOLOGY_ID
02-23 03:47:17.062  1180  4286 D ACDB-LOADER: ACDB -> GET_AFE_TOPOLOGY_ID for adcd_id 15, Topology Id 112fc
02-23 03:47:17.062  1180  4286 D ACDB-LOADER: ACDB -> send_afe_cal
02-23 03:47:17.062  1180  4286 D ACDB-LOADER: ACDB -> ACDB_CMD_GET_AFE_COMMON_TABLE_SIZE
02-23 03:47:17.062  1180  4286 D android.hardware.audio.service: Failed to fetch the lookup information of the device 0000000F 
02-23 03:47:17.062  1180  4286 D ACDB-LOADER: Error: ACDB_CMD_GET_AFE_COMMON_TABLE_SIZE Returned = -19
02-23 03:47:17.062  1180  4286 D ACDB-LOADER: ACDB -> ACDB_CMD_GET_AFE_COMMON_TABLE
02-23 03:47:17.062  1180  4286 D android.hardware.audio.service: Failed to fetch the lookup information of the device 0000000F 
02-23 03:47:17.062  1180  4286 D ACDB-LOADER: Error: ACDB AFE returned = -19
02-23 03:47:17.062  1180  4286 D ACDB-LOADER: ACDB -> AUDIO_SET_AFE_CAL cal_type[16] acdb_id[15]
02-23 03:47:17.062  1180  4286 D ACDB-LOADER: ACDB -> send_hw_delay : acdb_id = 15 path = 0
02-23 03:47:17.062  1180  4286 D ACDB-LOADER: ACDB -> ACDB_AVSYNC_INFO: ACDB_CMD_GET_DEVICE_PROPERTY
02-23 03:47:17.062  1180  4286 D msm8974_platform: platform_split_snd_device: snd_device(6) num devices(0) new_snd_devices(0)
02-23 03:47:17.062  1180  4286 I msm8974_platform: platform_get_custom_mtmx_params: no matching param with id 0 ip_ch 2 op_ch 2 uc_id 1 snd_dev 6
02-23 03:47:17.062  1180  4286 D audio_hw_primary: enable_audio_route: apply mixer and update path: low-latency-playback quat_i2s
02-23 03:47:17.062  1180  4286 D audio_route: Apply path: low-latency-playback quat_i2s
02-23 03:47:17.062  1472  2558 D NotDeveloper: processing getBoolean from com.dsi.ant.server with arg viewroot.profile_rendering
02-23 03:47:17.063  1472  2558 I chatty  : uid=1000(system) android.anim identical 3 lines
02-23 03:47:17.063  1472  2558 D NotDeveloper: processing getBoolean from com.dsi.ant.server with arg viewroot.profile_rendering
02-23 03:47:17.063  1180  4286 D audio_hw_primary: select_devices: done
02-23 03:47:17.064  1472  2557 D NotDeveloper: processing getStringForUser from com.dsi.ant.server with arg copy_file_endtag
02-23 03:47:17.064  1472  2557 D NotDeveloper: processed getStringForUser(copy_file_endtag) without changing result
02-23 03:47:17.064  1472  2557 D NotDeveloper: processing getStringForUser from com.dsi.ant.server with arg copy_file_endtag
02-23 03:47:17.064  1472  2557 D NotDeveloper: processed getStringForUser(copy_file_endtag) without changing result
02-23 03:47:17.064  1472  2557 D NotDeveloper: processing get from com.dsi.ant.server with arg ro.board.platform
02-23 03:47:17.065  1472  2557 I chatty  : uid=1000(system) android.display identical 3 lines
02-23 03:47:17.065  1472  2557 D NotDeveloper: processing get from com.dsi.ant.server with arg ro.board.platform
02-23 03:47:17.065  1472  2557 D NotDeveloper: processing getStringForUser from com.dsi.ant.server with arg copy_file_endtag
02-23 03:47:17.065  1472  2557 D NotDeveloper: processed getStringForUser(copy_file_endtag) without changing result
02-23 03:47:17.065  1472  2557 D NotDeveloper: processing getStringForUser from com.dsi.ant.server with arg copy_file_endtag
02-23 03:47:17.065  1472  2557 D NotDeveloper: processed getStringForUser(copy_file_endtag) without changing result
02-23 03:47:17.065  1472  2557 D NotDeveloper: processing getStringForUser from com.dsi.ant.server with arg copy_file_endtag
02-23 03:47:17.065  1472  2557 D NotDeveloper: processed getStringForUser(copy_file_endtag) without changing result
02-23 03:47:17.065  1472  2557 D NotDeveloper: processing getStringForUser from com.dsi.ant.server with arg copy_file_endtag
02-23 03:47:17.065  1472  2557 D NotDeveloper: processed getStringForUser(copy_file_endtag) without changing result
02-23 03:47:17.065  1472  2557 D NotDeveloper: processing get from com.dsi.ant.server with arg ro.board.platform
02-23 03:47:17.065  1472  2557 I chatty  : uid=1000(system) android.display identical 3 lines
02-23 03:47:17.065  1472  2557 D NotDeveloper: processing get from com.dsi.ant.server with arg ro.board.platform
02-23 03:47:17.066  1472  2557 D NotDeveloper: processing getStringForUser from com.dsi.ant.server with arg copy_file_endtag
02-23 03:47:17.066  1472  2557 D NotDeveloper: processed getStringForUser(copy_file_endtag) without changing result
02-23 03:47:17.066  1472  2557 D NotDeveloper: processing getStringForUser from com.dsi.ant.server with arg copy_file_endtag
02-23 03:47:17.066  1472  2557 D NotDeveloper: processed getStringForUser(copy_file_endtag) without changing result
02-23 03:47:17.066  1472  2557 D NotDeveloper: processing get from com.dsi.ant.server with arg ro.board.platform
02-23 03:47:17.066  1472  2557 I chatty  : uid=1000(system) android.display identical 3 lines
02-23 03:47:17.066  1472  2557 D NotDeveloper: processing get from com.dsi.ant.server with arg ro.board.platform
02-23 03:47:17.066  1472  2557 D NotDeveloper: processing getStringForUser from com.dsi.ant.server with arg copy_file_endtag
02-23 03:47:17.066  1472  2557 D NotDeveloper: processed getStringForUser(copy_file_endtag) without changing result
02-23 03:47:17.066  1472  2557 D NotDeveloper: processing getStringForUser from com.dsi.ant.server with arg copy_file_endtag
02-23 03:47:17.066  1472  2557 D NotDeveloper: processed getStringForUser(copy_file_endtag) without changing result
02-23 03:47:17.066  1472  2557 D NotDeveloper: processing get from com.dsi.ant.server with arg ro.board.platform
02-23 03:47:17.067  1472  2557 I chatty  : uid=1000(system) android.display identical 3 lines
02-23 03:47:17.067  1472  2557 D NotDeveloper: processing get from com.dsi.ant.server with arg ro.board.platform
02-23 03:47:17.067  1472  2557 D NotDeveloper: processing getStringForUser from com.dsi.ant.server with arg copy_file_endtag
02-23 03:47:17.067  1472  2557 D NotDeveloper: processed getStringForUser(copy_file_endtag) without changing result
02-23 03:47:17.067  1472  2557 D NotDeveloper: processing getStringForUser from com.dsi.ant.server with arg copy_file_endtag
02-23 03:47:17.067  1472  2557 D NotDeveloper: processed getStringForUser(copy_file_endtag) without changing result
02-23 03:47:17.067  1472  2557 D NotDeveloper: processing get from com.dsi.ant.server with arg ro.board.platform
02-23 03:47:17.067  1472  2557 I chatty  : uid=1000(system) android.display identical 3 lines
02-23 03:47:17.067  1472  2557 D NotDeveloper: processing get from com.dsi.ant.server with arg ro.board.platform
02-23 03:47:17.067  1472  2557 D NotDeveloper: processing getStringForUser from com.dsi.ant.server with arg copy_file_endtag
02-23 03:47:17.067  1472  2557 D NotDeveloper: processed getStringForUser(copy_file_endtag) without changing result
02-23 03:47:17.067  1472  2557 D NotDeveloper: processing getStringForUser from com.dsi.ant.server with arg copy_file_endtag
02-23 03:47:17.067  1472  2557 D NotDeveloper: processed getStringForUser(copy_file_endtag) without changing result
02-23 03:47:17.068  1472  2557 D NotDeveloper: processing get from com.dsi.ant.server with arg ro.board.platform
02-23 03:47:17.068  1472  2557 I chatty  : uid=1000(system) android.display identical 2 lines
02-23 03:47:17.068  1472  2557 D NotDeveloper: processing get from com.dsi.ant.server with arg ro.board.platform
02-23 03:47:17.068  2794 29945 E sqlite3_android: [IKR-38846] ONEPLUS_NAME_PARTS_MATCH SQLITE_OK
02-23 03:47:17.068  1472  2557 D NotDeveloper: processing get from com.dsi.ant.server with arg ro.board.platform
02-23 03:47:17.068  1472  2557 D NotDeveloper: processing getStringForUser from com.dsi.ant.server with arg copy_file_endtag
02-23 03:47:17.068  1472  2557 D NotDeveloper: processed getStringForUser(copy_file_endtag) without changing result
02-23 03:47:17.068  1472  2557 D NotDeveloper: processing getStringForUser from com.dsi.ant.server with arg copy_file_endtag
02-23 03:47:17.068  1472  2557 D NotDeveloper: processed getStringForUser(copy_file_endtag) without changing result
02-23 03:47:17.068  1472  2557 D NotDeveloper: processing get from com.dsi.ant.server with arg ro.board.platform
02-23 03:47:17.068  1472  2557 I chatty  : uid=1000(system) android.display identical 3 lines
02-23 03:47:17.068  1472  2557 D NotDeveloper: processing get from com.dsi.ant.server with arg ro.board.platform
02-23 03:47:17.068  1472  2557 D NotDeveloper: processing getStringForUser from com.dsi.ant.server with arg copy_file_endtag
02-23 03:47:17.068  1472  2557 D NotDeveloper: processed getStringForUser(copy_file_endtag) without changing result
02-23 03:47:17.069  1472  2557 D NotDeveloper: processing getStringForUser from com.dsi.ant.server with arg copy_file_endtag
02-23 03:47:17.069  1472  2557 D NotDeveloper: processed getStringForUser(copy_file_endtag) without changing result
02-23 03:47:17.069  1472  2557 D NotDeveloper: processing get from com.dsi.ant.server with arg ro.board.platform
02-23 03:47:17.069  1472  2557 I chatty  : uid=1000(system) android.display identical 3 lines
02-23 03:47:17.069  1472  2557 D NotDeveloper: processing get from com.dsi.ant.server with arg ro.board.platform
02-23 03:47:17.069  1472  2557 D NotDeveloper: processing getStringForUser from com.dsi.ant.server with arg copy_file_endtag
02-23 03:47:17.069  1472  2557 D NotDeveloper: processed getStringForUser(copy_file_endtag) without changing result
02-23 03:47:17.069  1472  2557 D NotDeveloper: processing getStringForUser from com.dsi.ant.server with arg copy_file_endtag
02-23 03:47:17.069  1472  2557 D NotDeveloper: processed getStringForUser(copy_file_endtag) without changing result
02-23 03:47:17.070  1472  2557 D NotDeveloper: processing get from com.dsi.ant.server with arg ro.board.platform
02-23 03:47:17.070  1472  2557 I chatty  : uid=1000(system) android.display identical 3 lines
02-23 03:47:17.070  1472  2557 D NotDeveloper: processing get from com.dsi.ant.server with arg ro.board.platform
02-23 03:47:17.070  1472  2557 D NotDeveloper: processing getStringForUser from com.dsi.ant.server with arg copy_file_endtag
02-23 03:47:17.070  1472  2557 D NotDeveloper: processed getStringForUser(copy_file_endtag) without changing result
02-23 03:47:17.070  1472  2557 D NotDeveloper: processing getStringForUser from com.dsi.ant.server with arg copy_file_endtag
02-23 03:47:17.070  1472  2557 D NotDeveloper: processed getStringForUser(copy_file_endtag) without changing result
02-23 03:47:17.070  1472  2566 D NotDeveloper: processing get from com.dsi.ant.server with arg persist.device_config.runtime_native.usap_pool_enabled
02-23 03:47:17.071  1472  2566 I chatty  : uid=1000(system) ActivityManager identical 2 lines
02-23 03:47:17.071  1472  2566 D NotDeveloper: processing get from com.dsi.ant.server with arg persist.device_config.runtime_native.usap_pool_enabled
02-23 03:47:17.071  1472  2558 D OPFD_CTRL_SVC: [2]handle Starting Window for { com.nsdlpb.jiffy }, Dark? false
02-23 03:47:17.071  1472  2557 D NotDeveloper: processing get from com.dsi.ant.server with arg ro.board.platform
02-23 03:47:17.071  1472  2566 D NotDeveloper: processing get from com.dsi.ant.server with arg persist.device_config.runtime_native.usap_pool_enabled
02-23 03:47:17.071  1472  2557 D NotDeveloper: processing get from com.dsi.ant.server with arg ro.board.platform
02-23 03:47:17.071  1472  2566 D NotDeveloper: processing getBoolean from com.dsi.ant.server with arg persist.device_config.runtime_native.usap_pool_enabled
02-23 03:47:17.071  1472  2557 D NotDeveloper: processing get from com.dsi.ant.server with arg ro.board.platform
02-23 03:47:17.071  1472  2566 D NotDeveloper: processing getBoolean from com.dsi.ant.server with arg persist.device_config.runtime_native.usap_pool_enabled
02-23 03:47:17.071  1472  2566 D NotDeveloper: processing getBoolean from com.dsi.ant.server with arg persist.device_config.runtime_native.usap_pool_enabled
02-23 03:47:17.071  1472  2557 D NotDeveloper: processing get from com.dsi.ant.server with arg ro.board.platform
02-23 03:47:17.071  1472  2566 D NotDeveloper: processing getBoolean from com.dsi.ant.server with arg persist.device_config.runtime_native.usap_pool_enabled
02-23 03:47:17.071  1472  2566 D NotDeveloper: processing getBoolean from com.dsi.ant.server with arg persist.device_config.runtime_native.usap_pool_enabled
02-23 03:47:17.071  1472  2557 D NotDeveloper: processing get from com.dsi.ant.server with arg ro.board.platform
02-23 03:47:17.071  1472  2557 D NotDeveloper: processing get from com.dsi.ant.server with arg ro.board.platform
02-23 03:47:17.072  1472  2566 D NotDeveloper: processing get from com.dsi.ant.server with arg wrap.com.nsdlpb.jiffy
02-23 03:47:17.072  1472  2566 D NotDeveloper: processing get from com.dsi.ant.server with arg wrap.com.nsdlpb.jiffy
02-23 03:47:17.072  1472  2557 D NotDeveloper: processing get from com.dsi.ant.server with arg ro.board.platform
02-23 03:47:17.072  1472  2566 D NotDeveloper: processing get from com.dsi.ant.server with arg wrap.com.nsdlpb.jiffy
02-23 03:47:17.072  1472  2566 I chatty  : uid=1000(system) ActivityManager identical 1 line
02-23 03:47:17.072  1472  2566 D NotDeveloper: processing get from com.dsi.ant.server with arg wrap.com.nsdlpb.jiffy
02-23 03:47:17.072  1472  2557 D NotDeveloper: processing get from com.dsi.ant.server with arg ro.board.platform
02-23 03:47:17.072  1472  2557 I chatty  : uid=1000(system) android.display identical 1 line
02-23 03:47:17.072  1472  2557 D NotDeveloper: processing get from com.dsi.ant.server with arg ro.board.platform
02-23 03:47:17.073  1079  1079 I ZygoteServer: Get USAP proc command with pid # 2816 block_kill# true
02-23 03:47:17.074  1081  1081 V zygiskd64: zygiskd::zygiskd: New daemon action: GetProcessFlags
02-23 03:47:17.074  1079  1079 I ZygoteServer: Get USAP proc command with pid # 2816 block_kill# false
02-23 03:47:17.074  1079  1079 I ZygoteServer: Get USAP proc command with pid # 2816 block_kill# false
02-23 03:47:17.074  1081 29957 V zygiskd64: zygiskd::zygiskd: Flags for UID 10245: ProcessFlags(PROCESS_ON_DENYLIST | PROCESS_ROOT_IS_KSU)
02-23 03:47:17.074  2816  2816 I zygisk-core64: [com.nsdlpb.jiffy] is on the denylist
02-23 03:47:17.074  1081  1081 V zygiskd64: zygiskd::zygiskd: New daemon action: ReadModules
02-23 03:47:17.075  1472  2557 D NotDeveloper: processing getStringForUser from com.dsi.ant.server with arg copy_file_endtag
02-23 03:47:17.075  1472  2557 D NotDeveloper: processed getStringForUser(copy_file_endtag) without changing result
02-23 03:47:17.075  1472  2557 D NotDeveloper: processing getStringForUser from com.dsi.ant.server with arg copy_file_endtag
02-23 03:47:17.075  1472  2557 D NotDeveloper: processed getStringForUser(copy_file_endtag) without changing result
02-23 03:47:17.075  1472  2557 D NotDeveloper: processing get from com.dsi.ant.server with arg ro.board.platform
02-23 03:47:17.075  1472  2557 I chatty  : uid=1000(system) android.display identical 3 lines
02-23 03:47:17.076  1472  2557 D NotDeveloper: processing get from com.dsi.ant.server with arg ro.board.platform
02-23 03:47:17.076  1472  2557 D NotDeveloper: processing getStringForUser from com.dsi.ant.server with arg copy_file_endtag
02-23 03:47:17.076  1472  2557 D NotDeveloper: processed getStringForUser(copy_file_endtag) without changing result
02-23 03:47:17.076  1472  2557 D NotDeveloper: processing getStringForUser from com.dsi.ant.server with arg copy_file_endtag
02-23 03:47:17.076  1472  2557 D NotDeveloper: processed getStringForUser(copy_file_endtag) without changing result
02-23 03:47:17.076  1472  2557 D NotDeveloper: processing get from com.dsi.ant.server with arg ro.board.platform
02-23 03:47:17.076  1472  2557 I chatty  : uid=1000(system) android.display identical 3 lines
02-23 03:47:17.076  1472  2557 D NotDeveloper: processing get from com.dsi.ant.server with arg ro.board.platform
02-23 03:47:17.076  1472  2557 D NotDeveloper: processing getStringForUser from com.dsi.ant.server with arg copy_file_endtag
02-23 03:47:17.076  1472  2557 D NotDeveloper: processed getStringForUser(copy_file_endtag) without changing result
02-23 03:47:17.077  1472  2557 D NotDeveloper: processing getStringForUser from com.dsi.ant.server with arg copy_file_endtag
02-23 03:47:17.077  1472  2557 D NotDeveloper: processed getStringForUser(copy_file_endtag) without changing result
02-23 03:47:17.077  1472  2557 D NotDeveloper: processing get from com.dsi.ant.server with arg ro.board.platform
02-23 03:47:17.077  1472  2557 D NotDeveloper: processing get from com.dsi.ant.server with arg ro.board.platform
02-23 03:47:17.077  1081  1081 V zygiskd64: zygiskd::zygiskd: New daemon action: UpdateMountNamespace
02-23 03:47:17.077  1472  2557 D NotDeveloper: processing get from com.dsi.ant.server with arg ro.board.platform
02-23 03:47:17.077  1472  2557 I chatty  : uid=1000(system) android.display identical 1 line
02-23 03:47:17.077  1472  2557 D NotDeveloper: processing get from com.dsi.ant.server with arg ro.board.platform
02-23 03:47:17.077  1472  2557 D NotDeveloper: processing getStringForUser from com.dsi.ant.server with arg copy_file_endtag
02-23 03:47:17.077  1472  2557 D NotDeveloper: processed getStringForUser(copy_file_endtag) without changing result
02-23 03:47:17.077  1472  2557 D NotDeveloper: processing getStringForUser from com.dsi.ant.server with arg copy_file_endtag
02-23 03:47:17.077  1472  2557 D NotDeveloper: processed getStringForUser(copy_file_endtag) without changing result
02-23 03:47:17.077  1472  2557 D NotDeveloper: processing get from com.dsi.ant.server with arg ro.board.platform
02-23 03:47:17.078  1472  2557 I chatty  : uid=1000(system) android.display identical 3 lines
02-23 03:47:17.078  1472  2557 D NotDeveloper: processing get from com.dsi.ant.server with arg ro.board.platform
02-23 03:47:17.078  1472  2557 D NotDeveloper: processing getStringForUser from com.dsi.ant.server with arg copy_file_endtag
02-23 03:47:17.078  1472  2557 D NotDeveloper: processed getStringForUser(copy_file_endtag) without changing result
02-23 03:47:17.078  1472  2557 D NotDeveloper: processing getStringForUser from com.dsi.ant.server with arg copy_file_endtag
02-23 03:47:17.078  1472  2557 D NotDeveloper: processed getStringForUser(copy_file_endtag) without changing result
02-23 03:47:17.078  1472  2557 D NotDeveloper: processing getStringForUser from com.dsi.ant.server with arg copy_file_endtag
02-23 03:47:17.078  1472  2557 D NotDeveloper: processed getStringForUser(copy_file_endtag) without changing result
02-23 03:47:17.078  1472  2557 D NotDeveloper: processing getStringForUser from com.dsi.ant.server with arg copy_file_endtag
02-23 03:47:17.078  1472  2557 D NotDeveloper: processed getStringForUser(copy_file_endtag) without changing result
02-23 03:47:17.078  1472  2557 D NotDeveloper: processing get from com.dsi.ant.server with arg ro.board.platform
02-23 03:47:17.078  1472  2557 I chatty  : uid=1000(system) android.display identical 3 lines
02-23 03:47:17.078  1472  2557 D NotDeveloper: processing get from com.dsi.ant.server with arg ro.board.platform
02-23 03:47:17.079  1472  2557 D NotDeveloper: processing getStringForUser from com.dsi.ant.server with arg copy_file_endtag
02-23 03:47:17.079  1472  2557 D NotDeveloper: processed getStringForUser(copy_file_endtag) without changing result
02-23 03:47:17.079  1472  2557 D NotDeveloper: processing getStringForUser from com.dsi.ant.server with arg copy_file_endtag
02-23 03:47:17.079  1472  2557 D NotDeveloper: processed getStringForUser(copy_file_endtag) without changing result
02-23 03:47:17.079  1472  2557 D NotDeveloper: processing get from com.dsi.ant.server with arg ro.board.platform
02-23 03:47:17.079  1472  2557 I chatty  : uid=1000(system) android.display identical 2 lines
02-23 03:47:17.079  1472  2557 D NotDeveloper: processing get from com.dsi.ant.server with arg ro.board.platform
02-23 03:47:17.079  2816  2816 I Zygote  : seccomp disabled by setenforce 0
02-23 03:47:17.079  1472  2557 D NotDeveloper: processing get from com.dsi.ant.server with arg ro.board.platform
02-23 03:47:17.079  1472  2557 D NotDeveloper: processing getStringForUser from com.dsi.ant.server with arg copy_file_endtag
02-23 03:47:17.079  1472  2557 D NotDeveloper: processed getStringForUser(copy_file_endtag) without changing result
02-23 03:47:17.079  1472  2557 D NotDeveloper: processing getStringForUser from com.dsi.ant.server with arg copy_file_endtag
02-23 03:47:17.079  1472  2557 D NotDeveloper: processed getStringForUser(copy_file_endtag) without changing result
02-23 03:47:17.079  1472  2557 D NotDeveloper: processing getStringForUser from com.dsi.ant.server with arg copy_file_endtag
02-23 03:47:17.079  1472  2557 D NotDeveloper: processed getStringForUser(copy_file_endtag) without changing result
02-23 03:47:17.079  1472  2557 D NotDeveloper: processing getStringForUser from com.dsi.ant.server with arg copy_file_endtag
02-23 03:47:17.080  1472  2557 D NotDeveloper: processed getStringForUser(copy_file_endtag) without changing result
02-23 03:47:17.080  1472  2557 D NotDeveloper: processing get from com.dsi.ant.server with arg ro.board.platform
02-23 03:47:17.080  1472  2557 I chatty  : uid=1000(system) android.display identical 8 lines
02-23 03:47:17.080  1472  2557 D NotDeveloper: processing get from com.dsi.ant.server with arg ro.board.platform
02-23 03:47:17.082  1472  2557 D NotDeveloper: processing getStringForUser from com.dsi.ant.server with arg copy_file_endtag
02-23 03:47:17.082  1472  2557 D NotDeveloper: processed getStringForUser(copy_file_endtag) without changing result
02-23 03:47:17.082  1472  2557 D NotDeveloper: processing getStringForUser from com.dsi.ant.server with arg copy_file_endtag
02-23 03:47:17.082  1472  2557 D NotDeveloper: processed getStringForUser(copy_file_endtag) without changing result
02-23 03:47:17.082  2816  2816 E om.nsdlpb.jiff: Unknown bits set in runtime_flags: 0x800000
02-23 03:47:17.083  1472  2557 D NotDeveloper: processing get from com.dsi.ant.server with arg ro.board.platform
02-23 03:47:17.083  1472  2557 I chatty  : uid=1000(system) android.display identical 3 lines
02-23 03:47:17.083  1472  2557 D NotDeveloper: processing get from com.dsi.ant.server with arg ro.board.platform
02-23 03:47:17.083  1472  2557 D NotDeveloper: processing getStringForUser from com.dsi.ant.server with arg copy_file_endtag
02-23 03:47:17.084  1472  2557 D NotDeveloper: processed getStringForUser(copy_file_endtag) without changing result
02-23 03:47:17.084  1472  2557 D NotDeveloper: processing getStringForUser from com.dsi.ant.server with arg copy_file_endtag
02-23 03:47:17.084  1472  2557 D NotDeveloper: processed getStringForUser(copy_file_endtag) without changing result
02-23 03:47:17.084  1472  2557 D NotDeveloper: processing get from com.dsi.ant.server with arg ro.board.platform
02-23 03:47:17.084  1472  2557 I chatty  : uid=1000(system) android.display identical 3 lines
02-23 03:47:17.084  1472  2557 D NotDeveloper: processing get from com.dsi.ant.server with arg ro.board.platform
02-23 03:47:17.084  1472  2557 D NotDeveloper: processing getStringForUser from com.dsi.ant.server with arg copy_file_endtag
02-23 03:47:17.084  1472  2557 D NotDeveloper: processed getStringForUser(copy_file_endtag) without changing result
02-23 03:47:17.084  1472  2557 D NotDeveloper: processing getStringForUser from com.dsi.ant.server with arg copy_file_endtag
02-23 03:47:17.084  1472  2557 D NotDeveloper: processed getStringForUser(copy_file_endtag) without changing result
02-23 03:47:17.084  1472  2557 D NotDeveloper: processing get from com.dsi.ant.server with arg ro.board.platform
02-23 03:47:17.085  1472  2557 I chatty  : uid=1000(system) android.display identical 3 lines
02-23 03:47:17.085  1472  2557 D NotDeveloper: processing get from com.dsi.ant.server with arg ro.board.platform
02-23 03:47:17.085  2816  2816 E om.nsdlpb.jiff: Not starting debugger since process cannot load the jdwp agent.
02-23 03:47:17.085  1472  2557 D NotDeveloper: processing getStringForUser from com.dsi.ant.server with arg copy_file_endtag
02-23 03:47:17.085  1472  2557 D NotDeveloper: processed getStringForUser(copy_file_endtag) without changing result
02-23 03:47:17.085  1472  2557 D NotDeveloper: processing getStringForUser from com.dsi.ant.server with arg copy_file_endtag
02-23 03:47:17.085  1472  2557 D NotDeveloper: processed getStringForUser(copy_file_endtag) without changing result
02-23 03:47:17.085  1472  2557 D NotDeveloper: processing get from com.dsi.ant.server with arg ro.board.platform
02-23 03:47:17.085  1472  2557 I chatty  : uid=1000(system) android.display identical 3 lines
02-23 03:47:17.085  1472  2557 D NotDeveloper: processing get from com.dsi.ant.server with arg ro.board.platform
02-23 03:47:17.085  1472  2557 D NotDeveloper: processing getStringForUser from com.dsi.ant.server with arg copy_file_endtag
02-23 03:47:17.086  1472  2557 D NotDeveloper: processed getStringForUser(copy_file_endtag) without changing result
02-23 03:47:17.086  1472  2557 D NotDeveloper: processing getStringForUser from com.dsi.ant.server with arg copy_file_endtag
02-23 03:47:17.086  1472  2557 D NotDeveloper: processed getStringForUser(copy_file_endtag) without changing result
02-23 03:47:17.086  1472  2557 D NotDeveloper: processing get from com.dsi.ant.server with arg ro.board.platform
02-23 03:47:17.086  1472  2557 I chatty  : uid=1000(system) android.display identical 3 lines
02-23 03:47:17.086  1472  2557 D NotDeveloper: processing get from com.dsi.ant.server with arg ro.board.platform
02-23 03:47:17.086  1472  2557 D NotDeveloper: processing getStringForUser from com.dsi.ant.server with arg copy_file_endtag
02-23 03:47:17.086  1472  2557 D NotDeveloper: processed getStringForUser(copy_file_endtag) without changing result
02-23 03:47:17.086  1472  2557 D NotDeveloper: processing getStringForUser from com.dsi.ant.server with arg copy_file_endtag
02-23 03:47:17.086  1472  2557 D NotDeveloper: processed getStringForUser(copy_file_endtag) without changing result
02-23 03:47:17.086  1472  2557 D NotDeveloper: processing get from com.dsi.ant.server with arg ro.board.platform
02-23 03:47:17.086  2794 29945 E sqlite3_android: [IKR-38846] ONEPLUS_NAME_PARTS_MATCH SQLITE_OK
