02-23 03:56:48.237  2925  2925 I KeyguardViewUpdateListener: onNoCardAndChipShown:com.google.android.libraries.assistant.oemsmartspace.lib.SmartspaceView.applyNewHeightToListener:174 
02-23 03:56:48.237  2925  2925 I KeyguardViewUpdateListener: setKeyguardShowingHeader:false
02-23 03:56:48.248  2925  2925 D LightBarController:  updateStatus numStacks=1
02-23 03:56:48.248  2925  2925 D LightBarController: updateNavigation() NavigationMode:2
02-23 03:56:48.248  2925  2925 D PanelView: notifyBarPanelExpansionChanged, isKeyguardShowing= false, isKeyguardDone= true, isSwitching= false, expandedFraction= 0.3088079
02-23 03:56:48.266  2925  2925 I PanelView:  isBiometricUnlock:false, false, false
02-23 03:56:48.298  1322  3889 E surfaceflinger: [frame_perf] perfboost open boost file failed
02-23 03:56:48.314  2925  2925 D PanelView: notifyBarPanelExpansionChanged, isKeyguardShowing= false, isKeyguardDone= true, isSwitching= false, expandedFraction= 0.61064327
02-23 03:56:48.318  1181  4048 I vendor.qti.bluetooth@1.0-ibs_handler: ProcessIbsCmd: Received IBS_WAKE_IND: 0xFD
02-23 03:56:48.319  1181  4048 D vendor.qti.bluetooth@1.0-ibs_handler: SerialClockVote: vote for UART CLK ON
02-23 03:56:48.319  1181  4048 D vendor.qti.bluetooth@1.0-wake_lock: Acquire wakelock is acquired 
02-23 03:56:48.319  1181  4048 I vendor.qti.bluetooth@1.0-ibs_handler: ProcessIbsCmd: Writing IBS_WAKE_ACK
02-23 03:56:48.321  2888  4050 V bt_stack: [VERBOSE1:btm_inq.cc(1019)] BTM_InqDbRead: bd addr 4e:94:82:67:a5:aa
02-23 03:56:48.360  1181  4048 I vendor.qti.bluetooth@1.0-ibs_handler: ProcessIbsCmd: Received IBS_SLEEP_IND: 0xFE
02-23 03:56:48.360  1181  4048 D vendor.qti.bluetooth@1.0-ibs_handler: SerialClockVote: vote for UART CLK OFF
02-23 03:56:48.391  1181  4048 I vendor.qti.bluetooth@1.0-ibs_handler: ProcessIbsCmd: Received IBS_WAKE_IND: 0xFD
02-23 03:56:48.391  1181  4048 D vendor.qti.bluetooth@1.0-ibs_handler: SerialClockVote: vote for UART CLK ON
02-23 03:56:48.391  1181  4048 I vendor.qti.bluetooth@1.0-ibs_handler: ProcessIbsCmd: Writing IBS_WAKE_ACK
02-23 03:56:48.393  2888  4050 V bt_stack: [VERBOSE1:btm_inq.cc(1019)] BTM_InqDbRead: bd addr 4e:94:82:67:a5:aa
02-23 03:56:48.414  2925  2925 D PanelView: notifyBarPanelExpansionChanged, isKeyguardShowing= false, isKeyguardDone= true, isSwitching= false, expandedFraction= 0.9179514
02-23 03:56:48.432  1181  4048 I vendor.qti.bluetooth@1.0-ibs_handler: ProcessIbsCmd: Received IBS_SLEEP_IND: 0xFE
02-23 03:56:48.432  1181  4048 D vendor.qti.bluetooth@1.0-ibs_handler: SerialClockVote: vote for UART CLK OFF
02-23 03:56:48.497  2925  2925 D OverviewProxyService: SystemUi flags: 4
02-23 03:56:48.498  2797 12304 D TouchInteractionService: onSystemUiStateChanged# stateFlags: 0 -> 4
02-23 03:56:48.498  2925  2925 D PanelView: notifyBarPanelExpansionChanged, isKeyguardShowing= false, isKeyguardDone= true, isSwitching= false, expandedFraction= 1.0
02-23 03:56:48.508  2925  2925 D StatusBar/NavBarView: onApplyWindowInsets: leftInset:0, rightInset:0,isGesturalMode:true,isLandScape:false
02-23 03:56:48.513  2925  3293 D mab     : App Event: portrait_pull
02-23 03:56:48.538  1597  2676 I chatty  : uid=1000(system) Binder:1597_7 expire 283 lines
02-23 03:56:48.562  1597  2696 I chatty  : uid=1000(system) tworkPolicy.uid expire 21 lines
02-23 03:56:48.573  2925  2925 D xne     : Event success
02-23 03:56:48.582  1181  3904 D vendor.qti.bluetooth@1.0-wake_lock: Release wakelock is released 
02-23 03:56:48.598  1597  2560 I chatty  : uid=1000(system) android.display expire 1 line
02-23 03:56:48.600  1597  2508 I chatty  : uid=1000(system) FinalizerDaemon expire 2 lines
02-23 03:56:48.629  1789  2104 E QMI_FW  : qmi_cci_get_ref: ref count increased 2
02-23 03:56:48.630  1789  2104 I chatty  : uid=1001(radio) NasModemEndPoin identical 3 lines
02-23 03:56:48.630  1789  2104 E QMI_FW  : qmi_cci_get_ref: ref count increased 2
02-23 03:56:48.636  1789  1923 E QMI_FW  : qmi_cci_get_ref: ref count increased 2
02-23 03:56:47.894  1597  1597 I Telecom : LocationDetector: onReceive() - The switch button is closed which for countrycode adding function.
02-23 03:56:48.658  1597  1597 V SettingsProvider: Notifying for 0: content://settings/system/wifi_sar_notify_band
02-23 03:56:48.664  1789  1923 I chatty  : uid=1001(radio) DispatcherModul identical 9 lines
02-23 03:56:48.666  1789  1923 E QMI_FW  : qmi_cci_get_ref: ref count increased 2
02-23 03:56:48.682  1597  2567 I chatty  : uid=1000(system) ActivityManager expire 71 lines
02-23 03:56:48.682  1597  1597 I Telecom : LocationDetector: onReceive() - The switch button is closed which for countrycode adding function.
02-23 03:56:48.683  1789 24934 E QMI_FW  : qmi_cci_get_ref: ref count increased 2
02-23 03:56:48.684  2925  2925 D KeyguardUpdateMonitor: received broadcast android.intent.action.SERVICE_STATE
02-23 03:56:48.685  2925  2925 V KeyguardUpdateMonitor: action android.intent.action.SERVICE_STATE serviceState={mVoiceRegState=1(OUT_OF_SERVICE), mDataRegState=1(OUT_OF_SERVICE), mChannelNumber=-1, duplexMode()=0, mCellBandwidths=[2147483647], mOperatorAlphaLong=, mOperatorAlphaShort=, isManualNetworkSelection=false(automatic), getRilVoiceRadioTechnology=0(Unknown), getRilDataRadioTechnology=0(Unknown), mCssIndicator=unsupported, mNetworkId=-1, mSystemId=-1, mCdmaRoamingIndicator=-1, mCdmaDefaultRoamingIndicator=-1, mIsEmergencyOnly=false, isUsingCarrierAggregation=false, mLteEarfcnRsrpBoost=0, mNetworkRegistrationInfos=[NetworkRegistrationInfo{ domain=CS transportType=WWAN registrationState=NOT_REG_SEARCHING roamingType=NOT_ROAMING accessNetworkTechnology=UNKNOWN rejectCause=0 emergencyEnabled=false availableServices=[] cellIdentity=null voiceSpecificInfo=VoiceSpecificRegistrationInfo { mCssSupported=false mRoamingIndicator=-1 mSystemIsInPrl=-1 mDefaultRoamingIndicator=-1} dataSpecificInfo=null nrState=NONE rRplmn=}, NetworkRegistrationInfo{ domain=PS transportType=WWAN registrationState=NOT_REG_OR_SEARCHING roamingType=NOT_ROAMING accessNetworkTechnology=UNKNOWN rejectCause=0 emergencyEnabled=false availableServices=[] cellIdentity=null voiceSpecificInfo=null dataSpecificInfo=android.telephony.DataSpecificRegistrationInfo :{ maxDataCalls = 20 isDcNrRestricted = false isNrAvailable = false isEnDcAvailable = false LteVopsSupportInfo :  mVopsSupport = 1 mEmcBearerSupport = 1 mIsUsingCarrierAggregation = false } nrState=NONE rRplmn=}], mNrFrequencyRange=0, mOperatorAlphaLongRaw=, mOperatorAlphaShortRaw=, mIsDataRoamingFromRegistration=false, mIsIwlanPreferred=false} subId=-1
02-23 03:56:48.685  2925  2925 D KeyguardUpdateMonitor: handleServiceStateChange(subId=-1, serviceState={mVoiceRegState=1(OUT_OF_SERVICE), mDataRegState=1(OUT_OF_SERVICE), mChannelNumber=-1, duplexMode()=0, mCellBandwidths=[2147483647], mOperatorAlphaLong=, mOperatorAlphaShort=, isManualNetworkSelection=false(automatic), getRilVoiceRadioTechnology=0(Unknown), getRilDataRadioTechnology=0(Unknown), mCssIndicator=unsupported, mNetworkId=-1, mSystemId=-1, mCdmaRoamingIndicator=-1, mCdmaDefaultRoamingIndicator=-1, mIsEmergencyOnly=false, isUsingCarrierAggregation=false, mLteEarfcnRsrpBoost=0, mNetworkRegistrationInfos=[NetworkRegistrationInfo{ domain=CS transportType=WWAN registrationState=NOT_REG_SEARCHING roamingType=NOT_ROAMING accessNetworkTechnology=UNKNOWN rejectCause=0 emergencyEnabled=false availableServices=[] cellIdentity=null voiceSpecificInfo=VoiceSpecificRegistrationInfo { mCssSupported=false mRoamingIndicator=-1 mSystemIsInPrl=-1 mDefaultRoamingIndicator=-1} dataSpecificInfo=null nrState=NONE rRplmn=}, NetworkRegistrationInfo{ domain=PS transportType=WWAN registrationState=NOT_REG_OR_SEARCHING roamingType=NOT_ROAMING accessNetworkTechnology=UNKNOWN rejectCause=0 emergencyEnabled=false availableServices=[] cellIdentity=null voiceSpecificInfo=null dataSpecificInfo=android.telephony.DataSpecificRegistrationInfo :{ maxDataCalls = 20 isDcNrRestricted = false isNrAvailable = false isEnDcAvailable = false LteVopsSupportInfo :  mVopsSupport = 1 mEmcBearerSupport = 1 mIsUsingCarrierAggregation = false } nrState=NONE rRplmn=}], mNrFrequencyRange=0, mOperatorAlphaLongRaw=, mOperatorAlphaShortRaw=, mIsDataRoamingFromRegistration=false, mIsIwlanPreferred=false}
02-23 03:56:48.685  2925  2925 W KeyguardUpdateMonitor: invalid subId in handleServiceStateChange()
02-23 03:56:48.685  1789 24934 E QMI_FW  : qmi_cci_get_ref: ref count increased 2
02-23 03:56:48.687  3728  3728 V PhoneGlobals: subId=-1,mDefaultDataSubId=1,ss roaming=false
02-23 03:56:48.687  1789 24935 E QMI_FW  : qmi_cci_get_ref: ref count increased 2
02-23 03:56:48.689  1789 24935 E QMI_FW  : qmi_cci_get_ref: ref count increased 2
02-23 03:56:48.690  3728  4015 D PhoneInterfaceManager: [PhoneIntfMgr] getPhoneFromSubId: 1
02-23 03:56:48.693  1597  2675 I chatty  : uid=1000(system) Binder:1597_6 expire 4 lines
02-23 03:56:48.697  1597  2567 I chatty  : uid=1000(system) ActivityManager expire 434 lines
02-23 03:56:48.732 19342 19342 D CellBroadcastReceiver: onReceive Intent { act=android.intent.action.SERVICE_STATE flg=0x1000010 cmp=com.google.android.cellbroadcastreceiver/com.android.cellbroadcastreceiver.CellBroadcastReceiver (has extras) }
02-23 03:56:48.734  1597  2512 I chatty  : uid=1000(system) Binder:1597_2 expire 1162 lines
02-23 03:56:48.778 20861 24928 W adbd    : timed out while waiting for FUNCTIONFS_BIND, trying again
02-23 03:56:48.778 20861 24928 I adbd    : UsbFfs: connection terminated: monitor thread finished
02-23 03:56:48.779 20861 20861 I adbd    : UsbFfs: already offline
02-23 03:56:48.779 20861 20861 I adbd    : destroying transport UsbFfs
02-23 03:56:48.779 20861 20861 I adbd    : UsbFfsConnection being destroyed
02-23 03:56:48.812  1597  2675 I chatty  : uid=1000(system) Binder:1597_6 expire 7 lines
02-23 03:56:48.812  2925  4615 D TelephonyRegistryManager: onSubscriptionsChangedListener callback received.
02-23 03:56:48.812  2925  4868 D TelephonyRegistryManager: onSubscriptionsChangedListener callback received.
02-23 03:56:48.812  3728  3756 D TelephonyRegistryManager: onSubscriptionsChangedListener callback received.
02-23 03:56:48.812  3728  3966 D TelephonyRegistryManager: onSubscriptionsChangedListener callback received.
02-23 03:56:48.812  3728  4145 D TelephonyRegistryManager: onSubscriptionsChangedListener callback received.
02-23 03:56:48.812  2797  2797 D TouchInteractionService: onInputEvent# ev: MotionEvent { action=ACTION_DOWN, actionButton=0, id[0]=0, x[0]=779.0, y[0]=301.0, toolType[0]=TOOL_TYPE_FINGER, buttonState=0, classification=NONE, metaState=0, flags=0x0, edgeFlags=0x0, pointerCount=1, historySize=0, eventTime=231706, downTime=231706, deviceId=2, source=0x1002, displayId=0 }
02-23 03:56:48.812  3728  4340 D TelephonyRegistryManager: onSubscriptionsChangedListener callback received.
02-23 03:56:48.812  3728  4299 D TelephonyRegistryManager: onSubscriptionsChangedListener callback received.
02-23 03:56:48.812  3728  3756 D TelephonyRegistryManager: onSubscriptionsChangedListener callback received.
02-23 03:56:48.813  3728  4340 D TelephonyRegistryManager: onSubscriptionsChangedListener callback received.
02-23 03:56:48.813  3728  4162 D TelephonyRegistryManager: onSubscriptionsChangedListener callback received.
02-23 03:56:48.813  3728  4145 D TelephonyRegistryManager: onSubscriptionsChangedListener callback received.
02-23 03:56:48.813  3574 20096 D TelephonyRegistryManager: onSubscriptionsChangedListener callback received.
02-23 03:56:48.813  3574  3606 D TelephonyRegistryManager: onSubscriptionsChangedListener callback received.
02-23 03:56:48.813  3574  4425 D TelephonyRegistryManager: onSubscriptionsChangedListener callback received.
02-23 03:56:48.813  2888  4784 D TelephonyRegistryManager: onSubscriptionsChangedListener callback received.
02-23 03:56:48.813  4860  4887 D TelephonyRegistryManager: onSubscriptionsChangedListener callback received.
02-23 03:56:48.813  3458  3482 D TelephonyRegistryManager: onSubscriptionsChangedListener callback received.
02-23 03:56:48.813  3728  4162 D TelephonyRegistryManager: onSubscriptionsChangedListener callback received.
02-23 03:56:48.813  3458  6094 D TelephonyRegistryManager: onSubscriptionsChangedListener callback received.
02-23 03:56:48.813  2888  4067 I HeadsetPhoneState: stopListenForPhoneState(), no listener indicates nothing is listening
02-23 03:56:48.813  3728  3934 D TelephonyRegistryManager: onSubscriptionsChangedListener callback received.
02-23 03:56:48.813  2888  4067 W HeadsetPhoneState: startListenForPhoneState, no event to listen
02-23 03:56:48.813 19232 19287 D TelephonyRegistryManager: onSubscriptionsChangedListener callback received.
02-23 03:56:48.813  3728  4339 D TelephonyRegistryManager: onSubscriptionsChangedListener callback received.
02-23 03:56:48.813  3427  8375 D TelephonyRegistryManager: onSubscriptionsChangedListener callback received.
02-23 03:56:48.813  3458  3458 D QCNEJ/WwanInfoRelay: onSubscriptionsChanged currDDSId: 1 new DDS 1
02-23 03:56:48.813 20166 20186 D TelephonyRegistryManager: onSubscriptionsChangedListener callback received.
02-23 03:56:48.814  3728  4299 D TelephonyRegistryManager: onSubscriptionsChangedListener callback received.
02-23 03:56:48.814 20166 20166 I Finsky:background: [2] onSubscriptionsChanged
02-23 03:56:48.814  3458  3458 D QCNEJ/DataCallAgent: onSubscriptionsChanged: new DDS 1
02-23 03:56:48.814  3728  3966 D TelephonyRegistryManager: onSubscriptionsChangedListener callback received.
02-23 03:56:48.814 19232 19232 I Finsky  : [2] onSubscriptionsChanged
02-23 03:56:48.814  3458  6062 D QCNEJ/DataCallAgent: phoneCount: 2
02-23 03:56:48.814  3458  6062 D QCNEJ/DataCallAgent: subs for 1th slot: [1]
02-23 03:56:48.814  3728  4340 D TelephonyRegistryManager: onSubscriptionsChangedListener callback received.
02-23 03:56:48.814  3458  6062 D QCNEJ/DataCallAgent: mSubInfoReady[1] is set to true
02-23 03:56:48.814  3728  3756 D TelephonyRegistryManager: onSubscriptionsChangedListener callback received.
02-23 03:56:48.816 20861 20864 I adbd    : opening control endpoint /dev/usb-ffs/adb/ep0
02-23 03:56:48.816  4860  5896 D OsAgent : [string_dataitem_update][2973] [HC] =>> [HS]
02-23 03:56:48.816  1188  1188 V LocSvc_HIDL_IzatSubscription: [stringDataItemUpdate][283] [HS] <<<<= [HC]
02-23 03:56:48.817  3728  4339 D TelephonyProvider: Using old permission behavior for telephony provider compat
02-23 03:56:48.817 20861 20864 I adbd    : UsbFfsConnection constructed
02-23 03:56:48.817  3574  3574 E QImsService: ImsConfigImpl : onSubscriptionsChanged unable to process due to SubscriptionInfo is null
02-23 03:56:48.821 20861 24936 I adbd    : UsbFfs-monitor thread spawned
02-23 03:56:48.826  2925  2925 V KeyguardUpdateMonitor: onSubscriptionInfoChanged()
02-23 03:56:48.828  2925  2925 V KeyguardUpdateMonitor: SubInfo:{id=1 iccId=899187105[****] simSlotIndex=1 carrierId=2018 displayName=Jio 4G carrierName=No service nameSource=1 iconTint=-16746133 number=[****] dataRoaming=0 iconBitmap=android.graphics.Bitmap@af5a91a mcc=405 mnc=871 countryIso=in isEmbedded=false nativeAccessRules=null cardString=899187105[****] cardId=0 isOpportunistic=false groupUUID=null isGroupDisabled=false profileClass=-1 ehplmns=[405871] hplmns=[405871] subscriptionType=0 groupOwner=null carrierConfigAccessRules=null areUiccApplicationsEnabled=true}
02-23 03:56:48.829  1597  2695 I chatty  : uid=1000(system) NetworkPolicy expire 68 lines
02-23 03:56:48.830  3728  3728 D ServiceStateProvider: subId=-1
02-23 03:56:48.831  2925  2925 E OpReflectionUtils: getValue NoSuchField class com.android.keyguard.CarrierTextController field mIsEmergencyCallCapable
02-23 03:56:48.832  1597  2567 I chatty  : uid=1000(system) ActivityManager expire 259 lines
02-23 03:56:48.834  2925  2925 E OpReflectionUtils: getValue NoSuchField class com.android.keyguard.CarrierTextController field mIsEmergencyCallCapable
02-23 03:56:48.834  2925  2925 E OpReflectionUtils: getValue NoSuchField class com.android.keyguard.CarrierTextController field mIsEmergencyCallCapable
02-23 03:56:48.836  3728  3728 I Telephony: TelecomAccountRegistry: onSubscriptionsChanged - update accounts
02-23 03:56:48.836  3728  3728 D Telephony: Unregistering: Handler (com.qualcomm.qti.internal.telephony.QtiGsmCdmaPhone) {ce4898e}
02-23 03:56:48.836  3728  3728 I ImsCallbackAM [1]: Local callback removed: android.telephony.ims.ImsMmTelManager$CapabilityCallback$CapabilityBinder@dd5b7a7
02-23 03:56:48.837  3728  3728 I ImsCallbackAM [1]: Local callback removed: android.telephony.ims.RegistrationManager$RegistrationCallback$RegistrationBinder@41e4454
02-23 03:56:48.837  3728  3728 I Telephony: TelecomAccountRegistry: setupAccounts: Found 2 phones.  Attempting to register.
02-23 03:56:48.838  3728  3728 I Telephony: setupAccounts: Phone with subscription id: -1 slotId: 0 provisionStatus: -1
02-23 03:56:48.838  3728  3728 D Telephony: TelecomAccountRegistry: setupAccounts: skipping invalid subid -1
02-23 03:56:48.838  1789 24933 E QMI_FW  : qmi_cci_get_ref: ref count increased 2
02-23 03:56:48.838  3728  3728 I Telephony: setupAccounts: Phone with subscription id: 1 slotId: 1 provisionStatus: 1
02-23 03:56:48.839  2925  2925 D KeyguardUpdateMonitor: received broadcast android.intent.action.SERVICE_STATE
02-23 03:56:48.840  2925  2925 V KeyguardUpdateMonitor: action android.intent.action.SERVICE_STATE serviceState={mVoiceRegState=1(OUT_OF_SERVICE), mDataRegState=1(OUT_OF_SERVICE), mChannelNumber=699, duplexMode()=0, mCellBandwidths=[], mOperatorAlphaLong=, mOperatorAlphaShort=, isManualNetworkSelection=false(automatic), getRilVoiceRadioTechnology=16(GSM), getRilDataRadioTechnology=2(EDGE), mCssIndicator=unsupported, mNetworkId=-1, mSystemId=-1, mCdmaRoamingIndicator=-1, mCdmaDefaultRoamingIndicator=-1, mIsEmergencyOnly=true, isUsingCarrierAggregation=false, mLteEarfcnRsrpBoost=0, mNetworkRegistrationInfos=[NetworkRegistrationInfo{ domain=CS transportType=WWAN registrationState=NOT_REG_SEARCHING roamingType=NOT_ROAMING accessNetworkTechnology=GSM rejectCause=0 emergencyEnabled=true availableServices=[EMERGENCY] cellIdentity=CellIdentityGsm:{ mLac=29043 mCid=54843 mArfcn=699 mBsic=0x2a mMcc=404 mMnc=20 mAlphaLong=Vodafone IN mAlphaShort=Vodafone mAdditionalPlmns={}} voiceSpecificInfo=VoiceSpecificRegistrationInfo { mCssSupported=false mRoamingIndicator=0 mSystemIsInPrl=-1 mDefaultRoamingIndicator=-1} dataSpecificInfo=null nrState=NONE rRplmn=40420}, NetworkRegistrationInfo{ domain=PS transportType=WWAN registrationState=NOT_REG_SEARCHING roamingType=NOT_ROAMING accessNetworkTechnology=EDGE rejectCause=0 emergencyEnabled=true availableServices=[EMERGENCY] cellIdentity=CellIdentityGsm:{ mLac=29043 mCid=54843 mArfcn=699 mBsic=0x2a mMcc=404 mMnc=20 mAlphaLong=Vodafone IN mAlphaShort=Vodafone mAdditionalPlmns={}} voiceSpecificInfo=null dataSpecificInfo=android.telephony.DataSpecificRegistrationInfo :{ maxDataCalls = 20 isDcNrRestricted = false isNrAvailable = false isEnDcAvailable = false LteVopsSupportInfo :  mVopsSupport = 1 mEmcBearerSupport = 1 mIsUsingCarrierAggregation = false } nrState=NONE rRplmn=40420}], mNrFrequencyRange=0, mOperatorAlphaLongRaw=, mOperatorAlphaShortRaw=, mIsDataRoamingFromRegistration=false, mIsIwlanPreferred=false} subId=-1
02-23 03:56:48.840  3728  3728 I Telephony: subDisplayName: Jio 4G
02-23 03:56:48.840  1789 24933 E QMI_FW  : qmi_cci_get_ref: ref count increased 2
02-23 03:56:48.841  3728  3728 D Telephony: isEmergencyPreferredAccount: subId=1, activeData=1
02-23 03:56:48.841  3728  3728 D Telephony: isEmergencyPreferredAccount: Device does not require preference.
02-23 03:56:48.841  2925  2925 D EmergencyButton: requestCellInfoUpdate.onCellInfo is null or empty on phone1
02-23 03:56:48.841  1789 24938 E QMI_FW  : qmi_cci_get_ref: ref count increased 2
02-23 03:56:48.843  1597  5336 I chatty  : uid=1000(system) Binder:1597_1F expire 4 lines
02-23 03:56:48.843  1789 24938 E QMI_FW  : qmi_cci_get_ref: ref count increased 2
02-23 03:56:48.846  2925  2925 D KeyguardUpdateMonitor: handleServiceStateChange(subId=-1, serviceState={mVoiceRegState=1(OUT_OF_SERVICE), mDataRegState=1(OUT_OF_SERVICE), mChannelNumber=699, duplexMode()=0, mCellBandwidths=[], mOperatorAlphaLong=, mOperatorAlphaShort=, isManualNetworkSelection=false(automatic), getRilVoiceRadioTechnology=16(GSM), getRilDataRadioTechnology=2(EDGE), mCssIndicator=unsupported, mNetworkId=-1, mSystemId=-1, mCdmaRoamingIndicator=-1, mCdmaDefaultRoamingIndicator=-1, mIsEmergencyOnly=true, isUsingCarrierAggregation=false, mLteEarfcnRsrpBoost=0, mNetworkRegistrationInfos=[NetworkRegistrationInfo{ domain=CS transportType=WWAN registrationState=NOT_REG_SEARCHING roamingType=NOT_ROAMING accessNetworkTechnology=GSM rejectCause=0 emergencyEnabled=true availableServices=[EMERGENCY] cellIdentity=CellIdentityGsm:{ mLac=29043 mCid=54843 mArfcn=699 mBsic=0x2a mMcc=404 mMnc=20 mAlphaLong=Vodafone IN mAlphaShort=Vodafone mAdditionalPlmns={}} voiceSpecificInfo=VoiceSpecificRegistrationInfo { mCssSupported=false mRoamingIndicator=0 mSystemIsInPrl=-1 mDefaultRoamingIndicator=-1} dataSpecificInfo=null nrState=NONE rRplmn=40420}, NetworkRegistrationInfo{ domain=PS transportType=WWAN registrationState=NOT_REG_SEARCHING roamingType=NOT_ROAMING accessNetworkTechnology=EDGE rejectCause=0 emergencyEnabled=true availableServices=[EMERGENCY] cellIdentity=CellIdentityGsm:{ mLac=29043 mCid=54843 mArfcn=699 mBsic=0x2a mMcc=404 mMnc=20 mAlphaLong=Vodafone IN mAlphaShort=Vodafone mAdditionalPlmns={}} voiceSpecificInfo=null dataSpecificInfo=android.telephony.DataSpecificRegistrationInfo :{ maxDataCalls = 20 isDcNrRestricted = false isNrAvailable = false isEnDcAvailable = false LteVopsSupportInfo :  mVopsSupport = 1 mEmcBearerSupport = 1 mIsUsingCarrierAggregation = false } nrState=NONE rRplmn=40420}], mNrFrequencyRange=0, mOperatorAlphaLongRaw=, mOperatorAlphaShortRaw=, mIsDataRoamingFromRegistration=false, mIsIwlanPreferred=false}
02-23 03:56:48.846  2925  2925 W KeyguardUpdateMonitor: invalid subId in handleServiceStateChange()
02-23 03:56:48.850  3728  4145 D PhoneInterfaceManager: [PhoneIntfMgr] getPhoneFromSubId: 1
02-23 03:56:48.851  1597  2512 I chatty  : uid=1000(system) Binder:1597_2 expire 4 lines
02-23 03:56:48.852  3728  3728 I Telephony: isRttCurrentlySupported -- regular acct, hasVoiceAvailability: false
02-23 03:56:48.852  3728  3728 I Telephony:  isRttSupported: false
02-23 03:56:48.852  3728  3728 I Telephony:  isRoaming: false
02-23 03:56:48.852  3728  3728 I Telephony:  isOnWfc: false
02-23 03:56:48.859  1597  2567 I chatty  : uid=1000(system) ActivityManager expire 344 lines
02-23 03:56:48.861  1597  2675 I chatty  : uid=1000(system) Binder:1597_6 expire 16 lines
02-23 03:56:48.832  1597  1597 I Telecom : LocationDetector: onReceive() - The switch button is closed which for countrycode adding function.
02-23 03:56:48.863  1597  2675 I Telecom : PhoneAccountRegistrar: addOrReplacePhoneAccount(ComponentInfo{com.android.phone/com.android.services.telephony.TelephonyConnectionService}, ***, UserHandle{0} -> [[ ] PhoneAccount: ComponentInfo{com.android.phone/com.android.services.telephony.TelephonyConnectionService}, ***, UserHandle{0} Capabilities: SuppVideo CallProvider MultiUser PlaceEmerg SimSub  Audio Routes: BESW Schemes: tel voicemail  Extras: Bundle[{android.telecom.extra.SUPPORTS_VIDEO_CALLING_FALLBACK=true, android.telecom.extra.SORT_ORDER=1}] GroupId: ***]): TSI.rPA@AWQ
02-23 03:56:48.863  1597  2675 I Telecom : PhoneAccountRegistrar: Modify account: [ComponentInfo{com.android.phone/com.android.services.telephony.TelephonyConnectionService}, ***, UserHandle{0}]: TSI.rPA@AWQ
02-23 03:56:48.867  1597  2675 I Telecom : CallsManager: handlePhoneAccountChanged: phoneAccount=[[X] PhoneAccount: ComponentInfo{com.android.phone/com.android.services.telephony.TelephonyConnectionService}, ***, UserHandle{0} Capabilities: SuppVideo CallProvider MultiUser PlaceEmerg SimSub  Audio Routes: BESW Schemes: tel voicemail  Extras: Bundle[{android.telecom.extra.SUPPORTS_VIDEO_CALLING_FALLBACK=true, android.telecom.extra.SORT_ORDER=1}] GroupId: ***]: TSI.rPA@AWQ
02-23 03:56:48.867  3728  3728 I Telephony: AccountEntry: Registered phoneAccount: [[ ] PhoneAccount: ComponentInfo{com.android.phone/com.android.services.telephony.TelephonyConnectionService}, ***, UserHandle{0} Capabilities: SuppVideo CallProvider MultiUser PlaceEmerg SimSub  Audio Routes: BESW Schemes: tel voicemail  Extras: Bundle[{android.telecom.extra.SUPPORTS_VIDEO_CALLING_FALLBACK=true, android.telecom.extra.SORT_ORDER=1}] GroupId: ***] with handle: ComponentInfo{com.android.phone/com.android.services.telephony.TelephonyConnectionService}, ***, UserHandle{0}
02-23 03:56:48.867  3728  3728 D Telephony: Registering: Handler (com.qualcomm.qti.internal.telephony.QtiGsmCdmaPhone) {ce4898e}
02-23 03:56:48.868  3728  3728 W Telephony: registerMmTelCapabilityCallback: registration failed, no ImsService available. Exception: CapabilityCallbackManager - MmTelFeature binder is dead. (code: 1)
02-23 03:56:48.869  3728  3728 I ImsCallbackAM [1]: Local callback added: android.telephony.ims.RegistrationManager$RegistrationCallback$RegistrationBinder@b6f4e81
02-23 03:56:48.869  3728  4145 D TelephonyRegistryManager: onSubscriptionsChangedListener callback received.
02-23 03:56:48.869  3728  3728 D TelephonyRegistryManager: addOnSubscriptionsChangedListener package name = com.android.phone
02-23 03:56:48.871  3728  3728 D CallNotifier: updatePhoneStateListeners: update CF notifications.
02-23 03:56:48.871  3728  3728 I NotificationMgr: updateCfi: subId= 1, visible=N
02-23 03:56:48.872  3728  3728 I NotificationMgr: updateMwi(): subId 1 update to false
02-23 03:56:48.873  1597  2660 I chatty  : uid=1000(system) SettingsProvide expire 5 lines
02-23 03:56:48.874  1597  3012 I chatty  : uid=1000(system) AsyncTask #1 expire 5 lines
02-23 03:56:48.880 19342 19342 D CellBroadcastReceiver: onReceive Intent { act=android.intent.action.SERVICE_STATE flg=0x1000010 cmp=com.google.android.cellbroadcastreceiver/com.android.cellbroadcastreceiver.CellBroadcastReceiver (has extras) }
02-23 03:56:48.881  3728  3728 D OPDiagnoseManagerTelephonyReceiver: getPhoneStateListener mSlotIndex = 1, subId = 1
02-23 03:56:48.881  3728  3728 D OPDiagnoseManagerTelephonyReceiver: registerListener mSlotIndex = 1
02-23 03:56:48.883  3728  3728 D MDM-OPMdmListener: getTelephonyManager telephonyManager = null
02-23 03:56:48.883  3728  3728 D MDM-OPMdmListener: updateListeners: mTelephonyManagers[0] = null
02-23 03:56:48.883  3728  3728 D MDM-DataUsageCollectionManager: getTelephonyManager telephonyManager = null
02-23 03:56:48.883  3728  3728 D MDM-DataUsageCollectionManager: updatePhoneStateListeners: mTelephonyManagers[0] = null
02-23 03:56:48.884  3728  3728 D MDM-DataActiveCollectionManager: getTelephonyManager telephonyManager = null
02-23 03:56:48.884  3728  3728 D MDM-DataActiveCollectionManager: updatePhoneStateListeners: mTelephonyManagers[0] = null
02-23 03:56:48.884  3728  3728 D VendorMultiSimSettingController: onSubscriptionsChanged
02-23 03:56:48.884  3728  3728 D VendorMultiSimSettingController: updateDefaults
02-23 03:56:48.884  3728  3728 D VendorMultiSimSettingController: disableDataForNonDefaultNonOpportunisticSubscriptions - do nothing
02-23 03:56:48.884  3728  3728 I PhoneGlobals: local changed
02-23 03:56:48.887  1597  2567 I chatty  : uid=1000(system) ActivityManager expire 393 lines
02-23 03:56:48.890  3728  3728 V PhoneGlobals: subId=-1,mDefaultDataSubId=1,ss roaming=false
02-23 03:56:48.897  3728  3728 I ImsExternalCallTracker: handleVideoCapabilitiesChanged : isVideoCapable = false
02-23 03:56:48.897  3728  3728 D ImsExternalCallTracker: refreshCallPullState
02-23 03:56:48.897  3728  3728 I Telephony: handleVideoCapabilitesChanged. Video capability - false
02-23 03:56:48.899  3728  3728 I Telephony: subDisplayName: Jio 4G
02-23 03:56:48.900  3728  3728 D Telephony: isEmergencyPreferredAccount: subId=1, activeData=1
02-23 03:56:48.900  3728  3728 D Telephony: isEmergencyPreferredAccount: Device does not require preference.
02-23 03:56:48.907  1597  2723 I chatty  : uid=1000(system) AS.SfxWorker expire 3 lines
02-23 03:56:48.909  1314  1586 D APM_AudioPolicyManager: startOutput() output 13, stream 1, session 73, portId 31
02-23 03:56:48.909  1314  1586 D APM_AudioPolicyManager: setOutputDevices device {type:0x2,@:} delayMs 0 force 0
02-23 03:56:48.909  1314  1586 D APM_AudioPolicyManager: setOutputDevices() prevDevice {type:0x2,@:}
02-23 03:56:48.909  1314  1586 D APM_AudioPolicyManager: setOutputDevices setting same device {type:0x2,@:} or null device, force=0, patch handle=4
02-23 03:56:48.909  3728  3728 W Telephony: registerMmTelCapabilityCallback: registration failed, no ImsService available. Exception: CapabilityCallbackManager - MmTelFeature binder is dead. (code: 1)
02-23 03:56:48.910  1314  1893 D AudioFlinger: acquireWakeLock_l() count:-10
02-23 03:56:48.910  1314  1893 D AudioFlinger: acquireWakeLock_l() AudioOut_D status 0
02-23 03:56:48.910  1314  1893 D AudioFlinger: acquireWakeLock_l() binder:0x7a498dce90
02-23 03:56:48.911  1597  2674 I chatty  : uid=1000(system) Binder:1597_5 expire 1 line
02-23 03:56:48.911  1177  4258 D audio_hw_primary: start_output_stream: enter: stream(0xe6304330)usecase(1: low-latency-playback) devices(0x2) is_haptic_usecase(0)
02-23 03:56:48.912  1177  4258 D audio_hw_primary: select_devices for use case (low-latency-playback)
02-23 03:56:48.912  1177  4258 I msm8974_platform: platform_check_and_set_codec_backend_cfg:becf: afe: bitwidth 16, samplerate 48000 channels 2, backend_idx 0 usecase = 1 device (speaker)
02-23 03:56:48.912  3728  3728 I Telephony: isRttCurrentlySupported -- regular acct, hasVoiceAvailability: false
02-23 03:56:48.912  3728  3728 I Telephony:  isRttSupported: false
02-23 03:56:48.912  3728  3728 I Telephony:  isRoaming: false
02-23 03:56:48.912  3728  3728 I Telephony:  isOnWfc: false
02-23 03:56:48.912  1177  4258 D msm8974_platform: platform_split_snd_device: snd_device(6) num devices(1) new_snd_devices(0)
02-23 03:56:48.912  1177  4258 I msm8974_platform: platform_check_and_set_codec_backend_cfg: new_snd_devices[0] is 6
02-23 03:56:48.912  1177  4258 I msm8974_platform: platform_check_codec_backend_cfg:becf: afe: bitwidth 16, samplerate 48000 channels 2, backend_idx 0 usecase = 1 device (speaker)
02-23 03:56:48.912  1177  4258 E audio_hw_extn: audio_extn_enable_hifi_filter: Could not get ctl for mixer cmd - HiFi Filter, using default control
02-23 03:56:48.912  1177  4258 D msm8974_platform: platform_check_codec_backend_cfg:becf: updated afe: bitwidth 16, samplerate 48000 channels 2,backend_idx 0 usecase = 1 device (speaker)
02-23 03:56:48.912  1177  4258 D msm8974_platform: platform_check_codec_backend_cfg:becf: afe: playback on codec device not supporting native playback set default Sample Rate(48k)
02-23 03:56:48.912  1177  4258 I msm8974_platform: platform_check_codec_backend_cfg:becf: afe: Codec selected backend: 0 updated bit width: 16 and sample rate: 48000
02-23 03:56:48.912  1177  4258 D audio_hw_primary: check_usecases_codec_backend:becf: force routing 0
02-23 03:56:48.912  1177  4258 E msm8974_platform: platform_check_backends_match: Invalid snd_device = 
02-23 03:56:48.912  1177  4258 D audio_hw_primary: check_usecases_codec_backend:becf: (77) check_usecases curr device: speaker, usecase device: backends match 0
02-23 03:56:48.912  1177  4258 D audio_hw_primary: check_usecases_codec_backend:becf: check_usecases num.of Usecases to switch 0
02-23 03:56:48.912  1177  4258 D msm8974_platform: platform_split_snd_device: snd_device(6) num devices(0) new_snd_devices(0)
02-23 03:56:48.912  1177  4258 D hardware_info: hw_info_append_hw_type : device_name = speaker
02-23 03:56:48.912  1177  4258 D msm8974_platform: platform_split_snd_device: snd_device(6) num devices(0) new_snd_devices(0)
02-23 03:56:48.912  1177  4258 D audio_hw_primary: enable_snd_device: snd_device(6: speaker)
02-23 03:56:48.912  1177  4258 D msm8974_platform: platform_get_island_cfg_on_device:island cfg status on snd_device = (speaker 0)
02-23 03:56:48.912  1177  4258 I soundtrigger: audio_extn_sound_trigger_update_device_status: device 0x6 of type 0 for Event 1, with Raise=0
02-23 03:56:48.912  1177  4258 D audio_route: Apply path: speaker
02-23 03:56:48.912  1177  4258 I audio_hw_utils: audio_extn_utils_update_stream_output_app_type_cfg Allowing 24 and above bits playback on speaker ONLY at default sampling rate
02-23 03:56:48.912  1177  4258 E soundtrigger: audio_extn_sound_trigger_update_stream_status: invalid input device 0x0, for event 3
02-23 03:56:48.912  1177  4258 D soundtrigger: audio_extn_sound_trigger_update_stream_status: uc_info->id 1 of type 0 for Event 3, with Raise=0
02-23 03:56:48.912  1177  4258 D audio_hw_utils: audio_extn_utils_send_app_type_cfg: usecase->out_snd_device speaker
02-23 03:56:48.912  1177  4258 D msm8974_platform: platform_split_snd_device: snd_device(6) num devices(0) new_snd_devices(0)
02-23 03:56:48.912  1177  4258 D audio_hw_utils: audio_extn_btsco_get_sample_rate:Not a BT SCO device, need not update sampling rate
02-23 03:56:48.912  1177  4258 I audio_hw_utils: send_app_type_cfg_for_device PLAYBACK app_type 69937, acdb_dev_id 15, sample_rate 48000, snd_device_be_idx 39
02-23 03:56:48.912  1597  2512 I chatty  : uid=1000(system) Binder:1597_2 expire 5 lines
02-23 03:56:48.913  1177  4258 D msm8974_platform: platform_split_snd_device: snd_device(6) num devices(1) new_snd_devices(0)
02-23 03:56:48.913  1177  4258 D audio_hw_utils: audio_extn_btsco_get_sample_rate:Not a BT SCO device, need not update sampling rate
02-23 03:56:48.913  1177  4258 D ACDB-LOADER: ACDB -> send_audio_cal, acdb_id = 15, path = 0, app id = 0x11131, sample rate = 48000, afe_sample_rate = 48000
02-23 03:56:48.913  1177  4258 D ACDB-LOADER: ACDB -> send_asm_topology
02-23 03:56:48.913  1177  4258 D ACDB-LOADER: ACDB -> ACDB_CMD_GET_AUDPROC_STREAM_TOPOLOGY_ID
02-23 03:56:48.913  1177  4258 D ACDB-LOADER: ACDB -> send_adm_topology
02-23 03:56:48.913  1177  4258 D ACDB-LOADER: ACDB -> ACDB_CMD_GET_AUDPROC_COMMON_TOPOLOGY_ID
02-23 03:56:48.913  1177  4258 D ACDB-LOADER: ACDB -> send_audtable
02-23 03:56:48.913  1177  4258 D ACDB-LOADER: ACDB -> ACDB_CMD_GET_AUDPROC_COMMON_TABLE_SIZE
02-23 03:56:48.913  1177  4258 D ACDB-LOADER: ACDB -> ACDB_CMD_GET_AUDPROC_COMMON_TABLE
02-23 03:56:48.913  1177  4258 D ACDB-LOADER: ACDB -> AUDIO_SET_AUDPROC_CAL cal_type[11] acdb_id[15] app_type[69937]
02-23 03:56:48.913  1177  4258 D ACDB-LOADER: ACDB -> send_audvoltable
02-23 03:56:48.913  1177  4258 D ACDB-LOADER: ACDB -> ACDB_CMD_GET_AUDPROC_GAIN_DEP_STEP_TABLE_SIZE
02-23 03:56:48.913  1177  4258 D ACDB-LOADER: ACDB -> ACDB_CMD_GET_AUDPROC_GAIN_DEP_STEP_TABLE, vol index 0
02-23 03:56:48.913  1177  4258 D ACDB-LOADER: ACDB -> AUDIO_SET_VOL_CAL cal type = 12
02-23 03:56:48.913  1177  4258 D ACDB-LOADER: ACDB -> ACDB_CMD_GET_AUDPROC_STREAM_TABLE_SIZE
02-23 03:56:48.913  1177  4258 D ACDB-LOADER: ACDB -> send_audstrmtable
02-23 03:56:48.913  1177  4258 D ACDB-LOADER: ACDB -> ACDB_CMD_GET_AUDPROC_STREAM_TABLE_V2
02-23 03:56:48.913  1177  4258 D ACDB-LOADER: ACDB -> audstrm_cal->cal_type.cal_data.cal_size = 16
02-23 03:56:48.913  1177  4258 D ACDB-LOADER: ACDB -> send_afe_topology
02-23 03:56:48.913  1177  4258 D ACDB-LOADER: ACDB -> ACDB_CMD_GET_AFE_TOPOLOGY_ID
02-23 03:56:48.913  1177  4258 D ACDB-LOADER: ACDB -> GET_AFE_TOPOLOGY_ID for adcd_id 15, Topology Id 112fc
02-23 03:56:48.913  1177  4258 D ACDB-LOADER: ACDB -> send_afe_cal
02-23 03:56:48.913  1177  4258 D ACDB-LOADER: ACDB -> ACDB_CMD_GET_AFE_COMMON_TABLE_SIZE
02-23 03:56:48.913  1177  4258 D android.hardware.audio.service: Failed to fetch the lookup information of the device 0000000F 
02-23 03:56:48.913  1177  4258 D ACDB-LOADER: Error: ACDB_CMD_GET_AFE_COMMON_TABLE_SIZE Returned = -19
02-23 03:56:48.913  1177  4258 D ACDB-LOADER: ACDB -> ACDB_CMD_GET_AFE_COMMON_TABLE
02-23 03:56:48.913  1177  4258 D android.hardware.audio.service: Failed to fetch the lookup information of the device 0000000F 
02-23 03:56:48.913  1177  4258 D ACDB-LOADER: Error: ACDB AFE returned = -19
02-23 03:56:48.913  1177  4258 D ACDB-LOADER: ACDB -> AUDIO_SET_AFE_CAL cal_type[16] acdb_id[15]
02-23 03:56:48.913  1177  4258 D ACDB-LOADER: ACDB -> send_hw_delay : acdb_id = 15 path = 0
02-23 03:56:48.913  1177  4258 D ACDB-LOADER: ACDB -> ACDB_AVSYNC_INFO: ACDB_CMD_GET_DEVICE_PROPERTY
02-23 03:56:48.913  1177  4258 D msm8974_platform: platform_split_snd_device: snd_device(6) num devices(0) new_snd_devices(0)
02-23 03:56:48.913  1177  4258 I msm8974_platform: platform_get_custom_mtmx_params: no matching param with id 0 ip_ch 2 op_ch 2 uc_id 1 snd_dev 6
02-23 03:56:48.913  1177  4258 D audio_hw_primary: enable_audio_route: apply mixer and update path: low-latency-playback quat_i2s
02-23 03:56:48.913  1177  4258 D audio_route: Apply path: low-latency-playback quat_i2s
02-23 03:56:48.914  1177  4258 D audio_hw_primary: select_devices: done
02-23 03:56:48.918  1597  2567 I chatty  : uid=1000(system) ActivityManager expire 10 lines
02-23 03:56:48.920  1597  1597 V SettingsProvider: Notifying for 0: content://settings/system/accelerometer_rotation
02-23 03:56:48.920 20218 20218 I Dialer  : LegacyVoicemailNotificationReceiver.onReceive - clearing notification
02-23 03:56:48.920 20218 20218 I Dialer  : LegacyVoicemailNotifier.cancelNotification - enter
02-23 03:56:48.920  1597  2675 I chatty  : uid=1000(system) Binder:1597_6 expire 348 lines
02-23 03:56:48.923  2925  2925 E ndroid.systemu: Invalid ID 0x00000000.
02-23 03:56:48.923  1597  2512 I Telecom : PhoneAccountRegistrar: addOrReplacePhoneAccount(ComponentInfo{com.android.phone/com.android.services.telephony.TelephonyConnectionService}, ***, UserHandle{0} -> [[ ] PhoneAccount: ComponentInfo{com.android.phone/com.android.services.telephony.TelephonyConnectionService}, ***, UserHandle{0} Capabilities: SuppVideo CallProvider MultiUser PlaceEmerg SimSub  Audio Routes: BESW Schemes: tel voicemail  Extras: Bundle[{android.telecom.extra.SUPPORTS_VIDEO_CALLING_FALLBACK=true, android.telecom.extra.SORT_ORDER=1}] GroupId: ***]): TSI.rPA@AWg
02-23 03:56:48.923  2925  2925 E ndroid.systemu: Invalid ID 0x00000000.
02-23 03:56:48.923  1597  2512 I Telecom : PhoneAccountRegistrar: Modify account: [ComponentInfo{com.android.phone/com.android.services.telephony.TelephonyConnectionService}, ***, UserHandle{0}]: TSI.rPA@AWg
02-23 03:56:48.923  2925  2925 E ndroid.systemu: Invalid ID 0x00000000.
02-23 03:56:48.925  1597  2512 I Telecom : CallsManager: handlePhoneAccountChanged: phoneAccount=[[X] PhoneAccount: ComponentInfo{com.android.phone/com.android.services.telephony.TelephonyConnectionService}, ***, UserHandle{0} Capabilities: SuppVideo CallProvider MultiUser PlaceEmerg SimSub  Audio Routes: BESW Schemes: tel voicemail  Extras: Bundle[{android.telecom.extra.SUPPORTS_VIDEO_CALLING_FALLBACK=true, android.telecom.extra.SORT_ORDER=1}] GroupId: ***]: TSI.rPA@AWg
02-23 03:56:48.926  3728  3728 D OPDiagnoseManagerTelephonyReceiver: onServiceStateChanged serviceState = 1, slotIndex = 1 , isShutdownPeriod() = false
02-23 03:56:48.926  3728  3728 D OPDiagnoseManagerTelephonyReceiver: onServiceStateChanged getNetworkRegistrationInfoList = [NetworkRegistrationInfo{ domain=CS transportType=WWAN registrationState=DENIED roamingType=NOT_ROAMING accessNetworkTechnology=UNKNOWN rejectCause=8 emergencyEnabled=false availableServices=[] cellIdentity=null voiceSpecificInfo=VoiceSpecificRegistrationInfo { mCssSupported=false mRoamingIndicator=-1 mSystemIsInPrl=-1 mDefaultRoamingIndicator=-1} dataSpecificInfo=null nrState=NONE rRplmn=}, NetworkRegistrationInfo{ domain=PS transportType=WWAN registrationState=DENIED roamingType=NOT_ROAMING accessNetworkTechnology=LTE rejectCause=8 emergencyEnabled=false availableServices=[] cellIdentity=CellIdentityLte:{ mCi=2147483647 mPci=2147483647 mTac=2147483647 mEarfcn=2147483647 mBands=[] mBandwidth=2147483647 mMcc=405 mMnc=874 mAlphaLong=Jio 4G mAlphaShort=Jio 4G mAdditionalPlmns={} mCsgInfo=null} voiceSpecificInfo=null dataSpecificInfo=android.telephony.DataSpecificRegistrationInfo :{ maxDataCalls = 20 isDcNrRestricted = false isNrAvailable = false isEnDcAvailable = false LteVopsSupportInfo :  mVopsSupport = 3 mEmcBearerSupport = 3 mIsUsingCarrierAggregation = false } nrState=NONE rRplmn=405874}]
02-23 03:56:48.926  3728  3728 D OPDiagnoseManagerTelephonyReceiver: onCallStateChanged mCallStateIdle[1] = true
02-23 03:56:48.926  3728  3728 D OPDiagnoseManagerTelephonyReceiver: onDataConnectionStateChanged dataState = 0, slotIndex = 1 , isShutdownPeriod() = false
02-23 03:56:48.926  3728  3728 D OPDiagnoseManagerTelephonyReceiver: onPreciseCallStateChanged slotIndex = 1,preciseState: Ringing call state: -1, Foreground call state: -1, Background call state: -1, Disconnect cause: -1, Precise disconnect cause: -1
02-23 03:56:48.933  1597  3012 I chatty  : uid=1000(system) AsyncTask #1 expire 5 lines
02-23 03:56:48.938  2925  2925 D EmergencyButton: requestCellInfoUpdate.onCellInfo is null or empty on phone1
02-23 03:56:48.939  1597  5192 I chatty  : uid=1000(system) Binder:1597_15 expire 4 lines
02-23 03:56:48.941  1177  4258 D msm8974_platform: platform_set_channel_map mixer_ctl_name:Playback Channel Map13
02-23 03:56:48.941  1177  4258 D msm8974_platform: platform_set_channel_map: set mapping(1 2 0 0 0 0 0 0) for channel:2
02-23 03:56:48.941  1177  4258 E msm8974_platform: platform_set_channel_map: Could not set ctl, error:-22 ch_count:2
02-23 03:56:48.941  1177  4258 D audio_hw_primary: start_output_stream: exit
02-23 03:56:48.941  1177  4258 D msm8974_platform: platform_split_snd_device: snd_device(6) num devices(0) new_snd_devices(0)
02-23 03:56:48.941  1177  4258 I msm8974_platform: platform_get_custom_mtmx_params: no matching param with id 0 ip_ch 2 op_ch 2 uc_id 1 snd_dev 6
02-23 03:56:48.946  1597  2675 I chatty  : uid=1000(system) Binder:1597_6 expire 800 lines
02-23 03:56:48.995  1181  4048 I vendor.qti.bluetooth@1.0-ibs_handler: ProcessIbsCmd: Received IBS_WAKE_IND: 0xFD
02-23 03:56:48.995  1181  4048 D vendor.qti.bluetooth@1.0-ibs_handler: SerialClockVote: vote for UART CLK ON
02-23 03:56:48.995  1597  2667 E ActivityThread: Failed to find provider info for com.oneplus.account.personalize.provider.open
02-23 03:56:48.996  1181  4048 D vendor.qti.bluetooth@1.0-wake_lock: Acquire wakelock is acquired 
02-23 03:56:48.996  1181  4048 I vendor.qti.bluetooth@1.0-ibs_handler: ProcessIbsCmd: Writing IBS_WAKE_ACK
02-23 03:56:48.996  1597  2667 W OpSystemGestures: recordSwipe failed due to total=2.186219062656164
02-23 03:56:48.996  1597  2667 W OpSystemGestures: java.lang.IllegalArgumentException: Unknown URL content://com.oneplus.account.personalize.provider.open
02-23 03:56:48.996  1597  2667 W OpSystemGestures: 	at android.content.ContentResolver.insert(ContentResolver.java:2172)
02-23 03:56:48.996  1597  2667 W OpSystemGestures: 	at android.content.ContentResolver.insert(ContentResolver.java:2130)
02-23 03:56:48.996  1597  2667 W OpSystemGestures: 	at com.android.server.wm.OpSystemGesturesPointerEventListenerInjector.lambda$saveDistance$0$OpSystemGesturesPointerEventListenerInjector(OpSystemGesturesPointerEventListenerInjector.java:154)
02-23 03:56:48.996  1597  2667 W OpSystemGestures: 	at com.android.server.wm.-$$Lambda$OpSystemGesturesPointerEventListenerInjector$neC_mfZQiJ4FpMKCb3FZMJ-lO-g.run(Unknown Source:4)
02-23 03:56:48.996  1597  2667 W OpSystemGestures: 	at android.os.Handler.handleCallback(Handler.java:938)
02-23 03:56:48.996  1597  2667 W OpSystemGestures: 	at android.os.Handler.dispatchMessage(Handler.java:99)
02-23 03:56:48.996  1597  2667 W OpSystemGestures: 	at android.os.Looper.loop(Looper.java:233)
02-23 03:56:48.996  1597  2667 W OpSystemGestures: 	at android.os.HandlerThread.run(HandlerThread.java:67)
02-23 03:56:48.996  1597  2667 W OpSystemGestures: 	at com.android.server.ServiceThread.run(ServiceThread.java:44)
02-23 03:56:48.997  1597  2558 I chatty  : uid=1000(system) android.ui expire 14 lines
02-23 03:56:48.997  2925  3293 D mab     : App Event: quick_ar
02-23 03:56:48.998  2888  4050 V bt_stack: [VERBOSE1:btm_inq.cc(1019)] BTM_InqDbRead: bd addr 4e:94:82:67:a5:aa
02-23 03:56:49.006  1597  2675 I chatty  : uid=1000(system) Binder:1597_6 expire 397 lines
02-23 03:56:49.019  1597 24939 I chatty  : uid=1000 system_server expire 1 line
02-23 03:56:49.032  1597  2675 I chatty  : uid=1000(system) Binder:1597_6 expire 727 lines
02-23 03:56:49.033  1177  1241 D audio_hw_primary: out_set_parameters: enter: usecase(1: low-latency-playback) kvpairs: suspend_playback=true
02-23 03:56:49.033  1177  1241 D audio_hw_extn: audio_extn_fm_set_parameters: Enter
02-23 03:56:49.036  1181  4048 I vendor.qti.bluetooth@1.0-ibs_handler: ProcessIbsCmd: Received IBS_SLEEP_IND: 0xFE
02-23 03:56:49.036  1181  4048 D vendor.qti.bluetooth@1.0-ibs_handler: SerialClockVote: vote for UART CLK OFF
02-23 03:56:49.043  1177  1241 D audio_hw_primary: out_set_parameters: enter: usecase(1: low-latency-playback) kvpairs: suspend_playback=false
02-23 03:56:49.043  1177  1241 D audio_hw_extn: audio_extn_fm_set_parameters: Enter
02-23 03:56:49.047  1177  1241 D audio_hw_primary: out_set_parameters: enter: usecase(1: low-latency-playback) kvpairs: suspend_playback=true
02-23 03:56:49.047  1177  1241 D audio_hw_extn: audio_extn_fm_set_parameters: Enter
02-23 03:56:49.058  1177  1241 D audio_hw_primary: out_set_parameters: enter: usecase(1: low-latency-playback) kvpairs: suspend_playback=false
02-23 03:56:49.058  1177  1241 D audio_hw_extn: audio_extn_fm_set_parameters: Enter
02-23 03:56:49.067  1177  1937 D audio_hw_primary: out_set_parameters: enter: usecase(1: low-latency-playback) kvpairs: suspend_playback=true
02-23 03:56:49.067  1177  1937 D audio_hw_extn: audio_extn_fm_set_parameters: Enter
02-23 03:56:49.069  1181  4048 I vendor.qti.bluetooth@1.0-ibs_handler: ProcessIbsCmd: Received IBS_WAKE_IND: 0xFD
02-23 03:56:49.069  1181  4048 D vendor.qti.bluetooth@1.0-ibs_handler: SerialClockVote: vote for UART CLK ON
02-23 03:56:49.069  1181  4048 I vendor.qti.bluetooth@1.0-ibs_handler: ProcessIbsCmd: Writing IBS_WAKE_ACK
02-23 03:56:49.070  2888  4050 V bt_stack: [VERBOSE1:btm_inq.cc(1019)] BTM_InqDbRead: bd addr 4e:94:82:67:a5:aa
02-23 03:56:49.078  1177  1937 D audio_hw_primary: out_set_parameters: enter: usecase(1: low-latency-playback) kvpairs: suspend_playback=false
02-23 03:56:49.078  1177  1937 D audio_hw_extn: audio_extn_fm_set_parameters: Enter
02-23 03:56:49.083  1314  1586 D APM_AudioPolicyManager: stopOutput() output 13, stream 1, session 73, portId 31
02-23 03:56:49.083  1314  1586 D APM_AudioPolicyManager: setOutputDevices device AUDIO_DEVICE_NONE delayMs 96 force 0
02-23 03:56:49.083  1314  1586 D APM_AudioPolicyManager: setOutputDevices() prevDevice {type:0x2,@:}
02-23 03:56:49.084  1597  2676 I chatty  : uid=1000(system) Binder:1597_7 expire 1 line
02-23 03:56:49.084  3728  3993 D Telephony: receive msg.what = 3
02-23 03:56:49.084  1314  1586 D APM_AudioPolicyManager: setOutputDevices setting same device AUDIO_DEVICE_NONE or null device, force=0, patch handle=4
02-23 03:56:49.085  3728  3993 D Telephony: stopScanning
02-23 03:56:49.086  3728  3993 I Telephony: updateSimInfo, serviceState: 1 ,subId: 1
02-23 03:56:49.086  3728  3993 I Telephony: updateRecognitionNeeded sim: true ,network: false
02-23 03:56:49.088  2925  2925 D xne     : Event success
02-23 03:56:49.110  1181  4048 I vendor.qti.bluetooth@1.0-ibs_handler: ProcessIbsCmd: Received IBS_SLEEP_IND: 0xFE
02-23 03:56:49.110  1181  4048 D vendor.qti.bluetooth@1.0-ibs_handler: SerialClockVote: vote for UART CLK OFF
02-23 03:56:49.112  1177  1241 D audio_hw_primary: out_set_parameters: enter: usecase(1: low-latency-playback) kvpairs: suspend_playback=true
02-23 03:56:49.112  1177  1241 D audio_hw_extn: audio_extn_fm_set_parameters: Enter
02-23 03:56:49.119  1597  2660 I chatty  : uid=1000(system) SettingsProvide expire 5 lines
02-23 03:56:49.238  2925  2925 I OpKeyguardClockInfoView: receive onCardShownChanged value:false
02-23 03:56:49.238  2925  2925 I OpKeyguardClockInfoView: updateView, mIsAodSliceOn:false, mTextViewDateOfWeekLineOne:com.oneplus.keyguard.OpKeyguardOneplusTextView{c25f0c6 V.ED..... ......ID 56,0-1024,157 #7f0b01d6 app:id/day_of_week}, mKeyguardAssistantView.hasHeader():false, stack:com.oneplus.keyguard.OpKeyguardClockInfoView.access$600:51 com.oneplus.keyguard.OpKeyguardClockInfoView$3.onCardShownChanged:127 
02-23 03:56:49.260  1181  3904 D vendor.qti.bluetooth@1.0-wake_lock: Release wakelock is released 
02-23 03:56:49.355  2797  2797 D TouchInteractionService: onInputEvent# ev: MotionEvent { action=ACTION_DOWN, actionButton=0, id[0]=0, x[0]=722.0, y[0]=2339.0, toolType[0]=TOOL_TYPE_FINGER, buttonState=0, classification=NONE, metaState=0, flags=0x0, edgeFlags=0x0, pointerCount=1, historySize=0, eventTime=232247, downTime=232247, deviceId=2, source=0x1002, displayId=0 }
02-23 03:56:49.361  2797  2797 D TouchInteractionService: newConsumer# isInValidSystemUiState: false, mSystemUiStateFlags = 4
02-23 03:56:49.361  2797  2797 D TouchInteractionService: onInputEvent# touch down on swipe region. consumer: TYPE_RESET_GESTURE
02-23 03:56:49.372  2925  2925 I PhoneStatusBarView: removePendingHideExpandedRunnables: com.android.systemui.statusbar.phone.PhoneStatusBarView.onTrackingStarted:358 com.android.systemui.statusbar.phone.PanelViewController.onTrackingStarted:566 com.android.systemui.statusbar.phone.NotificationPanelViewController.onTrackingStarted:2726 com.android.systemui.statusbar.phone.PanelViewController$TouchHandler.onTouch:1579 com.android.systemui.statusbar.phone.NotificationPanelViewController$18.onTouch:3773 
02-23 03:56:49.436  1597  2558 I chatty  : uid=1000(system) android.ui expire 8 lines
