02-23 03:47:16.579  1472  2692 I chatty  : uid=1000(system) tworkPolicy.uid identical 1 line
02-23 03:47:16.579  1472  2692 D NotDeveloper: processing getBoolean from com.dsi.ant.server with arg net.qtaguid_enabled
02-23 03:47:16.581  2794  5230 D DynamicIconUtil: bitmap size = 235, 235, drawable bounds = Rect(0, 0 - 147, 147), alpha = 255
02-23 03:47:16.583  2794  7867 D WeatherProvider: queryWeatherInformation() called after cursor
02-23 03:47:16.583  2794  7867 D WeatherProvider: processWeatherInformation() called with: cursor = [android.content.ContentResolver$CursorWrapperInner@df83b86]
02-23 03:47:16.583  2794  7867 E WeatherProvider: processWeatherInformation - cannot move the cursor point to the first row, is the cursor empty?
02-23 03:47:16.583  2794  6453 D WM-WorkerWrapper: net.oneplus.launcher.util.WeatherWorkManager returned a Success {mOutputData=Data {}} result.
02-23 03:47:16.584  2794  6453 I WM-WorkerWrapper: Worker result SUCCESS for Work [ id=b95bbb3e-eac3-4c37-ad1d-0fe88c2ff57a, tags={ net.oneplus.launcher.util.WeatherWorkManager, Weather_WorkerManager } ]
02-23 03:47:16.585  2794  5230 D DynamicIconUtil: bitmap size = 235, 235, drawable bounds = Rect(0, 0 - 147, 147), alpha = 255
02-23 03:47:16.585  2794  6453 D WM-PackageManagerHelper: androidx.work.impl.background.systemalarm.RescheduleReceiver disabled
02-23 03:47:16.586  2794  2794 D WM-Processor: Processor b95bbb3e-eac3-4c37-ad1d-0fe88c2ff57a executed; reschedule = false
02-23 03:47:16.586  2794  2794 D WM-GreedyScheduler: Stopping tracking for b95bbb3e-eac3-4c37-ad1d-0fe88c2ff57a
02-23 03:47:16.586  2794  5230 D DynamicIconUpdatedTask: DynamicIconUpdatedTask end
02-23 03:47:16.586  2794  2794 D WM-NetworkStateTracker: Unregistering network callback
02-23 03:47:16.586  2794  2794 D WM-SystemJobService: b95bbb3e-eac3-4c37-ad1d-0fe88c2ff57a executed on JobScheduler
02-23 03:47:16.586  2794  2794 D Launcher: bindAppsAddedOrUpdated: [AppInfo(id=-1 type=APP container=-1 screen=-1 cell(-1,-1) span(1,1) minSpan(1,1) rank=0 user=UserHandle{0} title=Clock hidden=false dirty = false newInstallTag=null componentName=ComponentInfo{com.oneplus.deskclock/com.oneplus.deskclock.DeskClock} searchResult=null suggestionApp=null)]
02-23 03:47:16.587  2794  2794 D DeviceHelper: isIndiaSkuSupports: this= 18801 , is SKU: false
02-23 03:47:16.587  1472  2703 D ConnectivityService: releasing NetworkRequest [ TRACK_DEFAULT id=118, [ Capabilities: INTERNET&NOT_RESTRICTED&TRUSTED Uid: 10175 AdministratorUids: [] RequestorUid: 10175 RequestorPackageName: net.oneplus.launcher] ] (release request)
02-23 03:47:16.587  2794  2794 D DeviceHelper: isIndiaSkuSupports: this= 18801 , is SKU: false
02-23 03:47:16.587  2794  2794 D AlphabeticalAppsList: refillAdapterItems# app: 48, recent: 0, suggestion: 0, adapter: 48, hide games: 0, searchResults:  null, filtered: 48. AppsStore# app: 48, recent: 0
02-23 03:47:16.587  2794  2794 D DeviceHelper: isIndiaSkuSupports: this= 18801 , is SKU: false
02-23 03:47:16.587  2794  2794 D AlphabeticalAppsList: refillAdapterItems# app: 48, recent: 0, suggestion: 0, adapter: 48, hide games: 0, searchResults:  null, filtered: 48. AppsStore# app: 48, recent: 0
02-23 03:47:16.587  2794  2794 D AlphabeticalHiddenAppsList: [refillAdapterItems] hidden app size = 1
02-23 03:47:16.587  2794  2794 D AlphabeticalHiddenAppsList: [updateAdapterItems] hasFilter: false, filtersAppInfos size = 48, mAdapterItems size = 1
02-23 03:47:16.587  2794  2794 D AllAppsStore: notifyUpdate count = 6. (0) net.oneplus.launcher.allapps.-$$Lambda$5tYtGnC2pfJ4XjcysOSp9_vUsUM@ead2e7. (1) net.oneplus.launcher.allapps.AlphabeticalAppsList@11f6c8a. (2) net.oneplus.launcher.allapps.AlphabeticalAppsList@a2f72fb. (3) net.oneplus.launcher.allapps.AlphabeticalHiddenAppsList@45e9f18. (4) net.oneplus.launcher.allapps.-$$Lambda$AllAppsContainerView$lOkEWdzg80XCafQCzM8yI6Nmpk0@5533d71. (5) net.oneplus.launcher.allapps.search.AppsSearchContainerLayout{c60635d VFED..CL. ......ID 211,28-869,259 #7f0b0388 app:id/search_all_apps}. 
02-23 03:47:16.587  2794  2794 D QuickPage: setPackageState: com.oneplus.deskclock, 0, 0
02-23 03:47:16.588  2794  2794 D FrequentAppsGrid: onDynamicIconChanged: ComponentName= ComponentInfo{com.oneplus.deskclock/com.oneplus.deskclock.DeskClock}, user = UserHandle{0}
02-23 03:47:16.588  2794  2794 D ToolBoxGrid: onDynamicIconChanged: ComponentName= ComponentInfo{com.oneplus.deskclock/com.oneplus.deskclock.DeskClock}, user = UserHandle{0}
02-23 03:47:16.588  2794  2794 D Launcher.Utilities: getShelfShortcutInfoUpdateList: ComponentName= ComponentInfo{com.oneplus.deskclock/com.oneplus.deskclock.DeskClock}, user = UserHandle{0}
02-23 03:47:16.588  2794  2794 D OPSearchPlus: collapse_bar -- SearchPlusView -- verticalOffset = 1.0
02-23 03:47:16.588  3766  3766 D PhoneSwitcherNetworkRequstListener: releaseNetworkFor NetworkRequest [ TRACK_DEFAULT id=118, [ Capabilities: INTERNET&NOT_RESTRICTED&TRUSTED Uid: 10175 AdministratorUids: [] RequestorUid: 10175 RequestorPackageName: net.oneplus.launcher] ]
02-23 03:47:16.588  2794  2794 D OPSearchPlus: collapse_bar -- SearchPlusView -- AppBarDrawable Alpha = 0
02-23 03:47:16.588  2794  2794 D Launcher.Workspace: DynamicIcon Workspace updateCurrentPageDynamicIconState success
02-23 03:47:16.589  1472  5269 D NotDeveloper: processing get from com.dsi.ant.server with arg ro.board.platform
02-23 03:47:16.590  1472  5269 I chatty  : uid=1000(system) Binder:1472_14 identical 13 lines
02-23 03:47:16.591  1472  5269 D NotDeveloper: processing get from com.dsi.ant.server with arg ro.board.platform
02-23 03:47:16.591  1472  5269 D NotDeveloper: processing getStringForUser from com.dsi.ant.server with arg copy_file_endtag
02-23 03:47:16.591  1472  5269 D NotDeveloper: processed getStringForUser(copy_file_endtag) without changing result
02-23 03:47:16.591  1472  5269 D NotDeveloper: processing getStringForUser from com.dsi.ant.server with arg copy_file_endtag
02-23 03:47:16.591  1472  5269 D NotDeveloper: processed getStringForUser(copy_file_endtag) without changing result
02-23 03:47:16.591  1472  5269 D NotDeveloper: processing getStringForUser from com.dsi.ant.server with arg copy_file_endtag
02-23 03:47:16.591  1472  5269 D NotDeveloper: processed getStringForUser(copy_file_endtag) without changing result
02-23 03:47:16.591  1472  5269 D NotDeveloper: processing getStringForUser from com.dsi.ant.server with arg copy_file_endtag
02-23 03:47:16.591  1472  5269 D NotDeveloper: processed getStringForUser(copy_file_endtag) without changing result
02-23 03:47:16.591  1472  5269 D NotDeveloper: processing get from com.dsi.ant.server with arg ro.board.platform
02-23 03:47:16.591  1472  5269 I chatty  : uid=1000(system) Binder:1472_14 identical 3 lines
02-23 03:47:16.591  1472  5269 D NotDeveloper: processing get from com.dsi.ant.server with arg ro.board.platform
02-23 03:47:16.592  1472  5269 D NotDeveloper: processing getStringForUser from com.dsi.ant.server with arg copy_file_endtag
02-23 03:47:16.592  1472  5269 D NotDeveloper: processed getStringForUser(copy_file_endtag) without changing result
02-23 03:47:16.592  1472  5269 D NotDeveloper: processing getStringForUser from com.dsi.ant.server with arg copy_file_endtag
02-23 03:47:16.592  1472  5269 D NotDeveloper: processed getStringForUser(copy_file_endtag) without changing result
02-23 03:47:16.592  1472  5269 D NotDeveloper: processing get from com.dsi.ant.server with arg ro.board.platform
02-23 03:47:16.592  1472  5269 I chatty  : uid=1000(system) Binder:1472_14 identical 3 lines
02-23 03:47:16.592  1472  5269 D NotDeveloper: processing get from com.dsi.ant.server with arg ro.board.platform
02-23 03:47:16.592  1472  5269 D NotDeveloper: processing getStringForUser from com.dsi.ant.server with arg copy_file_endtag
02-23 03:47:16.592  1472  5269 D NotDeveloper: processed getStringForUser(copy_file_endtag) without changing result
02-23 03:47:16.592  1472  5269 D NotDeveloper: processing getStringForUser from com.dsi.ant.server with arg copy_file_endtag
02-23 03:47:16.592  1472  5269 D NotDeveloper: processed getStringForUser(copy_file_endtag) without changing result
02-23 03:47:16.592  1472  5269 D NotDeveloper: processing get from com.dsi.ant.server with arg ro.board.platform
02-23 03:47:16.593  1472  5269 I chatty  : uid=1000(system) Binder:1472_14 identical 3 lines
02-23 03:47:16.593  1472  5269 D NotDeveloper: processing get from com.dsi.ant.server with arg ro.board.platform
02-23 03:47:16.593  1472  5269 D NotDeveloper: processing getStringForUser from com.dsi.ant.server with arg copy_file_endtag
02-23 03:47:16.593  1472  5269 D NotDeveloper: processed getStringForUser(copy_file_endtag) without changing result
02-23 03:47:16.593  1472  5269 D NotDeveloper: processing getStringForUser from com.dsi.ant.server with arg copy_file_endtag
02-23 03:47:16.593  1472  5269 D NotDeveloper: processed getStringForUser(copy_file_endtag) without changing result
02-23 03:47:16.593  1472  5269 D NotDeveloper: processing get from com.dsi.ant.server with arg ro.board.platform
02-23 03:47:16.593  1472  5269 I chatty  : uid=1000(system) Binder:1472_14 identical 3 lines
02-23 03:47:16.593  1472  5269 D NotDeveloper: processing get from com.dsi.ant.server with arg ro.board.platform
02-23 03:47:16.593  1472  5269 D NotDeveloper: processing getStringForUser from com.dsi.ant.server with arg copy_file_endtag
02-23 03:47:16.593  1472  5269 D NotDeveloper: processed getStringForUser(copy_file_endtag) without changing result
02-23 03:47:16.594  1472  5269 D NotDeveloper: processing getStringForUser from com.dsi.ant.server with arg copy_file_endtag
02-23 03:47:16.594  1472  5269 D NotDeveloper: processed getStringForUser(copy_file_endtag) without changing result
02-23 03:47:16.594  1472  5269 D NotDeveloper: processing get from com.dsi.ant.server with arg ro.board.platform
02-23 03:47:16.594  1472  5269 I chatty  : uid=1000(system) Binder:1472_14 identical 3 lines
02-23 03:47:16.594  1472  5269 D NotDeveloper: processing get from com.dsi.ant.server with arg ro.board.platform
02-23 03:47:16.594  1472  5269 D NotDeveloper: processing getStringForUser from com.dsi.ant.server with arg copy_file_endtag
02-23 03:47:16.594  1472  5269 D NotDeveloper: processed getStringForUser(copy_file_endtag) without changing result
02-23 03:47:16.594  1472  5269 D NotDeveloper: processing getStringForUser from com.dsi.ant.server with arg copy_file_endtag
02-23 03:47:16.594  1472  5269 D NotDeveloper: processed getStringForUser(copy_file_endtag) without changing result
02-23 03:47:16.594  1472  5269 D NotDeveloper: processing get from com.dsi.ant.server with arg ro.board.platform
02-23 03:47:16.594  1472  5269 I chatty  : uid=1000(system) Binder:1472_14 identical 3 lines
02-23 03:47:16.594  1472  5269 D NotDeveloper: processing get from com.dsi.ant.server with arg ro.board.platform
02-23 03:47:16.595  1472  5269 D NotDeveloper: processing getStringForUser from com.dsi.ant.server with arg copy_file_endtag
02-23 03:47:16.595  1472  5269 D NotDeveloper: processed getStringForUser(copy_file_endtag) without changing result
02-23 03:47:16.595  1472  5269 D NotDeveloper: processing getStringForUser from com.dsi.ant.server with arg copy_file_endtag
02-23 03:47:16.595  1472  5269 D NotDeveloper: processed getStringForUser(copy_file_endtag) without changing result
02-23 03:47:16.595  1472  5269 D NotDeveloper: processing get from com.dsi.ant.server with arg ro.board.platform
02-23 03:47:16.595  1472  5269 I chatty  : uid=1000(system) Binder:1472_14 identical 3 lines
02-23 03:47:16.595  1472  5269 D NotDeveloper: processing get from com.dsi.ant.server with arg ro.board.platform
02-23 03:47:16.595  1472  5269 D NotDeveloper: processing getStringForUser from com.dsi.ant.server with arg copy_file_endtag
02-23 03:47:16.595  1472  5269 D NotDeveloper: processed getStringForUser(copy_file_endtag) without changing result
02-23 03:47:16.595  1472  5269 D NotDeveloper: processing getStringForUser from com.dsi.ant.server with arg copy_file_endtag
02-23 03:47:16.595  1472  5269 D NotDeveloper: processed getStringForUser(copy_file_endtag) without changing result
02-23 03:47:16.595  1472  5269 D NotDeveloper: processing get from com.dsi.ant.server with arg ro.board.platform
02-23 03:47:16.596  1472  5269 I chatty  : uid=1000(system) Binder:1472_14 identical 3 lines
02-23 03:47:16.596  1472  5269 D NotDeveloper: processing get from com.dsi.ant.server with arg ro.board.platform
02-23 03:47:16.596  1472  5269 D NotDeveloper: processing getStringForUser from com.dsi.ant.server with arg copy_file_endtag
02-23 03:47:16.596  1472  5269 D NotDeveloper: processed getStringForUser(copy_file_endtag) without changing result
02-23 03:47:16.596  1472  5269 D NotDeveloper: processing getStringForUser from com.dsi.ant.server with arg copy_file_endtag
02-23 03:47:16.596  1472  5269 D NotDeveloper: processed getStringForUser(copy_file_endtag) without changing result
02-23 03:47:16.596  1472  5269 D NotDeveloper: processing get from com.dsi.ant.server with arg ro.board.platform
02-23 03:47:16.596  1472  5269 I chatty  : uid=1000(system) Binder:1472_14 identical 2 lines
02-23 03:47:16.596  1472  5269 D NotDeveloper: processing get from com.dsi.ant.server with arg ro.board.platform
02-23 03:47:16.596  2794  7804 E neplus.launche: Invalid ID 0x00000000.
02-23 03:47:16.596  1472  5269 D NotDeveloper: processing get from com.dsi.ant.server with arg ro.board.platform
02-23 03:47:16.596  2794  7804 E neplus.launche: Invalid ID 0x00000000.
02-23 03:47:16.596  2794  7804 E neplus.launche: Invalid ID 0x00000000.
02-23 03:47:16.596  1472  5269 D NotDeveloper: processing get from com.dsi.ant.server with arg ro.board.platform
02-23 03:47:16.596  1472  5269 D NotDeveloper: processing get from com.dsi.ant.server with arg ro.board.platform
02-23 03:47:16.596  2794  7804 E neplus.launche: Invalid ID 0x00000000.
02-23 03:47:16.597  1472  5269 D NotDeveloper: processing get from com.dsi.ant.server with arg ro.board.platform
02-23 03:47:16.597  1472  5269 I chatty  : uid=1000(system) Binder:1472_14 identical 1 line
02-23 03:47:16.597  1472  5269 D NotDeveloper: processing get from com.dsi.ant.server with arg ro.board.platform
02-23 03:47:16.597  1472  5269 D NotDeveloper: processing getStringForUser from com.dsi.ant.server with arg copy_file_endtag
02-23 03:47:16.597  1472  5269 D NotDeveloper: processed getStringForUser(copy_file_endtag) without changing result
02-23 03:47:16.597  1472  5269 D NotDeveloper: processing getStringForUser from com.dsi.ant.server with arg copy_file_endtag
02-23 03:47:16.597  1472  5269 D NotDeveloper: processed getStringForUser(copy_file_endtag) without changing result
02-23 03:47:16.597  1472  5269 D NotDeveloper: processing get from com.dsi.ant.server with arg ro.board.platform
02-23 03:47:16.597  1472  5269 I chatty  : uid=1000(system) Binder:1472_14 identical 3 lines
02-23 03:47:16.597  1472  5269 D NotDeveloper: processing get from com.dsi.ant.server with arg ro.board.platform
02-23 03:47:16.597  1472  5269 D NotDeveloper: processing getStringForUser from com.dsi.ant.server with arg copy_file_endtag
02-23 03:47:16.597  1472  5269 D NotDeveloper: processed getStringForUser(copy_file_endtag) without changing result
02-23 03:47:16.597  1472  5269 D NotDeveloper: processing getStringForUser from com.dsi.ant.server with arg copy_file_endtag
02-23 03:47:16.597  1472  5269 D NotDeveloper: processed getStringForUser(copy_file_endtag) without changing result
02-23 03:47:16.598  1472  5269 D NotDeveloper: processing get from com.dsi.ant.server with arg ro.board.platform
02-23 03:47:16.598  1472  5269 I chatty  : uid=1000(system) Binder:1472_14 identical 3 lines
02-23 03:47:16.598  1472  5269 D NotDeveloper: processing get from com.dsi.ant.server with arg ro.board.platform
02-23 03:47:16.598  1472  5269 D NotDeveloper: processing getStringForUser from com.dsi.ant.server with arg copy_file_endtag
02-23 03:47:16.598  1472  5269 D NotDeveloper: processed getStringForUser(copy_file_endtag) without changing result
02-23 03:47:16.598  1472  5269 D NotDeveloper: processing getStringForUser from com.dsi.ant.server with arg copy_file_endtag
02-23 03:47:16.598  1472  5269 D NotDeveloper: processed getStringForUser(copy_file_endtag) without changing result
02-23 03:47:16.598  1472  5269 D NotDeveloper: processing get from com.dsi.ant.server with arg ro.board.platform
02-23 03:47:16.598  1472  5269 I chatty  : uid=1000(system) Binder:1472_14 identical 3 lines
02-23 03:47:16.598  1472  5269 D NotDeveloper: processing get from com.dsi.ant.server with arg ro.board.platform
02-23 03:47:16.599  1472  5269 D NotDeveloper: processing getStringForUser from com.dsi.ant.server with arg copy_file_endtag
02-23 03:47:16.599  1472  5269 D NotDeveloper: processed getStringForUser(copy_file_endtag) without changing result
02-23 03:47:16.599  1472  5269 D NotDeveloper: processing getStringForUser from com.dsi.ant.server with arg copy_file_endtag
02-23 03:47:16.599  1472  5269 D NotDeveloper: processed getStringForUser(copy_file_endtag) without changing result
02-23 03:47:16.599  1472  5269 D NotDeveloper: processing get from com.dsi.ant.server with arg ro.board.platform
02-23 03:47:16.599  1472  5269 I chatty  : uid=1000(system) Binder:1472_14 identical 3 lines
02-23 03:47:16.599  1472  5269 D NotDeveloper: processing get from com.dsi.ant.server with arg ro.board.platform
02-23 03:47:16.599  1472  5269 D NotDeveloper: processing getStringForUser from com.dsi.ant.server with arg copy_file_endtag
02-23 03:47:16.599  1472  5269 D NotDeveloper: processed getStringForUser(copy_file_endtag) without changing result
02-23 03:47:16.599  1472  5269 D NotDeveloper: processing getStringForUser from com.dsi.ant.server with arg copy_file_endtag
02-23 03:47:16.599  1472  5269 D NotDeveloper: processed getStringForUser(copy_file_endtag) without changing result
02-23 03:47:16.599  1472  5269 D NotDeveloper: processing getStringForUser from com.dsi.ant.server with arg copy_file_endtag
02-23 03:47:16.599  1472  5269 D NotDeveloper: processed getStringForUser(copy_file_endtag) without changing result
02-23 03:47:16.599  1472  5269 D NotDeveloper: processing getStringForUser from com.dsi.ant.server with arg copy_file_endtag
02-23 03:47:16.599  1472  5269 D NotDeveloper: processed getStringForUser(copy_file_endtag) without changing result
02-23 03:47:16.600  1472  5269 D NotDeveloper: processing get from com.dsi.ant.server with arg ro.board.platform
02-23 03:47:16.600  1472  5269 I chatty  : uid=1000(system) Binder:1472_14 identical 3 lines
02-23 03:47:16.600  1472  5269 D NotDeveloper: processing get from com.dsi.ant.server with arg ro.board.platform
02-23 03:47:16.600  1472  5269 D NotDeveloper: processing getStringForUser from com.dsi.ant.server with arg copy_file_endtag
02-23 03:47:16.600  1472  5269 D NotDeveloper: processed getStringForUser(copy_file_endtag) without changing result
02-23 03:47:16.600  1472  5269 D NotDeveloper: processing getStringForUser from com.dsi.ant.server with arg copy_file_endtag
02-23 03:47:16.600  1472  5269 D NotDeveloper: processed getStringForUser(copy_file_endtag) without changing result
02-23 03:47:16.600  1472  5269 D NotDeveloper: processing get from com.dsi.ant.server with arg ro.board.platform
02-23 03:47:16.600  1472  5269 I chatty  : uid=1000(system) Binder:1472_14 identical 3 lines
02-23 03:47:16.600  1472  5269 D NotDeveloper: processing get from com.dsi.ant.server with arg ro.board.platform
02-23 03:47:16.600  1472  5269 D NotDeveloper: processing getStringForUser from com.dsi.ant.server with arg copy_file_endtag
02-23 03:47:16.601  1472  5269 D NotDeveloper: processed getStringForUser(copy_file_endtag) without changing result
02-23 03:47:16.601  1472  5269 D NotDeveloper: processing getStringForUser from com.dsi.ant.server with arg copy_file_endtag
02-23 03:47:16.601  1472  5269 D NotDeveloper: processed getStringForUser(copy_file_endtag) without changing result
02-23 03:47:16.601  1472  5269 D NotDeveloper: processing getStringForUser from com.dsi.ant.server with arg copy_file_endtag
02-23 03:47:16.601  1472  5269 D NotDeveloper: processed getStringForUser(copy_file_endtag) without changing result
02-23 03:47:16.601  1472  5269 D NotDeveloper: processing getStringForUser from com.dsi.ant.server with arg copy_file_endtag
02-23 03:47:16.601  1472  5269 D NotDeveloper: processed getStringForUser(copy_file_endtag) without changing result
02-23 03:47:16.601  1472  5269 D NotDeveloper: processing get from com.dsi.ant.server with arg ro.board.platform
02-23 03:47:16.601  1472  5269 I chatty  : uid=1000(system) Binder:1472_14 identical 8 lines
02-23 03:47:16.602  1472  5269 D NotDeveloper: processing get from com.dsi.ant.server with arg ro.board.platform
02-23 03:47:16.602  1472  5269 D NotDeveloper: processing getStringForUser from com.dsi.ant.server with arg copy_file_endtag
02-23 03:47:16.602  1472  5269 D NotDeveloper: processed getStringForUser(copy_file_endtag) without changing result
02-23 03:47:16.602  1472  5269 D NotDeveloper: processing getStringForUser from com.dsi.ant.server with arg copy_file_endtag
02-23 03:47:16.602  1472  5269 D NotDeveloper: processed getStringForUser(copy_file_endtag) without changing result
02-23 03:47:16.602  1472  5269 D NotDeveloper: processing get from com.dsi.ant.server with arg ro.board.platform
02-23 03:47:16.602  1472  5269 I chatty  : uid=1000(system) Binder:1472_14 identical 3 lines
02-23 03:47:16.602  1472  5269 D NotDeveloper: processing get from com.dsi.ant.server with arg ro.board.platform
02-23 03:47:16.602  1472  5269 D NotDeveloper: processing getStringForUser from com.dsi.ant.server with arg copy_file_endtag
02-23 03:47:16.602  1472  5269 D NotDeveloper: processed getStringForUser(copy_file_endtag) without changing result
02-23 03:47:16.602  1472  5269 D NotDeveloper: processing getStringForUser from com.dsi.ant.server with arg copy_file_endtag
02-23 03:47:16.602  1472  5269 D NotDeveloper: processed getStringForUser(copy_file_endtag) without changing result
02-23 03:47:16.603  1472  5269 D NotDeveloper: processing get from com.dsi.ant.server with arg ro.board.platform
02-23 03:47:16.603  1472  5269 I chatty  : uid=1000(system) Binder:1472_14 identical 3 lines
02-23 03:47:16.603  1472  5269 D NotDeveloper: processing get from com.dsi.ant.server with arg ro.board.platform
02-23 03:47:16.603  1472  5269 D NotDeveloper: processing getStringForUser from com.dsi.ant.server with arg copy_file_endtag
02-23 03:47:16.603  1472  5269 D NotDeveloper: processed getStringForUser(copy_file_endtag) without changing result
02-23 03:47:16.603  1472  5269 D NotDeveloper: processing getStringForUser from com.dsi.ant.server with arg copy_file_endtag
02-23 03:47:16.603  1472  5269 D NotDeveloper: processed getStringForUser(copy_file_endtag) without changing result
02-23 03:47:16.603  1472  5269 D NotDeveloper: processing get from com.dsi.ant.server with arg ro.board.platform
02-23 03:47:16.603  1472  5269 I chatty  : uid=1000(system) Binder:1472_14 identical 3 lines
02-23 03:47:16.603  1472  5269 D NotDeveloper: processing get from com.dsi.ant.server with arg ro.board.platform
02-23 03:47:16.604  1472  5269 D NotDeveloper: processing getStringForUser from com.dsi.ant.server with arg copy_file_endtag
02-23 03:47:16.604  1472  5269 D NotDeveloper: processed getStringForUser(copy_file_endtag) without changing result
02-23 03:47:16.604  1472  5269 D NotDeveloper: processing getStringForUser from com.dsi.ant.server with arg copy_file_endtag
02-23 03:47:16.604  1472  5269 D NotDeveloper: processed getStringForUser(copy_file_endtag) without changing result
02-23 03:47:16.604  1472  5269 D NotDeveloper: processing get from com.dsi.ant.server with arg ro.board.platform
02-23 03:47:16.604  1472  5269 I chatty  : uid=1000(system) Binder:1472_14 identical 3 lines
02-23 03:47:16.604  1472  5269 D NotDeveloper: processing get from com.dsi.ant.server with arg ro.board.platform
02-23 03:47:16.604  1472  5269 D NotDeveloper: processing getStringForUser from com.dsi.ant.server with arg copy_file_endtag
02-23 03:47:16.604  1472  5269 D NotDeveloper: processed getStringForUser(copy_file_endtag) without changing result
02-23 03:47:16.604  1472  5269 D NotDeveloper: processing getStringForUser from com.dsi.ant.server with arg copy_file_endtag
02-23 03:47:16.604  1472  5269 D NotDeveloper: processed getStringForUser(copy_file_endtag) without changing result
02-23 03:47:16.604  1472  5269 D NotDeveloper: processing get from com.dsi.ant.server with arg ro.board.platform
02-23 03:47:16.605  1472  5269 I chatty  : uid=1000(system) Binder:1472_14 identical 3 lines
02-23 03:47:16.605  1472  5269 D NotDeveloper: processing get from com.dsi.ant.server with arg ro.board.platform
02-23 03:47:16.605  1472  5269 D NotDeveloper: processing getStringForUser from com.dsi.ant.server with arg copy_file_endtag
02-23 03:47:16.605  1472  5269 D NotDeveloper: processed getStringForUser(copy_file_endtag) without changing result
02-23 03:47:16.605  1472  5269 D NotDeveloper: processing getStringForUser from com.dsi.ant.server with arg copy_file_endtag
02-23 03:47:16.605  1472  5269 D NotDeveloper: processed getStringForUser(copy_file_endtag) without changing result
02-23 03:47:16.605  1472  5269 D NotDeveloper: processing get from com.dsi.ant.server with arg ro.board.platform
02-23 03:47:16.605  1472  5269 I chatty  : uid=1000(system) Binder:1472_14 identical 3 lines
02-23 03:47:16.605  1472  5269 D NotDeveloper: processing get from com.dsi.ant.server with arg ro.board.platform
02-23 03:47:16.605  1472  5269 D NotDeveloper: processing getStringForUser from com.dsi.ant.server with arg copy_file_endtag
02-23 03:47:16.605  1472  5269 D NotDeveloper: processed getStringForUser(copy_file_endtag) without changing result
02-23 03:47:16.605  1472  5269 D NotDeveloper: processing getStringForUser from com.dsi.ant.server with arg copy_file_endtag
02-23 03:47:16.605  1472  5269 D NotDeveloper: processed getStringForUser(copy_file_endtag) without changing result
02-23 03:47:16.605  1472  5269 D NotDeveloper: processing get from com.dsi.ant.server with arg ro.board.platform
02-23 03:47:16.606  1472  5269 I chatty  : uid=1000(system) Binder:1472_14 identical 3 lines
02-23 03:47:16.606  1472  5269 D NotDeveloper: processing get from com.dsi.ant.server with arg ro.board.platform
02-23 03:47:16.606  1472  5269 D NotDeveloper: processing getStringForUser from com.dsi.ant.server with arg copy_file_endtag
02-23 03:47:16.606  1472  5269 D NotDeveloper: processed getStringForUser(copy_file_endtag) without changing result
02-23 03:47:16.606  1472  5269 D NotDeveloper: processing getStringForUser from com.dsi.ant.server with arg copy_file_endtag
02-23 03:47:16.606  1472  5269 D NotDeveloper: processed getStringForUser(copy_file_endtag) without changing result
02-23 03:47:16.606  1472  5269 D NotDeveloper: processing get from com.dsi.ant.server with arg ro.board.platform
02-23 03:47:16.606  1472  5269 I chatty  : uid=1000(system) Binder:1472_14 identical 3 lines
02-23 03:47:16.606  1472  5269 D NotDeveloper: processing get from com.dsi.ant.server with arg ro.board.platform
02-23 03:47:16.606  1472  5269 D NotDeveloper: processing getStringForUser from com.dsi.ant.server with arg copy_file_endtag
02-23 03:47:16.606  1472  5269 D NotDeveloper: processed getStringForUser(copy_file_endtag) without changing result
02-23 03:47:16.606  1472  5269 D NotDeveloper: processing getStringForUser from com.dsi.ant.server with arg copy_file_endtag
02-23 03:47:16.607  1472  5269 D NotDeveloper: processed getStringForUser(copy_file_endtag) without changing result
02-23 03:47:16.607  1472  5269 D NotDeveloper: processing get from com.dsi.ant.server with arg ro.board.platform
02-23 03:47:16.607  1472  5269 I chatty  : uid=1000(system) Binder:1472_14 identical 3 lines
02-23 03:47:16.607  1472  5269 D NotDeveloper: processing get from com.dsi.ant.server with arg ro.board.platform
02-23 03:47:16.607  1472  5269 D NotDeveloper: processing getStringForUser from com.dsi.ant.server with arg copy_file_endtag
02-23 03:47:16.607  1472  5269 D NotDeveloper: processed getStringForUser(copy_file_endtag) without changing result
02-23 03:47:16.607  1472  5269 D NotDeveloper: processing getStringForUser from com.dsi.ant.server with arg copy_file_endtag
02-23 03:47:16.607  1472  5269 D NotDeveloper: processed getStringForUser(copy_file_endtag) without changing result
02-23 03:47:16.607  1472  5269 D NotDeveloper: processing get from com.dsi.ant.server with arg ro.board.platform
02-23 03:47:16.607  1472  5269 I chatty  : uid=1000(system) Binder:1472_14 identical 3 lines
02-23 03:47:16.607  1472  5269 D NotDeveloper: processing get from com.dsi.ant.server with arg ro.board.platform
02-23 03:47:16.608  1472  5269 D NotDeveloper: processing getStringForUser from com.dsi.ant.server with arg copy_file_endtag
02-23 03:47:16.608  1472  5269 D NotDeveloper: processed getStringForUser(copy_file_endtag) without changing result
02-23 03:47:16.608  1472  5269 D NotDeveloper: processing getStringForUser from com.dsi.ant.server with arg copy_file_endtag
02-23 03:47:16.608  1472  5269 D NotDeveloper: processed getStringForUser(copy_file_endtag) without changing result
02-23 03:47:16.608  1472  5269 D NotDeveloper: processing get from com.dsi.ant.server with arg ro.board.platform
02-23 03:47:16.608  1472  5269 I chatty  : uid=1000(system) Binder:1472_14 identical 3 lines
02-23 03:47:16.608  1472  5269 D NotDeveloper: processing get from com.dsi.ant.server with arg ro.board.platform
02-23 03:47:16.608  1472  5269 D NotDeveloper: processing getStringForUser from com.dsi.ant.server with arg copy_file_endtag
02-23 03:47:16.608  1472  5269 D NotDeveloper: processed getStringForUser(copy_file_endtag) without changing result
02-23 03:47:16.608  1472  5269 D NotDeveloper: processing getStringForUser from com.dsi.ant.server with arg copy_file_endtag
02-23 03:47:16.608  1472  5269 D NotDeveloper: processed getStringForUser(copy_file_endtag) without changing result
02-23 03:47:16.608  1472  5269 D NotDeveloper: processing get from com.dsi.ant.server with arg ro.board.platform
02-23 03:47:16.609  1472  5269 I chatty  : uid=1000(system) Binder:1472_14 identical 3 lines
02-23 03:47:16.609  1472  5269 D NotDeveloper: processing get from com.dsi.ant.server with arg ro.board.platform
02-23 03:47:16.609  1472  5269 D NotDeveloper: processing getStringForUser from com.dsi.ant.server with arg copy_file_endtag
02-23 03:47:16.609  1472  5269 D NotDeveloper: processed getStringForUser(copy_file_endtag) without changing result
02-23 03:47:16.609  1472  5269 D NotDeveloper: processing getStringForUser from com.dsi.ant.server with arg copy_file_endtag
02-23 03:47:16.609  1472  5269 D NotDeveloper: processed getStringForUser(copy_file_endtag) without changing result
02-23 03:47:16.609  1472  5269 D NotDeveloper: processing get from com.dsi.ant.server with arg ro.board.platform
02-23 03:47:16.609  1472  5269 I chatty  : uid=1000(system) Binder:1472_14 identical 3 lines
02-23 03:47:16.609  1472  5269 D NotDeveloper: processing get from com.dsi.ant.server with arg ro.board.platform
02-23 03:47:16.609  1472  5269 D NotDeveloper: processing getStringForUser from com.dsi.ant.server with arg copy_file_endtag
02-23 03:47:16.609  1472  5269 D NotDeveloper: processed getStringForUser(copy_file_endtag) without changing result
02-23 03:47:16.609  1472  5269 D NotDeveloper: processing getStringForUser from com.dsi.ant.server with arg copy_file_endtag
02-23 03:47:16.609  1472  5269 D NotDeveloper: processed getStringForUser(copy_file_endtag) without changing result
02-23 03:47:16.609  1472  5269 D NotDeveloper: processing get from com.dsi.ant.server with arg ro.board.platform
02-23 03:47:16.610  1472  5269 I chatty  : uid=1000(system) Binder:1472_14 identical 3 lines
02-23 03:47:16.610  1472  5269 D NotDeveloper: processing get from com.dsi.ant.server with arg ro.board.platform
02-23 03:47:16.610  1472  5269 D NotDeveloper: processing getStringForUser from com.dsi.ant.server with arg copy_file_endtag
02-23 03:47:16.610  1472  5269 D NotDeveloper: processed getStringForUser(copy_file_endtag) without changing result
02-23 03:47:16.610  1472  5269 D NotDeveloper: processing getStringForUser from com.dsi.ant.server with arg copy_file_endtag
02-23 03:47:16.610  1472  5269 D NotDeveloper: processed getStringForUser(copy_file_endtag) without changing result
02-23 03:47:16.610  1472  5269 D NotDeveloper: processing get from com.dsi.ant.server with arg ro.board.platform
02-23 03:47:16.610  1472  5269 I chatty  : uid=1000(system) Binder:1472_14 identical 3 lines
02-23 03:47:16.610  1472  5269 D NotDeveloper: processing get from com.dsi.ant.server with arg ro.board.platform
02-23 03:47:16.610  1472  5269 D NotDeveloper: processing getStringForUser from com.dsi.ant.server with arg copy_file_endtag
02-23 03:47:16.610  1472  5269 D NotDeveloper: processed getStringForUser(copy_file_endtag) without changing result
02-23 03:47:16.611  1472  5269 D NotDeveloper: processing getStringForUser from com.dsi.ant.server with arg copy_file_endtag
02-23 03:47:16.611  1472  5269 D NotDeveloper: processed getStringForUser(copy_file_endtag) without changing result
02-23 03:47:16.611  1472  5269 D NotDeveloper: processing get from com.dsi.ant.server with arg ro.board.platform
02-23 03:47:16.611  1472  5269 I chatty  : uid=1000(system) Binder:1472_14 identical 3 lines
02-23 03:47:16.611  1472  5269 D NotDeveloper: processing get from com.dsi.ant.server with arg ro.board.platform
02-23 03:47:16.611  1472  5269 D NotDeveloper: processing getStringForUser from com.dsi.ant.server with arg copy_file_endtag
02-23 03:47:16.611  1472  5269 D NotDeveloper: processed getStringForUser(copy_file_endtag) without changing result
02-23 03:47:16.611  1472  5269 D NotDeveloper: processing getStringForUser from com.dsi.ant.server with arg copy_file_endtag
02-23 03:47:16.611  1472  5269 D NotDeveloper: processed getStringForUser(copy_file_endtag) without changing result
02-23 03:47:16.611  1472  5269 D NotDeveloper: processing get from com.dsi.ant.server with arg ro.board.platform
02-23 03:47:16.611  1472  5269 I chatty  : uid=1000(system) Binder:1472_14 identical 3 lines
02-23 03:47:16.611  1472  5269 D NotDeveloper: processing get from com.dsi.ant.server with arg ro.board.platform
02-23 03:47:16.612  1472  5269 D NotDeveloper: processing getStringForUser from com.dsi.ant.server with arg copy_file_endtag
02-23 03:47:16.612  1472  5269 D NotDeveloper: processed getStringForUser(copy_file_endtag) without changing result
02-23 03:47:16.612  1472  5269 D NotDeveloper: processing getStringForUser from com.dsi.ant.server with arg copy_file_endtag
02-23 03:47:16.612  1472  5269 D NotDeveloper: processed getStringForUser(copy_file_endtag) without changing result
02-23 03:47:16.612  1472  5269 D NotDeveloper: processing get from com.dsi.ant.server with arg ro.board.platform
02-23 03:47:16.612  1472  5269 I chatty  : uid=1000(system) Binder:1472_14 identical 3 lines
02-23 03:47:16.612  1472  5269 D NotDeveloper: processing get from com.dsi.ant.server with arg ro.board.platform
02-23 03:47:16.612  1472  5269 D NotDeveloper: processing getStringForUser from com.dsi.ant.server with arg copy_file_endtag
02-23 03:47:16.612  1472  5269 D NotDeveloper: processed getStringForUser(copy_file_endtag) without changing result
02-23 03:47:16.612  1472  5269 D NotDeveloper: processing getStringForUser from com.dsi.ant.server with arg copy_file_endtag
02-23 03:47:16.612  1472  5269 D NotDeveloper: processed getStringForUser(copy_file_endtag) without changing result
02-23 03:47:16.612  1472  5269 D NotDeveloper: processing get from com.dsi.ant.server with arg ro.board.platform
02-23 03:47:16.613  1472  5269 I chatty  : uid=1000(system) Binder:1472_14 identical 3 lines
02-23 03:47:16.613  1472  5269 D NotDeveloper: processing get from com.dsi.ant.server with arg ro.board.platform
02-23 03:47:16.613  1472  5269 D NotDeveloper: processing getStringForUser from com.dsi.ant.server with arg copy_file_endtag
02-23 03:47:16.613  1472  5269 D NotDeveloper: processed getStringForUser(copy_file_endtag) without changing result
02-23 03:47:16.613  1472  5269 D NotDeveloper: processing getStringForUser from com.dsi.ant.server with arg copy_file_endtag
02-23 03:47:16.613  1472  5269 D NotDeveloper: processed getStringForUser(copy_file_endtag) without changing result
02-23 03:47:16.613  1472  5269 D NotDeveloper: processing get from com.dsi.ant.server with arg ro.board.platform
02-23 03:47:16.613  1472  5269 I chatty  : uid=1000(system) Binder:1472_14 identical 3 lines
02-23 03:47:16.613  1472  5269 D NotDeveloper: processing get from com.dsi.ant.server with arg ro.board.platform
02-23 03:47:16.613  1472  5269 D NotDeveloper: processing getStringForUser from com.dsi.ant.server with arg copy_file_endtag
02-23 03:47:16.613  1472  5269 D NotDeveloper: processed getStringForUser(copy_file_endtag) without changing result
02-23 03:47:16.613  1472  5269 D NotDeveloper: processing getStringForUser from com.dsi.ant.server with arg copy_file_endtag
02-23 03:47:16.613  1472  5269 D NotDeveloper: processed getStringForUser(copy_file_endtag) without changing result
02-23 03:47:16.613  1472  5269 D NotDeveloper: processing get from com.dsi.ant.server with arg ro.board.platform
02-23 03:47:16.614  1472  5269 I chatty  : uid=1000(system) Binder:1472_14 identical 3 lines
02-23 03:47:16.614  1472  5269 D NotDeveloper: processing get from com.dsi.ant.server with arg ro.board.platform
02-23 03:47:16.614  1472  5269 D NotDeveloper: processing getStringForUser from com.dsi.ant.server with arg copy_file_endtag
02-23 03:47:16.614  1472  5269 D NotDeveloper: processed getStringForUser(copy_file_endtag) without changing result
02-23 03:47:16.614  1472  5269 D NotDeveloper: processing getStringForUser from com.dsi.ant.server with arg copy_file_endtag
02-23 03:47:16.614  1472  5269 D NotDeveloper: processed getStringForUser(copy_file_endtag) without changing result
02-23 03:47:16.614  1472  5269 D NotDeveloper: processing get from com.dsi.ant.server with arg ro.board.platform
02-23 03:47:16.614  1472  5269 I chatty  : uid=1000(system) Binder:1472_14 identical 3 lines
02-23 03:47:16.614  1472  5269 D NotDeveloper: processing get from com.dsi.ant.server with arg ro.board.platform
02-23 03:47:16.614  1472  5269 D NotDeveloper: processing getStringForUser from com.dsi.ant.server with arg copy_file_endtag
02-23 03:47:16.614  1472  5269 D NotDeveloper: processed getStringForUser(copy_file_endtag) without changing result
02-23 03:47:16.614  1472  5269 D NotDeveloper: processing getStringForUser from com.dsi.ant.server with arg copy_file_endtag
02-23 03:47:16.614  1472  5269 D NotDeveloper: processed getStringForUser(copy_file_endtag) without changing result
02-23 03:47:16.615  1472  5269 D NotDeveloper: processing get from com.dsi.ant.server with arg ro.board.platform
02-23 03:47:16.615  1472  5269 I chatty  : uid=1000(system) Binder:1472_14 identical 3 lines
02-23 03:47:16.615  1472  5269 D NotDeveloper: processing get from com.dsi.ant.server with arg ro.board.platform
02-23 03:47:16.615  1472  5269 D NotDeveloper: processing getStringForUser from com.dsi.ant.server with arg copy_file_endtag
02-23 03:47:16.615  1472  5269 D NotDeveloper: processed getStringForUser(copy_file_endtag) without changing result
02-23 03:47:16.615  1472  5269 D NotDeveloper: processing getStringForUser from com.dsi.ant.server with arg copy_file_endtag
02-23 03:47:16.615  1472  5269 D NotDeveloper: processed getStringForUser(copy_file_endtag) without changing result
02-23 03:47:16.615  1472  5269 D NotDeveloper: processing get from com.dsi.ant.server with arg ro.board.platform
02-23 03:47:16.615  1472  5269 I chatty  : uid=1000(system) Binder:1472_14 identical 3 lines
02-23 03:47:16.615  1472  5269 D NotDeveloper: processing get from com.dsi.ant.server with arg ro.board.platform
02-23 03:47:16.615  1472  5269 D NotDeveloper: processing getStringForUser from com.dsi.ant.server with arg copy_file_endtag
02-23 03:47:16.615  1472  5269 D NotDeveloper: processed getStringForUser(copy_file_endtag) without changing result
02-23 03:47:16.616  1472  5269 D NotDeveloper: processing getStringForUser from com.dsi.ant.server with arg copy_file_endtag
02-23 03:47:16.616  1472  5269 D NotDeveloper: processed getStringForUser(copy_file_endtag) without changing result
02-23 03:47:16.616  1472  5269 D NotDeveloper: processing get from com.dsi.ant.server with arg ro.board.platform
02-23 03:47:16.616  1472  5269 I chatty  : uid=1000(system) Binder:1472_14 identical 3 lines
02-23 03:47:16.616  1472  5269 D NotDeveloper: processing get from com.dsi.ant.server with arg ro.board.platform
02-23 03:47:16.616  1472  5269 D NotDeveloper: processing getStringForUser from com.dsi.ant.server with arg copy_file_endtag
02-23 03:47:16.616  1472  5269 D NotDeveloper: processed getStringForUser(copy_file_endtag) without changing result
02-23 03:47:16.616  1472  5269 D NotDeveloper: processing getStringForUser from com.dsi.ant.server with arg copy_file_endtag
02-23 03:47:16.616  1472  5269 D NotDeveloper: processed getStringForUser(copy_file_endtag) without changing result
02-23 03:47:16.616  1472  5269 D NotDeveloper: processing get from com.dsi.ant.server with arg ro.board.platform
02-23 03:47:16.616  1472  5269 I chatty  : uid=1000(system) Binder:1472_14 identical 3 lines
02-23 03:47:16.616  1472  5269 D NotDeveloper: processing get from com.dsi.ant.server with arg ro.board.platform
02-23 03:47:16.617  1472  5269 D NotDeveloper: processing getStringForUser from com.dsi.ant.server with arg copy_file_endtag
02-23 03:47:16.617  1472  5269 D NotDeveloper: processed getStringForUser(copy_file_endtag) without changing result
02-23 03:47:16.617  1472  5269 D NotDeveloper: processing getStringForUser from com.dsi.ant.server with arg copy_file_endtag
02-23 03:47:16.617  1472  5269 D NotDeveloper: processed getStringForUser(copy_file_endtag) without changing result
02-23 03:47:16.617  1472  5269 D NotDeveloper: processing get from com.dsi.ant.server with arg ro.board.platform
02-23 03:47:16.617  1472  5269 I chatty  : uid=1000(system) Binder:1472_14 identical 3 lines
02-23 03:47:16.617  1472  5269 D NotDeveloper: processing get from com.dsi.ant.server with arg ro.board.platform
02-23 03:47:16.617  1472  5269 D NotDeveloper: processing getStringForUser from com.dsi.ant.server with arg copy_file_endtag
02-23 03:47:16.617  1472  5269 D NotDeveloper: processed getStringForUser(copy_file_endtag) without changing result
02-23 03:47:16.617  1472  5269 D NotDeveloper: processing getStringForUser from com.dsi.ant.server with arg copy_file_endtag
02-23 03:47:16.617  1472  5269 D NotDeveloper: processed getStringForUser(copy_file_endtag) without changing result
02-23 03:47:16.617  1472  5269 D NotDeveloper: processing get from com.dsi.ant.server with arg ro.board.platform
02-23 03:47:16.618  1472  5269 I chatty  : uid=1000(system) Binder:1472_14 identical 3 lines
02-23 03:47:16.618  1472  5269 D NotDeveloper: processing get from com.dsi.ant.server with arg ro.board.platform
02-23 03:47:16.618  1472  5269 D NotDeveloper: processing getStringForUser from com.dsi.ant.server with arg copy_file_endtag
02-23 03:47:16.618  1472  5269 D NotDeveloper: processed getStringForUser(copy_file_endtag) without changing result
02-23 03:47:16.618  1472  5269 D NotDeveloper: processing getStringForUser from com.dsi.ant.server with arg copy_file_endtag
02-23 03:47:16.618  1472  5269 D NotDeveloper: processed getStringForUser(copy_file_endtag) without changing result
02-23 03:47:16.618  1472  5269 D NotDeveloper: processing get from com.dsi.ant.server with arg ro.board.platform
02-23 03:47:16.618  1472  5269 I chatty  : uid=1000(system) Binder:1472_14 identical 3 lines
02-23 03:47:16.618  1472  5269 D NotDeveloper: processing get from com.dsi.ant.server with arg ro.board.platform
02-23 03:47:16.618  1472  5269 D NotDeveloper: processing getStringForUser from com.dsi.ant.server with arg copy_file_endtag
02-23 03:47:16.618  1472  5269 D NotDeveloper: processed getStringForUser(copy_file_endtag) without changing result
02-23 03:47:16.618  1472  5269 D NotDeveloper: processing getStringForUser from com.dsi.ant.server with arg copy_file_endtag
02-23 03:47:16.618  1472  5269 D NotDeveloper: processed getStringForUser(copy_file_endtag) without changing result
02-23 03:47:16.618  1472  5269 D NotDeveloper: processing get from com.dsi.ant.server with arg ro.board.platform
02-23 03:47:16.619  1472  5269 I chatty  : uid=1000(system) Binder:1472_14 identical 3 lines
02-23 03:47:16.619  1472  5269 D NotDeveloper: processing get from com.dsi.ant.server with arg ro.board.platform
02-23 03:47:16.619  1472  5269 D NotDeveloper: processing getStringForUser from com.dsi.ant.server with arg copy_file_endtag
02-23 03:47:16.619  1472  5269 D NotDeveloper: processed getStringForUser(copy_file_endtag) without changing result
02-23 03:47:16.619  1472  5269 D NotDeveloper: processing getStringForUser from com.dsi.ant.server with arg copy_file_endtag
02-23 03:47:16.619  1472  5269 D NotDeveloper: processed getStringForUser(copy_file_endtag) without changing result
02-23 03:47:16.619  1472  5269 D NotDeveloper: processing getStringForUser from com.dsi.ant.server with arg copy_file_endtag
02-23 03:47:16.619  1472  5269 D NotDeveloper: processed getStringForUser(copy_file_endtag) without changing result
02-23 03:47:16.619  1472  5269 D NotDeveloper: processing getStringForUser from com.dsi.ant.server with arg copy_file_endtag
02-23 03:47:16.619  1472  5269 D NotDeveloper: processed getStringForUser(copy_file_endtag) without changing result
02-23 03:47:16.619  1472  5269 D NotDeveloper: processing get from com.dsi.ant.server with arg ro.board.platform
02-23 03:47:16.620  1472  5269 I chatty  : uid=1000(system) Binder:1472_14 identical 8 lines
02-23 03:47:16.620  1472  5269 D NotDeveloper: processing get from com.dsi.ant.server with arg ro.board.platform
02-23 03:47:16.620  1472  5269 D NotDeveloper: processing getStringForUser from com.dsi.ant.server with arg copy_file_endtag
02-23 03:47:16.620  1472  5269 D NotDeveloper: processed getStringForUser(copy_file_endtag) without changing result
02-23 03:47:16.620  1472  5269 D NotDeveloper: processing getStringForUser from com.dsi.ant.server with arg copy_file_endtag
02-23 03:47:16.620  1472  5269 D NotDeveloper: processed getStringForUser(copy_file_endtag) without changing result
02-23 03:47:16.620  1472  5269 D NotDeveloper: processing get from com.dsi.ant.server with arg ro.board.platform
02-23 03:47:16.620  1472  5269 I chatty  : uid=1000(system) Binder:1472_14 identical 3 lines
02-23 03:47:16.620  1472  5269 D NotDeveloper: processing get from com.dsi.ant.server with arg ro.board.platform
02-23 03:47:16.621  1472  5269 D NotDeveloper: processing getStringForUser from com.dsi.ant.server with arg copy_file_endtag
02-23 03:47:16.621  1472  5269 D NotDeveloper: processed getStringForUser(copy_file_endtag) without changing result
02-23 03:47:16.621  1472  5269 D NotDeveloper: processing getStringForUser from com.dsi.ant.server with arg copy_file_endtag
02-23 03:47:16.621  1472  5269 D NotDeveloper: processed getStringForUser(copy_file_endtag) without changing result
02-23 03:47:16.621  1472  5269 D NotDeveloper: processing get from com.dsi.ant.server with arg ro.board.platform
02-23 03:47:16.621  1472  5269 I chatty  : uid=1000(system) Binder:1472_14 identical 3 lines
02-23 03:47:16.621  1472  5269 D NotDeveloper: processing get from com.dsi.ant.server with arg ro.board.platform
02-23 03:47:16.621  1472  5269 D NotDeveloper: processing getStringForUser from com.dsi.ant.server with arg copy_file_endtag
02-23 03:47:16.621  1472  5269 D NotDeveloper: processed getStringForUser(copy_file_endtag) without changing result
02-23 03:47:16.621  1472  5269 D NotDeveloper: processing getStringForUser from com.dsi.ant.server with arg copy_file_endtag
02-23 03:47:16.621  1472  5269 D NotDeveloper: processed getStringForUser(copy_file_endtag) without changing result
02-23 03:47:16.621  1472  5269 D NotDeveloper: processing get from com.dsi.ant.server with arg ro.board.platform
02-23 03:47:16.621  1472  5269 I chatty  : uid=1000(system) Binder:1472_14 identical 3 lines
02-23 03:47:16.622  1472  5269 D NotDeveloper: processing get from com.dsi.ant.server with arg ro.board.platform
02-23 03:47:16.622  1472  5269 D NotDeveloper: processing getStringForUser from com.dsi.ant.server with arg copy_file_endtag
02-23 03:47:16.622  1472  5269 D NotDeveloper: processed getStringForUser(copy_file_endtag) without changing result
02-23 03:47:16.622  1472  5269 D NotDeveloper: processing getStringForUser from com.dsi.ant.server with arg copy_file_endtag
02-23 03:47:16.622  1472  5269 D NotDeveloper: processed getStringForUser(copy_file_endtag) without changing result
02-23 03:47:16.622  1472  5269 D NotDeveloper: processing get from com.dsi.ant.server with arg ro.board.platform
02-23 03:47:16.622  1472  5269 I chatty  : uid=1000(system) Binder:1472_14 identical 8 lines
02-23 03:47:16.623  1472  5269 D NotDeveloper: processing get from com.dsi.ant.server with arg ro.board.platform
02-23 03:47:16.623  1472  5269 D NotDeveloper: processing getStringForUser from com.dsi.ant.server with arg copy_file_endtag
02-23 03:47:16.623  1472  5269 D NotDeveloper: processed getStringForUser(copy_file_endtag) without changing result
02-23 03:47:16.623  1472  5269 D NotDeveloper: processing getStringForUser from com.dsi.ant.server with arg copy_file_endtag
02-23 03:47:16.623  1472  5269 D NotDeveloper: processed getStringForUser(copy_file_endtag) without changing result
02-23 03:47:16.623  1472  5269 D NotDeveloper: processing getStringForUser from com.dsi.ant.server with arg copy_file_endtag
