--------- beginning of perf
02-23 03:53:24.687  1597  1597 I 101     : #445
02-23 03:53:24.689  1597  3637 I 100     : Open /system/priv-app/Telecom/Telecom.apk took:440ms
02-23 03:53:24.923  1597  3636 I 100     : Open /system/priv-app/Telecom/Telecom.apk took:683ms
02-23 03:53:24.974  1597  3635 I 100     : Open /system/priv-app/Telecom/Telecom.apk took:737ms
02-23 03:53:25.548  3728  3728 I 309     : package:com.android.phone took:1016 calssname:android.app.ActivityThread$H callback:null what:110
02-23 03:53:25.618  2925  2925 I 309     : package:com.android.systemui took:2264 calssname:android.app.ActivityThread$H callback:null what:114
02-23 03:53:32.766  4547  4547 I 100     : Open /data/app/~~TsifplT8jDE4Nwne8ENGsg==/com.google.android.apps.wellbeing-M2DXO-lfEnE7kOpTTJ6skw==/base.apk took:83ms
02-23 03:53:33.668  4645  4645 I 100     : Open /data/app/~~H_gIp3nxzyq2yMxW_c054A==/com.google.android.googlequicksearchbox-ePajk4SqssSfJRKTf-oGMw==/base.apk took:293ms
02-23 03:53:34.121  4942  4942 I 100     : Open /data/app/~~v2MLmSR2lXdT3Aso_-KThQ==/com.google.android.projection.gearhead-krPf8PRAPVtXuHiwbb-sQQ==/base.apk took:111ms
02-23 03:53:35.247  5508  5508 I 100     : Open /data/app/~~H_gIp3nxzyq2yMxW_c054A==/com.google.android.googlequicksearchbox-ePajk4SqssSfJRKTf-oGMw==/base.apk took:60ms
02-23 03:53:35.252  4679  4679 I 309     : package:com.android.nfc took:1865 calssname:android.app.ActivityThread$H callback:null what:110
02-23 03:53:35.677  5696  5696 I 100     : Open /data/app/~~EMHQZ_XhySKjwsS9F860xA==/com.oneplus.gamespace-qF5g_3wzRx0csR7ZB3fdZg==/base.apk took:94ms
02-23 03:53:36.386  2797  2797 I 309     : package:net.oneplus.launcher took:2475 calssname:android.app.ActivityThread$H callback:null what:110
02-23 03:53:37.750  1597  2584 I 322     : net.oneplus.launcher#10371#14201
02-23 03:53:39.684  7515  7515 I 100     : Open /data/app/~~H_gIp3nxzyq2yMxW_c054A==/com.google.android.googlequicksearchbox-ePajk4SqssSfJRKTf-oGMw==/base.apk took:164ms
02-23 03:53:40.639  5553  5639 I 101     : #233
02-23 03:53:41.180  8593  8593 I 100     : Open /system/priv-app/OnePlusWizard/OnePlusWizard.apk took:73ms
02-23 03:53:42.917  9835  9835 I 100     : Open /data/app/~~v2MLmSR2lXdT3Aso_-KThQ==/com.google.android.projection.gearhead-krPf8PRAPVtXuHiwbb-sQQ==/base.apk took:60ms
02-23 03:53:44.932 11197 11197 I 100     : Open /data/app/~~6PlnOOX9VRcHcjuZ_VKLOw==/com.android.vending-EVB_iaCIvFCrw-1UEPEhHg==/base.apk took:149ms
02-23 03:53:45.899 11380 11380 I 100     : Open /data/app/~~0hxWgk4ftHxbLgZP4U-skA==/com.google.android.apps.docs-prx6eeRu8Ku4cYsB5sUVWw==/base.apk took:52ms
02-23 03:53:45.927 11357 11357 I 100     : Open /data/app/~~H_gIp3nxzyq2yMxW_c054A==/com.google.android.googlequicksearchbox-ePajk4SqssSfJRKTf-oGMw==/base.apk took:116ms
02-23 03:53:47.425 11530 11530 I 100     : Open /data/app/~~DVOBl-1NHCYdWbDxI9Vshg==/com.google.android.apps.maps-tEMAEht8POXoomX5Buz22g==/base.apk took:173ms
02-23 03:53:48.496 11601 11601 I 100     : Open /data/app/~~v2MLmSR2lXdT3Aso_-KThQ==/com.google.android.projection.gearhead-krPf8PRAPVtXuHiwbb-sQQ==/base.apk took:54ms
02-23 03:53:49.625 11686 11686 I 100     : Open /data/app/~~DVOBl-1NHCYdWbDxI9Vshg==/com.google.android.apps.maps-tEMAEht8POXoomX5Buz22g==/base.apk took:74ms
02-23 03:53:50.170 11713 11713 I 100     : Open /data/app/~~U9BflnOzWBHzH2iD3kBzWQ==/com.google.android.apps.photos-Rdc1jByi2e2watJIli7F6g==/base.apk took:122ms
02-23 03:53:51.288 11760 11760 I 100     : Open /data/app/~~yE_aEEm-nG4lhYy0a2KIqw==/com.google.android.apps.tachyon--ipxxxTv8bFDoSNOTQqlhw==/base.apk took:166ms
02-23 03:53:52.395 11760 11760 I 309     : package:com.google.android.apps.tachyon took:1289 calssname:android.app.ActivityThread$H callback:null what:110
02-23 03:53:55.946 12069 12069 I 100     : Open /data/app/~~6PlnOOX9VRcHcjuZ_VKLOw==/com.android.vending-EVB_iaCIvFCrw-1UEPEhHg==/base.apk took:104ms
02-23 03:53:57.119  3728  3728 I 309     : package:com.android.phone took:1159 calssname:com.qualcomm.qti.internal.telephony.QtiServiceStateTracker callback:null what:14
02-23 03:53:57.127 12038 12038 I 309     : package:net.oneplus.weather took:1400 calssname:android.app.ActivityThread$H callback:null what:110
02-23 03:53:57.624 12069 12069 I 309     : package:com.android.vending took:1807 calssname:android.app.ActivityThread$H callback:null what:110
02-23 03:53:58.536 12178 12178 I 309     : package:com.google.android.apps.turbo took:1998 calssname:android.app.ActivityThread$H callback:null what:110
02-23 03:53:58.612  2866  2866 I 309     : package:com.oneplus.config took:2693 calssname:android.app.job.JobServiceEngine$JobHandler callback:null what:0
02-23 03:53:58.655  2797  2797 I 309     : package:net.oneplus.launcher took:2050 calssname:android.app.job.JobServiceEngine$JobHandler callback:null what:2
02-23 03:53:59.020 12277 12277 I 309     : package:com.oneplus.dialer took:1391 calssname:android.app.ActivityThread$H callback:null what:110
02-23 03:54:00.551 12178 12178 I 309     : package:com.google.android.apps.turbo took:2013 calssname:android.app.ActivityThread$H callback:null what:113
02-23 03:54:02.313 12578 12578 I 309     : package:com.google.android.apps.turbo took:1463 calssname:android.app.ActivityThread$H callback:null what:110
02-23 03:54:02.658 12178 12178 I 309     : package:com.google.android.apps.turbo took:1003 calssname:android.app.job.JobServiceEngine$JobHandler callback:null what:2
02-23 03:54:03.295 12619 12619 I 100     : Open /data/app/~~nD_361WU5HRwZI_Fvapqjg==/com.google.android.apps.walletnfcrel-3UcPrXHiS3GhXqH_J82eTw==/base.apk took:151ms
02-23 03:54:06.078 12728 12728 I 100     : Open /data/app/~~abABbug0VrXQ3q4JxN-esQ==/com.google.android.apps.youtube.music-YXZbQ3KDHYrwTli1EXcHOQ==/base.apk took:114ms
02-23 03:54:06.967 12728 12728 I 309     : package:com.google.android.apps.youtube.music took:1025 calssname:android.app.ActivityThread$H callback:null what:110
02-23 03:54:07.410 12846 12846 I 100     : Open /data/app/~~pXI9UK18AUverFXJq6t5Hg==/com.google.android.calendar-2CkBJv8bdHLGEdp_7jfJsA==/base.apk took:96ms
02-23 03:54:08.995 12846 12846 I 309     : package:com.google.android.calendar took:1699 calssname:android.app.ActivityThread$H callback:null what:110
02-23 03:54:10.967 13059 13059 I 100     : Open /data/app/~~OxPw7XC-ppbwv68uIVeaBg==/com.google.android.gm-eBYDBpGZdjsMtEA2EvGSoA==/base.apk took:166ms
02-23 03:54:16.392 13059 13059 I 309     : package:com.google.android.gm took:1221 calssname:android.app.job.JobServiceEngine$JobHandler callback:null what:2
02-23 03:54:25.560 13318 13318 I 309     : package:com.google.android.gsf took:1868 calssname:android.app.ActivityThread$H callback:null what:110
02-23 03:54:25.674  3728  3728 I 309     : package:com.android.phone took:1319 calssname:com.qualcomm.qti.internal.telephony.QtiServiceStateTracker callback:null what:4
02-23 03:54:37.788 13485 13485 I 100     : Open /data/app/~~NvgKNFVkt_GQBCPPjoAm2w==/com.google.android.inputmethod.latin-YIxgiu6Ej3uRw6hZ7_I45A==/base.apk took:84ms
02-23 03:54:43.349 13682 13682 I 309     : package:com.google.android.setupwizard took:1923 calssname:android.app.ActivityThread$H callback:null what:110
02-23 03:54:44.612 13682 13682 I 309     : package:com.google.android.setupwizard took:1248 calssname:android.os.Handler callback:android.accounts.AccountManager$Future2Task$1@9a17d3 what:0
02-23 03:54:45.078 13718 13718 I 309     : package:com.google.android.syncadapters.contacts took:1602 calssname:android.app.ActivityThread$H callback:null what:110
02-23 03:54:46.558 13682 13682 I 309     : package:com.google.android.setupwizard took:1090 calssname:android.os.Handler callback:auj@147cbe what:0
02-23 03:54:48.302 13873 13873 I 100     : Open /data/app/~~N_FJpyiX4vKyyQ9Yb-bT-w==/com.google.android.youtube-nv9QM-cBrk9hs12gb5kwSg==/base.apk took:74ms
02-23 03:54:49.000 13873 13949 I 100     : Open /data/user/0/com.google.android.youtube/app_pccache2/5/8C5AE28E06233ED046257CCB628AC34047ABB1F1/pcam.jar took:55ms
02-23 03:54:55.018 15836 15836 I 309     : package:com.oneplus.mms took:1439 calssname:android.app.ActivityThread$H callback:null what:110
02-23 03:55:02.982 18871 18871 I 100     : Open /data/app/~~H_gIp3nxzyq2yMxW_c054A==/com.google.android.googlequicksearchbox-ePajk4SqssSfJRKTf-oGMw==/base.apk took:109ms
02-23 03:55:03.646 18923 18923 I 100     : Open /data/app/~~H_gIp3nxzyq2yMxW_c054A==/com.google.android.googlequicksearchbox-ePajk4SqssSfJRKTf-oGMw==/base.apk took:77ms
02-23 03:55:08.637 19232 19232 I 100     : Open /data/app/~~6PlnOOX9VRcHcjuZ_VKLOw==/com.android.vending-EVB_iaCIvFCrw-1UEPEhHg==/base.apk took:68ms
02-23 03:55:12.129 19474 19474 I 100     : Open /data/app/~~nD_361WU5HRwZI_Fvapqjg==/com.google.android.apps.walletnfcrel-3UcPrXHiS3GhXqH_J82eTw==/base.apk took:51ms
02-23 03:55:12.934 19528 19528 I 100     : Open /data/app/~~abABbug0VrXQ3q4JxN-esQ==/com.google.android.apps.youtube.music-YXZbQ3KDHYrwTli1EXcHOQ==/base.apk took:62ms
02-23 03:55:17.123 19771 19771 I 309     : package:com.google.android.videos took:1006 calssname:android.app.ActivityThread$H callback:null what:110
02-23 03:55:18.128 19846 19926 I 100     : Open /data/app/~~4cz1r4shV35tmGD9fDhiFA==/com.google.android.gms-7zQf4gaHMsB3yk_zhZEPJQ==/split_DynamiteLoader_installtime.apk took:114ms
02-23 03:55:19.697 20166 20166 I 100     : Open /data/app/~~6PlnOOX9VRcHcjuZ_VKLOw==/com.android.vending-EVB_iaCIvFCrw-1UEPEhHg==/base.apk took:75ms
02-23 03:55:19.925 20056 20056 I 309     : package:com.android.providers.userdictionary took:1271 calssname:android.app.ActivityThread$H callback:null what:110
02-23 03:55:22.125 20218 20218 I 309     : package:com.oneplus.dialer took:1753 calssname:android.app.ActivityThread$H callback:null what:110
02-23 03:55:22.184 19846 19885 I 101     : #187
02-23 03:55:22.643 18923 20307 I 101     : #202
02-23 03:55:24.529  3728  3728 I 309     : package:com.android.phone took:1088 calssname:android.app.ActivityThread$H callback:com.android.ims.-$$Lambda$FeatureConnector$1$Fr-H9dx1qByyvlwkxmZ3PK1oz7w@34fb49b what:0
02-23 03:55:24.900 18923 18923 I 309     : package:com.google.android.googlequicksearchbox took:1271 calssname:android.app.job.JobServiceEngine$JobHandler callback:null what:0
02-23 03:55:31.621  1597  2584 I 322     : moe.haruue.wadb#162#401
--------- beginning of main
02-23 03:56:38.342  1181  3904 D vendor.qti.bluetooth@1.0-wake_lock: Release wakelock is released 
02-23 03:56:38.382 20861 24880 W adbd    : timed out while waiting for FUNCTIONFS_BIND, trying again
02-23 03:56:38.382 20861 24880 I adbd    : UsbFfs: connection terminated: monitor thread finished
02-23 03:56:38.383 20861 20861 I adbd    : UsbFfs: already offline
02-23 03:56:38.383 20861 20861 I adbd    : destroying transport UsbFfs
02-23 03:56:38.383 20861 20861 I adbd    : UsbFfsConnection being destroyed
02-23 03:56:38.416 20861 20864 I adbd    : opening control endpoint /dev/usb-ffs/adb/ep0
02-23 03:56:38.420 20861 20864 I adbd    : UsbFfsConnection constructed
02-23 03:56:38.421 20861 24882 I adbd    : UsbFfs-monitor thread spawned
02-23 03:56:38.447  1597  2660 I chatty  : uid=1000(system) SettingsProvide expire 10 lines
02-23 03:56:38.828  1181  4048 I vendor.qti.bluetooth@1.0-ibs_handler: ProcessIbsCmd: Received IBS_WAKE_IND: 0xFD
02-23 03:56:38.829  1181  4048 D vendor.qti.bluetooth@1.0-ibs_handler: SerialClockVote: vote for UART CLK ON
02-23 03:56:38.830  1181  4048 D vendor.qti.bluetooth@1.0-wake_lock: Acquire wakelock is acquired 
02-23 03:56:38.830  1181  4048 I vendor.qti.bluetooth@1.0-ibs_handler: ProcessIbsCmd: Writing IBS_WAKE_ACK
02-23 03:56:38.833  2888  4050 V bt_stack: [VERBOSE1:btm_inq.cc(1019)] BTM_InqDbRead: bd addr 4e:94:82:67:a5:aa
02-23 03:56:38.871  1181  4048 I vendor.qti.bluetooth@1.0-ibs_handler: ProcessIbsCmd: Received IBS_SLEEP_IND: 0xFE
02-23 03:56:38.871  1181  4048 D vendor.qti.bluetooth@1.0-ibs_handler: SerialClockVote: vote for UART CLK OFF
02-23 03:56:38.882  1597 24883 I chatty  : uid=1000 system_server expire 30 lines
02-23 03:56:38.910  1181  4048 I vendor.qti.bluetooth@1.0-ibs_handler: ProcessIbsCmd: Received IBS_WAKE_IND: 0xFD
02-23 03:56:38.910  1181  4048 D vendor.qti.bluetooth@1.0-ibs_handler: SerialClockVote: vote for UART CLK ON
02-23 03:56:38.910  1181  4048 I vendor.qti.bluetooth@1.0-ibs_handler: ProcessIbsCmd: Writing IBS_WAKE_ACK
02-23 03:56:38.956  1181  4048 I vendor.qti.bluetooth@1.0-ibs_handler: ProcessIbsCmd: Received IBS_SLEEP_IND: 0xFE
02-23 03:56:38.956  1181  4048 D vendor.qti.bluetooth@1.0-ibs_handler: SerialClockVote: vote for UART CLK OFF
02-23 03:56:38.994  1181  4048 I vendor.qti.bluetooth@1.0-ibs_handler: ProcessIbsCmd: Received IBS_WAKE_IND: 0xFD
02-23 03:56:38.995  1181  4048 D vendor.qti.bluetooth@1.0-ibs_handler: SerialClockVote: vote for UART CLK ON
02-23 03:56:38.995  1181  4048 I vendor.qti.bluetooth@1.0-ibs_handler: ProcessIbsCmd: Writing IBS_WAKE_ACK
02-23 03:56:38.998  2888  4050 V bt_stack: [VERBOSE1:btm_inq.cc(1019)] BTM_InqDbRead: bd addr 4e:94:82:67:a5:aa
02-23 03:56:39.041  1181  4048 I vendor.qti.bluetooth@1.0-ibs_handler: ProcessIbsCmd: Received IBS_SLEEP_IND: 0xFE
02-23 03:56:39.041  1181  4048 D vendor.qti.bluetooth@1.0-ibs_handler: SerialClockVote: vote for UART CLK OFF
02-23 03:56:39.192  1181  3904 D vendor.qti.bluetooth@1.0-wake_lock: Release wakelock is released 
02-23 03:56:39.427 20861 24882 W adbd    : timed out while waiting for FUNCTIONFS_BIND, trying again
02-23 03:56:39.427 20861 24882 I adbd    : UsbFfs: connection terminated: monitor thread finished
02-23 03:56:39.428 20861 20861 I adbd    : UsbFfs: already offline
02-23 03:56:39.428 20861 20861 I adbd    : destroying transport UsbFfs
02-23 03:56:39.428 20861 20861 I adbd    : UsbFfsConnection being destroyed
02-23 03:56:39.456 20861 20864 I adbd    : opening control endpoint /dev/usb-ffs/adb/ep0
02-23 03:56:39.459 20861 20864 I adbd    : UsbFfsConnection constructed
02-23 03:56:39.463 20861 24884 I adbd    : UsbFfs-monitor thread spawned
02-23 03:56:39.517  1181  4048 I vendor.qti.bluetooth@1.0-ibs_handler: ProcessIbsCmd: Received IBS_WAKE_IND: 0xFD
02-23 03:56:39.518  1181  4048 D vendor.qti.bluetooth@1.0-ibs_handler: SerialClockVote: vote for UART CLK ON
02-23 03:56:39.520  1181  4048 D vendor.qti.bluetooth@1.0-wake_lock: Acquire wakelock is acquired 
02-23 03:56:39.520  1181  4048 I vendor.qti.bluetooth@1.0-ibs_handler: ProcessIbsCmd: Writing IBS_WAKE_ACK
02-23 03:56:39.522  2888  4050 V bt_stack: [VERBOSE1:btm_inq.cc(1019)] BTM_InqDbRead: bd addr 4e:94:82:67:a5:aa
02-23 03:56:39.531  4060  6123 I NearbyDiscovery: (REDACTED) BloomFilterAdvManager: Detected bloom filter but too far away, ignoring. %sm, %s
02-23 03:56:39.533  4060 21795 I NearbyDiscovery: (REDACTED) loadFastPairModule: checkFeaturesAreAvailable:%d
02-23 03:56:39.533  4060 21795 I NearbyDiscovery: loadFastPairModule: FastPair module is downloaded. [CONTEXT service_id=265 ]
02-23 03:56:39.561  1181  4048 I vendor.qti.bluetooth@1.0-ibs_handler: ProcessIbsCmd: Received IBS_SLEEP_IND: 0xFE
02-23 03:56:39.561  1181  4048 D vendor.qti.bluetooth@1.0-ibs_handler: SerialClockVote: vote for UART CLK OFF
02-23 03:56:39.591  1181  4048 I vendor.qti.bluetooth@1.0-ibs_handler: ProcessIbsCmd: Received IBS_WAKE_IND: 0xFD
02-23 03:56:39.591  1181  4048 D vendor.qti.bluetooth@1.0-ibs_handler: SerialClockVote: vote for UART CLK ON
02-23 03:56:39.591  1181  4048 I vendor.qti.bluetooth@1.0-ibs_handler: ProcessIbsCmd: Writing IBS_WAKE_ACK
02-23 03:56:39.593  2888  4050 V bt_stack: [VERBOSE1:btm_inq.cc(1019)] BTM_InqDbRead: bd addr 4e:94:82:67:a5:aa
02-23 03:56:39.601  4060  6123 I NearbyDiscovery: (REDACTED) BloomFilterAdvManager: Detected bloom filter but too far away, ignoring. %sm, %s
02-23 03:56:39.633  1181  4048 I vendor.qti.bluetooth@1.0-ibs_handler: ProcessIbsCmd: Received IBS_SLEEP_IND: 0xFE
02-23 03:56:39.633  1181  4048 D vendor.qti.bluetooth@1.0-ibs_handler: SerialClockVote: vote for UART CLK OFF
02-23 03:56:39.681  1745  5832 D LOWI-9.0.0.79: [LOWI-Scan] wait_event:Wait done with Cmd 103
02-23 03:56:39.681  1745  5832 D LOWI-9.0.0.79: [LOWI-Scan] do_listen_events: Rcvd valid Netlink Cmd 0 Err 0
02-23 03:56:39.682  1231  2778 I WifiHAL : event received NL80211_CMD_VENDOR, vendor_id = 0x1374, subcmd = 0xd
02-23 03:56:39.682  1685  1685 I cnss-daemon: nl80211 response handler invoked
02-23 03:56:39.682  1685  1685 I cnss-daemon: nl80211_response_handler: cmd 103, vendorID 4980, subcmd 13  received
02-23 03:56:39.783  1181  3904 D vendor.qti.bluetooth@1.0-wake_lock: Release wakelock is released 
02-23 03:56:40.461  2796  7493 D NetworkStateUtils: netWorkState=1
02-23 03:56:40.465 20861 24884 W adbd    : timed out while waiting for FUNCTIONFS_BIND, trying again
02-23 03:56:40.465 20861 24884 I adbd    : UsbFfs: connection terminated: monitor thread finished
02-23 03:56:40.466 20861 20861 I adbd    : UsbFfs: already offline
02-23 03:56:40.466 20861 20861 I adbd    : destroying transport UsbFfs
02-23 03:56:40.466 20861 20861 I adbd    : UsbFfsConnection being destroyed
02-23 03:56:40.497 20861 20864 I adbd    : opening control endpoint /dev/usb-ffs/adb/ep0
02-23 03:56:40.500 20861 20864 I adbd    : UsbFfsConnection constructed
02-23 03:56:40.502 20861 24885 I adbd    : UsbFfs-monitor thread spawned
02-23 03:56:41.055  1181  4048 I vendor.qti.bluetooth@1.0-ibs_handler: ProcessIbsCmd: Received IBS_WAKE_IND: 0xFD
02-23 03:56:41.055  1181  4048 D vendor.qti.bluetooth@1.0-ibs_handler: SerialClockVote: vote for UART CLK ON
02-23 03:56:41.058  1181  4048 D vendor.qti.bluetooth@1.0-wake_lock: Acquire wakelock is acquired 
02-23 03:56:41.058  1181  4048 I vendor.qti.bluetooth@1.0-ibs_handler: ProcessIbsCmd: Writing IBS_WAKE_ACK
02-23 03:56:41.060  2888  4050 V bt_stack: [VERBOSE1:btm_inq.cc(1019)] BTM_InqDbRead: bd addr 4e:94:82:67:a5:aa
02-23 03:56:41.103  1181  4048 I vendor.qti.bluetooth@1.0-ibs_handler: ProcessIbsCmd: Received IBS_SLEEP_IND: 0xFE
02-23 03:56:41.104  1181  4048 D vendor.qti.bluetooth@1.0-ibs_handler: SerialClockVote: vote for UART CLK OFF
02-23 03:56:41.128  1181  4048 I vendor.qti.bluetooth@1.0-ibs_handler: ProcessIbsCmd: Received IBS_WAKE_IND: 0xFD
02-23 03:56:41.128  1181  4048 D vendor.qti.bluetooth@1.0-ibs_handler: SerialClockVote: vote for UART CLK ON
02-23 03:56:41.128  1181  4048 I vendor.qti.bluetooth@1.0-ibs_handler: ProcessIbsCmd: Writing IBS_WAKE_ACK
02-23 03:56:41.131  2888  4050 V bt_stack: [VERBOSE1:btm_inq.cc(1019)] BTM_InqDbRead: bd addr 4e:94:82:67:a5:aa
02-23 03:56:41.169  1181  4048 I vendor.qti.bluetooth@1.0-ibs_handler: ProcessIbsCmd: Received IBS_SLEEP_IND: 0xFE
02-23 03:56:41.169  1181  4048 D vendor.qti.bluetooth@1.0-ibs_handler: SerialClockVote: vote for UART CLK OFF
02-23 03:56:41.321  1181  3904 D vendor.qti.bluetooth@1.0-wake_lock: Release wakelock is released 
02-23 03:56:41.503 20861 24885 W adbd    : timed out while waiting for FUNCTIONFS_BIND, trying again
02-23 03:56:41.503 20861 24885 I adbd    : UsbFfs: connection terminated: monitor thread finished
02-23 03:56:41.503 20861 20861 I adbd    : UsbFfs: already offline
02-23 03:56:41.503 20861 20861 I adbd    : destroying transport UsbFfs
02-23 03:56:41.503 20861 20861 I adbd    : UsbFfsConnection being destroyed
02-23 03:56:41.536 20861 20864 I adbd    : opening control endpoint /dev/usb-ffs/adb/ep0
02-23 03:56:41.543 20861 20864 I adbd    : UsbFfsConnection constructed
02-23 03:56:41.544 20861 24889 I adbd    : UsbFfs-monitor thread spawned
02-23 03:56:41.681  1745  5832 D LOWI-9.0.0.79: [LOWI-Scan] wait_event:Wait done with Cmd 103
02-23 03:56:41.682  1231  2778 I WifiHAL : event received NL80211_CMD_VENDOR, vendor_id = 0x1374, subcmd = 0xd
02-23 03:56:41.682  1745  5832 D LOWI-9.0.0.79: [LOWI-Scan] do_listen_events: Rcvd valid Netlink Cmd 0 Err 0
02-23 03:56:41.682  1685  1685 I cnss-daemon: nl80211 response handler invoked
02-23 03:56:41.682  1685  1685 I cnss-daemon: nl80211_response_handler: cmd 103, vendorID 4980, subcmd 13  received
02-23 03:56:41.793  1181  4048 I vendor.qti.bluetooth@1.0-ibs_handler: ProcessIbsCmd: Received IBS_WAKE_IND: 0xFD
02-23 03:56:41.793  1181  4048 D vendor.qti.bluetooth@1.0-ibs_handler: SerialClockVote: vote for UART CLK ON
02-23 03:56:41.795  1181  4048 D vendor.qti.bluetooth@1.0-wake_lock: Acquire wakelock is acquired 
02-23 03:56:41.795  1181  4048 I vendor.qti.bluetooth@1.0-ibs_handler: ProcessIbsCmd: Writing IBS_WAKE_ACK
02-23 03:56:41.798  2888  4050 V bt_stack: [VERBOSE1:btm_inq.cc(1019)] BTM_InqDbRead: bd addr 4e:94:82:67:a5:aa
02-23 03:56:41.808  4060  6123 I NearbyDiscovery: (REDACTED) BloomFilterAdvManager: Detected bloom filter but too far away, ignoring. %sm, %s
02-23 03:56:41.841  1181  4048 I vendor.qti.bluetooth@1.0-ibs_handler: ProcessIbsCmd: Received IBS_SLEEP_IND: 0xFE
02-23 03:56:41.842  1181  4048 D vendor.qti.bluetooth@1.0-ibs_handler: SerialClockVote: vote for UART CLK OFF
02-23 03:56:41.865  1181  4048 I vendor.qti.bluetooth@1.0-ibs_handler: ProcessIbsCmd: Received IBS_WAKE_IND: 0xFD
02-23 03:56:41.866  1181  4048 D vendor.qti.bluetooth@1.0-ibs_handler: SerialClockVote: vote for UART CLK ON
02-23 03:56:41.866  1181  4048 I vendor.qti.bluetooth@1.0-ibs_handler: ProcessIbsCmd: Writing IBS_WAKE_ACK
02-23 03:56:41.868  2888  4050 V bt_stack: [VERBOSE1:btm_inq.cc(1019)] BTM_InqDbRead: bd addr 4e:94:82:67:a5:aa
02-23 03:56:41.881  4060  6123 I NearbyDiscovery: (REDACTED) BloomFilterAdvManager: Detected bloom filter but too far away, ignoring. %sm, %s
02-23 03:56:41.912  1181  4048 I vendor.qti.bluetooth@1.0-ibs_handler: ProcessIbsCmd: Received IBS_SLEEP_IND: 0xFE
02-23 03:56:41.912  1181  4048 D vendor.qti.bluetooth@1.0-ibs_handler: SerialClockVote: vote for UART CLK OFF
02-23 03:56:42.063  1181  3904 D vendor.qti.bluetooth@1.0-wake_lock: Release wakelock is released 
02-23 03:56:42.461  1181  4048 I vendor.qti.bluetooth@1.0-ibs_handler: ProcessIbsCmd: Received IBS_WAKE_IND: 0xFD
02-23 03:56:42.461  1181  4048 D vendor.qti.bluetooth@1.0-ibs_handler: SerialClockVote: vote for UART CLK ON
02-23 03:56:42.463  1181  4048 D vendor.qti.bluetooth@1.0-wake_lock: Acquire wakelock is acquired 
02-23 03:56:42.463  1181  4048 I vendor.qti.bluetooth@1.0-ibs_handler: ProcessIbsCmd: Writing IBS_WAKE_ACK
02-23 03:56:42.466  2888  4050 V bt_stack: [VERBOSE1:btm_inq.cc(1019)] BTM_InqDbRead: bd addr 4e:94:82:67:a5:aa
02-23 03:56:42.507  1181  4048 I vendor.qti.bluetooth@1.0-ibs_handler: ProcessIbsCmd: Received IBS_SLEEP_IND: 0xFE
02-23 03:56:42.507  1181  4048 D vendor.qti.bluetooth@1.0-ibs_handler: SerialClockVote: vote for UART CLK OFF
02-23 03:56:42.537  1181  4048 I vendor.qti.bluetooth@1.0-ibs_handler: ProcessIbsCmd: Received IBS_WAKE_IND: 0xFD
02-23 03:56:42.537  1181  4048 D vendor.qti.bluetooth@1.0-ibs_handler: SerialClockVote: vote for UART CLK ON
02-23 03:56:42.537  1181  4048 I vendor.qti.bluetooth@1.0-ibs_handler: ProcessIbsCmd: Writing IBS_WAKE_ACK
02-23 03:56:42.540  2888  4050 V bt_stack: [VERBOSE1:btm_inq.cc(1019)] BTM_InqDbRead: bd addr 4e:94:82:67:a5:aa
02-23 03:56:42.546 20861 24889 W adbd    : timed out while waiting for FUNCTIONFS_BIND, trying again
02-23 03:56:42.546 20861 24889 I adbd    : UsbFfs: connection terminated: monitor thread finished
02-23 03:56:42.546 20861 20861 I adbd    : UsbFfs: already offline
02-23 03:56:42.547 20861 20861 I adbd    : destroying transport UsbFfs
02-23 03:56:42.547 20861 20861 I adbd    : UsbFfsConnection being destroyed
02-23 03:56:42.576 20861 20864 I adbd    : opening control endpoint /dev/usb-ffs/adb/ep0
02-23 03:56:42.578  1181  4048 I vendor.qti.bluetooth@1.0-ibs_handler: ProcessIbsCmd: Received IBS_SLEEP_IND: 0xFE
02-23 03:56:42.579  1181  4048 D vendor.qti.bluetooth@1.0-ibs_handler: SerialClockVote: vote for UART CLK OFF
02-23 03:56:42.579 20861 20864 I adbd    : UsbFfsConnection constructed
02-23 03:56:42.583 20861 24890 I adbd    : UsbFfs-monitor thread spawned
02-23 03:56:42.729  1181  3904 D vendor.qti.bluetooth@1.0-wake_lock: Release wakelock is released 
02-23 03:56:43.213  1181  4048 I vendor.qti.bluetooth@1.0-ibs_handler: ProcessIbsCmd: Received IBS_WAKE_IND: 0xFD
02-23 03:56:43.214  1181  4048 D vendor.qti.bluetooth@1.0-ibs_handler: SerialClockVote: vote for UART CLK ON
02-23 03:56:43.216  1181  4048 D vendor.qti.bluetooth@1.0-wake_lock: Acquire wakelock is acquired 
02-23 03:56:43.216  1181  4048 I vendor.qti.bluetooth@1.0-ibs_handler: ProcessIbsCmd: Writing IBS_WAKE_ACK
02-23 03:56:43.219  2888  4050 V bt_stack: [VERBOSE1:btm_inq.cc(1019)] BTM_InqDbRead: bd addr 4e:94:82:67:a5:aa
02-23 03:56:43.257  1181  4048 I vendor.qti.bluetooth@1.0-ibs_handler: ProcessIbsCmd: Received IBS_SLEEP_IND: 0xFE
02-23 03:56:43.257  1181  4048 D vendor.qti.bluetooth@1.0-ibs_handler: SerialClockVote: vote for UART CLK OFF
02-23 03:56:43.289  1181  4048 I vendor.qti.bluetooth@1.0-ibs_handler: ProcessIbsCmd: Received IBS_WAKE_IND: 0xFD
02-23 03:56:43.290  1181  4048 D vendor.qti.bluetooth@1.0-ibs_handler: SerialClockVote: vote for UART CLK ON
02-23 03:56:43.290  1181  4048 I vendor.qti.bluetooth@1.0-ibs_handler: ProcessIbsCmd: Writing IBS_WAKE_ACK
02-23 03:56:43.293  2888  4050 V bt_stack: [VERBOSE1:btm_inq.cc(1019)] BTM_InqDbRead: bd addr 4e:94:82:67:a5:aa
02-23 03:56:43.336  1181  4048 I vendor.qti.bluetooth@1.0-ibs_handler: ProcessIbsCmd: Received IBS_SLEEP_IND: 0xFE
02-23 03:56:43.336  1181  4048 D vendor.qti.bluetooth@1.0-ibs_handler: SerialClockVote: vote for UART CLK OFF
02-23 03:56:43.490  1181  3904 D vendor.qti.bluetooth@1.0-wake_lock: Release wakelock is released 
02-23 03:56:43.590 20861 24890 W adbd    : timed out while waiting for FUNCTIONFS_BIND, trying again
02-23 03:56:43.590 20861 24890 I adbd    : UsbFfs: connection terminated: monitor thread finished
02-23 03:56:43.591 20861 20861 I adbd    : UsbFfs: already offline
02-23 03:56:43.591 20861 20861 I adbd    : destroying transport UsbFfs
02-23 03:56:43.591 20861 20861 I adbd    : UsbFfsConnection being destroyed
02-23 03:56:43.616 20861 20864 I adbd    : opening control endpoint /dev/usb-ffs/adb/ep0
02-23 03:56:43.619 20861 20864 I adbd    : UsbFfsConnection constructed
02-23 03:56:43.622 20861 24891 I adbd    : UsbFfs-monitor thread spawned
02-23 03:56:43.688  1745  5832 D LOWI-9.0.0.79: [LOWI-Scan] wait_event:Wait done with Cmd 103
02-23 03:56:43.688  1745  5832 D LOWI-9.0.0.79: [LOWI-Scan] do_listen_events: Rcvd valid Netlink Cmd 0 Err 0
02-23 03:56:43.689  1231  2778 I WifiHAL : event received NL80211_CMD_VENDOR, vendor_id = 0x1374, subcmd = 0xd
02-23 03:56:43.689  1685  1685 I cnss-daemon: nl80211 response handler invoked
02-23 03:56:43.689  1685  1685 I cnss-daemon: nl80211_response_handler: cmd 103, vendorID 4980, subcmd 13  received
02-23 03:56:44.432  5130  5130 W ThreadPoolForeg: type=1400 audit(0.0:318): avc: denied { write } for name="traced_producer" dev="tmpfs" ino=33770 scontext=u:r:gmscore_app:s0:c512,c768 tcontext=u:object_r:traced_producer_socket:s0 tclass=sock_file permissive=0 app=com.google.android.gms
02-23 03:56:44.562  1597  2565 I chatty  : uid=1000(system) HwBinder:1597_1 expire 5 lines
02-23 03:56:44.572  2925  2925 I OpUtils : isSupportWarpCharging:false
02-23 03:56:44.572  2925  2925 D OpSWarpChargingView: level is same as latest one [58]
02-23 03:56:44.574  2925  2925 D KeyguardUpdateMonitor: received broadcast android.intent.action.BATTERY_CHANGED
02-23 03:56:44.574  2925  2925 I OpUtils : isSupportWarpCharging:false
02-23 03:56:44.574  2925  2925 D KeyguardUpdateMonitor: pdCharge false, chargingstatus 0, fastcharge:0
02-23 03:56:44.574  3574  3574 D QtiCarrierConfigHelper: WARNING, no carrier configs on phone Id: 0
02-23 03:56:44.574  2925  2925 D AodAlwaysOnController: onRefreshBatteryInfo: 58
02-23 03:56:44.575  2925  2925 D KeyguardIndication: onRefreshBatteryInfo: plugged:true, wasPluggedIn: true, charged:false, level:58, speed:1, last speed:1, visible:false, mWirelessChargingDeviated:false, isPdCharging:false, isProtectCharging:false, timeToFull:-1, mChargingInfo:android.widget.TextView{75190f2 V.ED..... ..S...ID 100,0-768,93 #7f0b016c app:id/charging_info}
02-23 03:56:44.575  1597  2557 I chatty  : uid=1000(system) android.fg expire 5 lines
--------- beginning of system
02-23 03:56:44.576  1597  2511 I BatteryStatsImpl: mNumStepDurations >= 1
02-23 03:56:44.576  1597  2511 I BatteryStatsImpl: msPerLevel > 0 return 2622522000
02-23 03:56:44.577  2925  2925 D KeyguardIndication: onRefreshBatteryInfo: aosp ChargingTimeRemaining 2622522
02-23 03:56:44.579 20703 20703 D Cloud.DeviceStatusDispatcher: charge status is 2
02-23 03:56:44.581  1597  2572 I chatty  : uid=1000(system) android.bg expire 1 line
02-23 03:56:44.581  2925  2925 W KeyguardIndication: no dash view
02-23 03:56:44.582  2925  2925 I OpChargingAnimationControllerImpl: onRefreshBatteryInfo / mPluggedButNotUsb:true / status:OpBatteryStatus{status=2,level=58,plugged=1,health=2,maxChargingWattage=6625000}, fastCharge:0, wirelessCharging:false, wirelessWarpCharging:false, wirelessChargingDeviated:false, pdcharge:false / chargingType: 1 / oldChargingType:1
02-23 03:56:44.582  2925  2925 I OpChargingAnimationControllerImpl: onRefreshBatteryInfo / mOldPluggedInAndCharging:true / isPluggedInAndCharging:true / isKeyguardShowing false / isScreenTurnedOn true / isChargingTypeChange false
02-23 03:56:44.617  3620  3620 D DeviceStatisticsService: chargerType=1 batteryLevel=58 totalBatteryCapacity=3946000
02-23 03:56:44.623 20861 24891 W adbd    : timed out while waiting for FUNCTIONFS_BIND, trying again
02-23 03:56:44.624 20861 24891 I adbd    : UsbFfs: connection terminated: monitor thread finished
02-23 03:56:44.624 20861 20861 I adbd    : UsbFfs: already offline
02-23 03:56:44.624 20861 20861 I adbd    : destroying transport UsbFfs
02-23 03:56:44.625 20861 20861 I adbd    : UsbFfsConnection being destroyed
02-23 03:56:44.656 20861 20864 I adbd    : opening control endpoint /dev/usb-ffs/adb/ep0
02-23 03:56:44.659 20861 20864 I adbd    : UsbFfsConnection constructed
02-23 03:56:44.661 20861 24892 I adbd    : UsbFfs-monitor thread spawned
02-23 03:56:44.762  1181  4048 I vendor.qti.bluetooth@1.0-ibs_handler: ProcessIbsCmd: Received IBS_WAKE_IND: 0xFD
02-23 03:56:44.762  1181  4048 D vendor.qti.bluetooth@1.0-ibs_handler: SerialClockVote: vote for UART CLK ON
02-23 03:56:44.764  1181  4048 D vendor.qti.bluetooth@1.0-wake_lock: Acquire wakelock is acquired 
02-23 03:56:44.764  1181  4048 I vendor.qti.bluetooth@1.0-ibs_handler: ProcessIbsCmd: Writing IBS_WAKE_ACK
02-23 03:56:44.767  2888  4050 V bt_stack: [VERBOSE1:btm_inq.cc(1019)] BTM_InqDbRead: bd addr 4e:94:82:67:a5:aa
02-23 03:56:44.806  1181  4048 I vendor.qti.bluetooth@1.0-ibs_handler: ProcessIbsCmd: Received IBS_SLEEP_IND: 0xFE
02-23 03:56:44.806  1181  4048 D vendor.qti.bluetooth@1.0-ibs_handler: SerialClockVote: vote for UART CLK OFF
02-23 03:56:44.834  1181  4048 I vendor.qti.bluetooth@1.0-ibs_handler: ProcessIbsCmd: Received IBS_WAKE_IND: 0xFD
02-23 03:56:44.834  1181  4048 D vendor.qti.bluetooth@1.0-ibs_handler: SerialClockVote: vote for UART CLK ON
02-23 03:56:44.834  1181  4048 I vendor.qti.bluetooth@1.0-ibs_handler: ProcessIbsCmd: Writing IBS_WAKE_ACK
02-23 03:56:44.837  2888  4050 V bt_stack: [VERBOSE1:btm_inq.cc(1019)] BTM_InqDbRead: bd addr 4e:94:82:67:a5:aa
02-23 03:56:44.875  1181  4048 I vendor.qti.bluetooth@1.0-ibs_handler: ProcessIbsCmd: Received IBS_SLEEP_IND: 0xFE
02-23 03:56:44.875  1181  4048 D vendor.qti.bluetooth@1.0-ibs_handler: SerialClockVote: vote for UART CLK OFF
02-23 03:56:45.026  1181  3904 D vendor.qti.bluetooth@1.0-wake_lock: Release wakelock is released 
02-23 03:56:45.352  1181  4048 I vendor.qti.bluetooth@1.0-ibs_handler: ProcessIbsCmd: Received IBS_WAKE_IND: 0xFD
02-23 03:56:45.352  1181  4048 D vendor.qti.bluetooth@1.0-ibs_handler: SerialClockVote: vote for UART CLK ON
02-23 03:56:45.355  1181  4048 D vendor.qti.bluetooth@1.0-wake_lock: Acquire wakelock is acquired 
02-23 03:56:45.355  1181  4048 I vendor.qti.bluetooth@1.0-ibs_handler: ProcessIbsCmd: Writing IBS_WAKE_ACK
02-23 03:56:45.401  1181  4048 I vendor.qti.bluetooth@1.0-ibs_handler: ProcessIbsCmd: Received IBS_SLEEP_IND: 0xFE
02-23 03:56:45.401  1181  4048 D vendor.qti.bluetooth@1.0-ibs_handler: SerialClockVote: vote for UART CLK OFF
02-23 03:56:45.423  1181  4048 I vendor.qti.bluetooth@1.0-ibs_handler: ProcessIbsCmd: Received IBS_WAKE_IND: 0xFD
02-23 03:56:45.423  1181  4048 D vendor.qti.bluetooth@1.0-ibs_handler: SerialClockVote: vote for UART CLK ON
02-23 03:56:45.424  1181  4048 I vendor.qti.bluetooth@1.0-ibs_handler: ProcessIbsCmd: Writing IBS_WAKE_ACK
02-23 03:56:45.428  2888  4050 V bt_stack: [VERBOSE1:btm_inq.cc(1019)] BTM_InqDbRead: bd addr 4e:94:82:67:a5:aa
02-23 03:56:45.465  1181  4048 I vendor.qti.bluetooth@1.0-ibs_handler: ProcessIbsCmd: Received IBS_SLEEP_IND: 0xFE
02-23 03:56:45.465  1181  4048 D vendor.qti.bluetooth@1.0-ibs_handler: SerialClockVote: vote for UART CLK OFF
02-23 03:56:45.616  1181  3904 D vendor.qti.bluetooth@1.0-wake_lock: Release wakelock is released 
02-23 03:56:45.663 20861 24892 W adbd    : timed out while waiting for FUNCTIONFS_BIND, trying again
02-23 03:56:45.663 20861 24892 I adbd    : UsbFfs: connection terminated: monitor thread finished
02-23 03:56:45.663 20861 20861 I adbd    : UsbFfs: already offline
02-23 03:56:45.664 20861 20861 I adbd    : destroying transport UsbFfs
02-23 03:56:45.664 20861 20861 I adbd    : UsbFfsConnection being destroyed
02-23 03:56:45.686 20861 20864 I adbd    : opening control endpoint /dev/usb-ffs/adb/ep0
02-23 03:56:45.689 20861 20864 I adbd    : UsbFfsConnection constructed
02-23 03:56:45.692 20861 24893 I adbd    : UsbFfs-monitor thread spawned
02-23 03:56:45.693  1745  5832 D LOWI-9.0.0.79: [LOWI-Scan] wait_event:Wait done with Cmd 103
02-23 03:56:45.693  1745  5832 D LOWI-9.0.0.79: [LOWI-Scan] do_listen_events: Rcvd valid Netlink Cmd 0 Err 0
02-23 03:56:45.694  1685  1685 I cnss-daemon: nl80211 response handler invoked
02-23 03:56:45.694  1685  1685 I cnss-daemon: nl80211_response_handler: cmd 103, vendorID 4980, subcmd 13  received
02-23 03:56:45.694  1231  2778 I WifiHAL : event received NL80211_CMD_VENDOR, vendor_id = 0x1374, subcmd = 0xd
02-23 03:56:46.083  1215  4268 E sensors-hal: handle_sns_client_event:65, device_orient_event: ts=228951023413, type=0,  hal scalar type =0.000000
02-23 03:56:46.106  1322  2590 D Layer   : RotationLayer create
02-23 03:56:46.128  1597  2558 I chatty  : uid=1000(system) android.ui expire 1 line
02-23 03:56:46.163  2925  2925 W Divider : mView is null
02-23 03:56:46.166  1597  2560 I chatty  : uid=1000(system) android.display expire 138 lines
02-23 03:56:46.171  1597  2798 D OpQuickReply: updateIMEMarginBottom force: true
02-23 03:56:46.171  1597  2560 I ActivityTaskManager: Config changes=20000480 {1.0  405mcc871mnc [en_IN,en_US] ldltr sw384dp w384dp h787dp 450dpi nrml long hdr widecg port force dark=0 finger -keyb/v/h -nav/h winConfig={ mBounds=Rect(0, 0 - 1080, 2340) mAppBounds=Rect(0, 80 - 1080, 2295) mWindowingMode=fullscreen mDisplayWindowingMode=fullscreen mActivityType=undefined mAlwaysOnTop=undefined mRotation=ROTATION_0} s.173FontSeq = 1, FontUserId = 0, FontID = 1}
02-23 03:56:46.198  1181  4048 I vendor.qti.bluetooth@1.0-ibs_handler: ProcessIbsCmd: Received IBS_WAKE_IND: 0xFD
02-23 03:56:46.198  1181  4048 D vendor.qti.bluetooth@1.0-ibs_handler: SerialClockVote: vote for UART CLK ON
02-23 03:56:46.199  1181  4048 D vendor.qti.bluetooth@1.0-wake_lock: Acquire wakelock is acquired 
02-23 03:56:46.199  1181  4048 I vendor.qti.bluetooth@1.0-ibs_handler: ProcessIbsCmd: Writing IBS_WAKE_ACK
02-23 03:56:46.205  1597  2560 I WindowManager: Override config changes=20000480 {1.0  405mcc871mnc [en_IN,en_US] ldltr sw384dp w384dp h787dp 450dpi nrml long hdr widecg port force dark=0 finger -keyb/v/h -nav/h winConfig={ mBounds=Rect(0, 0 - 1080, 2340) mAppBounds=Rect(0, 80 - 1080, 2295) mWindowingMode=fullscreen mDisplayWindowingMode=fullscreen mActivityType=undefined mAlwaysOnTop=undefined mRotation=ROTATION_0} s.173FontSeq = 1, FontUserId = 0, FontID = 1} for displayId=0
02-23 03:56:46.213  1597  2560 V WindowManager: Orientation start waiting for draw, mDrawState=DRAW_PENDING in Window{7886ca u0 GestureButtonRegion}, surfaceController Surface(name=GestureButtonRegion)/@0x6d83c14
02-23 03:56:46.213  1597  2560 V WindowManager: Orientation start waiting for draw, mDrawState=DRAW_PENDING in Window{72ca8b9 u0 ScreenDecorOverlayBottom}, surfaceController Surface(name=ScreenDecorOverlayBottom)/@0x8602bd8
02-23 03:56:46.213  1597  2560 V WindowManager: Orientation start waiting for draw, mDrawState=DRAW_PENDING in Window{de62a81 u0 ScreenDecorOverlay}, surfaceController Surface(name=ScreenDecorOverlay)/@0xf5eab31
02-23 03:56:46.213  1597  2560 V WindowManager: Orientation start waiting for draw, mDrawState=DRAW_PENDING in Window{ceeabd5 u0 NavigationBar0}, surfaceController Surface(name=NavigationBar0)/@0x7d7dcbd
02-23 03:56:46.213  1597  2560 V WindowManager: Orientation start waiting for draw, mDrawState=DRAW_PENDING in Window{d7f3de4 u0 StatusBar}, surfaceController Surface(name=StatusBar)/@0x358c2b2
02-23 03:56:46.213  1597  2560 V WindowManager: Orientation start waiting for draw, mDrawState=DRAW_PENDING in Window{9816146 u0 ScreenDecorOverlayExpand}, surfaceController Surface(name=ScreenDecorOverlayExpand)/@0xe6a4272
02-23 03:56:46.213  1597  2560 V WindowManager: Orientation start waiting for draw, mDrawState=DRAW_PENDING in Window{1e5a535 u0 moe.haruue.wadb/moe.haruue.wadb.ui.activity.LaunchActivity}, surfaceController Surface(name=moe.haruue.wadb/moe.haruue.wadb.ui.activity.LaunchActivity)/@0xc5e0216
02-23 03:56:46.216  2925  2925 D KeyButtonView:  setImageDrawable HasOvalBg=false hasOvalBg()=false DarkIntensity=1.0
02-23 03:56:46.216  2925  2925 D KeyButtonView:  setImageDrawable HasOvalBg=false hasOvalBg()=false DarkIntensity=1.0
02-23 03:56:46.216  2925  2925 D StatusBar/NavBarView: showImeSwitcher:false,disableImeSwitcher:false
02-23 03:56:46.217  1597  2798 D OpQuickReply: NavHeightOffset 0
02-23 03:56:46.217  1597  2798 D OpQuickReply: updated IMEMarginBottom: 45
02-23 03:56:46.219  2888  4050 V bt_stack: [VERBOSE1:btm_inq.cc(1019)] BTM_InqDbRead: bd addr 4e:94:82:67:a5:aa
02-23 03:56:46.222  1597  2798 D OpQuickReply: updateIMEMarginBottom force: true
02-23 03:56:46.224  3247  3247 D LiveWallpaper: onConfigurationChanged# engine is null, isPreview: false
02-23 03:56:46.225  2925  3997 I ScreenDecorations: onDisplayChanged, displayId:0, now Rotation:3, newRotation:0
02-23 03:56:46.226  3247  3247 D LiveWallpaper.VideoEngine: onDisplayChanged# false true false
02-23 03:56:46.227  6588  6588 D UpdateService: onConfigurationChanged
02-23 03:56:46.228  1597  2725 I chatty  : uid=1000(system) AudioService expire 1 line
02-23 03:56:46.228  1314 19967 D AudioFlinger: setParameters(): io 0, keyvalue rotation=0, calling pid 1597 calling uid 1000
02-23 03:56:46.228  1177  1937 D audio_hw_primary: adev_set_parameters: enter: rotation=0
02-23 03:56:46.228  1177  1937 D audio_hw_hfp: hfp_set_parameters: enter
02-23 03:56:46.228  1177  1937 D audio_hw_extn: audio_extn_fm_set_parameters: Enter
02-23 03:56:46.229  1597  2798 D OpQuickReply: NavHeightOffset 0
02-23 03:56:46.229  1597  2798 D OpQuickReply: updated IMEMarginBottom: 45
02-23 03:56:46.231  2925  2957 I SplitScreenTaskOrg: onTaskInfoChanged: , taskInfo.displayId:0
02-23 03:56:46.231  2925  2957 I SplitScreenTaskOrg: onTaskInfoChanged: , taskInfo.displayId:0
02-23 03:56:46.233  2888  3872 I BtGatt.ScanManager: msg.what = 8
02-23 03:56:46.237  1597  2707 I chatty  : uid=1000(system) ConnectivitySer expire 12 lines
02-23 03:56:46.239  1181  4048 I vendor.qti.bluetooth@1.0-ibs_handler: ProcessIbsCmd: Received IBS_SLEEP_IND: 0xFE
02-23 03:56:46.240  1181  4048 D vendor.qti.bluetooth@1.0-ibs_handler: SerialClockVote: vote for UART CLK OFF
02-23 03:56:46.241  1597  3374 V WindowManager: Orientation start waiting for draw, mDrawState=DRAW_PENDING in Window{7886ca u0 GestureButtonRegion}, surfaceController Surface(name=GestureButtonRegion)/@0x6d83c14
02-23 03:56:46.241  1597  1597 I chatty  : uid=1000 system_server expire 5 lines
02-23 03:56:46.241  2888  3872 I BtGatt.ScanManager: msg.what = 5
02-23 03:56:46.242 19846 19846 I AppBase : AppBase.onConfigurationChanged():294 onConfigurationChanged() : NewConfig = {1.0  405mcc871mnc [en_IN,en_US] ldltr sw384dp w384dp h787dp 450dpi nrml long hdr widecg port force dark=0 finger -keyb/v/h -nav/h winConfig={ mBounds=Rect(0, 0 - 1080, 2340) mAppBounds=Rect(0, 80 - 1080, 2295) mWindowingMode=fullscreen mDisplayWindowingMode=fullscreen mActivityType=undefined mAlwaysOnTop=undefined mRotation=ROTATION_0} s.219FontSeq = 1, FontUserId = 0, FontID = 1}
02-23 03:56:46.243 19846 19846 I GoogleInputMethodService: GoogleInputMethodService.onConfigurationChanged():1078 onConfigurationChanged() : NewConfig = {1.0  405mcc871mnc [en_IN,en_US] ldltr sw384dp w384dp h787dp 450dpi nrml long hdr widecg port force dark=0 finger -keyb/v/h -nav/h winConfig={ mBounds=Rect(0, 0 - 1080, 2340) mAppBounds=Rect(0, 80 - 1080, 2295) mWindowingMode=fullscreen mDisplayWindowingMode=fullscreen mActivityType=undefined mAlwaysOnTop=undefined mRotation=ROTATION_0} s.219FontSeq = 1, FontUserId = 0, FontID = 1}
02-23 03:56:46.247 19846 19846 I GoogleInputMethodService: GoogleInputMethodService.onConfigurationChanged():1079 device real metrics: DisplayMetrics{density=2.8125, width=1080, height=2340, scaledDensity=2.8125, xdpi=403.411, ydpi=409.903}
02-23 03:56:46.247 19846 19846 I GoogleInputMethodService: GoogleInputMethodService.onConfigurationChanged():1087 Maybe update OEM display config because of configuration change
02-23 03:56:46.247 19846 19846 I InputMethodEntryManager: InputMethodEntryManager.notifyCurrentInputMethodEntryOnContextChanged():560 notifyCurrentInputMethodEntryOnContextChanged()
02-23 03:56:46.247 19846 19846 I InputMethodEntryManager: InputMethodEntryManager.notifyCurrentInputMethodEntryOnContextChanged():581 Notify current input method entry changed on context change
02-23 03:56:46.248 19846 19846 I KeyboardContextProvider: KeyboardContextProvider$KeyboardContextCache.createKeyboardContext():173 createKeyboardContext(): en-IN, lol@e51f433(com.android.inputmethod.latin.LatinIME@973d34f), {1.0  405mcc871mnc [en_IN,en_US] ldltr sw384dp w384dp h787dp 450dpi nrml long hdr widecg port force dark=0 finger -keyb/v/h -nav/h winConfig={ mBounds=Rect(0, 0 - 1080, 2340) mAppBounds=Rect(0, 80 - 1080, 2295) mWindowingMode=fullscreen mDisplayWindowingMode=fullscreen mActivityType=undefined mAlwaysOnTop=undefined mRotation=ROTATION_0} s.219FontSeq = 1, FontUserId = 0, FontID = 1}
02-23 03:56:46.248 19846 19846 I GoogleInputMethodService: GoogleInputMethodService.onCurrentInputMethodEntryChanged():2375 onCurrentInputMethodEntryChanged(): imeDefsChanged=false, entryLanguageVariantChanged=false, keyboardContextChanged=true
02-23 03:56:46.249 19846 19846 I KeyboardContextProvider: KeyboardContextProvider.setBaseContextAndInvalidKeyboardContextCache():88 setBaseContextAndInvalidKeyboardContextCache(): com.android.inputmethod.latin.LatinIME@973d34f
02-23 03:56:46.249 19846 19846 I InputMethodEntryManager: InputMethodEntryManager.resetLanguages():2825 resetLanguages(): languages=null, conditionName=orientation
02-23 03:56:46.249 19846 19846 I ImeDefCache: ImeDefCache.clearCacheForLanguages():392 clearCacheForLanguages(): []
02-23 03:56:46.249 19846 19846 I AdditionalImeDefCache: AdditionalImeDefCache.clearAdditionalImeDefsForCondition():421 clearAdditionalImeDefsForCondition() clear additional ImeDefs: []
02-23 03:56:46.250 19846 19846 I InputMethodEntryManager: InputMethodEntryManager.resetLanguages():2836 Clear cache for languages: null, changed=false
02-23 03:56:46.250 19846 19846 I InputMethodEntryManager: InputMethodEntryManager.startLoadingInputMethodEntrySettings():755 Start loading input method entry settings: [LanguageTagVariantTuple{languageTag=en-IN, variant=qwerty}, LanguageTagVariantTuple{languageTag=en-US, variant=qwerty}]
02-23 03:56:46.251 19846 19846 I InputMethodEntryManager: InputMethodEntryManager.updateInputMethodEntrySettingsLoadingTask():885 update loading task with resetImplicitlyEnabledEntries is false
02-23 03:56:46.251 19846 19846 I InputMethodEntryManager: InputMethodEntryManager$4.onSuccess():907 Success load entries: [LanguageTagVariantTuple{languageTag=en-IN, variant=qwerty}, LanguageTagVariantTuple{languageTag=en-US, variant=qwerty}], resetImplicitlyEnabledEntries=false, initialized=true
02-23 03:56:46.256  1597  2674 I chatty  : uid=1000(system) Binder:1597_5 expire 90 lines
02-23 03:56:46.256  1597  2682 I chatty  : uid=1000(system) InputReader expire 2 lines
02-23 03:56:46.256 19846 19846 I InputMethodEntryManager: InputMethodEntryManager.changeCurrentInputMethodEntry():3048 Set current input method entry: source=UNSPECIFIED, entryChanged=false, enablePersist=true, mqg{languageTag=en-IN, variant=qwerty, hasLocalizedResources=true, conditionCacheKey=_android_software_xr_api_spatial=false_app_first_start_timestamp=1637854381250_cache_additional_ime_defs_for_condition_change=false_cache_ime_defs_for_condition_change=false_deprecate_long_press_space_for_ime_picker=false_device=phone_device_size=default_enable_more_candidates_view_for_multilingual=false_enable_number_row=false_enable_number_row_in_password=true_enable_pk_simulator=false_enable_pk_simulator_setting=false_enable_preemptive_decode=true_enable_scrub_move=true_enable_secondary_digits=true_enable_secondary_symbols=false_expressions=normal_four_or_more_letter_rows=false_keyboard_font_size_setting=_keyboard_mode=normal_language=en-IN_layout_9key_split=false_orientation=portrait_physical_keyboard=nokeys_pk_simulator_vk_ready=false_pref_enable_flick_symbols=false_rtl_layout=false_show_comma_key=true_show_period_key=true_show_secondary_digits=true_show_suggestion_strip=true_show_suggestions=true_split_with_duplicate_keys=true_true=true_variant=qwerty_writing_helper_enable_by_word_revert=false, imeDef.stringId=ime_english_india, imeDef.className=com.google.android.apps.inputmethod.libs.latin5.LatinIme, imeDef.languageTag=en-IN}
02-23 03:56:46.256 19846 19846 I InputMethodEntryManager: InputMethodEntryManager.loadAdditionalImeDefsForCurrentEntry():3077 loadAdditionalImeDefsForCurrentEntry(): mqg{languageTag=en-IN, variant=qwerty, hasLocalizedResources=true, conditionCacheKey=_android_software_xr_api_spatial=false_app_first_start_timestamp=1637854381250_cache_additional_ime_defs_for_condition_change=false_cache_ime_defs_for_condition_change=false_deprecate_long_press_space_for_ime_picker=false_device=phone_device_size=default_enable_more_candidates_view_for_multilingual=false_enable_number_row=false_enable_number_row_in_password=true_enable_pk_simulator=false_enable_pk_simulator_setting=false_enable_preemptive_decode=true_enable_scrub_move=true_enable_secondary_digits=true_enable_secondary_symbols=false_expressions=normal_four_or_more_letter_rows=false_keyboard_font_size_setting=_keyboard_mode=normal_language=en-IN_layout_9key_split=false_orientation=portrait_physical_keyboard=nokeys_pk_simulator_vk_ready=false_pref_enable_flick_symbols=false_rtl_layout=false_show_comma_key=true_show_period_key=true_show_secondary_digits=true_show_suggestion_strip=true_show_suggestions=true_split_with_duplicate_keys=true_true=true_variant=qwerty_writing_helper_enable_by_word_revert=false, imeDef.stringId=ime_english_india, imeDef.className=com.google.android.apps.inputmethod.libs.latin5.LatinIme, imeDef.languageTag=en-IN}
02-23 03:56:46.256 19846 19931 I SP      : Registering emoticon_content_description.2022081613, url: https://www.gstatic.com/android/keyboard/emoticon_content_desc/202208161305/superpacks_manifest.json, constraints: W:*:*:*, flags: bg, requested: 2022081613, current: 2022081613
