02-23 01:39:57.079  1228  1247 I chatty  : uid=0(root) thermal@2.0-ser identical 1 line
02-23 01:39:57.080  1228  1247 I android.hardware.thermal@2.0-service.qti: uevent triggered for sensor: pm8005_tz
02-23 01:39:57.082  1228  1247 I android.hardware.thermal@2.0-service.qti: uevent triggered for sensor: pa1-therml-adc
02-23 01:39:57.082  1471  3650 I BatteryStatsService: In wakeup_callback: suspend aborted
02-23 01:39:57.092  1809  2619 I TEESimulator: Configuration file change detected: target.tmp (event: 8)
02-23 01:39:57.264  1809  2619 I chatty  : uid=0(root) FileObserver identical 4 lines
02-23 01:39:57.298  1809  2619 I TEESimulator: Configuration file change detected: target.tmp (event: 8)
02-23 01:39:58.255  1228  1247 I android.hardware.thermal@2.0-service.qti: uevent triggered for sensor: pm8005_tz
02-23 01:39:58.256  1228  1247 I chatty  : uid=0(root) thermal@2.0-ser identical 1 line
02-23 01:39:58.257  1228  1247 I android.hardware.thermal@2.0-service.qti: uevent triggered for sensor: pm8005_tz
02-23 01:39:58.258 27885 27994 D NtpTrustedTime: forceRefreshInternal() - No network connected
02-23 01:39:58.268  1228  1247 I android.hardware.thermal@2.0-service.qti: uevent triggered for sensor: pa1-therml-adc
02-23 01:39:58.269  1471  3650 I BatteryStatsService: In wakeup_callback: resumed from suspend
02-23 01:39:58.285  1809  2619 I TEESimulator: Configuration file change detected: target.tmp (event: 8)
02-23 01:39:58.297 19703  9450 W adbd    : timed out while waiting for FUNCTIONFS_BIND, trying again
02-23 01:39:58.297 19703  9450 I adbd    : UsbFfs: connection terminated: monitor thread finished
02-23 01:39:58.297 19703 19703 I adbd    : UsbFfs: already offline
02-23 01:39:58.297 19703 19703 I adbd    : destroying transport UsbFfs
02-23 01:39:58.297 19703 19703 I adbd    : UsbFfsConnection being destroyed
02-23 01:39:58.321  1809  2619 I TEESimulator: Configuration file change detected: target.tmp (event: 8)
02-23 01:39:58.381  1809  2619 I TEESimulator: Configuration file change detected: target.tmp (event: 8)
02-23 01:39:59.388 19703 19707 I adbd    : opening control endpoint /dev/usb-ffs/adb/ep0
02-23 01:39:59.391  1228  1247 I android.hardware.thermal@2.0-service.qti: uevent triggered for sensor: pm8005_tz
02-23 01:39:59.391 19703 19707 I adbd    : UsbFfsConnection constructed
02-23 01:39:59.391  1228  1247 I android.hardware.thermal@2.0-service.qti: uevent triggered for sensor: pm8005_tz
02-23 01:39:59.392  1228  1247 I android.hardware.thermal@2.0-service.qti: uevent triggered for sensor: pm8005_tz
02-23 01:39:59.393 19703  9764 I adbd    : UsbFfs-monitor thread spawned
02-23 01:39:59.394  1228  1247 I android.hardware.thermal@2.0-service.qti: uevent triggered for sensor: pa1-therml-adc
02-23 01:39:59.394  1471  3650 I BatteryStatsService: In wakeup_callback: resumed from suspend
02-23 01:39:59.415  1809  2619 I TEESimulator: Configuration file change detected: target.tmp (event: 8)
02-23 01:39:59.452  1809  2619 I chatty  : uid=0(root) FileObserver identical 1 line
02-23 01:39:59.494  1809  2619 I TEESimulator: Configuration file change detected: target.tmp (event: 8)
02-23 01:40:00.699  1228  1247 I android.hardware.thermal@2.0-service.qti: uevent triggered for sensor: pm8005_tz
02-23 01:40:00.699  1228  1247 I chatty  : uid=0(root) thermal@2.0-ser identical 1 line
02-23 01:40:00.700  1228  1247 I android.hardware.thermal@2.0-service.qti: uevent triggered for sensor: pm8005_tz
02-23 01:40:00.715  1228  1247 I android.hardware.thermal@2.0-service.qti: uevent triggered for sensor: pa1-therml-adc
02-23 01:40:00.716  1471  3650 I BatteryStatsService: In wakeup_callback: resumed from suspend
02-23 01:40:00.721  1809  2619 I TEESimulator: Configuration file change detected: target.tmp (event: 8)
02-23 01:40:00.774  1809  2619 I chatty  : uid=0(root) FileObserver identical 2 lines
02-23 01:40:00.804  1809  2619 I TEESimulator: Configuration file change detected: target.tmp (event: 8)
02-23 01:40:02.045  1228  1247 I android.hardware.thermal@2.0-service.qti: uevent triggered for sensor: pm8005_tz
02-23 01:40:02.048  1228  1247 I chatty  : uid=0(root) thermal@2.0-ser identical 1 line
02-23 01:40:02.049  1228  1247 I android.hardware.thermal@2.0-service.qti: uevent triggered for sensor: pm8005_tz
02-23 01:40:02.052  1228  1247 I android.hardware.thermal@2.0-service.qti: uevent triggered for sensor: pa1-therml-adc
02-23 01:40:02.053  1471  3650 I BatteryStatsService: In wakeup_callback: resumed from suspend
02-23 01:40:02.054  1809  2619 I TEESimulator: Configuration file change detected: target.tmp (event: 8)
