02-23 03:30:45.143  1471  5141 D ConnectivityService: requestNetwork for uid/pid:10240/11488 NetworkRequest [ TRACK_DEFAULT id=166, [ Capabilities: INTERNET&NOT_RESTRICTED&TRUSTED Uid: 10240 AdministratorUids: [] RequestorUid: 10240 RequestorPackageName: org.telegram.plus] ]
02-23 03:30:45.143  1471  2696 D ConnectivityService: NetReassign [166 : null  100]
02-23 03:30:45.143  1471  2683 I chatty  : uid=1000(system) WifiHandlerThre expire 2 lines
02-23 03:30:45.143  1471  2738 I chatty  : uid=1000(system) EthernetService expire 1 line
02-23 03:30:45.143  6884  6884 V IconPackHelper: Don't need to load same iconpack
02-23 03:30:45.144 14085 14085 D PhoneSwitcherNetworkRequstListener: got request NetworkRequest [ TRACK_DEFAULT id=166, [ Capabilities: INTERNET&NOT_RESTRICTED&TRUSTED Uid: 10240 AdministratorUids: [] RequestorUid: 10240 RequestorPackageName: org.telegram.plus] ] with score 100 and providerId 5
02-23 03:30:45.144 14085 14085 D PhoneSwitcherNetworkRequstListener: needNetworkFor NetworkRequest [ TRACK_DEFAULT id=166, [ Capabilities: INTERNET&NOT_RESTRICTED&TRUSTED Uid: 10240 AdministratorUids: [] RequestorUid: 10240 RequestorPackageName: org.telegram.plus] ], 100
02-23 03:30:45.145  6884  6884 V IconPackHelper: Don't need to load same iconpack
02-23 03:30:45.146  6884  6884 V IconPackHelper: Don't need to load same iconpack
02-23 03:30:45.148  6884  6884 V IconPackHelper: Don't need to load same iconpack
02-23 03:30:45.155  1471 14075 I chatty  : uid=1000(system) Binder:1471_1C expire 116 lines
02-23 03:30:45.156  6884  6884 V IconPackHelper: Don't need to load same iconpack
02-23 03:30:45.165  2788  2788 D ItemClickHandler: onClick appShortcut, tag = WorkspaceItemInfo(id=44 type=APP container=desktop screen=2 cell(1,0) span(1,1) minSpan(1,1) rank=0 user=UserHandle{0} title=NSDL Jiffy hidden=false dirty = false newInstallTag=null)
02-23 03:30:45.165  2904  2904 E ndroid.systemu: Invalid ID 0x00000000.
02-23 03:30:45.165  2904  2904 E ndroid.systemu: Invalid ID 0x00000000.
02-23 03:30:45.165  1471  2555 I chatty  : uid=1000(system) android.display expire 71 lines
02-23 03:30:45.166  2904  2904 E ndroid.systemu: Invalid ID 0x00000000.
02-23 03:30:45.166  2904  2904 E ndroid.systemu: Invalid ID 0x00000000.
02-23 03:30:45.167  2904  2904 E ndroid.systemu: Invalid ID 0x00000000.
02-23 03:30:45.167  2904  2904 D KeyButtonView:  setImageDrawable HasOvalBg=false hasOvalBg()=false DarkIntensity=0.03489107
02-23 03:30:45.167  2904  2904 D KeyButtonView:  setImageDrawable HasOvalBg=false hasOvalBg()=false DarkIntensity=0.03489107
02-23 03:30:45.167  2904  2904 E ndroid.systemu: Invalid ID 0x00000000.
02-23 03:30:45.167  2904  2904 D KeyButtonView:  setImageDrawable HasOvalBg=false hasOvalBg()=false DarkIntensity=0.03489107
02-23 03:30:45.167  2904  2904 D KeyButtonView:  setImageDrawable HasOvalBg=false hasOvalBg()=false DarkIntensity=0.03489107
02-23 03:30:45.167  2904  2904 D StatusBar/NavBarView: showImeSwitcher:false,disableImeSwitcher:false
02-23 03:30:45.168  2904  2904 D StatusBar/NavBarView: setHaptic false, com.android.systemui.statusbar.phone.NavigationBarView{2b75bed V.E...... ........ 0,0-1080,135}
02-23 03:30:45.169  1471  2555 D CompatibilityChangeReporter: Compat change id reported: 135634846; UID 10245; state: DISABLED
02-23 03:30:45.170  6884  6884 V IconPackHelper: Don't need to load same iconpack
02-23 03:30:45.171  1471  3650 I chatty  : uid=1000(system) Binder:1471_B expire 167 lines
02-23 03:30:45.173  2788  2788 D Launcher: onPause# hashcode: 112241481
02-23 03:30:45.173  2788  2788 I ShelfLauncherCallbacks: onPause
02-23 03:30:45.173  1471  2711 I chatty  : uid=1000(system) AS.SfxWorker expire 3 lines
02-23 03:30:45.174  1311  1620 D APM_AudioPolicyManager: startOutput() output 13, stream 1, session 49, portId 30
02-23 03:30:45.175  1471  2563 I chatty  : uid=1000(system) ActivityManager expire 6 lines
02-23 03:30:45.175  1311  1620 D APM_AudioPolicyManager: setOutputDevices device {type:0x2,@:} delayMs 0 force 0
02-23 03:30:45.175  1311  1620 D APM_AudioPolicyManager: setOutputDevices() prevDevice {type:0x2,@:}
02-23 03:30:45.175  1311  1620 D APM_AudioPolicyManager: setOutputDevices setting same device {type:0x2,@:} or null device, force=0, patch handle=4
02-23 03:30:45.175  1471  3856 I chatty  : uid=1000(system) Binder:1471_E expire 5 lines
02-23 03:30:45.175  1311  1884 D AudioFlinger: acquireWakeLock_l() count:-10
02-23 03:30:45.176  1311  1884 D AudioFlinger: acquireWakeLock_l() AudioOut_D status 0
02-23 03:30:45.176  1311  1884 D AudioFlinger: acquireWakeLock_l() binder:0x7b4d5ce310
02-23 03:30:45.177  1180  7011 D audio_hw_primary: start_output_stream: enter: stream(0xf42c21a0)usecase(1: low-latency-playback) devices(0x2) is_haptic_usecase(0)
02-23 03:30:45.177  1180  7011 D audio_hw_primary: select_devices for use case (low-latency-playback)
02-23 03:30:45.177  1180  7011 I msm8974_platform: platform_check_and_set_codec_backend_cfg:becf: afe: bitwidth 16, samplerate 48000 channels 2, backend_idx 0 usecase = 1 device (speaker)
02-23 03:30:45.177  1180  7011 D msm8974_platform: platform_split_snd_device: snd_device(6) num devices(1) new_snd_devices(0)
02-23 03:30:45.178  1180  7011 I msm8974_platform: platform_check_and_set_codec_backend_cfg: new_snd_devices[0] is 6
02-23 03:30:45.178  1180  7011 I msm8974_platform: platform_check_codec_backend_cfg:becf: afe: bitwidth 16, samplerate 48000 channels 2, backend_idx 0 usecase = 1 device (speaker)
02-23 03:30:45.178  1180  7011 E audio_hw_extn: audio_extn_enable_hifi_filter: Could not get ctl for mixer cmd - HiFi Filter, using default control
02-23 03:30:45.178  1180  7011 D msm8974_platform: platform_check_codec_backend_cfg:becf: updated afe: bitwidth 16, samplerate 48000 channels 2,backend_idx 0 usecase = 1 device (speaker)
02-23 03:30:45.178  1180  7011 D msm8974_platform: platform_check_codec_backend_cfg:becf: afe: playback on codec device not supporting native playback set default Sample Rate(48k)
02-23 03:30:45.178  1180  7011 I msm8974_platform: platform_check_codec_backend_cfg:becf: afe: Codec selected backend: 0 updated bit width: 16 and sample rate: 48000
02-23 03:30:45.178  1180  7011 D audio_hw_primary: check_usecases_codec_backend:becf: force routing 0
02-23 03:30:45.178  1180  7011 E msm8974_platform: platform_check_backends_match: Invalid snd_device = 
02-23 03:30:45.178  1180  7011 D audio_hw_primary: check_usecases_codec_backend:becf: (77) check_usecases curr device: speaker, usecase device: backends match 0
02-23 03:30:45.178  1180  7011 D audio_hw_primary: check_usecases_codec_backend:becf: check_usecases num.of Usecases to switch 0
02-23 03:30:45.178  1180  7011 D msm8974_platform: platform_split_snd_device: snd_device(6) num devices(0) new_snd_devices(0)
02-23 03:30:45.178  1180  7011 D hardware_info: hw_info_append_hw_type : device_name = speaker
02-23 03:30:45.178  1180  7011 D msm8974_platform: platform_split_snd_device: snd_device(6) num devices(0) new_snd_devices(0)
02-23 03:30:45.178  1180  7011 D audio_hw_primary: enable_snd_device: snd_device(6: speaker)
02-23 03:30:45.178  1180  7011 D msm8974_platform: platform_get_island_cfg_on_device:island cfg status on snd_device = (speaker 0)
02-23 03:30:45.178  1180  7011 I soundtrigger: audio_extn_sound_trigger_update_device_status: device 0x6 of type 0 for Event 1, with Raise=0
02-23 03:30:45.178  1180  7011 D audio_route: Apply path: speaker
02-23 03:30:45.178  1180  7011 I audio_hw_utils: audio_extn_utils_update_stream_output_app_type_cfg Allowing 24 and above bits playback on speaker ONLY at default sampling rate
02-23 03:30:45.178  1180  7011 E soundtrigger: audio_extn_sound_trigger_update_stream_status: invalid input device 0x0, for event 3
02-23 03:30:45.178  1180  7011 D soundtrigger: audio_extn_sound_trigger_update_stream_status: uc_info->id 1 of type 0 for Event 3, with Raise=0
02-23 03:30:45.178  1180  7011 D audio_hw_utils: audio_extn_utils_send_app_type_cfg: usecase->out_snd_device speaker
02-23 03:30:45.178  1180  7011 D msm8974_platform: platform_split_snd_device: snd_device(6) num devices(0) new_snd_devices(0)
02-23 03:30:45.178  1180  7011 D audio_hw_utils: audio_extn_btsco_get_sample_rate:Not a BT SCO device, need not update sampling rate
02-23 03:30:45.178  1180  7011 I audio_hw_utils: send_app_type_cfg_for_device PLAYBACK app_type 69937, acdb_dev_id 15, sample_rate 48000, snd_device_be_idx 39
02-23 03:30:45.178  1180  7011 D msm8974_platform: platform_split_snd_device: snd_device(6) num devices(1) new_snd_devices(0)
02-23 03:30:45.179  6884  6884 V IconPackHelper: Don't need to load same iconpack
02-23 03:30:45.179  1180  7011 D audio_hw_utils: audio_extn_btsco_get_sample_rate:Not a BT SCO device, need not update sampling rate
02-23 03:30:45.179  1180  7011 D ACDB-LOADER: ACDB -> send_audio_cal, acdb_id = 15, path = 0, app id = 0x11131, sample rate = 48000, afe_sample_rate = 48000
02-23 03:30:45.179  1180  7011 D ACDB-LOADER: ACDB -> send_asm_topology
02-23 03:30:45.179  1180  7011 D ACDB-LOADER: ACDB -> ACDB_CMD_GET_AUDPROC_STREAM_TOPOLOGY_ID
02-23 03:30:45.179  1180  7011 D ACDB-LOADER: ACDB -> send_adm_topology
02-23 03:30:45.179  1180  7011 D ACDB-LOADER: ACDB -> ACDB_CMD_GET_AUDPROC_COMMON_TOPOLOGY_ID
02-23 03:30:45.179  1180  7011 D ACDB-LOADER: ACDB -> send_audtable
02-23 03:30:45.179  1180  7011 D ACDB-LOADER: ACDB -> ACDB_CMD_GET_AUDPROC_COMMON_TABLE_SIZE
02-23 03:30:45.179  1180  7011 D ACDB-LOADER: ACDB -> ACDB_CMD_GET_AUDPROC_COMMON_TABLE
02-23 03:30:45.179  1180  7011 D ACDB-LOADER: ACDB -> AUDIO_SET_AUDPROC_CAL cal_type[11] acdb_id[15] app_type[69937]
02-23 03:30:45.179  1180  7011 D ACDB-LOADER: ACDB -> send_audvoltable
02-23 03:30:45.179  1180  7011 D ACDB-LOADER: ACDB -> ACDB_CMD_GET_AUDPROC_GAIN_DEP_STEP_TABLE_SIZE
02-23 03:30:45.179  1180  7011 D ACDB-LOADER: ACDB -> ACDB_CMD_GET_AUDPROC_GAIN_DEP_STEP_TABLE, vol index 0
02-23 03:30:45.179  1180  7011 D ACDB-LOADER: ACDB -> AUDIO_SET_VOL_CAL cal type = 12
02-23 03:30:45.179  1180  7011 D ACDB-LOADER: ACDB -> ACDB_CMD_GET_AUDPROC_STREAM_TABLE_SIZE
02-23 03:30:45.179  1180  7011 D ACDB-LOADER: ACDB -> send_audstrmtable
02-23 03:30:45.179  1180  7011 D ACDB-LOADER: ACDB -> ACDB_CMD_GET_AUDPROC_STREAM_TABLE_V2
02-23 03:30:45.179  1180  7011 D ACDB-LOADER: ACDB -> audstrm_cal->cal_type.cal_data.cal_size = 16
02-23 03:30:45.179  1180  7011 D ACDB-LOADER: ACDB -> send_afe_topology
02-23 03:30:45.179  1180  7011 D ACDB-LOADER: ACDB -> ACDB_CMD_GET_AFE_TOPOLOGY_ID
02-23 03:30:45.179  1180  7011 D ACDB-LOADER: ACDB -> GET_AFE_TOPOLOGY_ID for adcd_id 15, Topology Id 112fc
02-23 03:30:45.179  1180  7011 D ACDB-LOADER: ACDB -> send_afe_cal
02-23 03:30:45.179  1180  7011 D ACDB-LOADER: ACDB -> ACDB_CMD_GET_AFE_COMMON_TABLE_SIZE
02-23 03:30:45.179  1180  7011 D android.hardware.audio.service: Failed to fetch the lookup information of the device 0000000F 
02-23 03:30:45.179  1180  7011 D ACDB-LOADER: Error: ACDB_CMD_GET_AFE_COMMON_TABLE_SIZE Returned = -19
02-23 03:30:45.179  1180  7011 D ACDB-LOADER: ACDB -> ACDB_CMD_GET_AFE_COMMON_TABLE
02-23 03:30:45.179  1180  7011 D android.hardware.audio.service: Failed to fetch the lookup information of the device 0000000F 
02-23 03:30:45.179  1180  7011 D ACDB-LOADER: Error: ACDB AFE returned = -19
02-23 03:30:45.179  1180  7011 D ACDB-LOADER: ACDB -> AUDIO_SET_AFE_CAL cal_type[16] acdb_id[15]
02-23 03:30:45.179  1180  7011 D ACDB-LOADER: ACDB -> send_hw_delay : acdb_id = 15 path = 0
02-23 03:30:45.179  1180  7011 D ACDB-LOADER: ACDB -> ACDB_AVSYNC_INFO: ACDB_CMD_GET_DEVICE_PROPERTY
02-23 03:30:45.179  1180  7011 D msm8974_platform: platform_split_snd_device: snd_device(6) num devices(0) new_snd_devices(0)
02-23 03:30:45.179  1180  7011 I msm8974_platform: platform_get_custom_mtmx_params: no matching param with id 0 ip_ch 2 op_ch 2 uc_id 1 snd_dev 6
02-23 03:30:45.179  1180  7011 D audio_hw_primary: enable_audio_route: apply mixer and update path: low-latency-playback quat_i2s
02-23 03:30:45.179  1180  7011 D audio_route: Apply path: low-latency-playback quat_i2s
02-23 03:30:45.179  1471  3649 I chatty  : uid=1000(system) Binder:1471_A expire 2 lines
02-23 03:30:45.180  2788  5905 I 110     :  OptJank - total:114 frameGap:127 delta#100#6#4#1#0#8
02-23 03:30:45.180  1180  7011 D audio_hw_primary: select_devices: done
02-23 03:30:45.181  6884  6884 V IconPackHelper: Don't need to load same iconpack
02-23 03:30:45.181  2788  2788 D Stats   : SaveStats onPreExecute onStatsChanged:ComponentInfo{com.nsdlpb.jiffy/com.nsdlpb.jiffy.MainActivity}
02-23 03:30:45.181  2788  2788 D TouchInteractionService: onDestroy#
02-23 03:30:45.182  6884  6884 V IconPackHelper: Don't need to load same iconpack
02-23 03:30:45.184  2788 11482 E sqlite3_android: [IKR-38846] ONEPLUS_NAME_PARTS_MATCH SQLITE_OK
02-23 03:30:45.186  3694 12583 I AppFrameTrackVisitor:  OptJank - total:114 frameGap:127 delta#100#6#4#1#0#8
02-23 03:30:45.190  6884  6884 V IconPackHelper: Don't need to load same iconpack
02-23 03:30:45.191  6884  6884 V IconPackHelper: Don't need to load same iconpack
02-23 03:30:45.194  6884  6884 V IconPackHelper: Don't need to load same iconpack
02-23 03:30:45.197  6884  6884 V IconPackHelper: Don't need to load same iconpack
02-23 03:30:45.199  6884  6884 V IconPackHelper: Don't need to load same iconpack
02-23 03:30:45.200  1471  2567 I chatty  : uid=1000(system) android.bg expire 8 lines
02-23 03:30:45.200  1471  6336 I chatty  : uid=1000(system) Binder:1471_18 expire 10 lines
02-23 03:30:45.202  6884  6884 V IconPackHelper: Don't need to load same iconpack
02-23 03:30:45.204  1471  2555 D OpRestartProcessManager: updateSelf :  com.nsdlpb.jiffy, size : 1
02-23 03:30:45.204  2904  2904 I OpEdgeNavGestureHandler:  mAllowNavGesture touch point is height than NavBarHeight.
02-23 03:30:45.204  6884  6884 V IconPackHelper: Don't need to load same iconpack
02-23 03:30:45.205  1471  3102 I chatty  : uid=1000(system) AppUsage expire 1 line
02-23 03:30:45.207  2904  3889 I 110     :  OptJank - total:191 frameGap:198 delta#183#6#6#0#0#1
02-23 03:30:45.207  6884  6884 V IconPackHelper: Don't need to load same iconpack
02-23 03:30:45.208  3694 12583 I AppFrameTrackVisitor:  OptJank - total:191 frameGap:198 delta#183#6#6#0#0#1
02-23 03:30:45.209  1471  2555 I chatty  : uid=1000(system) android.display expire 373 lines
02-23 03:30:45.209  1077  1077 I ZygoteServer: Get USAP proc command with pid # 25544 block_kill# true
02-23 03:30:45.210  1077  1077 I ZygoteServer: Get USAP proc command with pid # 25544 block_kill# false
02-23 03:30:45.210  1077  1077 I ZygoteServer: Get USAP proc command with pid # 25544 block_kill# false
02-23 03:30:45.210  1079  1079 V zygiskd64: zygiskd::zygiskd: New daemon action: GetProcessFlags
02-23 03:30:45.210  1079 11667 V zygiskd64: zygiskd::zygiskd: Flags for UID 10245: ProcessFlags(PROCESS_ON_DENYLIST | PROCESS_ROOT_IS_KSU)
02-23 03:30:45.210 25544 25544 I zygisk-core64: [com.nsdlpb.jiffy] is on the denylist
02-23 03:30:45.210  1079  1079 V zygiskd64: zygiskd::zygiskd: New daemon action: ReadModules
02-23 03:30:45.211  1180  7011 D msm8974_platform: platform_set_channel_map mixer_ctl_name:Playback Channel Map13
02-23 03:30:45.211  1180  7011 D msm8974_platform: platform_set_channel_map: set mapping(1 2 0 0 0 0 0 0) for channel:2
02-23 03:30:45.211  1180  7011 E msm8974_platform: platform_set_channel_map: Could not set ctl, error:-22 ch_count:2
02-23 03:30:45.211  1180  7011 D audio_hw_primary: start_output_stream: exit
02-23 03:30:45.211  1180  7011 D msm8974_platform: platform_split_snd_device: snd_device(6) num devices(0) new_snd_devices(0)
02-23 03:30:45.211  1180  7011 I msm8974_platform: platform_get_custom_mtmx_params: no matching param with id 0 ip_ch 2 op_ch 2 uc_id 1 snd_dev 6
02-23 03:30:45.213  2904  2904 D AssistHandleReminder: callbackForUnlearnedState supportAssistantGesture :true, isH2:false
02-23 03:30:45.213  6884  6884 V IconPackHelper: Don't need to load same iconpack
02-23 03:30:45.213  1079  1079 V zygiskd64: zygiskd::zygiskd: New daemon action: UpdateMountNamespace
02-23 03:30:45.214  2904  2904 D AssistHandleReminder: callbackForUnlearnedState isFullyAwake :true, mIsNavBarHidden:false,isSuppressed:true, mOnLockscreen:false, mIsLauncherShowing:false, shouldHideCornerHint:false
02-23 03:30:45.215  6884  6884 V IconPackHelper: Don't need to load same iconpack
02-23 03:30:45.218  6884  6884 V IconPackHelper: Don't need to load same iconpack
02-23 03:30:45.220 25544 25544 I Zygote  : seccomp disabled by setenforce 0
02-23 03:30:45.224 25544 25544 E om.nsdlpb.jiff: Unknown bits set in runtime_flags: 0x800000
02-23 03:30:45.228  1471  2501 I chatty  : uid=1000(system) FinalizerDaemon expire 3 lines
02-23 03:30:45.229 25544 25544 E om.nsdlpb.jiff: Not starting debugger since process cannot load the jdwp agent.
02-23 03:30:45.230  2788 11482 E sqlite3_android: [IKR-38846] ONEPLUS_NAME_PARTS_MATCH SQLITE_OK
02-23 03:30:45.237 11488 11648 V ActivityThread: Recovering failed rename /storage/emulated/0/Android/data/org.telegram.plus/cache/000000000_999999_temp.f to /storage/emulated/0/Android/media/org.telegram.plus/Telegram/Telegram Images/000000000_999999.f
02-23 03:30:45.253  1471  2555 I chatty  : uid=1000(system) android.display expire 164 lines
02-23 03:30:45.267  2788  5899 D OPSearchPlus: hidden_apps -- SPVirtualDB -- content://net.oneplus.launcher.IconProvider/label
02-23 03:30:45.268  1471  2563 W ActivityManager: Slow operation: 103ms so far, now at startProcess: done updating battery stats
02-23 03:30:45.268  1471  2563 W ActivityManager: Slow operation: 103ms so far, now at startProcess: building log message
02-23 03:30:45.268  1471  2563 I ActivityManager: Start proc 25544:com.nsdlpb.jiffy/u0a245 for pre-top-activity {com.nsdlpb.jiffy/com.nsdlpb.jiffy.MainActivity}
02-23 03:30:45.268  1471  2563 W ActivityManager: Slow operation: 103ms so far, now at startProcess: starting to update pids map
02-23 03:30:45.268  1471  2563 W ActivityManager: Slow operation: 104ms so far, now at startProcess: done updating pids map
02-23 03:30:45.270 25544 25544 I LSPosed : Loading xposed for com.nsdlpb.jiffy/10245
02-23 03:30:45.278 25544 25544 I LSPosed-Bridge: Loading legacy module com.sch.pai.bypass from /data/app/~~gGT7mKuJmaQ0Y2BqFliMqw==/com.sch.pai.bypass-RCajHGB4h1OokIoZ7gegpQ==/base.apk
02-23 03:30:45.278  2788  2788 D ViewRootImpl[Launcher]: windowFocusChanged hasFocus=false inTouchMode=true
02-23 03:30:45.279  1471 14079 I chatty  : uid=1000(system) Binder:1471_1E expire 5 lines
02-23 03:30:45.281  2788  6369 D RecentTasksList: loadTasksInBackground: getRecentTasks
02-23 03:30:45.283  1471  1471 W Looper  : Slow dispatch took 219ms main h=android.app.ActivityThread$H c=android.app.-$$Lambda$LoadedApk$ReceiverDispatcher$Args$_BumDX2UKsnxLVrE6UJsJZkotuA@5288a1c m=0
02-23 03:30:45.283  1471  1471 W Looper  : Slow delivery took 288ms main h=android.os.Handler c=android.app.-$$Lambda$LoadedApk$ReceiverDispatcher$Args$_BumDX2UKsnxLVrE6UJsJZkotuA@9ff8625 m=0
02-23 03:30:45.284  1471  1471 I chatty  : uid=1000 system_server expire 4 lines
02-23 03:30:45.285  1471 11677 I chatty  : uid=1000 system_server expire 1 line
02-23 03:30:45.286  2788  6369 D RecentTasksList: dumpTasks# id=122, cmp=ComponentInfo{com.resukisu.resukisu/com.resukisu.resukisu.ui.MainActivity}, uid=0, locked=false, isAppLocked=false; id=123, cmp=ComponentInfo{moe.haruue.wadb/moe.haruue.wadb.ui.activity.LaunchActivity}, uid=0, locked=false, isAppLocked=false; id=125, cmp=ComponentInfo{com.nsdlpb.jiffy/com.nsdlpb.jiffy.MainActivity}, uid=0, locked=false, isAppLocked=false;
02-23 03:30:45.286  2904  2904 D EdgeBackGestureHandler: updateTopPackage isHomeApp false
02-23 03:30:45.288  2788  2788 D Launcher.Model: onPackageChanged(net.oneplus.launcher)
02-23 03:30:45.290  2788  5905 I 110     :  OptJank - total:101 frameGap:110 delta#83#14#13#0#0#2
02-23 03:30:45.290  2788  2788 D TouchInteractionService: onCreate#
02-23 03:30:45.290  2788  2788 D TouchInteractionService: initWhenUserUnlocked#
02-23 03:30:45.292  2788  5189 I WeatherProvider: un-subscribe the weather callback: 
02-23 03:30:45.292  2788  5899 D OPSearchPlus: hidden_apps -- SPVirtualDB -- content://net.oneplus.launcher.IconProvider/label
02-23 03:30:45.294  2788  2788 D OverviewComponentObserver: updateOverviewTargets# defaultHome: ComponentInfo{net.oneplus.launcher/net.oneplus.launcher.Launcher}
02-23 03:30:45.297  3694 12583 I AppFrameTrackVisitor:  OptJank - total:101 frameGap:110 delta#83#14#13#0#0#2
02-23 03:30:45.298  2788  2788 D SceneModeObserver: update# uri: null, brickMode: false
02-23 03:30:45.300  2788  2788 D Launcher: onAssistantVisibilityChanged set AppsView alphaProperty = 1.0, state = NORMAL
02-23 03:30:45.302  4093 11433 I NetworkScheduler: (REDACTED) Error inserting %s
02-23 03:30:45.302  1180  1885 D audio_hw_primary: out_set_parameters: enter: usecase(1: low-latency-playback) kvpairs: suspend_playback=true
02-23 03:30:45.302  1180  1885 D audio_hw_extn: audio_extn_fm_set_parameters: Enter
02-23 03:30:45.304  2788  2788 D TouchInteractionService: Touch service connected
02-23 03:30:45.306  1471  3650 I chatty  : uid=1000(system) Binder:1471_B expire 223 lines
02-23 03:30:45.307  2788  2788 D Launcher.Workspace: DynamicIcon Workspace updateCurrentPageDynamicIconState success
02-23 03:30:45.307  2788  6854 D TouchInteractionService: onInitialize# bundle: Bundle[mParcelledData.dataSize=216]
02-23 03:30:45.307  2788  4963 D TouchInteractionService: onActiveNavBarRegionChanges# region: SkRegion((104,2205,216,2340))
02-23 03:30:45.310  2904  2904 D OverviewProxyService: SystemUi flags: 0
02-23 03:30:45.310  2904  2904 D OverviewProxyService: SystemUi flags: 0
02-23 03:30:45.311  2904  2904 D KeyButtonView:  setImageDrawable HasOvalBg=false hasOvalBg()=false DarkIntensity=0.0026720762
02-23 03:30:45.311  2904  2904 I chatty  : uid=10193(com.android.systemui) identical 2 lines
02-23 03:30:45.311  2904  2904 D KeyButtonView:  setImageDrawable HasOvalBg=false hasOvalBg()=false DarkIntensity=0.0026720762
02-23 03:30:45.311  2904  2904 D StatusBar/NavBarView: showImeSwitcher:false,disableImeSwitcher:false
02-23 03:30:45.312  2788  2788 D Launcher: onWindowFocusChanged# hasFocus: false
02-23 03:30:45.313  1180  3017 D audio_hw_primary: out_set_parameters: enter: usecase(1: low-latency-playback) kvpairs: suspend_playback=false
02-23 03:30:45.313  2788  2788 D OPSearchPlus: lifecycle -- SearchPlusView -- Window Focus = false
02-23 03:30:45.313  1180  3017 D audio_hw_extn: audio_extn_fm_set_parameters: Enter
02-23 03:30:45.313  1471  6336 I chatty  : uid=1000(system) Binder:1471_18 expire 5 lines
02-23 03:30:45.314  2904  2904 D StatusBar/NavBarView: setHaptic false, com.android.systemui.statusbar.phone.NavigationBarView{2b75bed V.E...... ........ 0,0-1080,135}
02-23 03:30:45.315  2788  4963 D TouchInteractionService: onAssistantAvailable# available: true
02-23 03:30:45.317  1180  3017 D audio_hw_primary: out_set_parameters: enter: usecase(1: low-latency-playback) kvpairs: suspend_playback=true
02-23 03:30:45.317  1180  3017 D audio_hw_extn: audio_extn_fm_set_parameters: Enter
02-23 03:30:45.318  2788  2788 D SysUINavigationMode: initializeMode# from: initInputMonitorBefore
02-23 03:30:45.322  2788  2788 D SysUINavigationMode: settings nav mode : 2
02-23 03:30:45.322  2788  2788 D SysUINavigationMode: mode: NO_BUTTON
02-23 03:30:45.322  2788  2788 D SysUINavigationMode: hasNavBar: true
02-23 03:30:45.322  2788  2788 D SysUINavigationMode: legacyGesture: false
02-23 03:30:45.322  2904  2904 D OverviewProxyService: Send assistant availability data to launcher true
02-23 03:30:45.322  2788  2788 D SysUINavigationMode: application resource: [/system/product/overlay/NavigationBarModeGestural/NavigationBarModeGesturalOverlay.apk]
02-23 03:30:45.322  2788  4963 D TouchInteractionService: onAssistantAvailable# available: true
02-23 03:30:45.328  1180  3017 D audio_hw_primary: out_set_parameters: enter: usecase(1: low-latency-playback) kvpairs: suspend_playback=false
02-23 03:30:45.328  1180  3017 D audio_hw_extn: audio_extn_fm_set_parameters: Enter
02-23 03:30:45.333  1180  3017 D audio_hw_primary: out_set_parameters: enter: usecase(1: low-latency-playback) kvpairs: suspend_playback=true
02-23 03:30:45.333  1180  3017 D audio_hw_extn: audio_extn_fm_set_parameters: Enter
02-23 03:30:45.334  1471  3650 I chatty  : uid=1000(system) Binder:1471_B expire 357 lines
02-23 03:30:45.338  2788  2788 D TouchInteractionService: initTouchBounds realSize = (1080, 2340), rotation = 0, sizeFromWM = (1080,2340), rotationFromWM = 0, sizeFromDisplay = (1080,2340), rotationFromDisplay = 0, sizeFromService = (1080,2340), rotationFromService = 0, sizeFromLauncherCache = (1080,2340), rotationFromLauncherCache = 0, sizeFromActivity = (1080,2340), rotationFromActivity = 0
02-23 03:30:45.339  2788  2788 D TouchInteractionService: initTouchBounds# swipeTouchRegion: RectF(0.0, 2278.0, 1080.0, 2340.0)
02-23 03:30:45.339  2788  2788 D TouchInteractionService: initTouchBounds# assistantLeftRegion: RectF(0.0, 2278.0, 135.0, 2340.0)
02-23 03:30:45.339  2788  2788 D TouchInteractionService: initTouchBounds# assistantRightRegion: RectF(945.0, 2278.0, 1080.0, 2340.0)
02-23 03:30:45.344  1180  3017 D audio_hw_primary: out_set_parameters: enter: usecase(1: low-latency-playback) kvpairs: suspend_playback=false
02-23 03:30:45.344  1180  3017 D audio_hw_extn: audio_extn_fm_set_parameters: Enter
02-23 03:30:45.348  1471  1471 I chatty  : uid=1000 system_server expire 4 lines
02-23 03:30:45.348  1471  1471 I Telecom : DefaultDialerCache: Refreshing default dialer for user 0: now com.oneplus.dialer: DDC.oR@AnY
02-23 03:30:45.348 11488 11648 V ActivityThread: Recovering failed rename /storage/emulated/0/Android/data/org.telegram.plus/cache/000000000_999999_temp.f to /storage/emulated/0/Android/media/org.telegram.plus/Telegram/Telegram Video/000000000_999999.f
02-23 03:30:45.350  2788  5189 D DeviceHelper: isAtLeastOP8DeviceVersion: this= 18801 , is at least OP8: false
02-23 03:30:45.352  1311  1620 D APM_AudioPolicyManager: stopOutput() output 13, stream 1, session 49, portId 30
02-23 03:30:45.352  1311  1620 D APM_AudioPolicyManager: setOutputDevices device AUDIO_DEVICE_NONE delayMs 96 force 0
02-23 03:30:45.353  1311  1620 D APM_AudioPolicyManager: setOutputDevices() prevDevice {type:0x2,@:}
02-23 03:30:45.353  1311  1620 D APM_AudioPolicyManager: setOutputDevices setting same device AUDIO_DEVICE_NONE or null device, force=0, patch handle=4
02-23 03:30:45.360  1471  3649 I chatty  : uid=1000(system) Binder:1471_A expire 1 line
02-23 03:30:45.360  1471  4396 I chatty  : uid=1000(system) AsyncQueryWorke expire 11 lines
02-23 03:30:45.361  1471  5141 I chatty  : uid=1000(system) Binder:1471_15 expire 350 lines
02-23 03:30:45.361  1471  4396 I chatty  : uid=1000(system) AsyncQueryWorke expire 16 lines
02-23 03:30:45.361  2904  2904 D OpUtils : updateSupportAssistantGestureState 
02-23 03:30:45.361  2904  2904 D OpUtils : java.lang.Throwable
02-23 03:30:45.361  2904  2904 D OpUtils : 	at com.oneplus.util.OpUtils.updateSupportAssistantGestureState(OpUtils.java:1681)
02-23 03:30:45.361  2904  2904 D OpUtils : 	at com.android.systemui.recents.OverviewProxyService$3.onServiceConnected(OverviewProxyService.java:754)
02-23 03:30:45.361  2904  2904 D OpUtils : 	at android.app.LoadedApk$ServiceDispatcher.doConnected(LoadedApk.java:1979)
02-23 03:30:45.361  2904  2904 D OpUtils : 	at android.app.LoadedApk$ServiceDispatcher$RunConnection.run(LoadedApk.java:2011)
02-23 03:30:45.361  2904  2904 D OpUtils : 	at android.os.Handler.handleCallback(Handler.java:938)
02-23 03:30:45.361  2904  2904 D OpUtils : 	at android.os.Handler.dispatchMessage(Handler.java:99)
02-23 03:30:45.361  2904  2904 D OpUtils : 	at android.os.Looper.loop(Looper.java:233)
02-23 03:30:45.361  2904  2904 D OpUtils : 	at android.app.ActivityThread.main(ActivityThread.java:8068)
02-23 03:30:45.361  2904  2904 D OpUtils : 	at java.lang.reflect.Method.invoke(Native Method)
02-23 03:30:45.361  2904  2904 D OpUtils : 	at com.android.internal.os.RuntimeInit$MethodAndArgsCaller.run(RuntimeInit.java:631)
02-23 03:30:45.361  2904  2904 D OpUtils : 	at com.android.internal.os.ZygoteInit.main(ZygoteInit.java:978)
02-23 03:30:45.364  1471  1471 V SettingsProvider: Notifying for 0: content://settings/secure/reminder_exp_learning_time_elapsed
02-23 03:30:45.365  1471  1471 W Looper  : Drained
02-23 03:30:45.368  2788  4963 D FeatureProvider: call: arg=assistant_gesture, method=checkFeature
02-23 03:30:45.369  2904  2904 D OpUtils : support assistant gesture
02-23 03:30:45.374  2788  5189 D DeviceHelper: isAtLeastOP8DeviceVersion: this= 18801 , is at least OP8: false
02-23 03:30:45.375  2788  5899 D OPSearchPlus: hidden_apps -- SPVirtualDB -- content://net.oneplus.launcher.IconProvider/label
02-23 03:30:45.375  1471  2552 W Looper  : Slow delivery took 250ms android.fg h=android.os.Handler c=<recycled PooledLambda@821bf59> m=0
02-23 03:30:45.379  2788  5189 D GridItemProvider: getToolBoxItems: jsonStr= [{"id":0,"intent":{"mAction":"android.intent.action.MAIN","mCategories":["android.intent.category.LAUNCHER"],"mComponent":{"mClass":"com.oneplus.calculator.Calculator","mPackage":"com.oneplus.calculator"},"mContentUserHint":-2,"mFlags":270532608,"mPackage":"com.oneplus.calculator","mSecureDataString":false},"itemType":0,"launchCount":0,"restored":0,"serialNumber":0},{"id":0,"intent":{"mAction":"android.intent.action.MAIN","mCategories":["net.oneplus.launcher.DEEP_SHORTCUT"],"mComponent":{"mClass":"com.oneplus.camera.OPCameraActivity","mPackage":"com.oneplus.camera"},"mContentUserHint":-2,"mFlags":270532608,"mPackage":"com.oneplus.camera","mSecureDataString":false},"itemType":6,"launchCount":0,"restored":0,"serialNumber":0,"shortcutId":"selfie"},{"id":0,"intent":{"mAction":"android.intent.action.MAIN","mCategories":["net.oneplus.launcher.DEEP_SHORTCUT"],"mComponent":{"mClass":"com.oneplus.deskclock.DeskClock","mPackage":"com.oneplus.deskclock"},"mContentUserHint":-2,"mFlags":270532608,"mPackage":"com.oneplus.deskclock","mSecureDataString":false},"itemType":6,"launchCount":0,"restored":0,"serialNumber":0,"shortcutId":"timer"},{"id":0,"intent":{"mAction":"android.intent.action.MAIN","mCategories":["net.oneplus.launcher.DEEP_SHORTCUT"],"mComponent":{"mClass":"com.oneplus.filemanager.HomePageActivity","mPackage":"com.oneplus.filemanager"},"mContentUserHint":-2,"mFlags":270532608,"mPackage":"com.oneplus.filemanager","mSecureDataString":false},"itemType":6,"launchCount":0,"restored":0,"serialNumber":0,"shortcutId":"send"}]
02-23 03:30:45.388  2788  5189 D Launcher.Utilities: migrateComponent: packageName = com.oneplus.calculator, user= UserHandle{0}
02-23 03:30:45.389  1180  3017 D audio_hw_primary: out_set_parameters: enter: usecase(1: low-latency-playback) kvpairs: suspend_playback=true
02-23 03:30:45.389  1180  3017 D audio_hw_extn: audio_extn_fm_set_parameters: Enter
02-23 03:30:45.389  2788  5189 D GridItemProvider: getToolBoxItems: bean= GridItemBean: itemType=0, intent=Intent { act=android.intent.action.MAIN cat=[android.intent.category.LAUNCHER] flg=0x10200000 pkg=com.oneplus.calculator cmp=com.oneplus.calculator/.Calculator }, serialNumber= 0, shortcutId= null, restored= 0, id= 0, info= ShelfWorkspaceItemInfo(id=-1 type=SHORTCUT container=-1 screen=-1 cell(-1,-1) span(1,1) minSpan(1,1) rank=0 user=UserHandle{0} title=null hidden=false dirty = false newInstallTag=null)
02-23 03:30:45.390  2788  5189 D Launcher.Utilities: migrateComponent: packageName = com.oneplus.camera, user= UserHandle{0}
02-23 03:30:45.402  2788  5189 E neplus.launche: Invalid ID 0x00000000.
02-23 03:30:45.408  1471  1471 I chatty  : uid=1000 system_server expire 1 line
02-23 03:30:45.409  1471  3856 I chatty  : uid=1000(system) Binder:1471_E expire 171 lines
02-23 03:30:45.410  1184  4076 I vendor.qti.bluetooth@1.0-ibs_handler: ProcessIbsCmd: Received IBS_WAKE_IND: 0xFD
02-23 03:30:45.410  1184  4076 D vendor.qti.bluetooth@1.0-ibs_handler: SerialClockVote: vote for UART CLK ON
02-23 03:30:45.411  1184  4076 D vendor.qti.bluetooth@1.0-wake_lock: Acquire wakelock is acquired 
02-23 03:30:45.411  1184  4076 I vendor.qti.bluetooth@1.0-ibs_handler: ProcessIbsCmd: Writing IBS_WAKE_ACK
02-23 03:30:45.412  2879  4078 V bt_stack: [VERBOSE1:btm_inq.cc(1019)] BTM_InqDbRead: bd addr 4e:94:82:67:a5:aa
02-23 03:30:45.417  4093  8726 I NetworkScheduler.Stats: (REDACTED) Task %s/%s started execution. cause:%s exec_start_elapsed_seconds: %s
02-23 03:30:45.424  4923 14806 W MediaProvider: Failed to update quota for uri: content://media/external_primary/file/91
02-23 03:30:45.424  4923 14806 W MediaProvider: java.io.FileNotFoundException: No item at content://media/external_primary/file/91
02-23 03:30:45.424  4923 14806 W MediaProvider: 	at com.android.providers.media.MediaProvider.queryForSingleItem(MediaProvider.java:6433)
02-23 03:30:45.424  4923 14806 W MediaProvider: 	at com.android.providers.media.MediaProvider.queryForDataFile(MediaProvider.java:6379)
02-23 03:30:45.424  4923 14806 W MediaProvider: 	at com.android.providers.media.MediaProvider.queryForDataFile(MediaProvider.java:6371)
02-23 03:30:45.424  4923 14806 W MediaProvider: 	at com.android.providers.media.MediaProvider.updateQuotaTypeForUri(MediaProvider.java:598)
02-23 03:30:45.424  4923 14806 W MediaProvider: 	at com.android.providers.media.MediaProvider.access$900(MediaProvider.java:238)
02-23 03:30:45.424  4923 14806 W MediaProvider: 	at com.android.providers.media.MediaProvider$3.lambda$onInsert$0(MediaProvider.java:663)
02-23 03:30:45.424  4923 14806 W MediaProvider: 	at com.android.providers.media.MediaProvider$3.lambda$onInsert$0$MediaProvider$3(Unknown Source:0)
02-23 03:30:45.424  4923 14806 W MediaProvider: 	at com.android.providers.media.-$$Lambda$MediaProvider$3$OA4Hj-5lam3D4oprnbu7ZpL-f_E.run(Unknown Source:10)
02-23 03:30:45.424  4923 14806 W MediaProvider: 	at android.os.Handler.handleCallback(Handler.java:938)
02-23 03:30:45.424  4923 14806 W MediaProvider: 	at android.os.Handler.dispatchMessage(Handler.java:99)
02-23 03:30:45.424  4923 14806 W MediaProvider: 	at android.os.Looper.loop(Looper.java:233)
02-23 03:30:45.424  4923 14806 W MediaProvider: 	at android.os.HandlerThread.run(HandlerThread.java:67)
02-23 03:30:45.425  2788  5189 D GridItemProvider: getToolBoxItems: bean= GridItemBean: itemType=6, intent=Intent { act=android.intent.action.MAIN cat=[net.oneplus.launcher.DEEP_SHORTCUT] flg=0x10200000 pkg=com.oneplus.camera cmp=com.oneplus.camera/.OPCameraActivity (has extras) }, serialNumber= 0, shortcutId= selfie, restored= 0, id= 0, info= ShelfWorkspaceItemInfo(id=-1 type=DEEPSHORTCUT container=-1 screen=-1 cell(-1,-1) span(1,1) minSpan(1,1) rank=0 user=UserHandle{0} title=Selfie hidden=false dirty = false newInstallTag=null)
02-23 03:30:45.426  4093 14033 I UriTaskContentObserver: (REDACTED) Throttling content uri change event for %s
02-23 03:30:45.426  4093 14033 I UriTaskContentObserver: (REDACTED) Throttling content uri change event for %s
02-23 03:30:45.426  2788  5189 D Launcher.Utilities: migrateComponent: packageName = com.oneplus.deskclock, user= UserHandle{0}
02-23 03:30:45.431  2788  5189 E neplus.launche: Invalid ID 0x00000000.
02-23 03:30:45.432  2788  5189 I chatty  : uid=10175(net.oneplus.launcher) launcher-loader identical 4 lines
02-23 03:30:45.432  2788  5189 E neplus.launche: Invalid ID 0x00000000.
02-23 03:30:45.435  1471  2690 I chatty  : uid=1000(system) Binder:1471_7 expire 216 lines
02-23 03:30:45.436  4093 11471 I NetworkScheduler.Stats: (REDACTED) Task %s/%s finished executing. cause:%s result: %s elapsed_millis: %s uptime_millis: %s exec_start_elapsed_seconds: %s
02-23 03:30:45.439  2788  5189 D GridItemProvider: getToolBoxItems: bean= GridItemBean: itemType=6, intent=Intent { act=android.intent.action.MAIN cat=[net.oneplus.launcher.DEEP_SHORTCUT] flg=0x10200000 pkg=com.oneplus.deskclock cmp=com.oneplus.deskclock/.DeskClock (has extras) }, serialNumber= 0, shortcutId= timer, restored= 0, id= 0, info= ShelfWorkspaceItemInfo(id=-1 type=DEEPSHORTCUT container=-1 screen=-1 cell(-1,-1) span(1,1) minSpan(1,1) rank=0 user=UserHandle{0} title=New timer hidden=false dirty = false newInstallTag=null)
02-23 03:30:45.440  2788  5189 D Launcher.Utilities: migrateComponent: packageName = com.oneplus.filemanager, user= UserHandle{0}
02-23 03:30:45.441  2904  2904 D NavigationHandle: triggerChangeColorAnimation
02-23 03:30:45.441  2904  2904 D NavigationHandle: current color is match top app. no need to change color
02-23 03:30:45.441 25544 25544 W om.nsdlpb.jiff: Unsupported class loader
02-23 03:30:45.441 25544 25544 W om.nsdlpb.jiff: Could not establish class loader context
02-23 03:30:45.442 25544 25544 I LSPosed-Bridge:   Loading class com.sch.pai.bypass.MainHook
02-23 03:30:45.445  1471  2646 I chatty  : uid=1000(system) SettingsProvide expire 5 lines
02-23 03:30:45.445 11488 11630 E sqlite3_android: [IKR-38846] ONEPLUS_NAME_PARTS_MATCH SQLITE_OK
02-23 03:30:45.448  2788  5189 E neplus.launche: Invalid ID 0x00000000.
02-23 03:30:45.448  2788  5189 E neplus.launche: Invalid ID 0x00000000.
02-23 03:30:45.452  1184  4076 I vendor.qti.bluetooth@1.0-ibs_handler: ProcessIbsCmd: Received IBS_SLEEP_IND: 0xFE
02-23 03:30:45.452  1184  4076 D vendor.qti.bluetooth@1.0-ibs_handler: SerialClockVote: vote for UART CLK OFF
02-23 03:30:45.456  2788  5189 D GridItemProvider: getToolBoxItems: bean= GridItemBean: itemType=6, intent=Intent { act=android.intent.action.MAIN cat=[net.oneplus.launcher.DEEP_SHORTCUT] flg=0x10200000 pkg=com.oneplus.filemanager cmp=com.oneplus.filemanager/.HomePageActivity (has extras) }, serialNumber= 0, shortcutId= send, restored= 0, id= 0, info= ShelfWorkspaceItemInfo(id=-1 type=DEEPSHORTCUT container=-1 screen=-1 cell(-1,-1) span(1,1) minSpan(1,1) rank=0 user=UserHandle{0} title=Send files hidden=false dirty = false newInstallTag=null)
02-23 03:30:45.456  2788  5189 D PackageUpdatedTask: mAllAppsList.updatePackage user = UserHandle{0}, pkg = net.oneplus.launcher
02-23 03:30:45.458  1471  3649 I chatty  : uid=1000(system) Binder:1471_A expire 12 lines
02-23 03:30:45.460  2788  5189 D DeviceHelper: isAtLeastOP8DeviceVersion: this= 18801 , is at least OP8: false
02-23 03:30:45.460  2788  5189 D SkuHelper: showDiscover: false
02-23 03:30:45.460  2788  5189 D PreferencesHelper: getDefaultMinusOneScreen# defaultMinusOneScreen=shelf
02-23 03:30:45.460  2788  5189 D DeviceHelper: isAtLeastOP8DeviceVersion: this= 18801 , is at least OP8: false
02-23 03:30:45.460  2788  5189 D SkuHelper: showDiscover: false
02-23 03:30:45.460  2788  5189 D PackageUpdatedTask: addedOrModified count = 0, obj = []
02-23 03:30:45.460  2788  2788 I QuickPage: packageUpdate: net.oneplus.launcher
02-23 03:30:45.463 11488 11630 E sqlite3_android: [IKR-38846] ONEPLUS_NAME_PARTS_MATCH SQLITE_OK
02-23 03:30:45.464  1471  2690 I chatty  : uid=1000(system) Binder:1471_7 expire 681 lines
02-23 03:30:45.510  1471  3650 I chatty  : uid=1000(system) Binder:1471_B expire 691 lines
02-23 03:30:45.544 11488 11630 E sqlite3_android: [IKR-38846] ONEPLUS_NAME_PARTS_MATCH SQLITE_OK
02-23 03:30:45.549 11488 11630 E sqlite3_android: [IKR-38846] ONEPLUS_NAME_PARTS_MATCH SQLITE_OK
02-23 03:30:45.555 11488 11630 E sqlite3_android: [IKR-38846] ONEPLUS_NAME_PARTS_MATCH SQLITE_OK
02-23 03:30:45.560 11488 11630 E sqlite3_android: [IKR-38846] ONEPLUS_NAME_PARTS_MATCH SQLITE_OK
02-23 03:30:45.564  1533 11697 E ANDR-RAMBOOST_SERVER: ramboost cmd_len = 114 cmd: iop_start -1 com.nsdlpb.jiffy /data/app/~~SGVulOPIdKwW7TLhJl3mWQ==/com.nsdlpb.jiffy-ww_LvEoMfKIS1nP8Rye2Xg== false
02-23 03:30:45.564  1533 11697 E ANDR-RAMBOOST_SERVER: is_in_recent_list is TRUE
02-23 03:30:45.564  1533 11697 E ANDR-RAMBOOST_SERVER: io prefetch is deactivate
02-23 03:30:45.572  1471 14078 I chatty  : uid=1000(system) Binder:1471_1D expire 39 lines
02-23 03:30:45.575  1533 11699 E ANDR-RAMBOOST_SERVER: ramboost cmd_len = 117 cmd: iop_start 25544 com.nsdlpb.jiffy /data/app/~~SGVulOPIdKwW7TLhJl3mWQ==/com.nsdlpb.jiffy-ww_LvEoMfKIS1nP8Rye2Xg== false
02-23 03:30:45.575  1533 11699 E ANDR-RAMBOOST_SERVER: io prefetch Capture is deactivated 
02-23 03:30:45.575  1471 14078 E HwuiBoostFrontPackageListener: Exception : file not exits :/sys/module/houston/parameters/hwui_boost_enable
02-23 03:30:45.576  1471  2581 I DisplayPowerController: useProximityForceSuspend = false
02-23 03:30:45.576  1471  2581 I RampAnimator: target:0.011308613 rate:0.2352941 mCurrentValue:0.011308613 mTargetValue:0.011308613
02-23 03:30:45.576  1471 14078 D OpColorDisplayService: frontPackageChanged: com.nsdlpb.jiffy
02-23 03:30:45.576  1471 14078 D OpColorDisplayService: lpackageName: net.oneplus.launcher
02-23 03:30:45.577  1471 14078 D OpProximityController: noteFrontPackageChanged pkg:com.nsdlpb.jiffy uid:10245 lpkg:net.oneplus.launcher luid:10175
02-23 03:30:45.577  1471  3385 E OPCS    : [Cap] [End] use mLastCapRemaining: 1048 instead.
02-23 03:30:45.577  1471  3385 E OPCS    : [Cap] [Start] remainCap is abnormal: 0
02-23 03:30:45.577  1471  3385 E OPCS    : [Cap] [Start] use mLastCapRemaining: 1048 instead.
02-23 03:30:45.577  1471 14078 D OemSceneModeActivityStack: [scene] evaluateGameModes :  gameMsg.arg1=0 gameMsg.arg2=1
02-23 03:30:45.578  1471 14078 D OpQuickReply: setQuickReplyResumed focusedApp ActivityRecord{d46c81b u0 com.nsdlpb.jiffy/.MainActivity t125} pkgName com.nsdlpb.jiffy
02-23 03:30:45.582  1471  2556 E ActivityTaskManager: createRemoteAnimationTarget Task{ac303a1 #1 visible=false type=home mode=fullscreen translucent=true I=net.oneplus.launcher/.Launcher U=0 StackId=1 sz=1} top most activity ActivityRecord{e5c3c75 u0 net.oneplus.launcher/.Launcher t121}
02-23 03:30:45.582  1471  2556 E ActivityTaskManager: createRemoteAnimationTarget Task{2809589 #125 visible=true type=standard mode=fullscreen translucent=false A=10245:com.nsdlpb.jiffy.MainApplication U=0 StackId=125 sz=1} top most activity ActivityRecord{d46c81b u0 com.nsdlpb.jiffy/.MainActivity t125}
02-23 03:30:45.588  2788  4963 D LauncherAnimationRunner: onAnimationStart#
02-23 03:30:45.591  1471  2555 I chatty  : uid=1000(system) android.display expire 6 lines
02-23 03:30:45.593 25544 25544 I om.nsdlpb.jiff: The ClassLoaderContext is a special shared library.
02-23 03:30:45.593  1471  2681 I chatty  : uid=1000(system) tworkPolicy.uid expire 5 lines
02-23 03:30:45.593  2788  2788 D StateManager: setAnimation# targetState: null, anim: 95044588
02-23 03:30:45.594  1471  2690 I chatty  : uid=1000(system) Binder:1471_7 expire 167 lines
02-23 03:30:45.594  2788  2788 I Launcher.Utilities: [BUG 94792] getViewBoundsOnWindow, hotseat - hotseatScaleX = 1.0, hotseatScaleY = 1.0, hotseatTranslationX = 0.0, hotseatTranslationY = 0.0
02-23 03:30:45.595  2788  2788 D QuickstepTransition: [OSP-1899] getLauncherContentAnimator: isAppOpening= true, trans= 0.0, -141.0
02-23 03:30:45.596  2788  2788 D QuickstepTransition: run DragLayer alpha animation to 1.0
02-23 03:30:45.596  2788  2788 D BaseActivity: addForceInvisibleFlag add flag = 2, currentFlag = 2
02-23 03:30:45.596  2788  2788 D BaseActivity: Showing call stack: 
02-23 03:30:45.596  2788  2788 D BaseActivity:     [BaseActivity] QuickstepAppTransitionManagerImpl.java, onAnimationStart, line: 158
02-23 03:30:45.602  1184  3895 D vendor.qti.bluetooth@1.0-wake_lock: Release wakelock is released 
02-23 03:30:45.610 25544 25544 W om.nsdlpb.jiff: JIT profile information will not be recorded: profile file does not exist.
02-23 03:30:45.610 25544 25544 W om.nsdlpb.jiff: JIT profile information will not be recorded: profile file does not exist.
02-23 03:30:45.610 25544 25544 W om.nsdlpb.jiff: JIT profile information will not be recorded: profile file does not exist.
02-23 03:30:45.613 25544 25544 I LSPosed-Bridge: ShekharPAIBypass: Defensive hooks deployed for com.nsdlpb.jiffy
02-23 03:30:45.613 25544 25544 I LSPosed-Bridge: ShekharPAIBypass: Loaded for com.nsdlpb.jiffy
02-23 03:30:45.621 25544 25544 I Perf    : Connecting to perf service.
02-23 03:30:45.627 25544 25544 I om.nsdlpb.jiff: [GL_OOM] ClearGrowthLimit 536870912
02-23 03:30:45.628 25544 25544 D NetworkSecurityConfig: Using Network Security Config from resource network_security_config debugBuild: false
02-23 03:30:45.629 25544 25544 D NetworkSecurityConfig: Using Network Security Config from resource network_security_config debugBuild: false
02-23 03:30:45.630  1471  3650 I chatty  : uid=1000(system) Binder:1471_B expire 533 lines
02-23 03:30:45.631  1184  1184 D vendor.qti.bluetooth@1.0-ibs_handler: SerialClockVote: vote for UART CLK ON
02-23 03:30:45.631  1184  1184 D vendor.qti.bluetooth@1.0-wake_lock: Acquire wakelock is acquired 
02-23 03:30:45.631  1184  1184 I vendor.qti.bluetooth@1.0-ibs_handler: DeviceWakeUp: Writing IBS_WAKE_IND
02-23 03:30:45.633 25544 25544 D SessionsDependencies: Dependency to CRASHLYTICS added.
02-23 03:30:45.634 25544 25544 I FirebaseApp: Device unlocked: initializing all Firebase APIs for app [DEFAULT]
02-23 03:30:45.635  1184  4076 I vendor.qti.bluetooth@1.0-ibs_handler: ProcessIbsCmd: Received IBS_WAKE_ACK: 0xFC
02-23 03:30:45.635  1184  4076 I vendor.qti.bluetooth@1.0-ibs_handler: ProcessIbsCmd: Signal wack_cond_
02-23 03:30:45.635  1184  1184 D vendor.qti.bluetooth@1.0-ibs_handler: DeviceWakeUp: Unblocked from waiting for FC
02-23 03:30:45.635  2879  3892 E bt_osi_wakelock: wakelock_acquire wakelock acquired
02-23 03:30:45.636  1184  4076 I vendor.qti.bluetooth@1.0-ibs_handler: ProcessIbsCmd: Received IBS_WAKE_IND: 0xFD
02-23 03:30:45.636  1184  4076 I vendor.qti.bluetooth@1.0-ibs_handler: ProcessIbsCmd: Writing IBS_WAKE_ACK
02-23 03:30:45.636  2879  2979 E bt_osi_wakelock: wakelock_release wakelock released
02-23 03:30:45.640  1802  1896 E QMI_FW  : qmi_cci_get_ref: ref count increased 2
02-23 03:30:45.642  1802  1896 E QMI_FW  : qmi_cci_get_ref: ref count increased 2
02-23 03:30:45.654  1471  2569 V BatteryExternalStatsWorker: WiFi energy data was reset, new WiFi energy data is WifiActivityEnergyInfo{ mTimeSinceBootMillis=9251729 mStackState=3 mControllerTxDurationMillis=0 mControllerRxDurationMillis=0 mControllerScanDurationMillis=0 mControllerIdleDurationMillis=0 mControllerEnergyUsedMicroJoules=0 }
02-23 03:30:45.658 25544 11707 I TetheringManager: registerTetheringEventCallback:com.nsdlpb.jiffy
02-23 03:30:45.665  1471  2554 I chatty  : uid=1000(system) android.io expire 5 lines
02-23 03:30:45.674 25544 11710 I DpmTcmClient: RegisterTcmMonitor from: $Proxy1
02-23 03:30:45.676  1184  4076 I vendor.qti.bluetooth@1.0-ibs_handler: ProcessIbsCmd: Received IBS_SLEEP_IND: 0xFE
02-23 03:30:45.679  1471 14078 I chatty  : uid=1000(system) Binder:1471_1D expire 176 lines
02-23 03:30:45.695  1471  5141 I chatty  : uid=1000(system) Binder:1471_15 expire 344 lines
02-23 03:30:45.697 25544 11702 W om.nsdlpb.jiff: ClassLoaderContext classpath size mismatch. expected=14, found=0 (DLC[];PCL[base.apk*633060510:base.apk!classes2.dex*2737655207:base.apk!classes3.dex*949361085:base.apk!classes4.dex*400221965:base.apk!classes5.dex*2709196622:base.apk!classes6.dex*3735661685:base.apk!classes7.dex*1077392224:base.apk!classes8.dex*2099750688:base.apk!classes9.dex*2691248064:base.apk!classes10.dex*4240130861:base.apk!classes11.dex*1707357345:base.apk!classes12.dex*534184177:base.apk!classes13.dex*3569769663:base.apk!classes14.dex*2487046219]{PCL[/system/framework/org.apache.http.legacy.jar*536376411]#PCL[/system/framework/com.android.location.provider.jar*1664931834]#PCL[/system/framework/com.android.media.remotedisplay.jar*1573936315]} | DLC[];PCL[])
02-23 03:30:45.698 25544 11702 I DynamiteModule: Considering local module com.google.android.gms.measurement.dynamite:141 and remote module com.google.android.gms.measurement.dynamite:177
02-23 03:30:45.698 25544 11702 I DynamiteModule: Selected remote version of com.google.android.gms.measurement.dynamite, version >= 177
02-23 03:30:45.698 25544 11702 V DynamiteModule: Dynamite loader version >= 2, using loadModule2NoCrashUtils
02-23 03:30:45.712  1471  5141 D CompatibilityChangeReporter: Compat change id reported: 136274596; UID 10245; state: ENABLED
02-23 03:30:45.726  1471  2555 I chatty  : uid=1000(system) android.display expire 5 lines
02-23 03:30:45.729  1471  3650 I chatty  : uid=1000(system) Binder:1471_B expire 564 lines
02-23 03:30:45.731 25544 25544 D FirebaseSessions: Initializing Firebase Sessions SDK.
02-23 03:30:45.732 25544 25544 I FirebaseCrashlytics: Initializing Firebase Crashlytics 19.4.2 for com.nsdlpb.jiffy
02-23 03:30:45.732  4093 11471 I NetworkScheduler: (REDACTED) Error inserting %s
02-23 03:30:45.771  1471 14078 I chatty  : uid=1000(system) Binder:1471_1D expire 172 lines
02-23 03:30:45.776 25544 25544 D SessionsDependencies: Subscriber CRASHLYTICS registered.
02-23 03:30:45.784 25544 25544 I FirebaseInitProvider: FirebaseApp initialization successful
02-23 03:30:45.784 25544 25544 D FLTFireContextHolder: received application context.
02-23 03:30:45.789  1471  2681 I chatty  : uid=1000(system) tworkPolicy.uid expire 5 lines
02-23 03:30:45.794 25544 11733 E sqlite3_android: [IKR-38846] ONEPLUS_NAME_PARTS_MATCH SQLITE_OK
02-23 03:30:45.798 25544 25544 D WM-WrkMgrInitializer: Initializing WorkManager with default configuration.
02-23 03:30:45.800 25544 11702 W System  : ClassLoader referenced unknown path: 
02-23 03:30:45.803 25544 11742 E sqlite3_android: [IKR-38846] ONEPLUS_NAME_PARTS_MATCH SQLITE_OK
02-23 03:30:45.804  1471  2690 I chatty  : uid=1000(system) Binder:1471_7 expire 595 lines
02-23 03:30:45.818 25544 11721 I FirebaseCrashlytics: Saved version control info
