02-23 01:49:36.962  1471 18181 I StatusBarManagerService: onVideoChanged: using= false
02-23 01:49:36.964  1471  4285 I chatty  : uid=1000(system) Binder:1471_12 expire 172 lines
02-23 01:49:36.977 29608 29608 I SetupWizard: [aru] [logReason:Get Notification Priority, UserDismissed: false, PersonalizationComplete: false, DPEnable: false, DPExisted: false, DPComplete: false, DAHPActions: 1, DAMPActions:2 , DAPAReason:Just a few more steps]
02-23 01:49:36.980  1471  2563 W ActivityManager: Slow operation: 233ms so far, now at startProcess: done updating battery stats
02-23 01:49:36.980  1471  2563 W ActivityManager: Slow operation: 233ms so far, now at startProcess: building log message
02-23 01:49:36.980  1471  2563 I ActivityManager: Start proc 20417:com.android.vending:background/u0a130 for broadcast {com.android.vending/com.google.android.finsky.appcontentservice.engage.broadcastreceiver.EngagePackageActionReceiver}
02-23 01:49:36.980  1471  2563 W ActivityManager: Slow operation: 233ms so far, now at startProcess: starting to update pids map
02-23 01:49:36.981  1471  2563 W ActivityManager: Slow operation: 234ms so far, now at startProcess: done updating pids map
02-23 01:49:37.004  1471  2615 I chatty  : uid=1000(system) Binder:1471_3 expire 95 lines
02-23 01:49:37.008  1471  2553 W Looper  : Slow dispatch took 135ms android.ui h=com.android.server.am.ActivityManagerService$UiHandler c=null m=31
02-23 01:49:37.009  1471  3860 I chatty  : uid=1000(system) Binder:1471_11 expire 86 lines
02-23 01:49:37.031 20417 20417 I ding:backgroun: The ClassLoaderContext is a special shared library.
02-23 01:49:37.040  1471  3650 I chatty  : uid=1000(system) Binder:1471_B expire 90 lines
02-23 01:49:37.056  1471 18181 I chatty  : uid=1000(system) Binder:1471_20 expire 546 lines
02-23 01:49:37.094 20417 20417 I 100     : Open /data/app/~~6PlnOOX9VRcHcjuZ_VKLOw==/com.android.vending-EVB_iaCIvFCrw-1UEPEhHg==/base.apk took:58ms
02-23 01:49:37.101 20417 20417 W ding:backgroun: JIT profile information will not be recorded: profile file does not exist.
02-23 01:49:37.101 20417 20417 I chatty  : uid=10130 com.android.vending:background identical 2 lines
02-23 01:49:37.101 20417 20417 W ding:backgroun: JIT profile information will not be recorded: profile file does not exist.
02-23 01:49:37.119 20417 20417 I Perf    : Connecting to perf service.
02-23 01:49:37.121  1471  4285 I chatty  : uid=1000(system) Binder:1471_12 expire 90 lines
02-23 01:49:37.130 20417 20417 I ding:backgroun: [GL_OOM] ClampGrowthLimit 268435456
02-23 01:49:37.132 20417 20417 D NetworkSecurityConfig: No Network Security Config specified, using platform default
02-23 01:49:37.133 20417 20417 D NetworkSecurityConfig: No Network Security Config specified, using platform default
02-23 01:49:37.135 19703 20242 W adbd    : timed out while waiting for FUNCTIONFS_BIND, trying again
02-23 01:49:37.135  1471  2553 W Looper  : Slow dispatch took 128ms android.ui h=com.android.server.am.ActivityManagerService$UiHandler c=null m=53
02-23 01:49:37.135 19703 20242 I adbd    : UsbFfs: connection terminated: monitor thread finished
02-23 01:49:37.135 19703 19703 I adbd    : UsbFfs: already offline
02-23 01:49:37.135 19703 19703 I adbd    : destroying transport UsbFfs
02-23 01:49:37.135 19703 19703 I adbd    : UsbFfsConnection being destroyed
02-23 01:49:37.137  1471  3650 I chatty  : uid=1000(system) Binder:1471_B expire 90 lines
02-23 01:49:37.151  1471  2615 I chatty  : uid=1000(system) Binder:1471_3 expire 541 lines
02-23 01:49:37.176 19703 19707 I adbd    : opening control endpoint /dev/usb-ffs/adb/ep0
02-23 01:49:37.178 19703 19707 I adbd    : UsbFfsConnection constructed
02-23 01:49:37.182 19703 20443 I adbd    : UsbFfs-monitor thread spawned
02-23 01:49:37.227  1471  3860 I chatty  : uid=1000(system) Binder:1471_11 expire 541 lines
02-23 01:49:37.259  4093  4093 W ThreadPoolForeg: type=1400 audit(0.0:705): avc: denied { write } for name="traced_producer" dev="tmpfs" ino=32844 scontext=u:r:gmscore_app:s0:c512,c768 tcontext=u:object_r:traced_producer_socket:s0 tclass=sock_file permissive=0 app=com.google.android.gms
02-23 01:49:37.287  1471  2615 I chatty  : uid=1000(system) Binder:1471_3 expire 514 lines
02-23 01:49:37.320  1471 18181 I chatty  : uid=1000(system) Binder:1471_20 expire 709 lines
02-23 01:49:37.320  2856  3726 V OPConfig:ConfigProvider: Module:OnePlusFontConfig
02-23 01:49:37.324 20417 20417 E Config:Grabber:OnePlusFontConfig: Index 0 requested, with a size of 0
02-23 01:49:37.336 20417 20417 I Finsky:background: [2] Process created at version: 50.1.33-29 [0] [PR] 867780628
02-23 01:49:37.345 20417 20417 I Finsky:background: [2] [BGP] Initializing early flags...
02-23 01:49:37.345 20417 20417 I Finsky:background: [2] [BGP] Initializing Gservices...
02-23 01:49:37.348 20417 20417 I Finsky:background: [2] [BGP] Initializing flags...
02-23 01:49:37.413  1471  4285 I chatty  : uid=1000(system) Binder:1471_12 expire 172 lines
02-23 01:49:37.450  1471  3860 I chatty  : uid=1000(system) Binder:1471_11 expire 86 lines
02-23 01:49:37.460  1471 18181 I chatty  : uid=1000(system) Binder:1471_20 expire 90 lines
02-23 01:49:37.472  1471  4285 I chatty  : uid=1000(system) Binder:1471_12 expire 90 lines
02-23 01:49:37.490  1471  3650 I chatty  : uid=1000(system) Binder:1471_B expire 541 lines
02-23 01:49:37.495 29608 29608 I SetupWizard: [DeferredSetupNotificationSchedulerService] Deferred notification scheduled at Mon Feb 23 01:02:25 GMT+05:30 2026
02-23 01:49:37.507 20417 20417 I Finsky:background: [2] Finished reading experiment flags from file [0tGUNCGIkbk4o6-fQ335kUYSKwVj4lusnHT-A5Dsy08] numFlags=2150.
02-23 01:49:37.547  1471  2615 I chatty  : uid=1000(system) Binder:1471_3 expire 709 lines
02-23 01:49:37.638  1471  2552 W Looper  : Slow dispatch took 141ms android.fg h=android.os.Handler c=com.android.server.utils.quota.-$$Lambda$QuotaTracker$QGqhRiGVlazdG76r-Ich6VZnho4@84baf35 m=0
02-23 01:49:37.641  1471  4285 I chatty  : uid=1000(system) Binder:1471_12 expire 10 lines
02-23 01:49:37.645  1471  3650 I chatty  : uid=1000(system) Binder:1471_B expire 90 lines
02-23 01:49:37.651 20417 20417 I Finsky:background: [2] Finished reading experiment flags from file [6jhVkionn_VKg2D80WDGtfcNZJED1_9iCKQiYtrf-lI] numFlags=2098.
02-23 01:49:37.655  1471 18181 I chatty  : uid=1000(system) Binder:1471_20 expire 741 lines
02-23 01:49:37.656 20417 20417 I Finsky:background: [2] [BGP] Initializing crash detector...
02-23 01:49:37.660 20417 20417 I Finsky:background: [2] ahtu - Registering in memory receiver for android.intent.action.PACKAGE_ADDED and android.intent.action.PACKAGE_REMOVED
02-23 01:49:37.676  4093 15999 W GCM     : Failed sending response to request: 3
02-23 01:49:37.724  1471  2681 I chatty  : uid=1000(system) tworkPolicy.uid expire 5 lines
02-23 01:49:37.739  1471  3650 I chatty  : uid=1000(system) Binder:1471_B expire 9 lines
02-23 01:49:37.745 20417 20417 I Finsky:background: [2] This process start was not selected for Play memory metrics collection.
02-23 01:49:37.749  1471  1471 I chatty  : uid=1000 system_server expire 6 lines
02-23 01:49:37.762 20417 20474 I TetheringManager: registerTetheringEventCallback:com.android.vending
02-23 01:49:37.763 20417 20474 W Settings: Setting download_manager_max_bytes_over_mobile has moved from android.provider.Settings.Secure to android.provider.Settings.Global.
02-23 01:49:37.764 29608 29608 I SetupWizard: [aru] [logReason:Get Notification Priority, UserDismissed: false, PersonalizationComplete: false, DPEnable: false, DPExisted: false, DPComplete: false, DAHPActions: 1, DAMPActions:2 , DAPAReason:Just a few more steps]
02-23 01:49:37.765 20417 20474 I Finsky:background: [1124] SettingNotFoundException, fall through to G.downloadBytesOverMobileMaximum
02-23 01:49:37.765 20417 20474 W Settings: Setting download_manager_recommended_max_bytes_over_mobile has moved from android.provider.Settings.Secure to android.provider.Settings.Global.
02-23 01:49:37.766 20417 20474 I Finsky:background: [1124] SettingNotFoundException, fall through to G.downloadBytesOverMobileRecommended
02-23 01:49:37.766 20417 20474 I Finsky:background: [1124] registerListener
02-23 01:49:37.769 20417 20474 I Finsky:background: [1124] DFS: Listener added for sab@1324d96
02-23 01:49:37.769 20417 20474 I Finsky:background: [1124] registerListener
02-23 01:49:37.770 20417 20474 I Finsky:background: [1124] registerListener
02-23 01:49:37.770 20417 20474 I Finsky:background: [1124] DFS: Listener added for alzc@5de88e9
02-23 01:49:37.772 20417 20485 E sqlite3_android: [IKR-38846] ONEPLUS_NAME_PARTS_MATCH SQLITE_OK
02-23 01:49:37.779 20417 20486 E sqlite3_android: [IKR-38846] ONEPLUS_NAME_PARTS_MATCH SQLITE_OK
02-23 01:49:37.782 20417 20485 E sqlite3_android: [IKR-38846] ONEPLUS_NAME_PARTS_MATCH SQLITE_OK
02-23 01:49:37.788 20417 20474 I Finsky:background: [1124] IV2: IQv2 is disabled. Recovering all active installs: []
02-23 01:49:37.795  1471  4285 I chatty  : uid=1000(system) Binder:1471_12 expire 90 lines
02-23 01:49:37.797 20417 20489 I Finsky:background: [1131] RECEIVER_ENGAGE_PACKAGE_CHANGED#logWorkEndAndFinishGoAsync: SUCCESS
02-23 01:49:37.812  1471 18181 I chatty  : uid=1000(system) Binder:1471_20 expire 73 lines
02-23 01:49:37.818 20417 20473 I Finsky:background: [1123] Device is ineligible for platform Cronet and will use embedded Cronet instead.
02-23 01:49:37.819  1471  4285 D ConnectivityService: requestNetwork for uid/pid:10130/20417 NetworkRequest [ TRACK_DEFAULT id=126, [ Capabilities: INTERNET&NOT_RESTRICTED&TRUSTED Uid: 10130 AdministratorUids: [] RequestorUid: 10130 RequestorPackageName: com.android.vending] ]
02-23 01:49:37.820  1471  2696 D ConnectivityService: NetReassign [126 : null  100]
02-23 01:49:37.821  1471  2683 I chatty  : uid=1000(system) WifiHandlerThre expire 4 lines
02-23 01:49:37.821  1471  2738 I chatty  : uid=1000(system) EthernetService expire 2 lines
02-23 01:49:37.821  1471  3650 I chatty  : uid=1000(system) Binder:1471_B expire 541 lines
02-23 01:49:37.822 14085 14085 D PhoneSwitcherNetworkRequstListener: got request NetworkRequest [ TRACK_DEFAULT id=126, [ Capabilities: INTERNET&NOT_RESTRICTED&TRUSTED Uid: 10130 AdministratorUids: [] RequestorUid: 10130 RequestorPackageName: com.android.vending] ] with score 100 and providerId 5
02-23 01:49:37.822 14085 14085 D PhoneSwitcherNetworkRequstListener: needNetworkFor NetworkRequest [ TRACK_DEFAULT id=126, [ Capabilities: INTERNET&NOT_RESTRICTED&TRUSTED Uid: 10130 AdministratorUids: [] RequestorUid: 10130 RequestorPackageName: com.android.vending] ], 100
02-23 01:49:37.825 20417 20475 I Finsky:background: [1125] IQ: start evaluating install requests.
02-23 01:49:37.825 20417 20475 I Finsky:background: [1125] IQ: no jobs active. Skipping
02-23 01:49:37.826 20417 20494 E sqlite3_android: [IKR-38846] ONEPLUS_NAME_PARTS_MATCH SQLITE_OK
02-23 01:49:37.832 20417 20492 I Finsky:background: [1134] IQ: Pruning inactive install requests
02-23 01:49:37.837 20417 20495 D HttpFlagsLoader: Not loading HTTP flags because they are disabled in the manifest
02-23 01:49:37.838 20417 20492 I Finsky:background: [1134] Resetting scheduler db
02-23 01:49:37.838 20417 20473 W linker  : Warning: "/data/app/~~6PlnOOX9VRcHcjuZ_VKLOw==/com.android.vending-EVB_iaCIvFCrw-1UEPEhHg==/split_config.arm64_v8a.apk!/lib/arm64-v8a/libcronet.145.0.7582.0.so" unused DT entry: unknown processor-specific (type 0x70000001 arg 0x0) (ignoring)
02-23 01:49:37.839 20417 20496 E sqlite3_android: [IKR-38846] ONEPLUS_NAME_PARTS_MATCH SQLITE_OK
02-23 01:49:37.844 20417 20475 I Finsky:background: [1125] IQ: 0 scheduled install statuses found to proceed. 
02-23 01:49:37.844  1471 18181 D ConnectivityService: requestNetwork for uid/pid:10130/20417 NetworkRequest [ TRACK_DEFAULT id=127, [ Capabilities: INTERNET&NOT_RESTRICTED&TRUSTED Uid: 10130 AdministratorUids: [] RequestorUid: 10130 RequestorPackageName: com.android.vending] ]
02-23 01:49:37.844 20417 20466 I Finsky:background: [1119] SCH: Scheduling phonesky job Id: 3-170, CT: 1771788446453, Constraints: [{ L: 0, D: 86400000, C: CHARGING_REQUIRED, I: IDLE_REQUIRED, N: NET_UNMETERED, B: BATTERY_ANY }]
02-23 01:49:37.845 20417 20466 I Finsky:background: [1119] SCH: Scheduling phonesky job Id: 3-171, CT: 1771788446489, Constraints: [{ L: 0, D: 86400000, C: CHARGING_REQUIRED, I: IDLE_REQUIRED, N: NET_UNMETERED, B: BATTERY_ANY }]
02-23 01:49:37.845  1471  2696 D ConnectivityService: NetReassign [127 : null  100]
02-23 01:49:37.845 20417 20466 I Finsky:background: [1119] SCH: Scheduling phonesky job Id: 3-172, CT: 1771788446490, Constraints: [{ L: 0, D: 86400000, C: CHARGING_REQUIRED, I: IDLE_REQUIRED, N: NET_UNMETERED, B: BATTERY_ANY }]
02-23 01:49:37.845 20417 20466 I Finsky:background: [1119] SCH: Scheduling phonesky job Id: 3-173, CT: 1771788446490, Constraints: [{ L: 153552, D: 10953552, C: CHARGING_NONE, I: IDLE_REQUIRED, N: NET_UNMETERED, B: BATTERY_ANY }]
02-23 01:49:37.845 20417 20466 I Finsky:background: [1119] SCH: Scheduling phonesky job Id: 3-174, CT: 1771788446490, Constraints: [{ L: 0, D: 86400000, C: CHARGING_REQUIRED, I: IDLE_REQUIRED, N: NET_UNMETERED, B: BATTERY_ANY }]
02-23 01:49:37.845 20417 20466 I Finsky:background: [1119] SCH: Scheduling phonesky job Id: 3-175, CT: 1771788446490, Constraints: [{ L: 153551, D: 10953551, C: CHARGING_NONE, I: IDLE_REQUIRED, N: NET_UNMETERED, B: BATTERY_ANY }]
02-23 01:49:37.845 20417 20466 I Finsky:background: [1119] SCH: Scheduling phonesky job Id: 47-15, CT: 1771783219225, Constraints: [{ L: 3600000, D: 21598062, C: CHARGING_NONE, I: IDLE_REQUIRED, N: NET_NONE, B: BATTERY_ANY }]
02-23 01:49:37.846 14085 14085 D PhoneSwitcherNetworkRequstListener: got request NetworkRequest [ TRACK_DEFAULT id=127, [ Capabilities: INTERNET&NOT_RESTRICTED&TRUSTED Uid: 10130 AdministratorUids: [] RequestorUid: 10130 RequestorPackageName: com.android.vending] ] with score 100 and providerId 5
02-23 01:49:37.846 14085 14085 D PhoneSwitcherNetworkRequstListener: needNetworkFor NetworkRequest [ TRACK_DEFAULT id=127, [ Capabilities: INTERNET&NOT_RESTRICTED&TRUSTED Uid: 10130 AdministratorUids: [] RequestorUid: 10130 RequestorPackageName: com.android.vending] ], 100
02-23 01:49:37.848 20417 20473 I cn_CronetLibraryLoader: Cronet version: 145.0.7582.0, arch: aarch64
02-23 01:49:37.851  1471  2696 D ConnectivityService: NetReassign [no changes]
02-23 01:49:37.856 20417 20473 I Finsky:background: [1123] CronetEngine is present. Using Cronet for the networking stack.
02-23 01:49:37.865 20417 20475 I Finsky:background: [1125] SCH: Scheduling 0 system job(s)
02-23 01:49:37.869 20417 20473 I Finsky:background: [1123] Finished reading experiment flags from file [Se-xCc4LzNyh3UrKMIU2sUf-PUKz4oQEbpKZDMuaFno] numFlags=2098.
02-23 01:49:37.869  1471  2615 I chatty  : uid=1000(system) Binder:1471_3 expire 965 lines
02-23 01:49:37.884 20417 20473 I Finsky:background: [1123] Subscription detail: DataSubscriptionInfo{groupIdLevel1=FFFFFFFFFFFFFFFFFFFF, serviceProviderName=[NZB7FUX191b96SHQUQCK5TQONIpAGKI5hkMOMLDzDZo], simCarrierId=2018}
02-23 01:49:37.884 20417 20496 I Finsky:background: [1138] SCH: Canceling job 3-170
02-23 01:49:37.886 20417 20437 D TelephonyRegistryManager: onSubscriptionsChangedListener callback received.
02-23 01:49:37.886 20417 20417 D TelephonyRegistryManager: addOnSubscriptionsChangedListener package name = com.android.vending
02-23 01:49:37.886 20417 20496 I Finsky:background: [1138] WM::SCH: Logging work end for 3-170
02-23 01:49:37.886 20417 20417 I Finsky:background: [2] onSubscriptionsChanged
02-23 01:49:37.889 20417 20466 I Finsky:background: [1119] SCH: Scheduling phonesky job Id: 3-171, CT: 1771788446489, Constraints: [{ L: 0, D: 86400000, C: CHARGING_REQUIRED, I: IDLE_REQUIRED, N: NET_UNMETERED, B: BATTERY_ANY }]
02-23 01:49:37.889 20417 20466 I Finsky:background: [1119] SCH: Scheduling phonesky job Id: 3-172, CT: 1771788446490, Constraints: [{ L: 0, D: 86400000, C: CHARGING_REQUIRED, I: IDLE_REQUIRED, N: NET_UNMETERED, B: BATTERY_ANY }]
02-23 01:49:37.890 20417 20466 I Finsky:background: [1119] SCH: Scheduling phonesky job Id: 3-174, CT: 1771788446490, Constraints: [{ L: 0, D: 86400000, C: CHARGING_REQUIRED, I: IDLE_REQUIRED, N: NET_UNMETERED, B: BATTERY_ANY }]
02-23 01:49:37.909  1471  2615 D CompatibilityChangeReporter: Compat change id reported: 135634846; UID 10093; state: DISABLED
02-23 01:49:37.909  1471  2563 D CompatibilityChangeReporter: Compat change id reported: 143937733; UID 10093; state: ENABLED
02-23 01:49:37.910  1471  2563 I chatty  : uid=1000(system) ActivityManager expire 1 line
02-23 01:49:37.933  1471  2615 I chatty  : uid=1000(system) Binder:1471_3 expire 176 lines
02-23 01:49:37.950  1079  1079 V zygiskd64: zygiskd::zygiskd: New daemon action: GetProcessFlags
02-23 01:49:37.951  1079 20514 V zygiskd64: zygiskd::zygiskd: Flags for UID 10093: ProcessFlags(PROCESS_ON_DENYLIST | PROCESS_ROOT_IS_KSU)
02-23 01:49:37.951  1471  6341 I chatty  : uid=1000(system) Binder:1471_1A expire 713 lines
02-23 01:49:37.969 20515 20515 I zygisk-core64: [com.google.android.documentsui] is on the denylist
02-23 01:49:37.969  1077  1077 D Zygote  : Forked child process 20515
02-23 01:49:37.970  1079  1079 V zygiskd64: zygiskd::zygiskd: New daemon action: ReadModules
02-23 01:49:37.971  1471  2563 W ActivityManager: Slow operation: 66ms so far, now at startProcess: returned from zygote!
02-23 01:49:37.975  1079  1079 V zygiskd64: zygiskd::zygiskd: New daemon action: UpdateMountNamespace
02-23 01:49:37.977 20515 20515 I Zygote  : seccomp disabled by setenforce 0
02-23 01:49:37.980 20515 20515 E oid.documentsu: Unknown bits set in runtime_flags: 0x800000
02-23 01:49:37.984 20515 20515 E oid.documentsu: Not starting debugger since process cannot load the jdwp agent.
02-23 01:49:38.025  1471  2553 W Looper  : Slow dispatch took 158ms android.ui h=com.android.server.am.ActivityManagerService$UiHandler c=null m=31
02-23 01:49:38.026  1471  2563 W ActivityManager: Slow operation: 121ms so far, now at startProcess: done updating battery stats
02-23 01:49:38.026  1471  2563 W ActivityManager: Slow operation: 121ms so far, now at startProcess: building log message
02-23 01:49:38.026  1471  2563 I ActivityManager: Start proc 20515:com.google.android.documentsui/u0a93 for broadcast {com.google.android.documentsui/com.android.documentsui.PackageReceiver}
02-23 01:49:38.026  1471  2563 W ActivityManager: Slow operation: 121ms so far, now at startProcess: starting to update pids map
02-23 01:49:38.027  1471  2563 W ActivityManager: Slow operation: 121ms so far, now at startProcess: done updating pids map
02-23 01:49:38.028  1471  3858 I chatty  : uid=1000(system) Binder:1471_10 expire 90 lines
02-23 01:49:38.058  1471  4285 I chatty  : uid=1000(system) Binder:1471_12 expire 5 lines
02-23 01:49:38.061  1471 18181 W ActivityManager: Unable to start service Intent { act=com.google.android.setupcompat.portal.SetupNotificationService.BIND pkg=com.google.android.setupwizard } U=0: not found
02-23 01:49:38.061 29608 29608 W SetupWizard: [ayh] Failed to bind SetupNotificationService. Do you have permission "com.google.android.setupwizard.SETUP_PROGRESS_SERVICE"
02-23 01:49:38.061 29608 29608 I SetupWizard: [DeferredSetupNotificationSchedulerService] Register deferred notification failed. Self create notification.
02-23 01:49:38.063 29608 29608 E oid.setupwizar: Invalid ID 0x00000000.
02-23 01:49:38.076 20417 20475 I Finsky:background: [1125] SCH: Scheduling 1 system job(s)
02-23 01:49:38.076 20417 20475 I Finsky:background: [1125] SCH: Scheduling system job Id: 10631, L: 0, D: 83268413, C: true, I: true, N: 2
02-23 01:49:38.090  2788  2788 D NotificationListener: onNotificationPosted# hash: 227645620
02-23 01:49:38.090  2788  2788 D NotificationListener: onNotificationPosted# sbn: 200079020, package = com.google.android.setupwizard
02-23 01:49:38.091  1471 18181 I chatty  : uid=1000(system) Binder:1471_20 expire 613 lines
02-23 01:49:38.096  2904  2904 D InterruptionStateProvider: No bubble up: not allowed to bubble: 0|com.google.android.setupwizard|3|DeferredSetupNotification|10187
02-23 01:49:38.099  2904  2904 D HeadsUpViewBinder: begin of requestRebind
02-23 01:49:38.099  2904  2904 D HeadsUpViewBinder: end if requestRebind
02-23 01:49:38.099  2904  2904 D HeadsUpViewBinder: end of abortBindCallback
02-23 01:49:38.099  2904  2904 D HeadsUpViewBinder: end of bindHeadsUpView
02-23 01:49:38.099  2904  2904 D InterruptionStateProvider: No heads up: unimportant notification: 0|com.google.android.setupwizard|3|DeferredSetupNotification|10187
02-23 01:49:38.105  2904  2904 D StackScroller: updateSpeedBumpIndex newIndex:2 noAmbient: false
02-23 01:49:38.105  2904  2904 D StackScroller: updateFooter showDismissView true showFooterView false showHistory false hasActiveNotifications() true mStatusBarState 1
02-23 01:49:38.106  2904  2904 D StackScroller: setting break mode view visibility: isKeyGaurdVisible:true isWLBON:false
02-23 01:49:38.109 20515 20515 W oid.documentsu: JIT profile information will not be recorded: profile file does not exist.
02-23 01:49:38.109 20515 20515 W oid.documentsu: JIT profile information will not be recorded: profile file does not exist.
02-23 01:49:38.109 20515 20515 W oid.documentsu: JIT profile information will not be recorded: profile file does not exist.
02-23 01:49:38.109 20515 20515 W oid.documentsu: JIT profile information will not be recorded: profile file does not exist.
02-23 01:49:38.109 20515 20515 W oid.documentsu: JIT profile information will not be recorded: profile file does not exist.
02-23 01:49:38.109 20515 20515 W oid.documentsu: JIT profile information will not be recorded: profile file does not exist.
02-23 01:49:38.109 20515 20515 W oid.documentsu: JIT profile information will not be recorded: profile file does not exist.
02-23 01:49:38.950  2904  2904 D KeyguardClockPositionAlgorithm: getClockY()184
02-23 01:49:38.950  2904  2904 D KeyguardClockPositionAlgorithm: getClockY()184
02-23 01:49:38.950  2904  2904 D KeyguardClockPositionAlgorithm: getClockY()184
02-23 01:49:38.954 20515 20515 I Perf    : Connecting to perf service.
02-23 01:49:38.955  1228  1247 I android.hardware.thermal@2.0-service.qti: uevent triggered for sensor: pm8005_tz
02-23 01:49:38.955  1228  1247 I android.hardware.thermal@2.0-service.qti: uevent triggered for sensor: pm8005_tz
02-23 01:49:38.956  1228  1247 I android.hardware.thermal@2.0-service.qti: uevent triggered for sensor: pm8005_tz
02-23 01:49:38.957  1228  1247 I android.hardware.thermal@2.0-service.qti: uevent triggered for sensor: pa1-therml-adc
02-23 01:49:38.958  1471  4285 I chatty  : uid=1000(system) Binder:1471_12 expire 1 line
02-23 01:49:38.966  2904  3041 E ndroid.systemu: Invalid ID 0x00000000.
02-23 01:49:38.966 20515 20515 I oid.documentsu: [GL_OOM] ClampGrowthLimit 268435456
02-23 01:49:38.967  2904  3041 E ndroid.systemu: Invalid ID 0x00000000.
02-23 01:49:38.967  2904  3041 E ndroid.systemu: Invalid ID 0x00000000.
02-23 01:49:38.967  2904  3041 E ndroid.systemu: Invalid ID 0x00000000.
02-23 01:49:38.967  2904  3041 E ndroid.systemu: Invalid ID 0x00000000.
02-23 01:49:38.968  2904  3041 E ndroid.systemu: Invalid ID 0x00000000.
02-23 01:49:38.968 20515 20515 D NetworkSecurityConfig: No Network Security Config specified, using platform default
02-23 01:49:38.968  2904  3041 E ndroid.systemu: Invalid ID 0x00000000.
02-23 01:49:38.968 20515 20515 D NetworkSecurityConfig: No Network Security Config specified, using platform default
02-23 01:49:38.968  2904  3041 E ndroid.systemu: Invalid ID 0x00000000.
02-23 01:49:38.977  1471  2553 W Looper  : Slow dispatch took 158ms android.ui h=com.android.server.am.ActivityManagerService$UiHandler c=null m=53
02-23 01:49:38.978 29608 29608 E ActivityThread: Service com.google.android.setupwizard.deferred.DeferredSetupNotificationSchedulerService has leaked ServiceConnection ayf@5f64be2 that was originally bound here
02-23 01:49:38.978 29608 29608 E ActivityThread: android.app.ServiceConnectionLeaked: Service com.google.android.setupwizard.deferred.DeferredSetupNotificationSchedulerService has leaked ServiceConnection ayf@5f64be2 that was originally bound here
02-23 01:49:38.978 29608 29608 E ActivityThread: 	at android.app.LoadedApk$ServiceDispatcher.<init>(LoadedApk.java:1826)
02-23 01:49:38.978 29608 29608 E ActivityThread: 	at android.app.LoadedApk.getServiceDispatcherCommon(LoadedApk.java:1698)
02-23 01:49:38.978 29608 29608 E ActivityThread: 	at android.app.LoadedApk.getServiceDispatcher(LoadedApk.java:1677)
02-23 01:49:38.978 29608 29608 E ActivityThread: 	at android.app.ContextImpl.bindServiceCommon(ContextImpl.java:1856)
02-23 01:49:38.978 29608 29608 E ActivityThread: 	at android.app.ContextImpl.bindService(ContextImpl.java:1786)
02-23 01:49:38.978 29608 29608 E ActivityThread: 	at android.content.ContextWrapper.bindService(ContextWrapper.java:756)
02-23 01:49:38.978 29608 29608 E ActivityThread: 	at aig.a(PG:3)
02-23 01:49:38.978 29608 29608 E ActivityThread: 	at ayh.a(PG:5)
02-23 01:49:38.978 29608 29608 E ActivityThread: 	at asb.apply(Unknown Source:6)
02-23 01:49:38.978 29608 29608 E ActivityThread: 	at java.util.concurrent.CompletableFuture.uniApply(CompletableFuture.java:612)
02-23 01:49:38.978 29608 29608 E ActivityThread: 	at java.util.concurrent.CompletableFuture$UniApply.tryFire(CompletableFuture.java:587)
02-23 01:49:38.978 29608 29608 E ActivityThread: 	at java.util.concurrent.CompletableFuture.postComplete(CompletableFuture.java:484)
02-23 01:49:38.978 29608 29608 E ActivityThread: 	at java.util.concurrent.CompletableFuture.complete(CompletableFuture.java:1990)
02-23 01:49:38.978 29608 29608 E ActivityThread: 	at alk.run(Unknown Source:1)
02-23 01:49:38.978 29608 29608 E ActivityThread: 	at android.accounts.AccountManager$Future2Task$1.run(AccountManager.java:2459)
02-23 01:49:38.978 29608 29608 E ActivityThread: 	at android.os.Handler.handleCallback(Handler.java:938)
02-23 01:49:38.978 29608 29608 E ActivityThread: 	at android.os.Handler.dispatchMessage(Handler.java:99)
02-23 01:49:38.978 29608 29608 E ActivityThread: 	at android.os.Looper.loop(Looper.java:233)
02-23 01:49:38.978 29608 29608 E ActivityThread: 	at android.app.ActivityThread.main(ActivityThread.java:8068)
02-23 01:49:38.978 29608 29608 E ActivityThread: 	at java.lang.reflect.Method.invoke(Native Method)
02-23 01:49:38.978 29608 29608 E ActivityThread: 	at com.android.internal.os.RuntimeInit$MethodAndArgsCaller.run(RuntimeInit.java:631)
02-23 01:49:38.978 29608 29608 E ActivityThread: 	at com.android.internal.os.ZygoteInit.main(ZygoteInit.java:978)
02-23 01:49:38.980  2904  2904 D KeyguardClockPositionAlgorithm: getClockY()184
02-23 01:49:38.980  2904  2904 I chatty  : uid=10193(com.android.systemui) identical 1 line
02-23 01:49:38.980  2904  2904 D KeyguardClockPositionAlgorithm: getClockY()184
02-23 01:49:38.983  1471 18181 I chatty  : uid=1000(system) Binder:1471_20 expire 470 lines
02-23 01:49:38.991  2904  3954 D SingleNotificationView: updateViewInternal
02-23 01:49:38.992  2904  3954 D SingleNotificationView: updateViewInternal: custom=false, hideSensitivie=false, isLock=false, color=0xff1a73e8, headerColor=0xff81b4ff, titleVis = 0, smallTextVis = 0
02-23 01:49:38.993  2904  2904 D StackScroller: updateSpeedBumpIndex newIndex:2 noAmbient: false
02-23 01:49:38.993  2904  2904 D StackScroller: updateFooter showDismissView true showFooterView false showHistory false hasActiveNotifications() true mStatusBarState 1
02-23 01:49:38.994  2904  2904 D StackScroller: setting break mode view visibility: isKeyGaurdVisible:true isWLBON:false
02-23 01:49:38.994  2904  2904 D OPAodUtils: isAlwaysOnEnabled: false
02-23 01:49:38.994  2904  2904 D DozeTriggers: proximityCheckThenCall: alreadyPerformedProxCheck=false, cachedProxNear=null, customProximity=far, isKeyguardDone=false, reason=1
02-23 01:49:38.995  2904  2904 D DozeTriggers: continuePulseRequest: state = DOZE, reason = 1
02-23 01:49:38.995  2904  2904 D AodDisplayViewManager: setState=notification, from=none
02-23 01:49:38.997  2904  2904 I StatusBar: pulseWhileDozing, mPulsing:true
02-23 01:49:38.997  2904  2904 D DozeMachine: queue event: DOZE_PULSING, inside queue: [DOZE_REQUEST_PULSE, DOZE_PULSING]
02-23 01:49:38.997  2904  2904 I StatusBar: pulseWhileDozing, onPulseStarted, mPulsing:true
02-23 01:49:38.998  2904  2904 D StatusBar: updateNotificationPanelTouchState, goingToSleepWithoutAnimation:false, isGoingToSleep():false, mDozeParameters.shouldControlScreenOff():false, disabled:false, mDeviceInteractive:false, mDozeServiceHost.isPulsing():true, stack:com.android.systemui.statusbar.phone.DozeServiceHost$1.onPulseStarted:303 com.android.systemui.statusbar.phone.DozeScrimController.pulseStarted:236 com.android.systemui.statusbar.phone.DozeScrimController.access$400:51 com.android.systemui.statusbar.phone.DozeScrimController$1.onDisplayBlanked:93 com.android.systemui.statusbar.phone.DozeScrimController.pulse:183 com.android.systemui.statusbar.phone.DozeServiceHost.pulseWhileDozing:291 com.android.systemui.doze.DozeUi.pulseWhileDozing:143 
02-23 01:49:38.998 20417 20496 I Finsky:background: [1138] SCH: Canceling job 3-171
02-23 01:49:38.999 20417 20496 I Finsky:background: [1138] WM::SCH: Logging work end for 3-171
02-23 01:49:38.999  2904  2904 I LockIcon:  updateDarkTint state:false
02-23 01:49:38.999  2904  2904 D StatusBarKeyguardViewManager: updateStates, vis:0,Showing:true,LastShowing:true,Occluded:false,LastOccluded:false,BouncerShow:false,LastBouncerShow:false,BouncerDismiss:true,LastBouncerDismiss:true,navBarVisible:true,lastNavBarVisible:true,wakeAndUnlocking:false,mDozing:false,mGesturalNav:true,mFingerprintAuthenticated:false,mLastBiometricMode:0,mFaceLockUnlocking:false,mLastFaceLockUnlocking:false
02-23 01:49:39.000  2904  2904 D KeyguardClockPositionAlgorithm: getClockY()184
02-23 01:49:39.000  2904  2904 D KeyguardClockPositionAlgorithm: getClockY()184
02-23 01:49:39.000  2904  2904 D KeyguardClockPositionAlgorithm: getClockY()184
02-23 01:49:39.001 20417 20466 I Finsky:background: [1119] SCH: Scheduling phonesky job Id: 3-172, CT: 1771788446490, Constraints: [{ L: 0, D: 86400000, C: CHARGING_REQUIRED, I: IDLE_REQUIRED, N: NET_UNMETERED, B: BATTERY_ANY }]
02-23 01:49:39.001 20417 20466 I Finsky:background: [1119] SCH: Scheduling phonesky job Id: 3-174, CT: 1771788446490, Constraints: [{ L: 0, D: 86400000, C: CHARGING_REQUIRED, I: IDLE_REQUIRED, N: NET_UNMETERED, B: BATTERY_ANY }]
02-23 01:49:39.002  2904  2904 D DozeMachine: transitionTo: finish= 0, size= 2
02-23 01:49:39.002  2904  2904 D DozeSensor.CustomProximityCheck: Unregister pocket Sensor 201908891
02-23 01:49:39.003  2904  2904 D DozeMachine: transitionTo: finish= 1, size= 2
02-23 01:49:39.004  1471  2581 I DisplayPowerController: useProximityForceSuspend = false
02-23 01:49:39.004  2904  3269 E SensorManager: unregisterListenerImpl callingApp: android.uid.systemui:10193,callingPid:2904,callingUid:10193
02-23 01:49:39.005  2828  3784 I OIMC    : notified , mode FingerPrintMode changeTo 1
02-23 01:49:39.005  2828  2973 I OIMC_CORE: handleMessage:   MODE_ENTER, arg1: 0, arg2: 0, obj: com.oneplus.server.oimc.gwy@f51ad2c
02-23 01:49:39.005  2828  2973 I OIMC_CORE: Entering mode FingerPrintMode
02-23 01:49:39.005  2828  2973 I OIMC_CORE: starting ONESHOT function ColorDisable
02-23 01:49:39.006  1471  4285 I chatty  : uid=1000(system) Binder:1471_12 expire 1 line
02-23 01:49:39.006  1226  1226 I sensors-hal: batch:245, oneplus.sensor.pocket/1252, period=1000000, max_latency=0
02-23 01:49:39.006  1226  1226 I sensors-hal: set_config:63, sample_period_ns is adjusted to 0 based on min/max delay_ns
02-23 01:49:39.006  1226  1226 I sensors-hal: batch:254, oneplus.sensor.pocket/1252, period=1000000, max_latency=0 request completed
02-23 01:49:39.007  1471  2581 I chatty  : uid=1000(system) PowerManagerSer expire 2 lines
02-23 01:49:39.007  1471  2581 I DisplayPowerController: Blocking screen on until initial contents have been drawn.
02-23 01:49:39.007  1471  2581 I AutomaticBrightnessController: setLightSensorEnabled:true
02-23 01:49:39.008  2904 27591 D KeyguardViewMediator: notifyScreenOn
02-23 01:49:39.008  2904  2904 D KeyguardViewMediator: handleNotifyScreenTurningOn
02-23 01:49:39.008  2904  2904 D OpKeyguardUpdateMonitor: notifyScreenTurningOn
02-23 01:49:39.008  1471  2581 I DisplayPowerController: brightnessState 0.05!
02-23 01:49:39.008  1471  2581 I DisplayPowerController: brightnessState(m):0.05
02-23 01:49:39.008  1471  2581 I RampAnimator: target:0.05 rate:0.0 mCurrentValue:0.0 mTargetValue:0.0
02-23 01:49:39.008  1471  3858 I chatty  : uid=1000(system) Binder:1471_10 expire 1 line
02-23 01:49:39.009  1471 20554 I chatty  : uid=1000 system_server expire 3 lines
02-23 01:49:39.010  1471 14079 I chatty  : uid=1000(system) Binder:1471_1E expire 1 line
02-23 01:49:39.011  1471  6341 I OpOIMCColorManager: ColorDisable start... mCurrentActivated = 0
02-23 01:49:39.011  1471  6341 D OpColorDisplayService: DisableColor state: 0
02-23 01:49:39.011 19703 20443 W adbd    : timed out while waiting for FUNCTIONFS_BIND, trying again
02-23 01:49:39.011  1471  6341 D ColorDisplayService: cancelAnimation
02-23 01:49:39.011 19703 20443 I adbd    : UsbFfs: connection terminated: monitor thread finished
02-23 01:49:39.011  1471  2571 D OpColorDisplayService: resetStatus: 0
02-23 01:49:39.011  2828  2972 I OIMC_CORE: ColorDisable action 1 spent 5 ms
02-23 01:49:39.011 19703 19703 I adbd    : UsbFfs: already offline
02-23 01:49:39.011 19703 19703 I adbd    : destroying transport UsbFfs
02-23 01:49:39.011 19703 19703 I adbd    : UsbFfsConnection being destroyed
02-23 01:49:39.012  2904  2904 D KeyguardClockPositionAlgorithm: getClockY()184
02-23 01:49:39.012  2904  2904 I chatty  : uid=10193(com.android.systemui) identical 1 line
02-23 01:49:39.012  2904  2904 D KeyguardClockPositionAlgorithm: getClockY()184
02-23 01:49:39.012  2904  3954 D AodDisplayViewManager: updateView: state = notification mIsPlayFingerprintUnlockAnimation:false mIsPress:false mIsScreenTurnedOff:true mScreenTurnedOn: false
02-23 01:49:39.014  2904  2904 D DozeMachine: transitionTo: finish= 0, size= 1
02-23 01:49:39.014  2904  2904 I StatusBar: pulseWhileDozing, onPulseStarted, mPulsing:true
02-23 01:49:39.014  2904  2904 D StatusBar: updateNotificationPanelTouchState, goingToSleepWithoutAnimation:false, isGoingToSleep():false, mDozeParameters.shouldControlScreenOff():false, disabled:false, mDeviceInteractive:false, mDozeServiceHost.isPulsing():true, stack:com.android.systemui.statusbar.phone.DozeServiceHost$1.onPulseStarted:303 com.android.systemui.statusbar.phone.DozeScrimController.pulseStarted:236 com.android.systemui.statusbar.phone.DozeScrimController.access$400:51 com.android.systemui.statusbar.phone.DozeScrimController$1.onDisplayBlanked:93 com.android.systemui.statusbar.phone.ScrimController.updateScrim:987 com.android.systemui.statusbar.phone.ScrimController.setScrimAlpha:787 com.android.systemui.statusbar.phone.ScrimController.updateScrims:738 
02-23 01:49:39.014  2904  2904 D OpDozeScrimController: hold pulse wake lock
02-23 01:49:39.018  1471 18181 D ActivityManager: kill pid:24063 processName:com.oneplus.account reason:empty #31
02-23 01:49:39.018  1471 18181 I ActivityManager: Killing 24063:com.oneplus.account/u0a132 (adj 999): empty #31
02-23 01:49:39.019  1471  3650 W ActivityManager: Unbind failed: could not find connection for android.os.BinderProxy@2cf9894
02-23 01:49:39.020  1471  2615 I chatty  : uid=1000(system) Binder:1471_3 expire 15 lines
02-23 01:49:39.031  1471  2571 D OpColorTintManager: disableColor
02-23 01:49:39.032  1471  2571 I chatty  : uid=1000(system) ColorDisplayThr expire 9 lines
02-23 01:49:39.032  1471  2581 V DisplayPowerController: Brightness [0.05] reason changing to: 'manual', previous reason: 'screen_off'.
02-23 01:49:39.032  1471  2581 I DisplayPowerController: useProximityForceSuspend = false
02-23 01:49:39.033  1471  2581 I DisplayPowerController: brightnessState 0.05.
02-23 01:49:39.033  1471  2581 I DisplayPowerController: brightnessState(m):0.05
02-23 01:49:39.033  1471  2581 I RampAnimator: target:0.05 rate:0.0 mCurrentValue:0.05 mTargetValue:0.05
02-23 01:49:39.033  1226  1226 I sensors-hal: batch:245, android.sensor.light/53, period=250000000, max_latency=0
02-23 01:49:39.033  1226  1226 I sensors-hal: set_config:63, sample_period_ns is adjusted to 0 based on min/max delay_ns
02-23 01:49:39.033  1226  1226 I sensors-hal: batch:254, android.sensor.light/53, period=250000000, max_latency=0 request completed
02-23 01:49:39.033  1471  2571 D OpColorTintManager: recoverColorSaturation
02-23 01:49:39.033  1226  1226 I sensors-hal: activate:212, android.sensor.light/53 en=1
02-23 01:49:39.033  1226  1226 I sensors-hal: get_qmi_debug_flag:271, support_qmi_debug : false
02-23 01:49:39.033  1226  1226 E QMI_FW  : qmi_cci_get_ref: ref count increased 2
02-23 01:49:39.033  1226  1226 I chatty  : uid=1000(system) sensors@2.0-ser identical 3 lines
02-23 01:49:39.033  1226  1226 E QMI_FW  : qmi_cci_get_ref: ref count increased 2
02-23 01:49:39.034  2904  2904 D OPAodUtils: isAlwaysOnEnabled: false
02-23 01:49:39.034  1226  1226 E QMI_FW  : qmi_cci_get_ref: ref count increased 2
02-23 01:49:39.034  2904  2904 D OPAodUtils: isAlwaysOnEnabled: false
02-23 01:49:39.034  1226  1226 E QMI_FW  : qmi_cci_get_ref: ref count increased 2
02-23 01:49:39.034  1226  1226 I sensors-hal: activate:223, android.sensor.light/53 en=1 completed
02-23 01:49:39.035  1322  1322 D SurfaceFlinger: Setting power mode 1 on display 19260235133379457
02-23 01:49:39.035  1471  2555 I chatty  : uid=1000(system) android.display expire 16 lines
02-23 01:49:39.035  2904  2904 I AACHapticUtils: init ,version:V003.0828
02-23 01:49:39.027  1471  1471 I chatty  : uid=1000 system_server expire 1 line
02-23 01:49:39.035  1207  4529 I SDM     : DisplayBase::SetDisplayState: Set state = 2, display 26-0
02-23 01:49:39.036  1471  2555 I DisplayManagerService: Display device changed state: "Built-in Screen", DOZE
02-23 01:49:39.036  2904  2904 E AACHapticUtils: The system doesn't integrate richtap software
02-23 01:49:39.036  2904  2904 W AACHapticUtils: the system doesn't integrate richtap software
02-23 01:49:39.037  2904  2904 I OpKeyguardUpdateMonitor:  SeekBarVibratorHelper init
02-23 01:49:39.038  1226 20556 I sensors-hal: ssc_conn_resp_cb:660, resp_value = 0
02-23 01:49:39.041  2904  3954 D OpAodLightEffectContainer: progress=0.0
02-23 01:49:39.041  1471  1471 V SettingsProvider: Notifying for 0: content://settings/system/colour_cast
02-23 01:49:39.041  2904  3954 D OpAodLightEffectContainer: progress=0.0
02-23 01:49:39.042  2904  3954 I OpColorTextView: index:0
02-23 01:49:39.044  1226 20556 I sensors-hal: handle_indication_realtime:490,  SCHED_FIFO(10) for qmi_cbk
02-23 01:49:39.046  1471  6341 W ProcessStats: setState index out of bounds. index: -1 length: 20
02-23 01:49:39.047  1077  1077 I Zygote  : Process 24063 exited due to signal 9 (Killed)
02-23 01:49:39.048  2879  3806 I BtGatt.ScanManager: msg.what = 8
02-23 01:49:39.049  2879  3806 I BtGatt.ScanManager: msg.what = 4
02-23 01:49:39.049  3096  3096 D LiveWallpaper.VideoEngine: onDisplayChanged# false false true
02-23 01:49:39.050 15812 15857 V scrcpy  : DisplaySizeMonitor: onDisplayChanged(0)
02-23 01:49:39.050  3445  3467 D IHansComunication: HANS handleMessage: Got message from kernel
02-23 01:49:39.050  3445  3467 E IHansComunication: HANS printMessageBody: RCVed message body: type = 0, port = 86870, caller_pid = 1471, target_uid = 10236, pkg_cmd = -1
02-23 01:49:39.050  3445  3467 D IHansComunication: sendMsgToFW--type: 0, callerPid: 1471, targetUid: 10236
02-23 01:49:39.050 15812 15857 V scrcpy  : DisplaySizeMonitor: Size not changed (1080x2340): do not requestReset()
02-23 01:49:39.051  3445  3467 D IHansComunication: HANS handleMessage: Got message from kernel
02-23 01:49:39.051  3445  3467 E IHansComunication: HANS printMessageBody: RCVed message body: type = 0, port = 86870, caller_pid = 1471, target_uid = 10240, pkg_cmd = -1
02-23 01:49:39.051  3445  3467 D IHansComunication: sendMsgToFW--type: 0, callerPid: 1471, targetUid: 10240
02-23 01:49:39.053  4093  4093 I NearbyDiscovery: (REDACTED) FastPairDisplayObserver: %s -> %s
02-23 01:49:39.055  2904  4028 I ScreenDecorations: onDisplayChanged, displayId:0, now Rotation:0, newRotation:0
02-23 01:49:39.055  1471  2564 I chatty  : uid=1000(system) ActivityManager expire 1 line
02-23 01:49:39.057  2788  2788 D TouchInteractionService: onDisplayChanged displayId = 0, mDefaultDisplayId = 0
02-23 01:49:39.057  1471  6341 I chatty  : uid=1000(system) Binder:1471_1A expire 568 lines
02-23 01:49:39.062  2788  2788 D TouchInteractionService: initTouchBounds realSize = (1080, 2340), rotation = 0, sizeFromWM = (1080,2340), rotationFromWM = 0, sizeFromDisplay = (1080,2340), rotationFromDisplay = 0, sizeFromService = (1080,2340), rotationFromService = 0, sizeFromLauncherCache = (1080,2340), rotationFromLauncherCache = 0, sizeFromActivity = (1080,2340), rotationFromActivity = 0
02-23 01:49:39.063  2788  2788 D TouchInteractionService: initTouchBounds# swipeTouchRegion: RectF(0.0, 2278.0, 1080.0, 2340.0)
02-23 01:49:39.063  2788  2788 D TouchInteractionService: initTouchBounds# assistantLeftRegion: RectF(0.0, 2278.0, 135.0, 2340.0)
02-23 01:49:39.063  2788  2788 D TouchInteractionService: initTouchBounds# assistantRightRegion: RectF(945.0, 2278.0, 1080.0, 2340.0)
02-23 01:49:39.073  2904  3954 D OpAodLightEffectContainer: progress=0.0020731091
02-23 01:49:39.046  1471  6341 W ProcessStats: setState index out of bounds. index: -1 length: 20
02-23 01:49:39.073  1471  2581 I DisplayPowerController: Unblocked screen on after 66 ms
02-23 01:49:39.073  1471  2581 I DisplayPowerController: useProximityForceSuspend = false
02-23 01:49:39.074  1471  2581 I DisplayPowerController: brightnessState 0.05.
02-23 01:49:39.074  1471  2581 I DisplayPowerController: brightnessState(m):0.05
02-23 01:49:39.074  1471  2581 I RampAnimator: target:0.05 rate:0.0 mCurrentValue:0.05 mTargetValue:0.05
02-23 01:49:39.091  2904  3954 D OpAodLightEffectContainer: progress=0.004291415
02-23 01:49:39.097  1207  4529 I SDM     : HWCSession::HandleConcurrency: sec_builtin_active 0
02-23 01:49:39.097  1322  1322 D SurfaceFlinger: Finished setting power mode 1 on display 19260235133379457
02-23 01:49:39.101  1471  2581 I AutomaticBrightnessController: handleLightSensorEvent:8.0
02-23 01:49:39.101  1471  2581 D AutomaticBrightnessController: setAmbientLux(8.0)
02-23 01:49:39.102  1471  2581 I chatty  : uid=1000(system) PowerManagerSer expire 16 lines
02-23 01:49:39.102 19703 19707 I adbd    : opening control endpoint /dev/usb-ffs/adb/ep0
02-23 01:49:39.103  1471  2581 D AutomaticBrightnessController: updateAutoBrightness: mScreenAutoBrightness=NaN, newScreenAutoBrightness=0.0643469
02-23 01:49:39.105 19703 19707 I adbd    : UsbFfsConnection constructed
02-23 01:49:39.105  1471  2571 I chatty  : uid=1000(system) ColorDisplayThr expire 8 lines
02-23 01:49:39.105  1241  1241 D vendor.oneplus.hardware.display@1.0-service: OneplusDisplay::setMode is OK mode=16 enable= 0
02-23 01:49:39.106  1241  1241 D vendor.oneplus.hardware.display@1.0-service: OneplusDisplay::setMode is OK mode=17 enable= 0
02-23 01:49:39.106  2904  3954 D OpAodLightEffectContainer: progress=0.006388724
02-23 01:49:39.106  1241  1241 D vendor.oneplus.hardware.display@1.0-service: OneplusDisplay::setMode is OK mode=18 enable= 0
02-23 01:49:39.106  1241  1241 D vendor.oneplus.hardware.display@1.0-service: OneplusDisplay::setMode is OK mode=20 enable= 0
02-23 01:49:39.106  1241  1241 D vendor.oneplus.hardware.display@1.0-service: OneplusDisplay::setMode is OK mode=21 enable= 0
02-23 01:49:39.107  1241  1241 D vendor.oneplus.hardware.display@1.0-service: OneplusDisplay::setMode is OK mode=17 enable= 1
02-23 01:49:39.107  1471  2581 I DisplayPowerController: useProximityForceSuspend = false
02-23 01:49:39.107  1471  2581 I RampAnimator: NOT REASON_AUTOMATIC!
02-23 01:49:39.108 19703 20560 I adbd    : UsbFfs-monitor thread spawned
02-23 01:49:39.108  1471  2581 I RampAnimator: target:0.0643469 rate:0.0 mCurrentValue:0.05 mTargetValue:0.05
02-23 01:49:39.110  1471  2581 V DisplayPowerController: Brightness [0.0643469] reason changing to: 'automatic', previous reason: 'manual'.
02-23 01:49:39.110  1471  2581 I DisplayPowerController: useProximityForceSuspend = false
02-23 01:49:39.111  1471  2581 I RampAnimator: target:0.0643469 rate:0.2352941 mCurrentValue:0.0643469 mTargetValue:0.0643469
02-23 01:49:39.112  2904 27591 D KeyguardViewMediator: notifyScreenTurnedOn
02-23 01:49:39.112  2904  2904 D KeyguardViewMediator: handleNotifyScreenTurnedOn
02-23 01:49:39.112  2904  2904 D KeyguardUpdateMonitor: handleScreenTurnedOn: mKeyguardIsVisible=true, UX-thread-enabled: false
02-23 01:49:39.113  2904  2904 D KeyguardUpdateMonitor: shouldListen: true, vis:true, inter:false, bouncer:false, going:false, sleep:false, occlude:false, dream:true, switch:false, disabled:false, primary:true
02-23 01:49:39.114  2904  2904 D KeyguardUpdateMonitor: updateFP: true, false, 0
02-23 01:49:39.114  2904  2904 D KeyguardUpdateMonitor: startListeningForFingerprint(), 0
02-23 01:49:39.115  2904  2904 D OpFodDimControl: enable: screen on
02-23 01:49:39.115  2904  2904 D OpFodDimControl: don't enable HBM due to no one registering fp
02-23 01:49:39.116  2904  2904 D OpFingerprintDialogView: onScreenTurnedOn: 1.0
02-23 01:49:39.117  2904  3954 I OpColorTextView: index:0
02-23 01:49:39.117  2904  4030 D OpFingerprintDialogView: shouldForceShowFod: reason= screen turned on, isWindowAttached= false, isFpEnrolled= false, isKeyguardShowing= true, isKeyguardDone= false, isDeviceInteractive= false, isDreaming= true, isLockout= false
02-23 01:49:39.117  2904  3954 D OpBuildInClockController: not support seconds.
02-23 01:49:39.119  1241  1241 D vendor.oneplus.hardware.display@1.0-service: OneplusDisplay::setMode is OK mode=19 enable= 1
02-23 01:49:39.119  1471  2571 D OpColorDisplayService: Gamma = 1.0  mOemBlackModeStatus = false  mLowBacklightStatus = true  mIsSetgammaData = false
02-23 01:49:39.121  2904  3954 D OpAodLightEffectContainer: progress=0.009538591
02-23 01:49:39.122  2904  2904 I LockIcon:  updateDarkTint state:false
02-23 01:49:39.123  1471  3650 I chatty  : uid=1000(system) Binder:1471_B expire 388 lines
02-23 01:49:39.124  2904  2904 D KeyguardUpdateMonitor: shouldListen: true, vis:true, inter:false, bouncer:false, going:false, sleep:false, occlude:false, dream:true, switch:false, disabled:false, primary:true
02-23 01:49:39.124  2904  2904 D KeyguardUpdateMonitor: updateFP: true, false, 0
02-23 01:49:39.124  2904  2904 D KeyguardUpdateMonitor: startListeningForFingerprint(), 0
02-23 01:49:39.125  2904  2904 I ClockCtrl: startUpdate: ScreenON, true
02-23 01:49:39.125  2904  2904 I OpKeyguardUpdateMonitor: onTimeChanged
02-23 01:49:39.125  2904  3061 I ClockCtrl:  schedule next: 20875
02-23 01:49:39.125  2904  2904 I OpChargingAnimationControllerImpl: onScreenTurnedOn onRefreshBatteryInfo
02-23 01:49:39.144  2904  3954 D OpAodLightEffectContainer: progress=0.013570726
02-23 01:49:39.158  2904  2904 D KeyguardUpdateMonitor: handleTimeUpdate
02-23 01:49:39.163  1471  2581 I AutomaticBrightnessController: handleLightSensorEvent:16.0
02-23 01:49:39.164  1471  2581 I chatty  : uid=1000(system) PowerManagerSer expire 10 lines
02-23 01:49:39.165  2904  3954 D OpAodLightEffectContainer: progress=0.018008292
02-23 01:49:39.170  1471  3650 I chatty  : uid=1000(system) Binder:1471_B expire 126 lines
02-23 01:49:39.176  2904  3954 I OpColorTextView: index:0
02-23 01:49:39.178  2904  3954 D OpAodLightEffectContainer: progress=0.02340275
02-23 01:49:39.178  1471  3650 W ActivityManager: Slow operation: 55ms so far, now at getContentProviderImpl: after updateOomAdj
02-23 01:49:39.178  1471  3650 W ActivityManager: Slow operation: 55ms so far, now at getContentProviderImpl: done!
02-23 01:49:39.178  1471  2553 W Looper  : Slow dispatch took 127ms android.ui h=com.android.server.am.ActivityManagerService$UiHandler c=null m=53
02-23 01:49:39.179  1471 14079 I chatty  : uid=1000(system) Binder:1471_1E expire 602 lines
02-23 01:49:39.179  2856  3726 V OPConfig:ConfigProvider: Module:OnePlusFontConfig
02-23 01:49:39.185 20515 20515 E Config:Grabber:OnePlusFontConfig: Index 0 requested, with a size of 0
02-23 01:49:39.193  2904  3954 D OpAodLightEffectContainer: progress=0.02949351
02-23 01:49:39.194 20515 20561 W ThemeOverlayManager: Skip enabled overlay package:com.google.android.overlay.modules.documentsui, user:UserHandle{0}
02-23 01:49:39.210  1471  2581 I DisplayPowerController: useProximityForceSuspend = false
02-23 01:49:39.210  2904  3954 D OpAodLightEffectContainer: progress=0.035858274
02-23 01:49:39.211  1471  2581 I RampAnimator: target:0.0643469 rate:0.2352941 mCurrentValue:0.0643469 mTargetValue:0.0643469
02-23 01:49:39.220  1471  2646 I chatty  : uid=1000(system) SettingsProvide expire 5 lines
02-23 01:49:39.225  1471  2581 I AutomaticBrightnessController: handleLightSensorEvent:17.0
02-23 01:49:39.225  2904  3954 D OpAodLightEffectContainer: progress=0.043287933
02-23 01:49:39.225  1471  2581 I chatty  : uid=1000(system) PowerManagerSer expire 20 lines
02-23 01:49:39.236  1471 14079 W ActivityManager: Slow operation: 57ms so far, now at getContentProviderImpl: after updateOomAdj
02-23 01:49:39.236  1471 14079 W ActivityManager: Slow operation: 57ms so far, now at getContentProviderImpl: done!
02-23 01:49:39.239  1471  2681 I chatty  : uid=1000(system) tworkPolicy.uid expire 5 lines
02-23 01:49:39.242  2904  3954 D OpAodLightEffectContainer: progress=0.050903857
02-23 01:49:39.250  1471  1471 W Looper  : Slow dispatch took 209ms main h=com.android.providers.settings.SettingsProvider$SettingsRegistry$MyHandler c=null m=2
