02-23 01:50:00.571 20515 20515 D CompatibilityChangeReporter: Compat change id reported: 150939131; UID 10093; state: ENABLED
02-23 01:50:00.573  1228  1247 I android.hardware.thermal@2.0-service.qti: uevent triggered for sensor: pm8005_tz
02-23 01:50:00.573  1228  1247 I chatty  : uid=0(root) thermal@2.0-ser identical 2 lines
02-23 01:50:00.574  1228  1247 I android.hardware.thermal@2.0-service.qti: uevent triggered for sensor: pm8005_tz
02-23 01:50:00.576  1228  1247 I android.hardware.thermal@2.0-service.qti: uevent triggered for sensor: pa1-therml-adc
02-23 01:50:01.905  1228  1247 I android.hardware.thermal@2.0-service.qti: uevent triggered for sensor: pm8005_tz
02-23 01:50:01.907  1228  1247 I android.hardware.thermal@2.0-service.qti: uevent triggered for sensor: pm8005_tz
02-23 01:50:01.912  1228  1247 I android.hardware.thermal@2.0-service.qti: uevent triggered for sensor: pa1-therml-adc
02-23 01:50:01.927  1184  1184 D vendor.qti.bluetooth@1.0-ibs_handler: SerialClockVote: vote for UART CLK ON
02-23 01:50:01.928  1184  1184 D vendor.qti.bluetooth@1.0-wake_lock: Acquire wakelock is acquired 
02-23 01:50:01.928  1184  1184 I vendor.qti.bluetooth@1.0-ibs_handler: DeviceWakeUp: Writing IBS_WAKE_IND
02-23 01:50:01.933  1184  4076 I vendor.qti.bluetooth@1.0-ibs_handler: ProcessIbsCmd: Received IBS_WAKE_ACK: 0xFC
02-23 01:50:01.933  1184  4076 I vendor.qti.bluetooth@1.0-ibs_handler: ProcessIbsCmd: Signal wack_cond_
02-23 01:50:01.933  1184  1184 D vendor.qti.bluetooth@1.0-ibs_handler: DeviceWakeUp: Unblocked from waiting for FC
02-23 01:50:01.934  2879  3892 E bt_osi_wakelock: wakelock_acquire wakelock acquired
02-23 01:50:01.934  1184  4076 I vendor.qti.bluetooth@1.0-ibs_handler: ProcessIbsCmd: Received IBS_WAKE_IND: 0xFD
02-23 01:50:01.934  1184  4076 I vendor.qti.bluetooth@1.0-ibs_handler: ProcessIbsCmd: Writing IBS_WAKE_ACK
02-23 01:50:01.935  1802  1896 E QMI_FW  : qmi_cci_get_ref: ref count increased 2
02-23 01:50:01.936  2879  2979 E bt_osi_wakelock: wakelock_release wakelock released
02-23 01:50:01.937  1802  1896 E QMI_FW  : qmi_cci_get_ref: ref count increased 2
02-23 01:50:01.957 19703 20922 W adbd    : timed out while waiting for FUNCTIONFS_BIND, trying again
02-23 01:50:01.957 19703 20922 I adbd    : UsbFfs: connection terminated: monitor thread finished
02-23 01:50:01.957 19703 19703 I adbd    : UsbFfs: already offline
02-23 01:50:01.957 19703 19703 I adbd    : destroying transport UsbFfs
02-23 01:50:01.957 19703 19703 I adbd    : UsbFfsConnection being destroyed
02-23 01:50:01.974  1184  4076 I vendor.qti.bluetooth@1.0-ibs_handler: ProcessIbsCmd: Received IBS_SLEEP_IND: 0xFE
02-23 01:50:01.980  1471  2567 D ExtBatteryStatsService: @@@@ awaitUninterruptibly in 86 ms
02-23 01:50:01.980  1471  2567 I chatty  : uid=1000(system) android.bg expire 1 line
02-23 01:50:01.993 19703 19707 I adbd    : opening control endpoint /dev/usb-ffs/adb/ep0
02-23 01:50:01.997 19703 19707 I adbd    : UsbFfsConnection constructed
02-23 01:50:02.006 19703 20924 I adbd    : UsbFfs-monitor thread spawned
02-23 01:50:02.274  1471 14078 I chatty  : uid=1000(system) Binder:1471_1D expire 876 lines
02-23 01:50:02.851 20630 20762 I Cloud.CloudDeviceInfo: isUserUnlocked = true
02-23 01:50:02.858 20630 20762 E Cloud.Utils: com.
02-23 01:50:02.858 20630 20762 I Cloud.SyncConfigManager: isBookmarkSoftDeleteSupported installed : false
02-23 01:50:02.859 20630 20762 W Cloud.StatusManager: isAgentAutoSyncEnabled module=bookmark, not installed
02-23 01:50:02.859 20630 20762 I Cloud.CloudDeviceInfo: isUserUnlocked = true
02-23 01:50:02.859 20630 20762 I chatty  : uid=10136(com.heytap.cloud) switch_state_sy identical 5 lines
02-23 01:50:02.859 20630 20762 I Cloud.CloudDeviceInfo: isUserUnlocked = true
02-23 01:50:02.862 20630 20762 E Cloud.Utils: com.
02-23 01:50:02.862 20630 20762 D Cloud.SyncConfigManager: isNoteSoftDeleteSupported ret = false
02-23 01:50:02.868 20630 20762 D Cloud.SyncConfigManager: isNoteSoftDeleteSupported, versionCode=1710 ret=true
02-23 01:50:02.868 20630 20762 I Cloud.CloudDeviceInfo: isUserUnlocked = true
02-23 01:50:02.868 20630 20762 I Cloud.CloudDeviceInfo: isUserUnlocked = true
02-23 01:50:02.870 20630 20762 E Cloud.Utils: com.oneplus.findmyphone
02-23 01:50:02.870 20630 20762 I Cloud.CloudDeviceInfo: isUserUnlocked = true
02-23 01:50:02.871 20630 20762 I Cloud.CloudDeviceInfo: isUserUnlocked = true
02-23 01:50:02.934  1184  4081 I vendor.qti.bluetooth@1.0-ibs_handler: DeviceSleep: TX Awake, Sending SLEEP_IND
02-23 01:50:02.935  1184  4081 D vendor.qti.bluetooth@1.0-ibs_handler: SerialClockVote: vote for UART CLK OFF
02-23 01:50:03.009 19703 20924 W adbd    : timed out while waiting for FUNCTIONFS_BIND, trying again
02-23 01:50:03.009 19703 20924 I adbd    : UsbFfs: connection terminated: monitor thread finished
02-23 01:50:03.010 19703 19703 I adbd    : UsbFfs: already offline
02-23 01:50:03.010 19703 19703 I adbd    : destroying transport UsbFfs
02-23 01:50:03.010 19703 19703 I adbd    : UsbFfsConnection being destroyed
02-23 01:50:03.043 19703 19707 I adbd    : opening control endpoint /dev/usb-ffs/adb/ep0
02-23 01:50:03.046 19703 19707 I adbd    : UsbFfsConnection constructed
02-23 01:50:03.048 19703 20925 I adbd    : UsbFfs-monitor thread spawned
02-23 01:50:03.096  1184  3895 D vendor.qti.bluetooth@1.0-wake_lock: Release wakelock is released 
02-23 01:50:03.115  1471  2588 I chatty  : uid=1000(system) PackageManager expire 20 lines
02-23 01:50:04.355  1228  1247 I android.hardware.thermal@2.0-service.qti: uevent triggered for sensor: pm8005_tz
02-23 01:50:04.355  1228  1247 I android.hardware.thermal@2.0-service.qti: uevent triggered for sensor: pm8005_tz
02-23 01:50:04.356  1228  1247 I android.hardware.thermal@2.0-service.qti: uevent triggered for sensor: pm8005_tz
02-23 01:50:04.358  1228  1247 I android.hardware.thermal@2.0-service.qti: uevent triggered for sensor: pa1-therml-adc
02-23 01:50:05.691  1228  1247 I android.hardware.thermal@2.0-service.qti: uevent triggered for sensor: pm8005_tz
02-23 01:50:05.692  1228  1247 I android.hardware.thermal@2.0-service.qti: uevent triggered for sensor: pm8005_tz
02-23 01:50:05.692  1228  1247 I android.hardware.thermal@2.0-service.qti: uevent triggered for sensor: pm8005_tz
02-23 01:50:05.694  1228  1247 I android.hardware.thermal@2.0-service.qti: uevent triggered for sensor: pa1-therml-adc
02-23 01:50:05.695  1471  6338 I chatty  : uid=1000(system) Binder:1471_19 expire 446 lines
02-23 01:50:05.699 20679 20844 E GoogleApiManager: Failed to get service from broker. 
02-23 01:50:05.699 20679 20844 E GoogleApiManager: java.lang.SecurityException: Unknown calling package name 'com.google.android.gms'.
02-23 01:50:05.699 20679 20844 E GoogleApiManager: 	at android.os.Parcel.createExceptionOrNull(Parcel.java:2373)
02-23 01:50:05.699 20679 20844 E GoogleApiManager: 	at android.os.Parcel.createException(Parcel.java:2357)
02-23 01:50:05.699 20679 20844 E GoogleApiManager: 	at android.os.Parcel.readException(Parcel.java:2340)
02-23 01:50:05.699 20679 20844 E GoogleApiManager: 	at android.os.Parcel.readException(Parcel.java:2282)
02-23 01:50:05.699 20679 20844 E GoogleApiManager: 	at bccz.a(:com.google.android.gms@260534022@26.05.34 (150400-869443408):36)
02-23 01:50:05.699 20679 20844 E GoogleApiManager: 	at bcba.z(:com.google.android.gms@260534022@26.05.34 (150400-869443408):150)
02-23 01:50:05.699 20679 20844 E GoogleApiManager: 	at bbhg.run(:com.google.android.gms@260534022@26.05.34 (150400-869443408):42)
02-23 01:50:05.699 20679 20844 E GoogleApiManager: 	at android.os.Handler.handleCallback(Handler.java:938)
02-23 01:50:05.699 20679 20844 E GoogleApiManager: 	at android.os.Handler.dispatchMessage(Handler.java:99)
02-23 01:50:05.699 20679 20844 E GoogleApiManager: 	at cotd.mb(:com.google.android.gms@260534022@26.05.34 (150400-869443408):1)
02-23 01:50:05.699 20679 20844 E GoogleApiManager: 	at cotd.dispatchMessage(:com.google.android.gms@260534022@26.05.34 (150400-869443408):5)
02-23 01:50:05.699 20679 20844 E GoogleApiManager: 	at android.os.Looper.loop(Looper.java:233)
02-23 01:50:05.699 20679 20844 E GoogleApiManager: 	at android.os.HandlerThread.run(HandlerThread.java:67)
02-23 01:50:05.700 20679 20844 W GoogleApiManager: Not showing notification since connectionResult is not user-facing: ConnectionResult{statusCode=DEVELOPER_ERROR, resolution=null, message=null, clientMethodKey=null}
02-23 01:50:07.021  1228  1247 I android.hardware.thermal@2.0-service.qti: uevent triggered for sensor: pm8005_tz
02-23 01:50:07.023  1228  1247 I chatty  : uid=0(root) thermal@2.0-ser identical 4 lines
02-23 01:50:07.024  1228  1247 I android.hardware.thermal@2.0-service.qti: uevent triggered for sensor: pm8005_tz
02-23 01:50:07.026  1228  1247 I android.hardware.thermal@2.0-service.qti: uevent triggered for sensor: pa1-therml-adc
02-23 01:50:08.339  1471  2567 D ExtBatteryStatsService: ext-flush too soon, skip
02-23 01:50:08.343  1471  2567 I chatty  : uid=1000(system) android.bg expire 1 line
02-23 01:50:08.348  1471  2567 E BGC     : get NameNotFoundException error:android.content.pm.PackageManager$NameNotFoundException: com.android.emergency.uid
02-23 01:50:08.352  1228  1247 I android.hardware.thermal@2.0-service.qti: uevent triggered for sensor: pm8005_tz
02-23 01:50:08.353  1228  1247 I android.hardware.thermal@2.0-service.qti: uevent triggered for sensor: pm8005_tz
02-23 01:50:08.355  1228  1247 I android.hardware.thermal@2.0-service.qti: uevent triggered for sensor: pa1-therml-adc
02-23 01:50:09.702  1228  1247 I android.hardware.thermal@2.0-service.qti: uevent triggered for sensor: pm8005_tz
02-23 01:50:09.703  1228  1247 I android.hardware.thermal@2.0-service.qti: uevent triggered for sensor: pm8005_tz
02-23 01:50:09.719  1228  1247 I android.hardware.thermal@2.0-service.qti: uevent triggered for sensor: pa1-therml-adc
02-23 01:50:09.905  1228  1247 I android.hardware.thermal@2.0-service.qti: uevent triggered for sensor: pm8005_tz
02-23 01:50:09.910  1228  1247 I android.hardware.thermal@2.0-service.qti: uevent triggered for sensor: pm8005_tz
02-23 01:50:09.912  1228  1247 I android.hardware.thermal@2.0-service.qti: uevent triggered for sensor: pa1-therml-adc
02-23 01:50:10.046 19703 20925 W adbd    : timed out while waiting for FUNCTIONFS_BIND, trying again
02-23 01:50:10.047 19703 20925 I adbd    : UsbFfs: connection terminated: monitor thread finished
02-23 01:50:10.049 19703 19703 I adbd    : UsbFfs: already offline
02-23 01:50:10.049 19703 19703 I adbd    : destroying transport UsbFfs
02-23 01:50:10.049 19703 19703 I adbd    : UsbFfsConnection being destroyed
02-23 01:50:10.070 19703 19707 I adbd    : opening control endpoint /dev/usb-ffs/adb/ep0
02-23 01:50:10.075 19703 19707 I adbd    : UsbFfsConnection constructed
02-23 01:50:10.077 19703 20926 I adbd    : UsbFfs-monitor thread spawned
02-23 01:50:11.023  1228  1247 I android.hardware.thermal@2.0-service.qti: uevent triggered for sensor: pm8005_tz
02-23 01:50:11.023  1228  1247 I android.hardware.thermal@2.0-service.qti: uevent triggered for sensor: pm8005_tz
02-23 01:50:11.024  1228  1247 I android.hardware.thermal@2.0-service.qti: uevent triggered for sensor: pm8005_tz
02-23 01:50:11.034  1471  1471 I chatty  : uid=1000 system_server expire 5 lines
02-23 01:50:11.039  1228  1247 I android.hardware.thermal@2.0-service.qti: uevent triggered for sensor: pa1-therml-adc
02-23 01:50:11.039  1471 14078 I chatty  : uid=1000(system) Binder:1471_1D expire 138 lines
02-23 01:50:11.057  1471  6338 I chatty  : uid=1000(system) Binder:1471_19 expire 265 lines
02-23 01:50:11.098  1471 14078 I chatty  : uid=1000(system) Binder:1471_1D expire 446 lines
02-23 01:50:12.038  1228  1247 I android.hardware.thermal@2.0-service.qti: uevent triggered for sensor: pm8005_tz
02-23 01:50:12.039  1228  1247 I chatty  : uid=0(root) thermal@2.0-ser identical 2 lines
02-23 01:50:12.039  1228  1247 I android.hardware.thermal@2.0-service.qti: uevent triggered for sensor: pm8005_tz
02-23 01:50:12.042  1228  1247 I android.hardware.thermal@2.0-service.qti: uevent triggered for sensor: pa1-therml-adc
02-23 01:50:12.217  1228  1247 I android.hardware.thermal@2.0-service.qti: uevent triggered for sensor: pm8005_tz
02-23 01:50:12.230  1228  1247 I android.hardware.thermal@2.0-service.qti: uevent triggered for sensor: pm8005_tz
02-23 01:50:12.234  1228  1247 I android.hardware.thermal@2.0-service.qti: uevent triggered for sensor: pa1-therml-adc
02-23 01:50:12.428  1184  1184 D vendor.qti.bluetooth@1.0-ibs_handler: SerialClockVote: vote for UART CLK ON
02-23 01:50:12.430  1184  1184 D vendor.qti.bluetooth@1.0-wake_lock: Acquire wakelock is acquired 
02-23 01:50:12.430  1184  1184 I vendor.qti.bluetooth@1.0-ibs_handler: DeviceWakeUp: Writing IBS_WAKE_IND
02-23 01:50:12.433  1184  4076 I vendor.qti.bluetooth@1.0-ibs_handler: ProcessIbsCmd: Received IBS_WAKE_ACK: 0xFC
02-23 01:50:12.433  1184  4076 I vendor.qti.bluetooth@1.0-ibs_handler: ProcessIbsCmd: Signal wack_cond_
02-23 01:50:12.433  1184  1184 D vendor.qti.bluetooth@1.0-ibs_handler: DeviceWakeUp: Unblocked from waiting for FC
02-23 01:50:12.434  1184  4076 I vendor.qti.bluetooth@1.0-ibs_handler: ProcessIbsCmd: Received IBS_WAKE_IND: 0xFD
02-23 01:50:12.434  1184  4076 I vendor.qti.bluetooth@1.0-ibs_handler: ProcessIbsCmd: Writing IBS_WAKE_ACK
02-23 01:50:12.434  2879  3892 E bt_osi_wakelock: wakelock_acquire wakelock acquired
02-23 01:50:12.435  2879  2979 E bt_osi_wakelock: wakelock_release wakelock released
02-23 01:50:12.438  1802  1896 E QMI_FW  : qmi_cci_get_ref: ref count increased 2
02-23 01:50:12.441  1802  1896 E QMI_FW  : qmi_cci_get_ref: ref count increased 2
02-23 01:50:12.475  1184  4076 I vendor.qti.bluetooth@1.0-ibs_handler: ProcessIbsCmd: Received IBS_SLEEP_IND: 0xFE
02-23 01:50:12.488  1471  2567 D ExtBatteryStatsService: @@@@ awaitUninterruptibly in 97 ms
02-23 01:50:12.489  1471  2567 I chatty  : uid=1000(system) android.bg expire 1 line
02-23 01:50:12.500  1471  2552 I chatty  : uid=1000(system) android.fg expire 1114 lines
02-23 01:50:12.591  1471  2552 W Looper  : Drained
02-23 01:50:12.592  1471 14078 I chatty  : uid=1000(system) Binder:1471_1D expire 536 lines
02-23 01:50:12.659  1471 14078 D ActivityManager: kill pid:19223 processName:com.google.android.configupdater reason:empty #31
02-23 01:50:12.659  1471 14078 I ActivityManager: Killing 19223:com.google.android.configupdater/u0a124 (adj 999): empty #31
02-23 01:50:12.672  1471  2553 W Looper  : Slow dispatch took 171ms android.ui h=com.android.server.am.ActivityManagerService$UiHandler c=null m=53
02-23 01:50:12.700  1077  1077 I Zygote  : Process 19223 exited due to signal 9 (Killed)
02-23 01:50:12.701  1471  2564 I chatty  : uid=1000(system) ActivityManager expire 1 line
02-23 01:50:12.703  1471  3857 W ProcessStats: setState index out of bounds. index: -1 length: 20
02-23 01:50:12.706  1471  3857 I chatty  : uid=1000(system) Binder:1471_F expire 702 lines
02-23 01:50:12.830 19703 20926 W adbd    : timed out while waiting for FUNCTIONFS_BIND, trying again
02-23 01:50:12.831 19703 20926 I adbd    : UsbFfs: connection terminated: monitor thread finished
02-23 01:50:12.832 19703 19703 I adbd    : UsbFfs: already offline
02-23 01:50:12.832 19703 19703 I adbd    : destroying transport UsbFfs
02-23 01:50:12.832 19703 19703 I adbd    : UsbFfsConnection being destroyed
02-23 01:50:12.863 19703 19707 I adbd    : opening control endpoint /dev/usb-ffs/adb/ep0
02-23 01:50:12.866 19703 19707 I adbd    : UsbFfsConnection constructed
02-23 01:50:12.872 19703 20927 I adbd    : UsbFfs-monitor thread spawned
02-23 01:50:12.704  1471  3857 W ProcessStats: setState index out of bounds. index: -1 length: 20
02-23 01:50:13.000  1471  2567 D ExtBatteryStatsService: ext-flush too soon, skip
02-23 01:50:13.002  1471  2567 I chatty  : uid=1000(system) android.bg expire 1 line
02-23 01:50:13.410  4093  4093 D BoundBrokerSvc: onUnbind: Intent { act=com.google.android.gms.libs.gmscorelogger.service.START dat=chimera-action: cmp=com.google.android.gms/.chimera.PersistentDirectBootAwareApiService }
02-23 01:50:13.416  1471  3857 I chatty  : uid=1000(system) Binder:1471_F expire 479 lines
02-23 01:50:13.434  1184  4081 I vendor.qti.bluetooth@1.0-ibs_handler: DeviceSleep: TX Awake, Sending SLEEP_IND
02-23 01:50:13.434  1184  4081 D vendor.qti.bluetooth@1.0-ibs_handler: SerialClockVote: vote for UART CLK OFF
02-23 01:50:13.462  1471  3857 W ProcessStats: Tracking association SourceState{6e7e3fd moe.haruue.wadb/10239 Top #9691} whose proc state 1 is better than process ProcessState{ceee68a com.oneplus.config/1000 pkg=com.oneplus.config} proc state 2 (13 skipped)
02-23 01:50:13.463  1471  3858 I chatty  : uid=1000(system) Binder:1471_10 expire 326 lines
02-23 01:50:13.584  1184  3895 D vendor.qti.bluetooth@1.0-wake_lock: Release wakelock is released 
02-23 01:50:13.592  5064  5064 D BoundBrokerSvc: onUnbind: Intent { act=com.google.android.gms.feedback.internal.IFeedbackService dat=chimera-action: cmp=com.google.android.gms/.chimera.GmsBoundBrokerService }
02-23 01:50:14.186  1228  1247 I android.hardware.thermal@2.0-service.qti: uevent triggered for sensor: pm8005_tz
02-23 01:50:14.187  1228  1247 I android.hardware.thermal@2.0-service.qti: uevent triggered for sensor: pm8005_tz
02-23 01:50:14.188  1228  1247 I android.hardware.thermal@2.0-service.qti: uevent triggered for sensor: pm8005_tz
02-23 01:50:14.190  1228  1247 I android.hardware.thermal@2.0-service.qti: uevent triggered for sensor: pa1-therml-adc
02-23 01:50:14.191  1471 14078 I chatty  : uid=1000(system) Binder:1471_1D expire 1 line
02-23 01:50:14.197  1471  3858 I chatty  : uid=1000(system) Binder:1471_10 expire 450 lines
02-23 01:50:14.247  1471  2553 W Looper  : Slow dispatch took 211ms android.ui h=com.android.server.am.ActivityManagerService$UiHandler c=null m=31
02-23 01:50:14.248  1471  3857 I chatty  : uid=1000(system) Binder:1471_F expire 339 lines
02-23 01:50:14.894  1471  2567 D ExtBatteryStatsService: ext-flush too soon, skip
02-23 01:50:14.897  1471  2567 I chatty  : uid=1000(system) android.bg expire 1 line
02-23 01:50:14.907  1228  1247 I android.hardware.thermal@2.0-service.qti: uevent triggered for sensor: pm8005_tz
02-23 01:50:14.907  1228  1247 I chatty  : uid=0(root) thermal@2.0-ser identical 5 lines
02-23 01:50:14.908  1228  1247 I android.hardware.thermal@2.0-service.qti: uevent triggered for sensor: pm8005_tz
02-23 01:50:14.910  1228  1247 I android.hardware.thermal@2.0-service.qti: uevent triggered for sensor: pa1-therml-adc
02-23 01:50:15.003  1471  2499 I chatty  : uid=1000(system) HeapTaskDaemon expire 1 line
02-23 01:50:15.046 19703 20927 W adbd    : timed out while waiting for FUNCTIONFS_BIND, trying again
02-23 01:50:15.047 19703 20927 I adbd    : UsbFfs: connection terminated: monitor thread finished
02-23 01:50:16.233 19703 19703 I adbd    : UsbFfs: already offline
02-23 01:50:16.233 19703 19703 I adbd    : destroying transport UsbFfs
02-23 01:50:16.234 19703 19703 I adbd    : UsbFfsConnection being destroyed
02-23 01:50:16.235  1228  1247 I android.hardware.thermal@2.0-service.qti: uevent triggered for sensor: pm8005_tz
02-23 01:50:16.236  1228  1247 I android.hardware.thermal@2.0-service.qti: uevent triggered for sensor: pm8005_tz
02-23 01:50:16.238  1228  1247 I android.hardware.thermal@2.0-service.qti: uevent triggered for sensor: pa1-therml-adc
02-23 01:50:16.284 19703 19707 I adbd    : opening control endpoint /dev/usb-ffs/adb/ep0
02-23 01:50:16.287 19703 19707 I adbd    : UsbFfsConnection constructed
02-23 01:50:16.290 19703 20928 I adbd    : UsbFfs-monitor thread spawned
02-23 01:50:17.565  1228  1247 I android.hardware.thermal@2.0-service.qti: uevent triggered for sensor: pm8005_tz
02-23 01:50:17.566  1228  1247 I android.hardware.thermal@2.0-service.qti: uevent triggered for sensor: pm8005_tz
02-23 01:50:17.568  1228  1247 I android.hardware.thermal@2.0-service.qti: uevent triggered for sensor: pa1-therml-adc
02-23 01:50:18.902  1228  1247 I android.hardware.thermal@2.0-service.qti: uevent triggered for sensor: pm8005_tz
02-23 01:50:18.903  1228  1247 I android.hardware.thermal@2.0-service.qti: uevent triggered for sensor: pm8005_tz
02-23 01:50:18.905  1228  1247 I android.hardware.thermal@2.0-service.qti: uevent triggered for sensor: pa1-therml-adc
02-23 01:50:20.236  1228  1247 I android.hardware.thermal@2.0-service.qti: uevent triggered for sensor: pm8005_tz
02-23 01:50:20.237  1228  1247 I android.hardware.thermal@2.0-service.qti: uevent triggered for sensor: pm8005_tz
02-23 01:50:20.239  1228  1247 I android.hardware.thermal@2.0-service.qti: uevent triggered for sensor: pa1-therml-adc
02-23 01:50:20.350  1471  3857 I chatty  : uid=1000(system) Binder:1471_F expire 392 lines
02-23 01:50:21.253  1228  1247 I android.hardware.thermal@2.0-service.qti: uevent triggered for sensor: pm8005_tz
02-23 01:50:21.254  1228  1247 I android.hardware.thermal@2.0-service.qti: uevent triggered for sensor: pm8005_tz
02-23 01:50:21.254  1228  1247 I android.hardware.thermal@2.0-service.qti: uevent triggered for sensor: pm8005_tz
02-23 01:50:21.255  4522  4602 I ThermalEngine: Monitor : quiet_therm = 26559, msm_therm = 27385, xo_therm = 27889, battery_therm = 253,current_now = 57000 
02-23 01:50:21.256  1228  1247 I android.hardware.thermal@2.0-service.qti: uevent triggered for sensor: pa1-therml-adc
02-23 01:50:21.257  1471  3858 I chatty  : uid=1000(system) Binder:1471_10 expire 1 line
02-23 01:50:21.330  1471  3857 I chatty  : uid=1000(system) Binder:1471_F expire 694 lines
02-23 01:50:21.333  5064  5064 D BoundBrokerSvc: onUnbind: Intent { act=com.google.android.gms.backup.GMS_MODULE_RESTORE dat=chimera-action: cmp=com.google.android.gms/.chimera.GmsInternalBoundBrokerService }
02-23 01:50:22.596  1228  1247 I android.hardware.thermal@2.0-service.qti: uevent triggered for sensor: pm8005_tz
02-23 01:50:22.597  1471  2553 W Looper  : Slow dispatch took 222ms android.ui h=com.android.server.am.ActivityManagerService$UiHandler c=null m=31
02-23 01:50:22.596  1228  1247 I chatty  : uid=0(root) thermal@2.0-ser identical 1 line
02-23 01:50:22.597  1228  1247 I android.hardware.thermal@2.0-service.qti: uevent triggered for sensor: pm8005_tz
02-23 01:50:22.599  1228  1247 I android.hardware.thermal@2.0-service.qti: uevent triggered for sensor: pa1-therml-adc
02-23 01:50:22.599  1471  5141 I chatty  : uid=1000(system) Binder:1471_15 expire 1 line
02-23 01:50:22.610  1471  3858 I chatty  : uid=1000(system) Binder:1471_10 expire 545 lines
02-23 01:50:22.680  1471 14078 I chatty  : uid=1000(system) Binder:1471_1D expire 350 lines
02-23 01:50:23.917  1228  1247 I android.hardware.thermal@2.0-service.qti: uevent triggered for sensor: pm8005_tz
02-23 01:50:23.917  1228  1247 I android.hardware.thermal@2.0-service.qti: uevent triggered for sensor: pm8005_tz
02-23 01:50:23.918  1228  1247 I android.hardware.thermal@2.0-service.qti: uevent triggered for sensor: pm8005_tz
02-23 01:50:23.923  1228  1247 I android.hardware.thermal@2.0-service.qti: uevent triggered for sensor: pa1-therml-adc
02-23 01:50:23.924  1471  3857 I chatty  : uid=1000(system) Binder:1471_F expire 1 line
02-23 01:50:23.925  1471 14078 I chatty  : uid=1000(system) Binder:1471_1D expire 195 lines
02-23 01:50:23.941  1471  2553 W Looper  : Slow dispatch took 307ms android.ui h=com.android.server.am.ActivityManagerService$UiHandler c=null m=31
02-23 01:50:23.941  1471  3858 I chatty  : uid=1000(system) Binder:1471_10 expire 905 lines
02-23 01:50:23.949  4093  4093 D BoundBrokerSvc: onUnbind: Intent { act=com.google.android.gms.auth.aang.events.services.START dat=chimera-action: cmp=com.google.android.gms/.chimera.PersistentApiService }
02-23 01:50:23.982  1471 14078 I chatty  : uid=1000(system) Binder:1471_1D expire 100 lines
02-23 01:50:24.025  1471  3858 I chatty  : uid=1000(system) Binder:1471_10 expire 822 lines
02-23 01:50:25.252  1228  1247 I android.hardware.thermal@2.0-service.qti: uevent triggered for sensor: pm8005_tz
02-23 01:50:25.253  1228  1247 I android.hardware.thermal@2.0-service.qti: uevent triggered for sensor: pm8005_tz
02-23 01:50:25.253  1228  1247 I android.hardware.thermal@2.0-service.qti: uevent triggered for sensor: pm8005_tz
02-23 01:50:25.255  1228  1247 I android.hardware.thermal@2.0-service.qti: uevent triggered for sensor: pa1-therml-adc
02-23 01:50:25.289 19703 20928 W adbd    : timed out while waiting for FUNCTIONFS_BIND, trying again
02-23 01:50:25.289 19703 20928 I adbd    : UsbFfs: connection terminated: monitor thread finished
02-23 01:50:25.289 19703 19703 I adbd    : UsbFfs: already offline
02-23 01:50:25.289 19703 19703 I adbd    : destroying transport UsbFfs
02-23 01:50:25.290 19703 19703 I adbd    : UsbFfsConnection being destroyed
02-23 01:50:25.328 19703 19707 I adbd    : opening control endpoint /dev/usb-ffs/adb/ep0
02-23 01:50:25.332 19703 19707 I adbd    : UsbFfsConnection constructed
02-23 01:50:25.334 19703 20929 I adbd    : UsbFfs-monitor thread spawned
02-23 01:50:26.570  1471  2655 V AlarmManager: Triggering alarm #0: 3 when =3232204 package =com.google.android.gms operation = null listenTag =FusedLocation:throttling_delivery flags =0x1
02-23 01:50:26.584  1228  1247 I android.hardware.thermal@2.0-service.qti: uevent triggered for sensor: pm8005_tz
02-23 01:50:26.584  1228  1247 I chatty  : uid=0(root) thermal@2.0-ser identical 10 lines
02-23 01:50:26.585  1228  1247 I android.hardware.thermal@2.0-service.qti: uevent triggered for sensor: pm8005_tz
02-23 01:50:26.587  1228  1247 I android.hardware.thermal@2.0-service.qti: uevent triggered for sensor: pa1-therml-adc
02-23 01:50:26.573  5064  5064 W ThreadPoolForeg: type=1400 audit(0.0:712): avc: denied { write } for name="traced_producer" dev="tmpfs" ino=32844 scontext=u:r:gmscore_app:s0:c512,c768 tcontext=u:object_r:traced_producer_socket:s0 tclass=sock_file permissive=0 app=com.google.android.gms
02-23 01:50:26.594  4093  9389 I FusedLocation: (REDACTED) location delivery to %s blocked - too close
02-23 01:50:26.594  4093  9389 I FusedLocation: (REDACTED) location delivery to %s blocked - too close
02-23 01:50:26.594  2904  2904 D KeyguardUpdateMonitor: received broadcast android.intent.action.TIME_TICK
02-23 01:50:26.598  2904  3954 I OpColorTextView: index:0
02-23 01:50:26.600  2904  2904 I OpColorTextView: index:0
02-23 01:50:26.609  1471  2655 V AlarmManager: Triggering alarm #0: 2 when =3219923 package =android operation = null listenTag =DeviceIdleController.light flags =0x8
02-23 01:50:26.614  1471  2567 D OpPowerManager: Enter LightIdle, more aggressive to handle black audio
02-23 01:50:26.614  1471  2567 I chatty  : uid=1000(system) android.bg expire 21 lines
02-23 01:50:26.623 20679 20858 V NativeCrypto: Read error: ssl=0x77f35ab458: I/O error during system call, Software caused connection abort
02-23 01:50:26.624 20679 20858 V NativeCrypto: Write error: ssl=0x77f35ab458: I/O error during system call, Broken pipe
02-23 01:50:26.624 20679 20858 V NativeCrypto: Write error: ssl=0x77f35ab458: I/O error during system call, Broken pipe
02-23 01:50:26.625 20679 20858 V NativeCrypto: SSL shutdown failed: ssl=0x77f35ab458: I/O error during system call, Success
02-23 01:50:26.627  2904  2904 D KeyguardClockPositionAlgorithm: getClockY()184
02-23 01:50:26.627  2904  2904 I chatty  : uid=10193(com.android.systemui) identical 1 line
02-23 01:50:26.627  2904  2904 D KeyguardClockPositionAlgorithm: getClockY()184
02-23 01:50:26.664  3445  3467 D IHansComunication: HANS handleMessage: Got message from kernel
02-23 01:50:26.664  3445  3467 E IHansComunication: HANS printMessageBody: RCVed message body: type = 0, port = 86870, caller_pid = 1471, target_uid = 10236, pkg_cmd = -1
02-23 01:50:26.664  3445  3467 D IHansComunication: sendMsgToFW--type: 0, callerPid: 1471, targetUid: 10236
02-23 01:50:26.670  3445  3467 D IHansComunication: HANS handleMessage: Got message from kernel
02-23 01:50:26.671  3445  3467 E IHansComunication: HANS printMessageBody: RCVed message body: type = 0, port = 86870, caller_pid = 1471, target_uid = 10240, pkg_cmd = -1
02-23 01:50:26.671  3445  3467 D IHansComunication: sendMsgToFW--type: 0, callerPid: 1471, targetUid: 10240
02-23 01:50:26.674  1471  2567 D OPSA    : Enter First LightIdle, schedule to SNAPSHOT in 10000 ms, now=1356642
02-23 01:50:26.674  1471  2567 V OpPowerControllerService: Update mIsAfter1stLightIdle to true, mIsUnderRestriction=NA
02-23 01:50:26.691  1471  2562 I OHPD    : [BGC] checkAbnBgKillLocked, doExecution: true
02-23 01:50:27.296  1228  1247 I android.hardware.thermal@2.0-service.qti: uevent triggered for sensor: pm8005_tz
02-23 01:50:27.297  1228  1247 I android.hardware.thermal@2.0-service.qti: uevent triggered for sensor: pm8005_tz
02-23 01:50:27.299  1228  1247 I android.hardware.thermal@2.0-service.qti: uevent triggered for sensor: pa1-therml-adc
02-23 01:50:27.300  1471 14078 I chatty  : uid=1000(system) Binder:1471_1D expire 314 lines
02-23 01:50:27.463  1228  1247 I android.hardware.thermal@2.0-service.qti: uevent triggered for sensor: pm8005_tz
02-23 01:50:27.474  1228  1247 I android.hardware.thermal@2.0-service.qti: uevent triggered for sensor: pm8005_tz
02-23 01:50:27.476  1228  1247 I android.hardware.thermal@2.0-service.qti: uevent triggered for sensor: pa1-therml-adc
02-23 01:50:27.774  1228  1247 I android.hardware.thermal@2.0-service.qti: uevent triggered for sensor: pm8005_tz
02-23 01:50:27.785  1228  1247 I android.hardware.thermal@2.0-service.qti: uevent triggered for sensor: pm8005_tz
02-23 01:50:27.790  1228  1247 I android.hardware.thermal@2.0-service.qti: uevent triggered for sensor: pa1-therml-adc
02-23 01:50:27.854  1471 20931 V ProcessCpuTracker: NP(pids.length): 1280
02-23 01:50:27.861  1471 20931 V ProcessCpuTracker: curStatsIndex: 100
02-23 01:50:27.866  1471 20931 V ProcessCpuTracker: curStatsIndex: 200
02-23 01:50:27.871  1471 20931 V ProcessCpuTracker: curStatsIndex: 300
02-23 01:50:27.876  1471 20931 V ProcessCpuTracker: curStatsIndex: 400
02-23 01:50:27.883  1471 20931 V ProcessCpuTracker: curStatsIndex: 500
02-23 01:50:27.891  1471 20931 V ProcessCpuTracker: curStatsIndex: 600
02-23 01:50:27.911  1471 20931 V ProcessCpuTracker: curStatsIndex: 700
02-23 01:50:27.928  1471 20931 V ProcessCpuTracker: curStatsIndex: 800
02-23 01:50:27.939  1471 20931 V ProcessCpuTracker: curStatsIndex: 900
02-23 01:50:27.942  1471 20931 I ProcessCpuTracker: *** TIME TO COLLECT STATS: 100 Load: 5.02 / 5.89 / 4.48
02-23 01:50:27.944  1471 20931 I chatty  : uid=1000 system_server expire 5 lines
02-23 01:50:27.945  1471 20931 I ActivityManager: pid= 680 st.name = suspend@1.0-ser cpuPercent = 29 st.rel_utime =0 st.rel_stime =2900
02-23 01:50:27.945  1471 20931 I ActivityManager: pid= 1471 st.name = system_server cpuPercent = 21 st.rel_utime =1510 st.rel_stime =620
02-23 01:50:28.144 19703 20929 W adbd    : timed out while waiting for FUNCTIONFS_BIND, trying again
02-23 01:50:28.144 19703 20929 I adbd    : UsbFfs: connection terminated: monitor thread finished
02-23 01:50:28.145 19703 19703 I adbd    : UsbFfs: already offline
02-23 01:50:28.145 19703 19703 I adbd    : destroying transport UsbFfs
02-23 01:50:28.145 19703 19703 I adbd    : UsbFfsConnection being destroyed
02-23 01:50:28.176 19703 19707 I adbd    : opening control endpoint /dev/usb-ffs/adb/ep0
02-23 01:50:28.181 19703 19707 I adbd    : UsbFfsConnection constructed
02-23 01:50:28.188 19703 20932 I adbd    : UsbFfs-monitor thread spawned
02-23 01:50:29.144  1228  1247 I android.hardware.thermal@2.0-service.qti: uevent triggered for sensor: pm8005_tz
02-23 01:50:29.146  1228  1247 I android.hardware.thermal@2.0-service.qti: uevent triggered for sensor: pm8005_tz
02-23 01:50:29.153  1228  1247 I android.hardware.thermal@2.0-service.qti: uevent triggered for sensor: pa1-therml-adc
02-23 01:50:30.475  1228  1247 I android.hardware.thermal@2.0-service.qti: uevent triggered for sensor: pm8005_tz
02-23 01:50:30.476  1228  1247 I android.hardware.thermal@2.0-service.qti: uevent triggered for sensor: pm8005_tz
02-23 01:50:30.478  1228  1247 I android.hardware.thermal@2.0-service.qti: uevent triggered for sensor: pa1-therml-adc
02-23 01:50:31.789  1294  5854 E oemlogkit: oemlogkit: Android log path: (null). Inside
02-23 01:50:31.789  1294  5854 E oemlogkit: oemlogkit: !start_log, sleep
02-23 01:50:31.807  1228  1247 I android.hardware.thermal@2.0-service.qti: uevent triggered for sensor: pm8005_tz
02-23 01:50:31.808  1228  1247 I android.hardware.thermal@2.0-service.qti: uevent triggered for sensor: pm8005_tz
02-23 01:50:31.817  1228  1247 I android.hardware.thermal@2.0-service.qti: uevent triggered for sensor: pa1-therml-adc
02-23 01:50:33.137  1228  1247 I android.hardware.thermal@2.0-service.qti: uevent triggered for sensor: pm8005_tz
02-23 01:50:33.138  1228  1247 I android.hardware.thermal@2.0-service.qti: uevent triggered for sensor: pm8005_tz
02-23 01:50:33.140  1228  1247 I android.hardware.thermal@2.0-service.qti: uevent triggered for sensor: pa1-therml-adc
02-23 01:50:33.851  1228  1247 I android.hardware.thermal@2.0-service.qti: uevent triggered for sensor: pm8005_tz
02-23 01:50:33.852  1228  1247 I android.hardware.thermal@2.0-service.qti: uevent triggered for sensor: pm8005_tz
02-23 01:50:33.863  1228  1247 I android.hardware.thermal@2.0-service.qti: uevent triggered for sensor: pa1-therml-adc
02-23 01:50:34.567  1228  1247 I android.hardware.thermal@2.0-service.qti: uevent triggered for sensor: pm8005_tz
02-23 01:50:34.568  1228  1247 I android.hardware.thermal@2.0-service.qti: uevent triggered for sensor: pm8005_tz
02-23 01:50:34.570  1228  1247 I android.hardware.thermal@2.0-service.qti: uevent triggered for sensor: pa1-therml-adc
02-23 01:50:34.571  1471  3857 I chatty  : uid=1000(system) Binder:1471_F expire 137 lines
02-23 01:50:34.597  1471 14078 I chatty  : uid=1000(system) Binder:1471_1D expire 266 lines
02-23 01:50:34.628  1471 14078 D ActivityManager: kill pid:26533 processName:com.google.android.youtube reason:empty #31
02-23 01:50:34.628  1471 14078 I ActivityManager: Killing 26533:com.google.android.youtube/u0a141 (adj 999): empty #31
02-23 01:50:34.632  1471 14078 D ActivityManager: kill pid:5021 processName:com.google.process.gservices reason:empty #32
02-23 01:50:34.632  1471 14078 I ActivityManager: Killing 5021:com.google.process.gservices/u0a135 (adj 999): empty #32
02-23 01:50:34.664  1471  3857 W ProcessStats: setState index out of bounds. index: -1 length: 20
02-23 01:50:34.666  1077  1077 I Zygote  : Process 5021 exited due to signal 9 (Killed)
02-23 01:50:34.688  1471  3857 I chatty  : uid=1000(system) Binder:1471_F expire 374 lines
02-23 01:50:35.888  1471  2564 I chatty  : uid=1000(system) ActivityManager expire 2 lines
02-23 01:50:34.666  1471  3857 W ProcessStats: setState index out of bounds. index: -1 length: 20
02-23 01:50:35.889  1471  3856 D ConnectivityService: ConnectivityService NetworkRequestInfo binderDied(NetworkRequest [ TRACK_DEFAULT id=119, [ Capabilities: INTERNET&NOT_RESTRICTED&TRUSTED Uid: 10141 AdministratorUids: [] RequestorUid: 10141 RequestorPackageName: com.google.android.youtube] ], android.os.BinderProxy@f18ba87)
02-23 01:50:35.890  1471  3856 D ConnectivityService: ConnectivityService NetworkRequestInfo binderDied(NetworkRequest [ LISTEN id=120, [ Capabilities: INTERNET&NOT_RESTRICTED&TRUSTED&FOREGROUND Uid: 10141 AdministratorUids: [] RequestorUid: 10141 RequestorPackageName: com.google.android.youtube] ], android.os.BinderProxy@1c6bdb4)
02-23 01:50:35.890  1471  5141 D ConnectivityService: ConnectivityService NetworkRequestInfo binderDied(NetworkRequest [ TRACK_DEFAULT id=121, [ Capabilities: INTERNET&NOT_RESTRICTED&TRUSTED Uid: 10141 AdministratorUids: [] RequestorUid: 10141 RequestorPackageName: com.google.android.youtube] ], android.os.BinderProxy@ca3cddd)
02-23 01:50:35.890  1471  3858 D ConnectivityService: ConnectivityService NetworkRequestInfo binderDied(NetworkRequest [ TRACK_DEFAULT id=122, [ Capabilities: INTERNET&NOT_RESTRICTED&TRUSTED Uid: 10141 AdministratorUids: [] RequestorUid: 10141 RequestorPackageName: com.google.android.youtube] ], android.os.BinderProxy@662d52)
02-23 01:50:35.890  1471  5141 D ConnectivityService: ConnectivityService NetworkRequestInfo binderDied(NetworkRequest [ TRACK_DEFAULT id=123, [ Capabilities: INTERNET&NOT_RESTRICTED&TRUSTED Uid: 10141 AdministratorUids: [] RequestorUid: 10141 RequestorPackageName: com.google.android.youtube] ], android.os.BinderProxy@cbc7823)
02-23 01:50:35.897  1471  2696 D ConnectivityService: releasing NetworkRequest [ TRACK_DEFAULT id=119, [ Capabilities: INTERNET&NOT_RESTRICTED&TRUSTED Uid: 10141 AdministratorUids: [] RequestorUid: 10141 RequestorPackageName: com.google.android.youtube] ] (release request)
02-23 01:50:35.899  1471  2696 D ConnectivityService: releasing NetworkRequest [ TRACK_DEFAULT id=121, [ Capabilities: INTERNET&NOT_RESTRICTED&TRUSTED Uid: 10141 AdministratorUids: [] RequestorUid: 10141 RequestorPackageName: com.google.android.youtube] ] (release request)
02-23 01:50:35.899  1471  2696 D ConnectivityService: releasing NetworkRequest [ TRACK_DEFAULT id=122, [ Capabilities: INTERNET&NOT_RESTRICTED&TRUSTED Uid: 10141 AdministratorUids: [] RequestorUid: 10141 RequestorPackageName: com.google.android.youtube] ] (release request)
02-23 01:50:35.899  1471  2696 D ConnectivityService: releasing NetworkRequest [ TRACK_DEFAULT id=123, [ Capabilities: INTERNET&NOT_RESTRICTED&TRUSTED Uid: 10141 AdministratorUids: [] RequestorUid: 10141 RequestorPackageName: com.google.android.youtube] ] (release request)
02-23 01:50:35.899 14085 14085 D PhoneSwitcherNetworkRequstListener: releaseNetworkFor NetworkRequest [ TRACK_DEFAULT id=119, [ Capabilities: INTERNET&NOT_RESTRICTED&TRUSTED Uid: 10141 AdministratorUids: [] RequestorUid: 10141 RequestorPackageName: com.google.android.youtube] ]
02-23 01:50:35.900 14085 14085 D PhoneSwitcherNetworkRequstListener: releaseNetworkFor NetworkRequest [ TRACK_DEFAULT id=121, [ Capabilities: INTERNET&NOT_RESTRICTED&TRUSTED Uid: 10141 AdministratorUids: [] RequestorUid: 10141 RequestorPackageName: com.google.android.youtube] ]
02-23 01:50:35.900 14085 14085 D PhoneSwitcherNetworkRequstListener: releaseNetworkFor NetworkRequest [ TRACK_DEFAULT id=122, [ Capabilities: INTERNET&NOT_RESTRICTED&TRUSTED Uid: 10141 AdministratorUids: [] RequestorUid: 10141 RequestorPackageName: com.google.android.youtube] ]
02-23 01:50:35.900  1228  1247 I android.hardware.thermal@2.0-service.qti: uevent triggered for sensor: pm8005_tz
02-23 01:50:35.901  1228  1247 I android.hardware.thermal@2.0-service.qti: uevent triggered for sensor: pm8005_tz
02-23 01:50:35.901  1228  1247 I android.hardware.thermal@2.0-service.qti: uevent triggered for sensor: pm8005_tz
02-23 01:50:35.901  1077  1077 I Zygote  : Process 26533 exited due to signal 9 (Killed)
02-23 01:50:35.903  1228  1247 I android.hardware.thermal@2.0-service.qti: uevent triggered for sensor: pa1-therml-adc
02-23 01:50:35.904  1471 14080 I chatty  : uid=1000(system) Binder:1471_1F expire 1 line
02-23 01:50:35.912 14085 14085 D PhoneSwitcherNetworkRequstListener: releaseNetworkFor NetworkRequest [ TRACK_DEFAULT id=123, [ Capabilities: INTERNET&NOT_RESTRICTED&TRUSTED Uid: 10141 AdministratorUids: [] RequestorUid: 10141 RequestorPackageName: com.google.android.youtube] ]
02-23 01:50:35.921  1471  3857 I chatty  : uid=1000(system) Binder:1471_F expire 53 lines
02-23 01:50:35.926  1471  2506 W ProcessStats: setState index out of bounds. index: -1 length: 20
02-23 01:50:35.928  1471  2506 I chatty  : uid=1000(system) Binder:1471_2 expire 564 lines
02-23 01:50:35.972 19703 20932 W adbd    : timed out while waiting for FUNCTIONFS_BIND, trying again
02-23 01:50:35.972 19703 20932 I adbd    : UsbFfs: connection terminated: monitor thread finished
02-23 01:50:35.972 19703 19703 I adbd    : UsbFfs: already offline
02-23 01:50:35.972 19703 19703 I adbd    : destroying transport UsbFfs
02-23 01:50:35.973 19703 19703 I adbd    : UsbFfsConnection being destroyed
02-23 01:50:36.001  1471  2681 I chatty  : uid=1000(system) tworkPolicy.uid expire 16 lines
02-23 01:50:36.009 19703 19707 I adbd    : opening control endpoint /dev/usb-ffs/adb/ep0
02-23 01:50:36.011 19703 19707 I adbd    : UsbFfsConnection constructed
02-23 01:50:36.013 19703 20935 I adbd    : UsbFfs-monitor thread spawned
02-23 01:50:37.232  1228  1247 I android.hardware.thermal@2.0-service.qti: uevent triggered for sensor: pm8005_tz
02-23 01:50:37.233  1228  1247 I chatty  : uid=0(root) thermal@2.0-ser identical 11 lines
02-23 01:50:37.234  1228  1247 I android.hardware.thermal@2.0-service.qti: uevent triggered for sensor: pm8005_tz
02-23 01:50:37.237  1228  1247 I android.hardware.thermal@2.0-service.qti: uevent triggered for sensor: pa1-therml-adc
02-23 01:50:38.260  1228  1247 I android.hardware.thermal@2.0-service.qti: uevent triggered for sensor: pm8005_tz
02-23 01:50:38.262  1228  1247 I android.hardware.thermal@2.0-service.qti: uevent triggered for sensor: pm8005_tz
02-23 01:50:38.264  1228  1247 I android.hardware.thermal@2.0-service.qti: uevent triggered for sensor: pa1-therml-adc
02-23 01:50:38.424  1228  1247 I android.hardware.thermal@2.0-service.qti: uevent triggered for sensor: pm8005_tz
02-23 01:50:38.434  1228  1247 I android.hardware.thermal@2.0-service.qti: uevent triggered for sensor: pm8005_tz
02-23 01:50:38.439  1228  1247 I android.hardware.thermal@2.0-service.qti: uevent triggered for sensor: pa1-therml-adc
02-23 01:50:39.897  1228  1247 I android.hardware.thermal@2.0-service.qti: uevent triggered for sensor: pm8005_tz
02-23 01:50:39.898  1228  1247 I android.hardware.thermal@2.0-service.qti: uevent triggered for sensor: pm8005_tz
02-23 01:50:39.900  1228  1247 I android.hardware.thermal@2.0-service.qti: uevent triggered for sensor: pa1-therml-adc
02-23 01:50:41.223  1228  1247 I android.hardware.thermal@2.0-service.qti: uevent triggered for sensor: pm8005_tz
02-23 01:50:41.224  1228  1247 I android.hardware.thermal@2.0-service.qti: uevent triggered for sensor: pm8005_tz
02-23 01:50:41.237  1228  1247 I android.hardware.thermal@2.0-service.qti: uevent triggered for sensor: pa1-therml-adc
02-23 01:50:42.243  1228  1247 I android.hardware.thermal@2.0-service.qti: uevent triggered for sensor: pm8005_tz
02-23 01:50:42.244  1228  1247 I android.hardware.thermal@2.0-service.qti: uevent triggered for sensor: pm8005_tz
02-23 01:50:42.247  1228  1247 I android.hardware.thermal@2.0-service.qti: uevent triggered for sensor: pa1-therml-adc
02-23 01:50:42.326 19703 20935 W adbd    : timed out while waiting for FUNCTIONFS_BIND, trying again
02-23 01:50:42.326 19703 20935 I adbd    : UsbFfs: connection terminated: monitor thread finished
02-23 01:50:42.326 19703 19703 I adbd    : UsbFfs: already offline
02-23 01:50:42.326 19703 19703 I adbd    : destroying transport UsbFfs
02-23 01:50:42.327 19703 19703 I adbd    : UsbFfsConnection being destroyed
02-23 01:50:42.360 19703 19707 I adbd    : opening control endpoint /dev/usb-ffs/adb/ep0
02-23 01:50:42.362 19703 19707 I adbd    : UsbFfsConnection constructed
02-23 01:50:42.363 19703 20936 I adbd    : UsbFfs-monitor thread spawned
02-23 01:50:42.475  1228  1247 I android.hardware.thermal@2.0-service.qti: uevent triggered for sensor: pm8005_tz
02-23 01:50:42.480  1228  1247 I android.hardware.thermal@2.0-service.qti: uevent triggered for sensor: pm8005_tz
02-23 01:50:42.482  1228  1247 I android.hardware.thermal@2.0-service.qti: uevent triggered for sensor: pa1-therml-adc
02-23 01:50:43.582  1228  1247 I android.hardware.thermal@2.0-service.qti: uevent triggered for sensor: pm8005_tz
02-23 01:50:43.583  1228  1247 I android.hardware.thermal@2.0-service.qti: uevent triggered for sensor: pm8005_tz
02-23 01:50:43.593  1228  1247 I android.hardware.thermal@2.0-service.qti: uevent triggered for sensor: pa1-therml-adc
02-23 01:50:44.300  1228  1247 I android.hardware.thermal@2.0-service.qti: uevent triggered for sensor: pm8005_tz
02-23 01:50:44.301  1228  1247 I android.hardware.thermal@2.0-service.qti: uevent triggered for sensor: pm8005_tz
02-23 01:50:44.302  1228  1247 I android.hardware.thermal@2.0-service.qti: uevent triggered for sensor: pa1-therml-adc
02-23 01:50:44.709  1228  1247 I android.hardware.thermal@2.0-service.qti: uevent triggered for sensor: pm8005_tz
02-23 01:50:44.710  1228  1247 I android.hardware.thermal@2.0-service.qti: uevent triggered for sensor: pm8005_tz
02-23 01:50:44.712  1228  1247 I android.hardware.thermal@2.0-service.qti: uevent triggered for sensor: pa1-therml-adc
02-23 01:50:46.041  1228  1247 I android.hardware.thermal@2.0-service.qti: uevent triggered for sensor: pm8005_tz
02-23 01:50:46.042  1228  1247 I android.hardware.thermal@2.0-service.qti: uevent triggered for sensor: pm8005_tz
02-23 01:50:46.048  1228  1247 I android.hardware.thermal@2.0-service.qti: uevent triggered for sensor: pa1-therml-adc
02-23 01:50:46.049  1471  2506 I chatty  : uid=1000(system) Binder:1471_2 expire 137 lines
02-23 01:50:47.370  1228  1247 I android.hardware.thermal@2.0-service.qti: uevent triggered for sensor: pm8005_tz
02-23 01:50:47.371  1228  1247 I chatty  : uid=0(root) thermal@2.0-ser identical 8 lines
02-23 01:50:47.371  1228  1247 I android.hardware.thermal@2.0-service.qti: uevent triggered for sensor: pm8005_tz
02-23 01:50:47.373  1228  1247 I android.hardware.thermal@2.0-service.qti: uevent triggered for sensor: pa1-therml-adc
02-23 01:50:47.450 19703 20936 W adbd    : timed out while waiting for FUNCTIONFS_BIND, trying again
02-23 01:50:47.450 19703 20936 I adbd    : UsbFfs: connection terminated: monitor thread finished
02-23 01:50:47.451 19703 19703 I adbd    : UsbFfs: already offline
02-23 01:50:47.451 19703 19703 I adbd    : destroying transport UsbFfs
02-23 01:50:47.451 19703 19703 I adbd    : UsbFfsConnection being destroyed
02-23 01:50:47.487 19703 19707 I adbd    : opening control endpoint /dev/usb-ffs/adb/ep0
02-23 01:50:47.490 19703 19707 I adbd    : UsbFfsConnection constructed
02-23 01:50:48.696 19703 20937 I adbd    : UsbFfs-monitor thread spawned
02-23 01:50:48.697  1228  1247 I android.hardware.thermal@2.0-service.qti: uevent triggered for sensor: pm8005_tz
02-23 01:50:48.698  1228  1247 I android.hardware.thermal@2.0-service.qti: uevent triggered for sensor: pm8005_tz
02-23 01:50:48.700  1228  1247 I android.hardware.thermal@2.0-service.qti: uevent triggered for sensor: pa1-therml-adc
02-23 01:50:50.034  1228  1247 I android.hardware.thermal@2.0-service.qti: uevent triggered for sensor: pm8005_tz
02-23 01:50:50.036  1228  1247 I android.hardware.thermal@2.0-service.qti: uevent triggered for sensor: pm8005_tz
02-23 01:50:50.037  1228  1247 I android.hardware.thermal@2.0-service.qti: uevent triggered for sensor: pa1-therml-adc
02-23 01:50:50.749  1228  1247 I android.hardware.thermal@2.0-service.qti: uevent triggered for sensor: pm8005_tz
02-23 01:50:50.750  1228  1247 I android.hardware.thermal@2.0-service.qti: uevent triggered for sensor: pm8005_tz
02-23 01:50:50.752  1228  1247 I android.hardware.thermal@2.0-service.qti: uevent triggered for sensor: pa1-therml-adc
02-23 01:50:51.160  1228  1247 I android.hardware.thermal@2.0-service.qti: uevent triggered for sensor: pm8005_tz
02-23 01:50:51.161  1228  1247 I android.hardware.thermal@2.0-service.qti: uevent triggered for sensor: pm8005_tz
02-23 01:50:51.171  1228  1247 I android.hardware.thermal@2.0-service.qti: uevent triggered for sensor: pa1-therml-adc
02-23 01:50:51.878  1228  1247 I android.hardware.thermal@2.0-service.qti: uevent triggered for sensor: pm8005_tz
02-23 01:50:51.879  1228  1247 I android.hardware.thermal@2.0-service.qti: uevent triggered for sensor: pm8005_tz
02-23 01:50:51.881  1228  1247 I android.hardware.thermal@2.0-service.qti: uevent triggered for sensor: pa1-therml-adc
02-23 01:50:52.594  1228  1247 I android.hardware.thermal@2.0-service.qti: uevent triggered for sensor: pm8005_tz
02-23 01:50:52.594  1228  1247 I android.hardware.thermal@2.0-service.qti: uevent triggered for sensor: pm8005_tz
02-23 01:50:52.607  1228  1247 I android.hardware.thermal@2.0-service.qti: uevent triggered for sensor: pa1-therml-adc
02-23 01:50:53.928  1228  1247 I android.hardware.thermal@2.0-service.qti: uevent triggered for sensor: pm8005_tz
02-23 01:50:53.929  1228  1247 I android.hardware.thermal@2.0-service.qti: uevent triggered for sensor: pm8005_tz
02-23 01:50:53.941  1228  1247 I android.hardware.thermal@2.0-service.qti: uevent triggered for sensor: pa1-therml-adc
02-23 01:50:53.943  1471  3857 I chatty  : uid=1000(system) Binder:1471_F expire 1 line
02-23 01:50:53.950  1471  2506 I chatty  : uid=1000(system) Binder:1471_2 expire 429 lines
02-23 01:50:35.926  1471  2506 W ProcessStats: setState index out of bounds. index: -1 length: 20
02-23 01:50:53.996  1471  2506 W ProcessStats: Tracking association SourceState{6e7e3fd moe.haruue.wadb/10239 Top #9712} whose proc state 1 is better than process ProcessState{ceee68a com.oneplus.config/1000 pkg=com.oneplus.config} proc state 2 (11 skipped)
02-23 01:50:54.004 19703 20937 W adbd    : timed out while waiting for FUNCTIONFS_BIND, trying again
02-23 01:50:54.005 19703 20937 I adbd    : UsbFfs: connection terminated: monitor thread finished
02-23 01:50:54.005 19703 19703 I adbd    : UsbFfs: already offline
02-23 01:50:54.005 19703 19703 I adbd    : destroying transport UsbFfs
02-23 01:50:54.005 19703 19703 I adbd    : UsbFfsConnection being destroyed
02-23 01:50:54.031 19703 19707 I adbd    : opening control endpoint /dev/usb-ffs/adb/ep0
02-23 01:50:54.033 19703 19707 I adbd    : UsbFfsConnection constructed
02-23 01:50:54.036 19703 20938 I adbd    : UsbFfs-monitor thread spawned
02-23 01:50:55.256  1228  1247 I android.hardware.thermal@2.0-service.qti: uevent triggered for sensor: pm8005_tz
02-23 01:50:55.257  1228  1247 I chatty  : uid=0(root) thermal@2.0-ser identical 10 lines
