02-23 01:49:41.023 20630 20768 D Cloud.Utils: makeUriWithPermission, uri = content://com.heytap.cloud.FileProvider/sync/sync_data/calllogs
02-23 01:49:41.023 20630 20768 D Cloud.Utils: makeUriWithPermission, uri = /data/user/0/com.heytap.cloud/files/sync_data/calllogs
02-23 01:49:41.023 20630 20768 D Cloud.Utils: makeUriWithPermission, path = /data/user/0/com.heytap.cloud/files/calllogs/
02-23 01:49:41.023 20630 20764 E Cloud.Utils: getVersionCode, e=android.content.pm.PackageManager$NameNotFoundException: com.coloros.assistantscreen
02-23 01:49:41.023 20630 20764 D Cloud.SyncConfigManager: isScreenSyncSupported installed: false versionCode: 0
02-23 01:49:41.023 20630 20768 D Cloud.Utils: makeUriWithPermission, uri1 = content://com.heytap.cloud.FileProvider/sync/calllogs
02-23 01:49:41.023 20630 20764 E Cloud.BackupCaller: run error by no executor!!
02-23 01:49:41.023 20630 20764 D Cloud.BackupCaller: isNeedDisableOldBackup = false
02-23 01:49:41.023 20630 20764 D Cloud.SyncJsonConfigParser: mDefaultCache.get _sync_type_0_request_source_65536
02-23 01:49:41.024 20630 20764 D Cloud.SyncConfigManager: lastMills:0, module=album-tv, syncType=0
02-23 01:49:41.024 20630 20764 D Cloud.SyncPolicy: handleSyncRequest(), module=album-tv, syncType=0, executeDelay=1000, isManualSource = false
02-23 01:49:41.024 20630 20764 D Cloud.SyncTaskPoolsDBHelper: -----putIntoTaskPoolsDB() module = album-tv, syncType = 0, requestSource = 65536, putIntoTaskPoolsDB = 1000
02-23 01:49:41.024 20630 20764 D Cloud.SyncTaskPoolsDBHelper: querySameModuleRecord selection: module=? AND sync_type =? AND request_source !=? AND running_state <>?  args: [album-tv, 0, 1114112, 1]
02-23 01:49:41.024  1471  2506 I chatty  : uid=1000(system) Binder:1471_2 expire 221 lines
02-23 01:49:41.025 20630 20764 D Cloud.SyncTaskPoolsDBHelper: -----querySameModuleRecord existRecord[SyncRequest: Module: [album-tv], Id: [2], NetworkType: [1], Charging: [false], CommitTime: [1771788607269], ExecuteDelay: [1000], RetryTimes: [2], SyncType: [0], requestSource: [65536], accountId: [null]mSequence: [null]mMainModule: [album-tv]mTaskFrom: [null]]----
02-23 01:49:41.025 20630 20764 D Cloud.SyncTaskPoolsDBHelper: putIntoTaskPoolsDB existRrdTime =1771788608269 nowTime=1771791581025 requestTime=1771791582024
02-23 01:49:41.025 20630 20764 D Cloud.SyncTaskPoolsDBHelper: old networkReq: 1 new networkReq: 1
02-23 01:49:41.025 20630 20764 D Cloud.SyncTaskPoolsDBHelper: needUpdateTime =true isRetryRequest =false id =2
02-23 01:49:41.030 20727 20727 I AlarmClock/ProviderUtil: checkCallingPackage packageName=com.oneplus.deskclock, callingPackage=com.oneplus.deskclock
02-23 01:49:41.030 20727 20727 I AlarmClock/ProviderUtil: self check passed
02-23 01:49:41.031  2904  3954 D OpAodLightEffectContainer: progress=1.9997915
02-23 01:49:41.031 20727 20727 E sqlite3_android: [IKR-38846] ONEPLUS_NAME_PARTS_MATCH SQLITE_OK
02-23 01:49:41.040  1471  2554 I chatty  : uid=1000(system) android.io expire 5 lines
02-23 01:49:41.040 20630 20671 I Cloud.CloudDeviceInfo: isUserUnlocked = true
02-23 01:49:41.040 20630 20671 D Cloud.StatusMethodHook: isAgentAutoSyncEnabled module=contact, isEnabled = false, value = 0
02-23 01:49:41.041  2904  3954 D OpAodLightEffectContainer: progress=2.0
02-23 01:49:41.041 20630 20764 D Cloud.SyncPolicy: -----SyncPolicy: SyncRequest[SyncRequest: Module: [album-tv], Id: [0], NetworkType: [1], Charging: [false], CommitTime: [1771791581024], ExecuteDelay: [1000], RetryTimes: [2], SyncType: [0], requestSource: [65536], accountId: [null]mSequence: [null]mMainModule: [album-tv]mTaskFrom: [null]], putIntoTaskPoolsAndLoopTaskPools: true
02-23 01:49:41.041 20630 20764 D Cloud.StatisticsUtils2:  NearMeStatistics.onCommon-eventID: 20_1001_03 eventTag: 20 eventMap: {type_id=album-tv, enter_id=, resource_id=task_pool_add_task, cloud_version=5.2.20, time=1771791581041, type=0}
02-23 01:49:41.046 20630 20671 E Cloud.Utils: com.
02-23 01:49:41.046 20630 20671 D Cloud.SyncConfigManager: isNoteSoftDeleteSupported ret = false
02-23 01:49:41.046 20630 20671 D Cloud.SyncConfigManager: isNoteSoftDeleteSupported, versionCode=1710 ret=true
02-23 01:49:41.046 20630 20671 I Cloud.CloudDeviceInfo: isUserUnlocked = true
02-23 01:49:41.046 20630 20671 D Cloud.StatusMethodHook: isAgentAutoSyncEnabled module=note, isEnabled = false, value = 0
02-23 01:49:41.046 20630 20671 D Cloud.StatusManager: getSyncSwitchState module === calendar_group
02-23 01:49:41.046 20630 20671 I Cloud.CloudDeviceInfo: isUserUnlocked = true
02-23 01:49:41.046 20630 20671 D Cloud.StatusMethodHook: isAgentAutoSyncEnabled module=calendar_group, isEnabled = false, value = 0
02-23 01:49:41.047 20630 20671 I Cloud.CloudDeviceInfo: isUserUnlocked = true
02-23 01:49:41.047 20630 20671 D Cloud.StatusMethodHook: isAgentAutoSyncEnabled module=calendar, isEnabled = false, value = 0
02-23 01:49:41.047 20630 20671 D Cloud.StatusManager: getSyncSwitchState module === calendar_group_share
02-23 01:49:41.047 20630 20671 I Cloud.CloudDeviceInfo: isUserUnlocked = true
02-23 01:49:41.047 20630 20671 D Cloud.StatusMethodHook: isAgentAutoSyncEnabled module=calendar_group_share, isEnabled = false, value = 0
02-23 01:49:41.047 20630 20671 D Cloud.StatusManager: getSyncSwitchState module === calendar_share
02-23 01:49:41.047 20630 20671 I Cloud.CloudDeviceInfo: isUserUnlocked = true
02-23 01:49:41.047 20630 20671 D Cloud.StatusMethodHook: isAgentAutoSyncEnabled module=calendar_share, isEnabled = false, value = 0
02-23 01:49:41.047 20630 20671 E Cloud.Utils: com.
02-23 01:49:41.047 20630 20671 I Cloud.SyncConfigManager: isBookmarkSoftDeleteSupported installed : false
02-23 01:49:41.047 20630 20671 W Cloud.StatusManager: isAgentAutoSyncEnabled module=bookmark, not installed
02-23 01:49:41.047 20630 20671 D Cloud.StatusMethodHook: isAgentAutoSyncEnabled module=bookmark, isEnabled = false, value = 0
02-23 01:49:41.048 20630 20671 E Cloud.Utils: com.
02-23 01:49:41.048 20630 20671 I Cloud.SyncConfigManager: isNewsSupported installed : false
02-23 01:49:41.048 20630 20671 W Cloud.StatusManager: isAgentAutoSyncEnabled module=news, not installed
02-23 01:49:41.048 20630 20671 D Cloud.StatusMethodHook: isAgentAutoSyncEnabled module=news, isEnabled = false, value = 0
02-23 01:49:41.048 20630 20671 I Cloud.CloudDeviceInfo: isUserUnlocked = true
02-23 01:49:41.048 20630 20671 D Cloud.StatusMethodHook: isAgentAutoSyncEnabled module=record, isEnabled = false, value = 0
02-23 01:49:41.048 20630 20671 I Cloud.CloudDeviceInfo: isUserUnlocked = true
02-23 01:49:41.048 20630 20671 D Cloud.StatusMethodHook: isAgentAutoSyncEnabled module=privatesafe, isEnabled = false, value = 0
02-23 01:49:41.048 20630 20671 I Cloud.CloudDeviceInfo: isUserUnlocked = true
02-23 01:49:41.048 20630 20671 D Cloud.StatusMethodHook: isAgentAutoSyncEnabled module=wifi, isEnabled = false, value = 0
02-23 01:49:41.048 20630 20671 I Cloud.CloudDeviceInfo: isUserUnlocked = true
02-23 01:49:41.048 20630 20671 D Cloud.StatusMethodHook: isAgentAutoSyncEnabled module=album, isEnabled = false, value = 0
02-23 01:49:41.048 20630 20671 I Cloud.CloudDeviceInfo: isUserUnlocked = true
02-23 01:49:41.048 20630 20671 D Cloud.StatusMethodHook: isAgentAutoSyncEnabled module=album_dir, isEnabled = false, value = 0
02-23 01:49:41.049 20630 20671 I Cloud.CloudDeviceInfo: isUserUnlocked = true
02-23 01:49:41.049 20630 20671 D Cloud.StatusMethodHook: isAgentAutoSyncEnabled module=album-tv, isEnabled = false, value = 0
02-23 01:49:41.049 20630 20671 I Cloud.CloudDeviceInfo: isUserUnlocked = true
02-23 01:49:41.049 20630 20671 D Cloud.SyncAlarmManager: clearSyncAlarm
02-23 01:49:41.050  1471  2506 I chatty  : uid=1000(system) Binder:1471_2 expire 338 lines
02-23 01:49:41.050 20630 20671 I Cloud.CloudAutoSyncJobService: cancel.
02-23 01:49:41.052 20630 20671 D EventBus: No subscribers registered for event class com.cloud.base.commonsdk.share.album.a.e
02-23 01:49:41.052 20630 20671 D EventBus: No subscribers registered for event class org.greenrobot.eventbus.i
02-23 01:49:41.052 20630 20671 I Cloud.CloudDeviceInfo: isUserUnlocked = true
02-23 01:49:41.052 20630 20671 D Cloud.AlbumSyncUtil: handleGallerySwitchChange, key = key_gallery_backup_file, isOpen = false
02-23 01:49:41.052 20630 20671 I Cloud.SchedulerManager: startRecoveryAndBackup module = album
02-23 01:49:41.052 20630 20671 D Cloud.SchedulerManager: handleSyncRequest module: album syncType: 1 reqSource: 65536
02-23 01:49:41.052 20630 20671 I Cloud.CloudDeviceInfo: isUserUnlocked = true
02-23 01:49:41.052 20630 20671 D Cloud.StatusMethodHook: isAgentAutoSyncEnabled module=album, isEnabled = false, value = 0
02-23 01:49:41.052 20630 20671 W Cloud.SchedulerManager: isAutoSyncRequestRejected module:album requestSource:65536
02-23 01:49:41.052 20630 20671 I Cloud.CloudDeviceInfo: isUserUnlocked = true
02-23 01:49:41.053 20630 20671 D Cloud.AlbumSyncUtil: handleGallerySwitchChange, key = key_gallery_slimming, isOpen = false
02-23 01:49:41.053 20630 20671 D Cloud.SchedulerManager: handleSyncRequest module: album syncType: 1 reqSource: 65536
02-23 01:49:41.053 20630 20671 I Cloud.CloudDeviceInfo: isUserUnlocked = true
02-23 01:49:41.053 20630 20671 D Cloud.StatusMethodHook: isAgentAutoSyncEnabled module=album, isEnabled = false, value = 0
02-23 01:49:41.053 20630 20671 W Cloud.SchedulerManager: isAutoSyncRequestRejected module:album requestSource:65536
02-23 01:49:41.053 20630 20671 I Cloud.CloudDeviceInfo: isUserUnlocked = true
02-23 01:49:41.054 20630 20671 I Cloud.PrefUtilBase: clearAll
02-23 01:49:41.054 20630 20671 I Cloud.CloudDeviceInfo: isUserUnlocked = true
02-23 01:49:41.054 20630 20671 I Cloud.CloudDeviceInfo: isUserUnlocked = true
02-23 01:49:41.054 20630 20671 I Cloud.CloudDeviceInfo: isUserUnlocked = true
02-23 01:49:41.075 20630 20672 E ActivityThread: Failed to find provider info for com.nearme.romupdate.provider.db
02-23 01:49:41.076  1471  2553 W Looper  : Drained
02-23 01:49:41.078 20630 20768 D Cloud.Utils: makeUriWithPermission uri uri1 success 
02-23 01:49:41.078 20630 20768 D Cloud.ManifestAgentScanner: scanAgentBuilder scanAgent used time = 56
02-23 01:49:41.078 20630 20768 D Cloud.ManifestAgentScanner: scan com.oneplus.gallery com.oneplus.gallery2.cloud.CloudStreamAgentService album false 0
02-23 01:49:41.079 20630 20764 D Cloud.AccountUtil: getFromAccount isLogin: false
02-23 01:49:41.079 20630 20764 D Cloud.SyncPolicy: loopTaskPools: account not login, do nothing.
02-23 01:49:41.079 20630 20768 D Cloud.Utils:  com.oneplus.gallery is system app
02-23 01:49:41.079 20630 20768 I Cloud.ManifestAgentScanner: old version createIAgentBuilder outer module = album, packageName = com.oneplus.gallery,  classname =com.oneplus.gallery2.cloud.CloudStreamAgentService
02-23 01:49:41.079 20630 20764 D Cloud.SchedulerManager: handleSyncRequest module: album syncType: 0 reqSource: 65536
02-23 01:49:41.080 20630 20768 I Cloud.AgentCommunication:  packagename = com.oneplus.gallery  classname com.oneplus.gallery2.cloud.CloudStreamAgentService
02-23 01:49:41.080 20630 20768 I Cloud.Utils: makeUriWithPermission() packageName = com.oneplus.gallery, module = album, opType =sync_data
02-23 01:49:41.081 20630 20768 D Cloud.Utils: makeUriWithPermission, uri = content://com.heytap.cloud.FileProvider/sync/sync_data/album
02-23 01:49:41.081 20630 20768 D Cloud.Utils: makeUriWithPermission, uri = /data/user/0/com.heytap.cloud/files/sync_data/album
02-23 01:49:41.081 20630 20768 D Cloud.Utils: makeUriWithPermission, path = /data/user/0/com.heytap.cloud/files/album/
02-23 01:49:41.081 20630 20768 D Cloud.Utils: makeUriWithPermission, uri1 = content://com.heytap.cloud.FileProvider/sync/album
02-23 01:49:41.086 20630 20764 E Cloud.Utils: com.coloros.assistantscreen
02-23 01:49:41.087 20630 20768 D Cloud.Utils: makeUriWithPermission uri uri1 success 
02-23 01:49:41.089 20630 20764 E Cloud.Utils: getVersionCode, e=android.content.pm.PackageManager$NameNotFoundException: com.coloros.assistantscreen
02-23 01:49:41.089 20630 20764 D Cloud.SyncConfigManager: isScreenSyncSupported installed: false versionCode: 0
02-23 01:49:41.089 20630 20764 I Cloud.CloudDeviceInfo: isUserUnlocked = true
02-23 01:49:41.090 20630 20764 D Cloud.StatusMethodHook: isAgentAutoSyncEnabled module=album, isEnabled = false, value = 0
02-23 01:49:41.090 20630 20764 W Cloud.SchedulerManager: isAutoSyncRequestRejected module:album requestSource:65536
02-23 01:49:41.090  1471 14079 I chatty  : uid=1000(system) Binder:1471_1E expire 99 lines
02-23 01:49:41.090 20630 20768 D Cloud.Utils: makeUriWithPermission, filePath b= /storage/emulated/0/Android/data/com.heytap.cloud/cache/album,length = 61
02-23 01:49:41.090 20630 20768 D Cloud.Utils: makeUriWithPermission, uri = content://com.heytap.cloud.FileProvider/cache/album
02-23 01:49:41.093 20679 20679 W droid.apps.doc: Class riy failed lock verification and will run slower.
02-23 01:49:41.093 20679 20679 W droid.apps.doc: Common causes for lock verification issues are non-optimized dex code
02-23 01:49:41.093 20679 20679 W droid.apps.doc: and incorrect proguard optimizations.
02-23 01:49:41.097  1471  3860 I chatty  : uid=1000(system) Binder:1471_11 expire 5 lines
02-23 01:49:41.100 20679 20679 I TetheringManager: registerTetheringEventCallback:com.google.android.apps.docs
02-23 01:49:41.106  1471  5140 I chatty  : uid=1000(system) Binder:1471_14 expire 333 lines
02-23 01:49:41.123  1471  3858 D ConnectivityService: requestNetwork for uid/pid:10151/20679 NetworkRequest [ TRACK_DEFAULT id=129, [ Capabilities: INTERNET&NOT_RESTRICTED&TRUSTED Uid: 10151 AdministratorUids: [] RequestorUid: 10151 RequestorPackageName: com.google.android.apps.docs] ]
02-23 01:49:41.123  1471  2696 D ConnectivityService: NetReassign [129 : null  100]
02-23 01:49:41.124  1471  2683 I chatty  : uid=1000(system) WifiHandlerThre expire 2 lines
02-23 01:49:41.124  1471  2738 I chatty  : uid=1000(system) EthernetService expire 1 line
02-23 01:49:41.124 14085 14085 D PhoneSwitcherNetworkRequstListener: got request NetworkRequest [ TRACK_DEFAULT id=129, [ Capabilities: INTERNET&NOT_RESTRICTED&TRUSTED Uid: 10151 AdministratorUids: [] RequestorUid: 10151 RequestorPackageName: com.google.android.apps.docs] ] with score 100 and providerId 5
02-23 01:49:41.124 14085 14085 D PhoneSwitcherNetworkRequstListener: needNetworkFor NetworkRequest [ TRACK_DEFAULT id=129, [ Capabilities: INTERNET&NOT_RESTRICTED&TRUSTED Uid: 10151 AdministratorUids: [] RequestorUid: 10151 RequestorPackageName: com.google.android.apps.docs] ], 100
02-23 01:49:41.148  1471  5140 I chatty  : uid=1000(system) Binder:1471_14 expire 226 lines
02-23 01:49:41.171 20630 20768 D Cloud.ManifestAgentScanner: make permission:mPackageName =com.oneplus.gallery,result=true
02-23 01:49:41.171 20630 20768 D Cloud.ManifestAgentScanner: scanAgentBuilder scanAgent used time = 93
02-23 01:49:41.171 20630 20768 D Cloud.ManifestAgentScanner: scan com.oneplus.mms com.oneplus.cloudsync.MsgSyncAgent sms false 0
02-23 01:49:41.172  1471  6341 I chatty  : uid=1000(system) Binder:1471_1A expire 99 lines
02-23 01:49:41.173 20630 20768 D Cloud.Utils:  com.oneplus.mms is system app
02-23 01:49:41.173 20630 20768 I Cloud.ManifestAgentScanner: old version createIAgentBuilder outer module = sms, packageName = com.oneplus.mms,  classname =com.oneplus.cloudsync.MsgSyncAgent
02-23 01:49:41.173 20630 20768 I Cloud.Utils: makeUriWithPermission() packageName = com.oneplus.mms, module = sms, opType =sync_data
02-23 01:49:41.173 20630 20768 D Cloud.Utils: makeUriWithPermission, uri = content://com.heytap.cloud.FileProvider/sync/sync_data/sms
02-23 01:49:41.173 20630 20768 D Cloud.Utils: makeUriWithPermission, uri = /data/user/0/com.heytap.cloud/files/sync_data/sms
02-23 01:49:41.173 20630 20768 D Cloud.Utils: makeUriWithPermission, path = /data/user/0/com.heytap.cloud/files/sms/
02-23 01:49:41.174 20630 20768 D Cloud.Utils: makeUriWithPermission, uri1 = content://com.heytap.cloud.FileProvider/sync/sms
02-23 01:49:41.196  1471 14079 I chatty  : uid=1000(system) Binder:1471_1E expire 99 lines
02-23 01:49:41.205  1471  5140 I chatty  : uid=1000(system) Binder:1471_14 expire 1118 lines
02-23 01:49:41.242 19703 20674 W adbd    : timed out while waiting for FUNCTIONFS_BIND, trying again
02-23 01:49:41.242 19703 20674 I adbd    : UsbFfs: connection terminated: monitor thread finished
02-23 01:49:41.242 19703 19703 I adbd    : UsbFfs: already offline
02-23 01:49:41.242 19703 19703 I adbd    : destroying transport UsbFfs
02-23 01:49:41.242 19703 19703 I adbd    : UsbFfsConnection being destroyed
02-23 01:49:41.251 20679 20816 W DynamiteModule: Local module descriptor class for com.google.android.gms.providerinstaller.dynamite not found.
02-23 01:49:41.260  4093  5226 W ProviderHelper: Unknown dynamite feature providerinstaller.dynamite
02-23 01:49:41.264 20679 20797 E DocsApplication: from onCreate Completable for sending summary about blocked SyncRequests
02-23 01:49:41.264 20679 20797 E DocsApplication: java.lang.IllegalStateException
02-23 01:49:41.264 20679 20797 E DocsApplication: 	at hkf.i(PG:64)
02-23 01:49:41.264 20679 20797 E DocsApplication: 	at kan.a(PG:261)
02-23 01:49:41.264 20679 20797 E DocsApplication: 	at gws.lambda$onCreate$2(PG:9)
02-23 01:49:41.264 20679 20797 E DocsApplication: 	at gws.$r8$lambda$M-tqsz8QJK2QrqieVTlg-c3Lhbo(PG:1)
02-23 01:49:41.264 20679 20797 E DocsApplication: 	at gnk$1.run(PG:197)
02-23 01:49:41.264 20679 20797 E DocsApplication: 	at aazb.d(PG:13)
02-23 01:49:41.264 20679 20797 E DocsApplication: 	at aawp.e(PG:3)
02-23 01:49:41.264 20679 20797 E DocsApplication: 	at aazj$a.run(PG:3)
02-23 01:49:41.264 20679 20797 E DocsApplication: 	at aawz$a.run(PG:10)
02-23 01:49:41.264 20679 20797 E DocsApplication: 	at abcy.run(PG:14)
02-23 01:49:41.264 20679 20797 E DocsApplication: 	at abcy.call(PG:1)
02-23 01:49:41.264 20679 20797 E DocsApplication: 	at java.util.concurrent.FutureTask.run(FutureTask.java:266)
02-23 01:49:41.264 20679 20797 E DocsApplication: 	at java.util.concurrent.ScheduledThreadPoolExecutor$ScheduledFutureTask.run(ScheduledThreadPoolExecutor.java:301)
02-23 01:49:41.264 20679 20797 E DocsApplication: 	at java.util.concurrent.ThreadPoolExecutor.runWorker(ThreadPoolExecutor.java:1167)
02-23 01:49:41.264 20679 20797 E DocsApplication: 	at java.util.concurrent.ThreadPoolExecutor$Worker.run(ThreadPoolExecutor.java:641)
02-23 01:49:41.264 20679 20797 E DocsApplication: 	at java.lang.Thread.run(Thread.java:923)
02-23 01:49:41.265 20679 20816 W ProviderInstaller: Failed to load providerinstaller module: No acceptable module com.google.android.gms.providerinstaller.dynamite found. Local version is 0 and remote version is 0.
02-23 01:49:41.281  1471  6341 I chatty  : uid=1000(system) Binder:1471_1A expire 99 lines
02-23 01:49:41.296  1471  2553 W Looper  : Slow dispatch took 127ms android.ui h=com.android.server.am.ActivityManagerService$UiHandler c=null m=31
02-23 01:49:41.299  1471  5140 I chatty  : uid=1000(system) Binder:1471_14 expire 1118 lines
02-23 01:49:41.308 20679 20816 I droid.apps.doc: The ClassLoaderContext is a special shared library.
02-23 01:49:41.338  2787  2787 D CardPackageDataClearRec: onReceive: package:com.nsdlpb.jiffy
02-23 01:49:41.362 19703 19707 I adbd    : opening control endpoint /dev/usb-ffs/adb/ep0
02-23 01:49:41.365 19703 19707 I adbd    : UsbFfsConnection constructed
02-23 01:49:41.366 19703 20848 I adbd    : UsbFfs-monitor thread spawned
02-23 01:49:41.372  1471  5140 D ActivityManager: kill pid:30317 processName:net.oneplus.weather reason:empty #31
02-23 01:49:41.373  1471  5140 I ActivityManager: Killing 30317:net.oneplus.weather/u0a232 (adj 999): empty #31
02-23 01:49:41.374  1471  5954 I chatty  : uid=1000(system) Binder:1471_17 expire 99 lines
02-23 01:49:41.381  1471  6341 I chatty  : uid=1000(system) Binder:1471_1A expire 99 lines
02-23 01:49:41.382  4093  5226 I FontLog : (REDACTED) Received query %s, URI %s
02-23 01:49:41.382  4093  5226 I FontLog : (REDACTED) Query [%s] resolved to %s
02-23 01:49:41.386 20679 20816 V NativeCrypto: Registering com/google/android/gms/org/conscrypt/NativeCrypto's 334 native methods...
02-23 01:49:41.386  4093  5226 I FontLog : (REDACTED) Fetch %s end status %s
02-23 01:49:41.387  4093 15999 E sqlite3_android: [IKR-38846] ONEPLUS_NAME_PARTS_MATCH SQLITE_OK
02-23 01:49:41.394  4093 17169 I FontLog : (REDACTED) Pulling font file for id = %d, cache size = %d
02-23 01:49:41.398  1471  5141 I chatty  : uid=1000(system) Binder:1471_15 expire 190 lines
02-23 01:49:41.409  1077  1077 I Zygote  : Process 30317 exited due to signal 9 (Killed)
02-23 01:49:41.412  1471  2564 I chatty  : uid=1000(system) ActivityManager expire 1 line
02-23 01:49:41.417  1471  2553 W Looper  : Slow dispatch took 122ms android.ui h=com.android.server.am.ActivityManagerService$UiHandler c=null m=53
02-23 01:49:41.419 20679 20816 I ProviderInstaller: Installed default security provider GmsCore_OpenSSL
02-23 01:49:41.419  1471  5140 I chatty  : uid=1000(system) Binder:1471_14 expire 2251 lines
02-23 01:49:41.419 20630 20630 D Cloud.DeviceStatusDispatcher: charge status is 3
02-23 01:49:41.420 20630 20630 D Cloud.BatteryStatusUtil:  = OnePlus+6T
02-23 01:49:41.420 20630 20630 D Cloud.DeviceStatusDispatcher: battery Temperature 25.3
02-23 01:49:41.420 20630 20630 D Cloud.BatteryStatusUtil: setBatteryTemperature = 25.3
02-23 01:49:41.421 20630 20630 D Cloud.SyncAlarmManager: setAutoSyncAlarm.
02-23 01:49:41.424 20630 20630 D Cloud.BatteryStatusUtil: setBatteryLevel 38
02-23 01:49:41.425 20630 20853 D Cloud.OifaceBindUtils: =======bind oiface fail
02-23 01:49:41.425 20630 20851 D Cloud.OifaceBindUtils: =======bind oiface fail
02-23 01:49:41.427 20417 20490 I Finsky:background: [1132] RECEIVER_ENGAGE_PACKAGE_CHANGED#logWorkEndAndFinishGoAsync: SUCCESS
02-23 01:49:41.593  1471  2506 W ProcessStats: setState index out of bounds. index: -1 length: 20
02-23 01:49:41.596  1471  3435 I chatty  : uid=1000(system) OPBF_GeneralThr expire 1 line
02-23 01:49:41.596  1471  2506 I chatty  : uid=1000(system) Binder:1471_2 expire 577 lines
02-23 01:49:41.593  1471  2506 W ProcessStats: setState index out of bounds. index: -1 length: 20
02-23 01:49:41.657  1471  3435 D OPBF    : setCGroupState():tofreeze=true, uid:10239 pkg:moe.haruue.wadb --->>> ok reason:uid active tActive:false
02-23 01:49:41.657  1471  3435 I chatty  : uid=1000(system) OPBF_GeneralThr expire 5 lines
02-23 01:49:41.680  1471  3856 I chatty  : uid=1000(system) Binder:1471_E expire 109 lines
02-23 01:49:41.696  1471  2553 W Looper  : Slow dispatch took 279ms android.ui h=com.android.server.am.ActivityManagerService$UiHandler c=null m=31
02-23 01:49:41.698 20630 20768 D Cloud.Utils: makeUriWithPermission uri uri1 success 
02-23 01:49:41.698 20630 20768 D Cloud.ManifestAgentScanner: scanAgentBuilder scanAgent used time = 527
02-23 01:49:41.699 20630 20768 I Cloud.SyncAgentManagerKt:  moduleName = note  agent = com.cloud.base.commonsdk.syncmanager.agent.a.c@5f6979d className = com.heytap.cloud.sync.note.SyncNoteServive
02-23 01:49:41.700 20630 20768 I Cloud.SyncAgentManagerKt:  moduleName = contact  agent = com.cloud.base.commonsdk.syncmanager.agent.SyncAgentProxy@c9e9412 className = com.heytap.contacts.agent.contacts.ContactsSyncAgent
02-23 01:49:41.700 20630 20768 I Cloud.SyncAgentManagerKt:  moduleName = calllogs  agent = com.cloud.base.commonsdk.syncmanager.agent.SyncAgentProxy@88eb7e3 className = com.heytap.contacts.agent.calllogs.CalllogsSyncAgent
02-23 01:49:41.700 20630 20768 I Cloud.SyncAgentManagerKt:  moduleName = album  agent = com.cloud.base.commonsdk.syncmanager.agent.gallery.e@d5da5e0 className = com.oneplus.gallery2.cloud.CloudStreamAgentService
02-23 01:49:41.700 20630 20768 I Cloud.SyncAgentManagerKt:  moduleName = sms  agent = com.cloud.base.commonsdk.syncmanager.agent.SyncAgentProxy@4aa1099 className = com.oneplus.cloudsync.MsgSyncAgent
02-23 01:49:41.700 20630 20768 D Cloud.RemoteSyncAgent: onCreateAgent
02-23 01:49:41.700 20630 20768 I Cloud.CloudDeviceInfo: isUserUnlocked = true
02-23 01:49:41.700 20630 20768 D Cloud.StatusMethodHook: isAgentAutoSyncEnabled module=album, isEnabled = false, value = 0
02-23 01:49:41.700 20630 20768 I Cloud.CloudDeviceInfo: isUserUnlocked = true
02-23 01:49:41.700 20630 20768 D Cloud.StatusMethodHook: isAgentAutoSyncEnabled module=album, isEnabled = false, value = 0
02-23 01:49:41.700 20630 20768 D Cloud.MetaDataBaseSyncAgent: onCreateAgent mAutoSyncEnabled = false
02-23 01:49:41.701  1471  3451 I chatty  : uid=1000(system) Binder:1471_9 expire 95 lines
02-23 01:49:41.704 20630 20768 D Cloud.GallerySyncAgent: -------onCreateAgent--------
02-23 01:49:41.705 20630 20768 E Cloud.Utils: com.coloros.assistantscreen
02-23 01:49:41.705 20630 20768 E Cloud.Utils: getVersionCode, e=android.content.pm.PackageManager$NameNotFoundException: com.coloros.assistantscreen
02-23 01:49:41.705 20630 20768 D Cloud.SyncConfigManager: isScreenSyncSupported installed: false versionCode: 0
02-23 01:49:41.705 20630 20768 I Cloud.CloudDeviceInfo: isUserUnlocked = true
02-23 01:49:41.706 20630 20768 D Cloud.StatusMethodHook: isAgentAutoSyncEnabled module=contact, isEnabled = false, value = 0
02-23 01:49:41.706 20630 20768 D Cloud.BaseSyncAgent: onCreateAgent mSyncEnabled = false, module = contact
02-23 01:49:41.706 20630 20768 D Cloud.SyncAgentProxy: onCreateAgent [contact]
02-23 01:49:41.706  1471  2681 I chatty  : uid=1000(system) tworkPolicy.uid expire 16 lines
02-23 01:49:41.706 20630 20768 E Cloud.Utils: com.coloros.assistantscreen
02-23 01:49:41.707 20630 20768 E Cloud.Utils: getVersionCode, e=android.content.pm.PackageManager$NameNotFoundException: com.coloros.assistantscreen
02-23 01:49:41.707 20630 20768 D Cloud.SyncConfigManager: isScreenSyncSupported installed: false versionCode: 0
02-23 01:49:41.707 20630 20768 I Cloud.CloudDeviceInfo: isUserUnlocked = true
02-23 01:49:41.707 20630 20768 D Cloud.BaseSyncAgent: onCreateAgent mSyncEnabled = false, module = sms
02-23 01:49:41.707 20630 20768 D Cloud.SyncAgentProxy: onCreateAgent [sms]
02-23 01:49:41.708 20630 20768 E Cloud.Utils: com.coloros.assistantscreen
02-23 01:49:41.709 20630 20768 E Cloud.Utils: getVersionCode, e=android.content.pm.PackageManager$NameNotFoundException: com.coloros.assistantscreen
02-23 01:49:41.709 20630 20768 D Cloud.SyncConfigManager: isScreenSyncSupported installed: false versionCode: 0
02-23 01:49:41.709 20630 20768 I Cloud.CloudDeviceInfo: isUserUnlocked = true
02-23 01:49:41.709 20630 20768 D Cloud.BaseSyncAgent: onCreateAgent mSyncEnabled = false, module = calllogs
02-23 01:49:41.709 20630 20768 D Cloud.SyncAgentProxy: onCreateAgent [calllogs]
02-23 01:49:41.709 20630 20768 D Cloud.SyncAgentManagerKt: init compareAndSet end
02-23 01:49:41.709 20630 20768 D Cloud.SyncAgentManagerKt: init end
02-23 01:49:41.709 20630 20768 D SyncAgentManagerKt: MCS-->scan cost :777
02-23 01:49:41.718  1471 14079 I chatty  : uid=1000(system) Binder:1471_1E expire 186 lines
02-23 01:49:41.739 20679 20844 E GoogleApiManager: Failed to get service from broker. 
02-23 01:49:41.739 20679 20844 E GoogleApiManager: java.lang.SecurityException: Unknown calling package name 'com.google.android.gms'.
02-23 01:49:41.739 20679 20844 E GoogleApiManager: 	at android.os.Parcel.createExceptionOrNull(Parcel.java:2373)
02-23 01:49:41.739 20679 20844 E GoogleApiManager: 	at android.os.Parcel.createException(Parcel.java:2357)
02-23 01:49:41.739 20679 20844 E GoogleApiManager: 	at android.os.Parcel.readException(Parcel.java:2340)
02-23 01:49:41.739 20679 20844 E GoogleApiManager: 	at android.os.Parcel.readException(Parcel.java:2282)
02-23 01:49:41.739 20679 20844 E GoogleApiManager: 	at bccz.a(:com.google.android.gms@260534022@26.05.34 (150400-869443408):36)
02-23 01:49:41.739 20679 20844 E GoogleApiManager: 	at bcba.z(:com.google.android.gms@260534022@26.05.34 (150400-869443408):150)
02-23 01:49:41.739 20679 20844 E GoogleApiManager: 	at bbhg.run(:com.google.android.gms@260534022@26.05.34 (150400-869443408):42)
02-23 01:49:41.739 20679 20844 E GoogleApiManager: 	at android.os.Handler.handleCallback(Handler.java:938)
02-23 01:49:41.739 20679 20844 E GoogleApiManager: 	at android.os.Handler.dispatchMessage(Handler.java:99)
02-23 01:49:41.739 20679 20844 E GoogleApiManager: 	at cotd.mb(:com.google.android.gms@260534022@26.05.34 (150400-869443408):1)
02-23 01:49:41.739 20679 20844 E GoogleApiManager: 	at cotd.dispatchMessage(:com.google.android.gms@260534022@26.05.34 (150400-869443408):5)
02-23 01:49:41.739 20679 20844 E GoogleApiManager: 	at android.os.Looper.loop(Looper.java:233)
02-23 01:49:41.739 20679 20844 E GoogleApiManager: 	at android.os.HandlerThread.run(HandlerThread.java:67)
02-23 01:49:41.740 20679 20844 W GoogleApiManager: Not showing notification since connectionResult is not user-facing: ConnectionResult{statusCode=DEVELOPER_ERROR, resolution=null, message=null, clientMethodKey=null}
02-23 01:49:41.742 20679 20843 W FlagRegistrar: Failed to register com.google.android.gms.providerinstaller#com.google.android.apps.docs
02-23 01:49:41.742 20679 20843 W FlagRegistrar: exub: 17: 17: API: Phenotype.API is not available on this device. Connection failed with: ConnectionResult{statusCode=DEVELOPER_ERROR, resolution=null, message=null, clientMethodKey=null}
02-23 01:49:41.742 20679 20843 W FlagRegistrar: 	at exud.a(:com.google.android.gms@260534022@26.05.34 (150400-869443408):13)
02-23 01:49:41.742 20679 20843 W FlagRegistrar: 	at ftjh.d(:com.google.android.gms@260534022@26.05.34 (150400-869443408):3)
02-23 01:49:41.742 20679 20843 W FlagRegistrar: 	at ftjj.run(:com.google.android.gms@260534022@26.05.34 (150400-869443408):130)
02-23 01:49:41.742 20679 20843 W FlagRegistrar: 	at ftlq.execute(:com.google.android.gms@260534022@26.05.34 (150400-869443408):1)
02-23 01:49:41.742 20679 20843 W FlagRegistrar: 	at ftjr.f(:com.google.android.gms@260534022@26.05.34 (150400-869443408):1)
02-23 01:49:41.742 20679 20843 W FlagRegistrar: 	at ftjr.m(:com.google.android.gms@260534022@26.05.34 (150400-869443408):99)
02-23 01:49:41.742 20679 20843 W FlagRegistrar: 	at ftjr.r(:com.google.android.gms@260534022@26.05.34 (150400-869443408):17)
02-23 01:49:41.742 20679 20843 W FlagRegistrar: 	at eqnc.hy(:com.google.android.gms@260534022@26.05.34 (150400-869443408):35)
02-23 01:49:41.742 20679 20843 W FlagRegistrar: 	at eftm.run(:com.google.android.gms@260534022@26.05.34 (150400-869443408):12)
02-23 01:49:41.742 20679 20843 W FlagRegistrar: 	at ftlq.execute(:com.google.android.gms@260534022@26.05.34 (150400-869443408):1)
02-23 01:49:41.742 20679 20843 W FlagRegistrar: 	at eftn.b(:com.google.android.gms@260534022@26.05.34 (150400-869443408):18)
02-23 01:49:41.742 20679 20843 W FlagRegistrar: 	at efuc.b(:com.google.android.gms@260534022@26.05.34 (150400-869443408):34)
02-23 01:49:41.742 20679 20843 W FlagRegistrar: 	at efue.d(:com.google.android.gms@260534022@26.05.34 (150400-869443408):25)
02-23 01:49:41.742 20679 20843 W FlagRegistrar: 	at bbep.c(:com.google.android.gms@260534022@26.05.34 (150400-869443408):9)
02-23 01:49:41.742 20679 20843 W FlagRegistrar: 	at bbhe.q(:com.google.android.gms@260534022@26.05.34 (150400-869443408):48)
02-23 01:49:41.742 20679 20843 W FlagRegistrar: 	at bbhe.d(:com.google.android.gms@260534022@26.05.34 (150400-869443408):10)
02-23 01:49:41.742 20679 20843 W FlagRegistrar: 	at bbhe.g(:com.google.android.gms@260534022@26.05.34 (150400-869443408):191)
02-23 01:49:41.742 20679 20843 W FlagRegistrar: 	at bbhe.onConnectionFailed(:com.google.android.gms@260534022@26.05.34 (150400-869443408):2)
02-23 01:49:41.742 20679 20843 W FlagRegistrar: 	at bbhg.run(:com.google.android.gms@260534022@26.05.34 (150400-869443408):70)
02-23 01:49:41.742 20679 20843 W FlagRegistrar: 	at android.os.Handler.handleCallback(Handler.java:938)
02-23 01:49:41.742 20679 20843 W FlagRegistrar: 	at android.os.Handler.dispatchMessage(Handler.java:99)
02-23 01:49:41.742 20679 20843 W FlagRegistrar: 	at cotd.mb(:com.google.android.gms@260534022@26.05.34 (150400-869443408):1)
02-23 01:49:41.742 20679 20843 W FlagRegistrar: 	at cotd.dispatchMessage(:com.google.android.gms@260534022@26.05.34 (150400-869443408):5)
02-23 01:49:41.742 20679 20843 W FlagRegistrar: 	at android.os.Looper.loop(Looper.java:233)
02-23 01:49:41.742 20679 20843 W FlagRegistrar: 	at android.os.HandlerThread.run(HandlerThread.java:67)
02-23 01:49:41.742 20679 20843 W FlagRegistrar: Caused by: bbcw: 17: API: Phenotype.API is not available on this device. Connection failed with: ConnectionResult{statusCode=DEVELOPER_ERROR, resolution=null, message=null, clientMethodKey=null}
02-23 01:49:41.742 20679 20843 W FlagRegistrar: 	at bcam.a(:com.google.android.gms@260534022@26.05.34 (150400-869443408):15)
02-23 01:49:41.742 20679 20843 W FlagRegistrar: 	at bbes.a(:com.google.android.gms@260534022@26.05.34 (150400-869443408):1)
02-23 01:49:41.742 20679 20843 W FlagRegistrar: 	at bbep.c(:com.google.android.gms@260534022@26.05.34 (150400-869443408):5)
02-23 01:49:41.742 20679 20843 W FlagRegistrar: 	... 11 more
02-23 01:49:41.745  5064 20578 I Blockstore: [PackageIntentOperation] Checking the restore timespan. [CONTEXT service_id=258 ]
02-23 01:49:41.754  1471  2553 W Looper  : Slow delivery took 323ms android.ui h=com.android.server.am.ActivityManagerService$UiHandler c=null m=53
02-23 01:49:41.760  4093 10375 I FontLog : (REDACTED) Pulling font file for id = %d, cache size = %d
02-23 01:49:41.760 20679 20864 E sqlite3_android: [IKR-38846] ONEPLUS_NAME_PARTS_MATCH SQLITE_OK
02-23 01:49:41.763  1471  3860 I chatty  : uid=1000(system) Binder:1471_11 expire 14 lines
02-23 01:49:41.765 20630 20851 D Cloud.AccountUtil: getFromAccount isLogin: false
02-23 01:49:41.765 20630 20851 D Cloud.SyncPolicy: loopTaskPools: account not login, do nothing.
02-23 01:49:41.765 20630 20851 D Cloud.SyncAlarmManager: setSyncAlarm nextAlarmDate = 2026-02-24, spNextAlarmDate = 
02-23 01:49:41.766 20679 20864 E sqlite3_android: [IKR-38846] ONEPLUS_NAME_PARTS_MATCH SQLITE_OK
02-23 01:49:41.766 20630 20851 D Cloud.SyncAlarmManager: calculateNextAlarmTime nextTime = 1771939607255, randomTime = 68207255
02-23 01:49:41.767 20630 20851 D Cloud.SyncAlarmManager: calculateNextAlarmTime nextDate = 2026-02-24 18:56:47.255
02-23 01:49:41.767  1471  2688 I chatty  : uid=1000(system) Binder:1471_5 expire 182 lines
02-23 01:49:41.768  5064 15931 I AndroidBackupEventsLogg: (REDACTED) Logging without sampling %s
02-23 01:49:41.772  5064 20578 I Blockstore: [PackageIntentOperation] Received broadcast before a restore was started. [CONTEXT service_id=258 ]
02-23 01:49:41.777  5064 20591 I NearbyDiscovery: (REDACTED) processGrantSlicePermission: %s
02-23 01:49:41.796  1471  5141 I chatty  : uid=1000(system) Binder:1471_15 expire 91 lines
02-23 01:49:41.812  1471  2506 I chatty  : uid=1000(system) Binder:1471_2 expire 14 lines
02-23 01:49:41.817  1471  5140 I chatty  : uid=1000(system) Binder:1471_14 expire 91 lines
02-23 01:49:41.835  1471  3856 I chatty  : uid=1000(system) Binder:1471_E expire 14 lines
02-23 01:49:41.840  1471 14079 I chatty  : uid=1000(system) Binder:1471_1E expire 91 lines
02-23 01:49:41.848  1471 14078 I chatty  : uid=1000(system) Binder:1471_1D expire 91 lines
02-23 01:49:41.868  1471  3451 I chatty  : uid=1000(system) Binder:1471_9 expire 91 lines
02-23 01:49:41.884  1471  2554 I chatty  : uid=1000(system) android.io expire 5 lines
02-23 01:49:41.885  1471  5141 I chatty  : uid=1000(system) Binder:1471_15 expire 14 lines
02-23 01:49:41.887  4093 20602 I Fitness : (REDACTED) FitCleanupIntentOperation received Intent %s
02-23 01:49:41.888  4093  4093 E sqlite3_android: [IKR-38846] ONEPLUS_NAME_PARTS_MATCH SQLITE_OK
02-23 01:49:41.889  1471  3856 I chatty  : uid=1000(system) Binder:1471_E expire 542 lines
02-23 01:49:41.899  5064 15931 I Icing   : doRemovePackageData com.nsdlpb.jiffy
02-23 01:49:41.946  1471  5141 I chatty  : uid=1000(system) Binder:1471_15 expire 105 lines
02-23 01:49:41.964  1471  3857 I chatty  : uid=1000(system) Binder:1471_F expire 91 lines
02-23 01:49:41.978  1471  3451 I chatty  : uid=1000(system) Binder:1471_9 expire 359 lines
02-23 01:49:41.994  4093  4093 D BoundBrokerSvc: onRebind: Intent { act=com.google.android.gms.auth.aang.events.services.START dat=chimera-action: cmp=com.google.android.gms/.chimera.PersistentApiService }
02-23 01:49:41.995  1471  2553 W Looper  : Drained
02-23 01:49:41.997  1471  3856 I chatty  : uid=1000(system) Binder:1471_E expire 56 lines
02-23 01:49:41.997 20630 20851 D Cloud.StatisticsUtils2:  NearMeStatistics.onCommon-eventID: 20_1001_03 eventTag: 20 eventMap: {enter_id=, resource_id=alarm_set, cloud_version=5.2.20, time=1771791581997, status=1771939607255}
02-23 01:49:41.998 20630 20851 I Cloud.SyncAlarmManager: nextTime = 24/02/26 6:56 pm
02-23 01:49:41.998 20630 20851 I Cloud.CloudDeviceInfo: isUserUnlocked = true
02-23 01:49:41.998 20630 20851 D Cloud.StatusMethodHook: isAgentAutoSyncEnabled module=contact, isEnabled = false, value = 0
02-23 01:49:42.000 20630 20851 E Cloud.Utils: com.
02-23 01:49:42.000 20630 20851 D Cloud.SyncConfigManager: isNoteSoftDeleteSupported ret = false
02-23 01:49:42.003 20630 20851 D Cloud.SyncConfigManager: isNoteSoftDeleteSupported, versionCode=1710 ret=true
02-23 01:49:42.003 20630 20851 I Cloud.CloudDeviceInfo: isUserUnlocked = true
02-23 01:49:42.003 20630 20851 D Cloud.StatusMethodHook: isAgentAutoSyncEnabled module=note, isEnabled = false, value = 0
02-23 01:49:42.003 20630 20851 D Cloud.StatusManager: getSyncSwitchState module === calendar_group
02-23 01:49:42.003 20630 20851 I Cloud.CloudDeviceInfo: isUserUnlocked = true
02-23 01:49:42.003 20630 20851 D Cloud.StatusMethodHook: isAgentAutoSyncEnabled module=calendar_group, isEnabled = false, value = 0
02-23 01:49:42.003 20630 20851 I Cloud.CloudDeviceInfo: isUserUnlocked = true
02-23 01:49:42.003 20630 20851 D Cloud.StatusMethodHook: isAgentAutoSyncEnabled module=calendar, isEnabled = false, value = 0
02-23 01:49:42.003 20630 20851 D Cloud.StatusManager: getSyncSwitchState module === calendar_group_share
02-23 01:49:42.003 20630 20851 I Cloud.CloudDeviceInfo: isUserUnlocked = true
02-23 01:49:42.003 20630 20851 D Cloud.StatusMethodHook: isAgentAutoSyncEnabled module=calendar_group_share, isEnabled = false, value = 0
02-23 01:49:42.003 20630 20851 D Cloud.StatusManager: getSyncSwitchState module === calendar_share
02-23 01:49:42.004 20630 20851 I Cloud.CloudDeviceInfo: isUserUnlocked = true
02-23 01:49:42.004 20630 20851 D Cloud.StatusMethodHook: isAgentAutoSyncEnabled module=calendar_share, isEnabled = false, value = 0
02-23 01:49:42.004 20630 20851 E Cloud.Utils: com.
02-23 01:49:42.004 20630 20851 I Cloud.SyncConfigManager: isBookmarkSoftDeleteSupported installed : false
02-23 01:49:42.004 20630 20851 W Cloud.StatusManager: isAgentAutoSyncEnabled module=bookmark, not installed
02-23 01:49:42.004 20630 20851 D Cloud.StatusMethodHook: isAgentAutoSyncEnabled module=bookmark, isEnabled = false, value = 0
02-23 01:49:42.005 20630 20851 E Cloud.Utils: com.
02-23 01:49:42.005 20630 20851 I Cloud.SyncConfigManager: isNewsSupported installed : false
02-23 01:49:42.005 20630 20851 W Cloud.StatusManager: isAgentAutoSyncEnabled module=news, not installed
02-23 01:49:42.005 20630 20851 D Cloud.StatusMethodHook: isAgentAutoSyncEnabled module=news, isEnabled = false, value = 0
02-23 01:49:42.005 20630 20851 I Cloud.CloudDeviceInfo: isUserUnlocked = true
02-23 01:49:42.006  4093  9389 E sqlite3_android: [IKR-38846] ONEPLUS_NAME_PARTS_MATCH SQLITE_OK
02-23 01:49:42.006 20630 20851 D Cloud.StatusMethodHook: isAgentAutoSyncEnabled module=record, isEnabled = false, value = 0
02-23 01:49:42.007 20630 20851 I Cloud.CloudDeviceInfo: isUserUnlocked = true
02-23 01:49:42.007 20630 20851 D Cloud.StatusMethodHook: isAgentAutoSyncEnabled module=privatesafe, isEnabled = false, value = 0
02-23 01:49:42.007 20630 20851 I Cloud.CloudDeviceInfo: isUserUnlocked = true
02-23 01:49:42.007 20630 20851 D Cloud.StatusMethodHook: isAgentAutoSyncEnabled module=wifi, isEnabled = false, value = 0
02-23 01:49:42.007 20630 20851 I Cloud.CloudDeviceInfo: isUserUnlocked = true
02-23 01:49:42.007 20630 20851 D Cloud.StatusMethodHook: isAgentAutoSyncEnabled module=album, isEnabled = false, value = 0
02-23 01:49:42.007 20630 20851 I Cloud.CloudDeviceInfo: isUserUnlocked = true
02-23 01:49:42.007 20630 20851 D Cloud.StatusMethodHook: isAgentAutoSyncEnabled module=album_dir, isEnabled = false, value = 0
02-23 01:49:42.007 20630 20851 I Cloud.CloudDeviceInfo: isUserUnlocked = true
02-23 01:49:42.007 20630 20851 D Cloud.StatusMethodHook: isAgentAutoSyncEnabled module=album-tv, isEnabled = false, value = 0
02-23 01:49:42.007 20630 20851 I Cloud.CloudDeviceInfo: isUserUnlocked = true
02-23 01:49:42.038  1471  3451 I chatty  : uid=1000(system) Binder:1471_9 expire 565 lines
02-23 01:49:42.079  1471  3856 I chatty  : uid=1000(system) Binder:1471_E expire 49 lines
02-23 01:49:42.085  1471 14079 I chatty  : uid=1000(system) Binder:1471_1E expire 27 lines
02-23 01:49:42.096  1471  3858 I chatty  : uid=1000(system) Binder:1471_10 expire 91 lines
02-23 01:49:42.114  1471  2588 I AppsFilter: interaction: PackageSetting{1192b31 com.flag.secure/10256} -> PackageSetting{bc68216 com.google.android.apps.docs/10151} BLOCKED
02-23 01:49:42.170  1471  3860 I chatty  : uid=1000(system) Binder:1471_11 expire 681 lines
02-23 01:49:42.236  1471  2588 I chatty  : uid=1000(system) PackageManager expire 1 line
02-23 01:49:42.260  2879  2879 D HeadsetService: getHeadsetService(): returning com.android.bluetooth.hfp.HeadsetService@38605c5
02-23 01:49:42.261 29669 29669 D com.oneplus.opwlb.WlbApplication: package change receiver:android.intent.action.PACKAGE_CHANGED
02-23 01:49:42.261  2879  2879 D HeadsetService:  isAudioOn: The number of audio connected devices 0
02-23 01:49:42.261  2879  2879 D HeadsetService: isScoOrCallActive(): Call Active:falseCall is Ringing:falseSCO is Active:false
02-23 01:49:42.267  1471  2567 I chatty  : uid=1000(system) android.bg expire 15 lines
02-23 01:49:42.267 13655 20890 E sqlite3_android: [IKR-38846] ONEPLUS_NAME_PARTS_MATCH SQLITE_OK
02-23 01:49:42.276  1471  2668 I chatty  : uid=1000(system) InputReader expire 1 line
02-23 01:49:42.321  1471  6341 I chatty  : uid=1000(system) Binder:1471_1A expire 56 lines
02-23 01:49:42.324  2879  2879 D HeadsetService:  isAudioOn: The number of audio connected devices 0
02-23 01:49:42.324  2879  2879 I Avrcp_ext: updatePlayStatusForDevice: device: null
02-23 01:49:42.324  2879  2879 I Avrcp_ext: Exit updatePlayStatusForDevice
02-23 01:49:42.325  2879  2879 D HeadsetService:  isAudioOn: The number of audio connected devices 0
02-23 01:49:42.325  2879  2879 D HeadsetService: isScoOrCallActive(): Call Active:falseCall is Ringing:falseSCO is Active:false
02-23 01:49:42.325  2879  2879 D HeadsetService:  isAudioOn: The number of audio connected devices 0
02-23 01:49:42.325  2879  2879 I Avrcp_ext: updatePlayStatusForDevice: device: null
02-23 01:49:42.325  2879  2879 I Avrcp_ext: Exit updatePlayStatusForDevice
02-23 01:49:42.325 20181 20217 D AccountTypeManager: Registering external account type=org.telegram.plus, packageName=org.telegram.plus
02-23 01:49:42.325  2879  2879 D HeadsetService:  isAudioOn: The number of audio connected devices 0
02-23 01:49:42.325  2879  2879 D HeadsetService: isScoOrCallActive(): Call Active:falseCall is Ringing:falseSCO is Active:false
02-23 01:49:42.327  2879  2879 D HeadsetService:  isAudioOn: The number of audio connected devices 0
02-23 01:49:42.327  2879  2879 I Avrcp_ext: updatePlayStatusForDevice: device: null
02-23 01:49:42.327  2879  2879 I Avrcp_ext: Exit updatePlayStatusForDevice
02-23 01:49:42.327  1471  6338 I chatty  : uid=1000(system) Binder:1471_19 expire 95 lines
02-23 01:49:42.329  2879  2879 D HeadsetService:  isAudioOn: The number of audio connected devices 0
02-23 01:49:42.329  2879  2879 D HeadsetService: isScoOrCallActive(): Call Active:falseCall is Ringing:falseSCO is Active:false
02-23 01:49:42.329  2879  2879 D HeadsetService:  isAudioOn: The number of audio connected devices 0
02-23 01:49:42.329  2879  2879 I Avrcp_ext: updatePlayStatusForDevice: device: null
02-23 01:49:42.329  2879  2879 I Avrcp_ext: Exit updatePlayStatusForDevice
02-23 01:49:42.329  2879  2879 D HeadsetService:  isAudioOn: The number of audio connected devices 0
02-23 01:49:42.329  2879  2879 D HeadsetService: isScoOrCallActive(): Call Active:falseCall is Ringing:falseSCO is Active:false
02-23 01:49:42.331  2879  2879 D HeadsetService:  isAudioOn: The number of audio connected devices 0
02-23 01:49:42.331  2879  2879 I Avrcp_ext: updatePlayStatusForDevice: device: null
02-23 01:49:42.331  2879  2879 I Avrcp_ext: Exit updatePlayStatusForDevice
02-23 01:49:42.333 20181 20217 D AccountTypeManager: Registering external account type=com.google.android.apps.tachyon, packageName=com.google.android.apps.tachyon
02-23 01:49:42.335 20181 20217 D AccountTypeManager: Registering 1 extension packages
02-23 01:49:42.337  4726  4726 D RegisteredServicesCache:  Reading service state data always from file
02-23 01:49:42.337  4726  4726 D RegisteredServicesCache: ServiceStateFileVersion=1.0
02-23 01:49:42.337  4726  4726 E RegisteredServicesCache: Next Tag=services
02-23 01:49:42.337  4726  4726 D RegisteredServicesCache:  curr component com.google.android.gms/com.google.android.gms.nearby.mediums.nearfieldcommunication.NfcAdvertisingService
02-23 01:49:42.337  4726  4726 D RegisteredServicesCache:  curr uid 10135
02-23 01:49:42.337  4726  4726 D RegisteredServicesCache:  curr state 1
02-23 01:49:42.337  4726  4726 E RegisteredServicesCache: installedServices no uidString 
02-23 01:49:42.338  4726  4726 D RegisteredServicesCache:  curr component com.google.android.gms/com.google.android.gms.fido.fido2.ui.hybrid.NfcEmulationService
02-23 01:49:42.338  4726  4726 D RegisteredServicesCache:  curr uid 10135
02-23 01:49:42.338  4726  4726 D RegisteredServicesCache:  curr state 1
02-23 01:49:42.338  4726  4726 E RegisteredServicesCache: installedServices contains uidString : 10135
02-23 01:49:42.338  4726  4726 D RegisteredServicesCache:  curr component com.google.android.gms/com.google.android.gms.pay.hce.service.PayHceService
02-23 01:49:42.338  4726  4726 D RegisteredServicesCache:  curr uid 10135
02-23 01:49:42.338  4726  4726 D RegisteredServicesCache:  curr state 1
02-23 01:49:42.338  4726  4726 E RegisteredServicesCache: installedServices contains uidString : 10135
02-23 01:49:42.338  4726  4726 D RegisteredServicesCache:  curr component com.google.android.gms/com.google.android.gms.dck.service.DckNfcApduService
02-23 01:49:42.338  4726  4726 D RegisteredServicesCache:  curr uid 10135
02-23 01:49:42.338  4726  4726 D RegisteredServicesCache:  curr state 1
02-23 01:49:42.338  4726  4726 E RegisteredServicesCache: installedServices contains uidString : 10135
02-23 01:49:42.338  4726  4726 E RegisteredServicesCache: 1invalidateCache:WriteServiceStateToFile
02-23 01:49:42.338  4726  4726 E RegisteredServicesCache:  Writing service state Data Always
02-23 01:49:42.341  4726  4726 E RegisteredServicesCache: component namecom.google.android.gms/com.google.android.gms.nearby.mediums.nearfieldcommunication.NfcAdvertisingService
02-23 01:49:42.341  4726  4726 E RegisteredServicesCache: component namecom.google.android.gms/com.google.android.gms.fido.fido2.ui.hybrid.NfcEmulationService
02-23 01:49:42.341  4726  4726 E RegisteredServicesCache: component namecom.google.android.gms/com.google.android.gms.pay.hce.service.PayHceService
02-23 01:49:42.342 20181 20217 E ExternalAccountType: Unsupported attribute readOnly
02-23 01:49:42.343  4726  4726 E RegisteredServicesCache: component namecom.google.android.gms/com.google.android.gms.dck.service.DckNfcApduService
02-23 01:49:42.348  1471  2581 I chatty  : uid=1000(system) PowerManagerSer expire 10 lines
02-23 01:49:42.350 20181 20217 D AccountTypeManager: Registering extension package account type=com.google, dataSet=plus, packageName=com.google.android.gms
02-23 01:49:42.352  1471  6341 I chatty  : uid=1000(system) Binder:1471_1A expire 48 lines
02-23 01:49:42.355 29669 29669 V IconPackHelper: Don't need to load same iconpack
02-23 01:49:42.356 29669 29669 V IconPackHelper: Don't need to load same iconpack
02-23 01:49:42.357  4726  4726 D RegisteredAidCache:  AID power state325041592E5359532E444446303117route0
02-23 01:49:42.357  4726  4726 D RegisteredAidCache:  AID power state4F53452E5641532E303117route0
02-23 01:49:42.357  4726  4726 D RegisteredAidCache:  AID power stateA000000476B0000317route0
02-23 01:49:42.357  4726  4726 D RegisteredAidCache:  AID power stateA000000476D000011117route0
02-23 01:49:42.357  4726  4726 D RegisteredAidCache:  AID power stateA000000809434343444B46763117route0
02-23 01:49:42.357  4726  4726 D RegisteredAidCache:  AID power stateF00000FE2C17route0
02-23 01:49:42.357  4726  4726 D NfcService: defaultAidRoute : 283
02-23 01:49:42.357  4726  4726 D NfcService: GetDefaultRouteLoc  :1
02-23 01:49:42.357  4726  4726 D NfcService: defaultAidRoute : 283
02-23 01:49:42.357  4726  4726 E AidRoutingManager: Size of routing table800
02-23 01:49:42.359 29669 29669 V IconPackHelper: Don't need to load same iconpack
02-23 01:49:42.360 29669 29669 V IconPackHelper: Don't need to load same iconpack
02-23 01:49:42.362  4726  4726 D NfcApduServiceInfo: updateServiceCommitStatus:Description:Nearby:InternalState:1:commitStatus:true
02-23 01:49:42.362  4726  4726 D NfcApduServiceInfo: updateServiceCommitStatus:Description:Fido NFC Emulation Service:InternalState:1:commitStatus:true
02-23 01:49:42.362  4726  4726 D NfcApduServiceInfo: updateServiceCommitStatus:Description:Google Pay:InternalState:1:commitStatus:true
02-23 01:49:42.362  4726  4726 D NfcApduServiceInfo: updateServiceCommitStatus:Description:Android Digital Car Key (System Service):InternalState:1:commitStatus:true
02-23 01:49:42.362  4726  4726 E RegisteredServicesCache: 3updateStatusOfServices:WriteServiceStateToFile
