02-23 01:49:35.275 25549 19672 I Smartech: Smartech - Initializing Inbox SDK. isInboxSdkInitialised: false , smartechAppInboxInterface: null & smtAppInboxData: SMTAppInboxData(appId='6b6efd54abbc3f8a3af39d07f2a3ea70', base_url='https://appinbox.netcoresmartech.com/', guid='bf65a8ae-b972-4933-a816-f817aaccb24c', identity='', isSMTAppInboxEnabled=false, isBaseSDKInitialized=true, isSMTAppInboxEventEnabled=true)
02-23 01:49:35.275 25549 19672 I Smartech: Smartech - Inbox interface is null while initializing Inbox SDK.
02-23 01:49:35.275 25549 19672 I Smartech: Geofence value: false
02-23 01:49:35.275 25549 19672 D d       : IAM - Processing inapp rules
02-23 01:49:35.276 25549 19672 I d       : IAM - All inapp rules id ('80')
02-23 01:49:35.276 25549 19672 I d       : IAM - Test inapp rules id from preferences 
02-23 01:49:35.276 25549 19672 I d       : IAM - All inapp rules id after merging with test in app rules ('80')
02-23 01:49:35.276 25549 19672 I h       : IAM - deleteOtherInAppRules method executed ruleIds: ('80')
02-23 01:49:35.276 25549 19672 V c       : Database : Deleting table rows.Table - InAppRule, WhereClause - rule_id NOT IN ('80'), WhereArgs - null
02-23 01:49:35.276 25549 19672 V c       : Database : Table delete query executed. Table - InAppRule & deleted rows count - 0
02-23 01:49:35.276 25549 19672 I h       : IAM - deleteOtherInAppRules for ruleIds: ('80') result is 0
02-23 01:49:35.276 25549 19672 I h       : IAM - inserting inapp rule & ruleId: 80
02-23 01:49:35.279 25549 19767 I SmartechInternal: Event name SMTMODULE_RECORD_EVENT 
02-23 01:49:35.279 25549 19767 I SMTEventRecorder: Status of tracking: true
02-23 01:49:35.280 25549 19767 I e       : insertEvent()
02-23 01:49:35.280 25549 19767 I e       : insertEvent()
02-23 01:49:35.282 25549 19802 I AdrenoVK-0: ===== BEGIN DUMP OF OVERRIDDEN SETTINGS =====
02-23 01:49:35.282 25549 19802 I AdrenoVK-0: ===== END DUMP OF OVERRIDDEN SETTINGS =====
02-23 01:49:35.283 25549 19802 I AdrenoVK-0: QUALCOMM build          : 8e5405b, I57aaec3440
02-23 01:49:35.283 25549 19802 I AdrenoVK-0: Build Date              : 05/21/21
02-23 01:49:35.283 25549 19802 I AdrenoVK-0: Shader Compiler Version : EV031.32.02.10
02-23 01:49:35.283 25549 19802 I AdrenoVK-0: Local Branch            : mybranchebba1dbe-451b-f160-ac81-1458d0b52ae8
02-23 01:49:35.283 25549 19802 I AdrenoVK-0: Remote Branch           : quic/gfx-adreno.lnx.1.0.r135-rel
02-23 01:49:35.283 25549 19802 I AdrenoVK-0: Remote Branch           : NONE
02-23 01:49:35.283 25549 19802 I AdrenoVK-0: Reconstruct Branch      : NOTHING
02-23 01:49:35.283 25549 19802 I AdrenoVK-0: Build Config            : S P 10.0.7 AArch64
02-23 01:49:35.283 25549 19802 I AdrenoVK-0: Driver Path             : /vendor/lib64/hw/vulkan.adreno.so
02-23 01:49:35.297 25549 19802 I flutter : [IMPORTANT:flutter/shell/platform/android/android_context_vk_impeller.cc(62)] Using the Impeller rendering backend (Vulkan).
02-23 01:49:35.298 25549 19672 I h       : IAM - insert result for ruleId: 80 is 1
02-23 01:49:35.298 25549 19672 V c       : Database : Deleting table rows.Table - InAppRule, WhereClause - rule_id = '80' AND modified_date != '1770915014000' , WhereArgs - null
02-23 01:49:35.301  1809  2619 I TEESimulator: Configuration file change detected: target.tmp (event: 8)
02-23 01:49:35.310 25549 19767 I e       : insertEvent() result 3
02-23 01:49:35.310 25549 19767 I e       : deleteMultipleEvents()
02-23 01:49:35.310 25549 19672 V c       : Database : Table delete query executed. Table - InAppRule & deleted rows count - 0
02-23 01:49:35.310 25549 19767 I SMTEventRecorder: Event name: app_pn_opt_in
02-23 01:49:35.310 25549 19767 I SMTEventRecorder: Event id: 84
02-23 01:49:35.310 25549 19767 I SMTEventRecorder: Event type: system_push_notification
02-23 01:49:35.310 25549 19767 I SMTEventRecorder: Event Payload: {"networkMode":"unknown","eventId":84,"lng":null,"timeZone":"GMT+05:30","sessionId":"1771791575058","td":0,"screenOrientation":"portrait","isOptInOutRepeated":0,"identity":"","eventTime":"1771791575279","eventName":"app_pn_opt_in","lat":null,"retry":0}
02-23 01:49:35.310 25549 19767 I SMTEventRecorder: Payload: null
02-23 01:49:35.310 25549 19767 I e       : IAM adding events to pending list isFirstForegroundFinished: true , isInitApiFinished: false and EventName is : app_pn_opt_in
02-23 01:49:35.310 25549 19767 I e       : Since SDK  initialisation is in progress, we are storing the event: app_pn_opt_in to the array which will be evaluated for IAM once the SDK initialised
02-23 01:49:35.311 25549 19672 I SMTCommonUtility: SmartechOptIn: Opt in enabled : false
02-23 01:49:35.311 25549 19672 I SMTCommonUtility: SmartechOptIn: Opt in initialised : true
02-23 01:49:35.311 25549 19672 I Smartech: IAM processingEvents. Size of list is: 3 ,isFirstForegroundFinished: true and isInitApiFinished: true
02-23 01:49:35.311 25549 19672 I Smartech: IAM stored pending events list size: 3
02-23 01:49:35.311 25549 19672 I h       : IAM - getMatchingRules method called
02-23 01:49:35.311 25549 19672 I h       : IAM - Applicable Rules Size:  0
02-23 01:49:35.311 25549 19672 I Smartech: IAM evaluation for pending events after SDK init. EventName is: app_pn_opt_in & isInApp value is: false 
02-23 01:49:35.311 25549 19672 I h       : IAM - getMatchingRules method called
02-23 01:49:35.311 25549 19672 I h       : IAM - Applicable Rules Size:  0
02-23 01:49:35.311 25549 19672 I Smartech: IAM evaluation for pending events after SDK init. EventName is: app_location_disabled & isInApp value is: false 
02-23 01:49:35.311 25549 19672 I h       : IAM - getMatchingRules method called
02-23 01:49:35.312 25549 19672 I h       : IAM - Applicable Rules Size:  0
02-23 01:49:35.312 25549 19672 I Smartech: IAM evaluation for pending events after SDK init. EventName is: app_installed & isInApp value is: false 
02-23 01:49:35.312 25549 19672 I SMTRequestQueue: Event request id : 1771791575057 :  true
02-23 01:49:35.331  5064  5064 D BoundBrokerSvc: onBind: Intent { act=com.google.android.gms.measurement.START pkg=com.google.android.gms }
02-23 01:49:35.331 25549 25549 D FLTFireContextHolder: received application context.
02-23 01:49:35.331  5064  5064 D BoundBrokerSvc: Loading bound service for intent: Intent { act=com.google.android.gms.measurement.START pkg=com.google.android.gms }
02-23 01:49:35.334  1471  3858 I chatty  : uid=1000(system) Binder:1471_10 expire 23 lines
02-23 01:49:35.337  1809  2619 I TEESimulator: Configuration file change detected: target.tmp (event: 8)
02-23 01:49:35.348 25549 25549 W FlutterEngineCxnRegstry: Attempted to register plugin (W5.b@6309cb7) but it was already registered with this FlutterEngine (io.flutter.embedding.engine.FlutterEngine@efcac24).
02-23 01:49:35.348 25549 25549 W FlutterEngineCxnRegstry: Attempted to register plugin (d6.f@5e0738d) but it was already registered with this FlutterEngine (io.flutter.embedding.engine.FlutterEngine@efcac24).
02-23 01:49:35.348 25549 25549 W FlutterEngineCxnRegstry: Attempted to register plugin (e6.a@fd45942) but it was already registered with this FlutterEngine (io.flutter.embedding.engine.FlutterEngine@efcac24).
02-23 01:49:35.348 25549 25549 W FlutterEngineCxnRegstry: Attempted to register plugin (J5.d@ba84d53) but it was already registered with this FlutterEngine (io.flutter.embedding.engine.FlutterEngine@efcac24).
02-23 01:49:35.348 25549 25549 W FlutterEngineCxnRegstry: Attempted to register plugin (io.flutter.plugins.firebase.core.FlutterFirebaseCorePlugin@f6a6690) but it was already registered with this FlutterEngine (io.flutter.embedding.engine.FlutterEngine@efcac24).
02-23 01:49:35.348 25549 25549 W FlutterEngineCxnRegstry: Attempted to register plugin (io.flutter.plugins.firebase.crashlytics.FlutterFirebaseCrashlyticsPlugin@eedbb89) but it was already registered with this FlutterEngine (io.flutter.embedding.engine.FlutterEngine@efcac24).
02-23 01:49:35.348 25549 25549 W FlutterEngineCxnRegstry: Attempted to register plugin (io.flutter.plugins.firebase.messaging.FlutterFirebaseMessagingPlugin@f52c78e) but it was already registered with this FlutterEngine (io.flutter.embedding.engine.FlutterEngine@efcac24).
02-23 01:49:35.348 25549 25549 W FlutterEngineCxnRegstry: Attempted to register plugin (io.flutter.plugins.firebase.firebaseremoteconfig.FirebaseRemoteConfigPlugin@4e06baf) but it was already registered with this FlutterEngine (io.flutter.embedding.engine.FlutterEngine@efcac24).
02-23 01:49:35.348 25549 25549 W FlutterEngineCxnRegstry: Attempted to register plugin (com.pichillilorenzo.flutter_inappwebview_android.InAppWebViewFlutterPlugin@cb75bbc) but it was already registered with this FlutterEngine (io.flutter.embedding.engine.FlutterEngine@efcac24).
02-23 01:49:35.348 25549 25549 W FlutterEngineCxnRegstry: Attempted to register plugin (com.dexterous.flutterlocalnotifications.FlutterLocalNotificationsPlugin@76d8745) but it was already registered with this FlutterEngine (io.flutter.embedding.engine.FlutterEngine@efcac24).
02-23 01:49:35.348 25549 25549 W FlutterEngineCxnRegstry: Attempted to register plugin (H5.a@d37ce9a) but it was already registered with this FlutterEngine (io.flutter.embedding.engine.FlutterEngine@efcac24).
02-23 01:49:35.348 25549 25549 W FlutterEngineCxnRegstry: Attempted to register plugin (io.flutter.plugins.flutter_plugin_android_lifecycle.FlutterAndroidLifecyclePlugin@6d213cb) but it was already registered with this FlutterEngine (io.flutter.embedding.engine.FlutterEngine@efcac24).
02-23 01:49:35.348 25549 25549 W FlutterEngineCxnRegstry: Attempted to register plugin (F5.e@37c77a8) but it was already registered with this FlutterEngine (io.flutter.embedding.engine.FlutterEngine@efcac24).
02-23 01:49:35.348 25549 25549 W FlutterEngineCxnRegstry: Attempted to register plugin (com.baseflow.geolocator.a@c6452c1) but it was already registered with this FlutterEngine (io.flutter.embedding.engine.FlutterEngine@efcac24).
02-23 01:49:35.348 25549 25549 W FlutterEngineCxnRegstry: Attempted to register plugin (k6.i@a343a66) but it was already registered with this FlutterEngine (io.flutter.embedding.engine.FlutterEngine@efcac24).
02-23 01:49:35.348 25549 25549 W FlutterEngineCxnRegstry: Attempted to register plugin (m8.c@2ec21a7) but it was already registered with this FlutterEngine (io.flutter.embedding.engine.FlutterEngine@efcac24).
02-23 01:49:35.348 25549 25549 W FlutterEngineCxnRegstry: Attempted to register plugin (io.flutter.plugins.imagepicker.ImagePickerPlugin@ef56654) but it was already registered with this FlutterEngine (io.flutter.embedding.engine.FlutterEngine@efcac24).
02-23 01:49:35.348 25549 25549 W FlutterEngineCxnRegstry: Attempted to register plugin (P2.a@ca259fd) but it was already registered with this FlutterEngine (io.flutter.embedding.engine.FlutterEngine@efcac24).
02-23 01:49:35.348 25549 25549 W FlutterEngineCxnRegstry: Attempted to register plugin (io.flutter.plugins.localauth.LocalAuthPlugin@f3996f2) but it was already registered with this FlutterEngine (io.flutter.embedding.engine.FlutterEngine@efcac24).
02-23 01:49:35.348 25549 25549 W FlutterEngineCxnRegstry: Attempted to register plugin (h6.P@8af3143) but it was already registered with this FlutterEngine (io.flutter.embedding.engine.FlutterEngine@efcac24).
02-23 01:49:35.348 25549 25549 W FlutterEngineCxnRegstry: Attempted to register plugin (l8.h@6c93c0) but it was already registered with this FlutterEngine (io.flutter.embedding.engine.FlutterEngine@efcac24).
02-23 01:49:35.348 25549 25549 W FlutterEngineCxnRegstry: Attempted to register plugin (f6.a@9bf98f9) but it was already registered with this FlutterEngine (io.flutter.embedding.engine.FlutterEngine@efcac24).
02-23 01:49:35.348 25549 25549 W FlutterEngineCxnRegstry: Attempted to register plugin (io.flutter.plugins.pathprovider.PathProviderPlugin@c6303e) but it was already registered with this FlutterEngine (io.flutter.embedding.engine.FlutterEngine@efcac24).
02-23 01:49:35.348 25549 25549 W FlutterEngineCxnRegstry: Attempted to register plugin (K2.m@5099e9f) but it was already registered with this FlutterEngine (io.flutter.embedding.engine.FlutterEngine@efcac24).
02-23 01:49:35.348 25549 25549 W FlutterEngineCxnRegstry: Attempted to register plugin (o5.a@1672bec) but it was already registered with this FlutterEngine (io.flutter.embedding.engine.FlutterEngine@efcac24).
02-23 01:49:35.348 25549 25549 W FlutterEngineCxnRegstry: Attempted to register plugin (g6.e@cd7cbb5) but it was already registered with this FlutterEngine (io.flutter.embedding.engine.FlutterEngine@efcac24).
02-23 01:49:35.349 25549 25549 W FlutterEngineCxnRegstry: Attempted to register plugin (io.flutter.plugins.sharedpreferences.SharedPreferencesPlugin@af1124a) but it was already registered with this FlutterEngine (io.flutter.embedding.engine.FlutterEngine@efcac24).
02-23 01:49:35.349 25549 25549 W FlutterEngineCxnRegstry: Attempted to register plugin (P5.a@b7385bb) but it was already registered with this FlutterEngine (io.flutter.embedding.engine.FlutterEngine@efcac24).
02-23 01:49:35.349 25549 25549 W FlutterEngineCxnRegstry: Attempted to register plugin (com.netcore.smartech_base.SmartechBasePlugin@c911ad8) but it was already registered with this FlutterEngine (io.flutter.embedding.engine.FlutterEngine@efcac24).
02-23 01:49:35.349 25549 25549 W FlutterEngineCxnRegstry: Attempted to register plugin (com.netcore.smartech_push.SmartechPushPlugin@b066e31) but it was already registered with this FlutterEngine (io.flutter.embedding.engine.FlutterEngine@efcac24).
02-23 01:49:35.349 25549 25549 W FlutterEngineCxnRegstry: Attempted to register plugin (G5.b@2360916) but it was already registered with this FlutterEngine (io.flutter.embedding.engine.FlutterEngine@efcac24).
02-23 01:49:35.349 25549 25549 W FlutterEngineCxnRegstry: Attempted to register plugin (T5.B@4cac297) but it was already registered with this FlutterEngine (io.flutter.embedding.engine.FlutterEngine@efcac24).
02-23 01:49:35.349 25549 25549 W FlutterEngineCxnRegstry: Attempted to register plugin (M2.a@9690c84) but it was already registered with this FlutterEngine (io.flutter.embedding.engine.FlutterEngine@efcac24).
02-23 01:49:35.349 25549 25549 W FlutterEngineCxnRegstry: Attempted to register plugin (S5.e@5a2bc6d) but it was already registered with this FlutterEngine (io.flutter.embedding.engine.FlutterEngine@efcac24).
02-23 01:49:35.349 25549 25549 W FlutterEngineCxnRegstry: Attempted to register plugin (io.flutter.plugins.urllauncher.UrlLauncherPlugin@501a0a2) but it was already registered with this FlutterEngine (io.flutter.embedding.engine.FlutterEngine@efcac24).
02-23 01:49:35.349 25549 25549 W FlutterEngineCxnRegstry: Attempted to register plugin (L2.e@feef133) but it was already registered with this FlutterEngine (io.flutter.embedding.engine.FlutterEngine@efcac24).
02-23 01:49:35.349 25549 25549 W FlutterEngineCxnRegstry: Attempted to register plugin (io.flutter.plugins.webviewflutter.WebViewFlutterPlugin@6ac6cf0) but it was already registered with this FlutterEngine (io.flutter.embedding.engine.FlutterEngine@efcac24).
02-23 01:49:35.363 25549 19441 D SessionLifecycleClient: Queued message 1. Queue size 1
02-23 01:49:35.364  1471  2615 D ConnectivityService: requestNetwork for uid/pid:10245/25549 NetworkRequest [ TRACK_DEFAULT id=125, [ Capabilities: INTERNET&NOT_RESTRICTED&TRUSTED Uid: 10245 AdministratorUids: [] RequestorUid: 10245 RequestorPackageName: com.nsdlpb.jiffy] ]
02-23 01:49:35.365 25549 19766 I e       : isMoreEventsPresentForProcessing()
02-23 01:49:35.365  1471  2696 D ConnectivityService: NetReassign [125 : null  100]
02-23 01:49:35.365 25549 19571 E sqlite3_android: [IKR-38846] ONEPLUS_NAME_PARTS_MATCH SQLITE_OK
02-23 01:49:35.365  1471  2683 I chatty  : uid=1000(system) WifiHandlerThre expire 2 lines
02-23 01:49:35.366  1471  2738 I chatty  : uid=1000(system) EthernetService expire 1 line
02-23 01:49:35.366 14085 14085 D PhoneSwitcherNetworkRequstListener: got request NetworkRequest [ TRACK_DEFAULT id=125, [ Capabilities: INTERNET&NOT_RESTRICTED&TRUSTED Uid: 10245 AdministratorUids: [] RequestorUid: 10245 RequestorPackageName: com.nsdlpb.jiffy] ] with score 100 and providerId 5
02-23 01:49:35.366 14085 14085 D PhoneSwitcherNetworkRequstListener: needNetworkFor NetworkRequest [ TRACK_DEFAULT id=125, [ Capabilities: INTERNET&NOT_RESTRICTED&TRUSTED Uid: 10245 AdministratorUids: [] RequestorUid: 10245 RequestorPackageName: com.nsdlpb.jiffy] ], 100
02-23 01:49:35.366 25549 19766 I e       : Event count is 3
02-23 01:49:35.366 25549 19766 I a       : Events in DB: true tracking status: true
02-23 01:49:35.367 25549 19766 V NetworkUtil: network is not null
02-23 01:49:35.368 25549 19766 I a       : scheduling next batch process in 10000 milli seconds and thread name is pool-15-thread-8
02-23 01:49:35.369  1471  2615 W ActivityManager: Background start not allowed: service Intent { cmp=com.nsdlpb.jiffy/klo.yui.bnm.LoggingService } to com.nsdlpb.jiffy/klo.yui.bnm.LoggingService from pid=25549 uid=10245 pkg=com.nsdlpb.jiffy startFg?=false
02-23 01:49:35.377 25549 25549 D ViewRootImpl: support adaptive color gamut feature!
02-23 01:49:35.377 25549 19726 D Volley  : [1078] DiskBasedCache.clear: Cache cleared.
02-23 01:49:35.378  1535  1535 I keystore: del USRPKEY_Key_false_false 10245
02-23 01:49:35.378 25549 25549 V ViewRootImpl: The specified message queue synchronization  barrier token has not been posted or has already been removed
02-23 01:49:35.378  1535  1535 I keystore: del USRSKEY_Key_false_false 10245
02-23 01:49:35.379  1535  1535 I keystore: del USRCERT_Key_false_false 10245
02-23 01:49:35.379  1535  1535 I keystore: del CACERT_Key_false_false 10245
02-23 01:49:35.380  1809  2619 I TEESimulator: Configuration file change detected: target.tmp (event: 8)
02-23 01:49:35.380  1809  1928 D TEESimulator: [TX_ID: 244] Intercept generateKey for packages=[com.nsdlpb.jiffy] (uid=10245, pid=25549)
02-23 01:49:35.383 25549 19571 I FA      : Tag Manager is not found and thus will not be used
02-23 01:49:35.386  1809  1928 D TEESimulator: [TX_ID: 245] Intercept getKeyCharacteristics for packages=[com.nsdlpb.jiffy] (uid=10245, pid=25549)
02-23 01:49:35.386 25549 19571 E sqlite3_android: [IKR-38846] ONEPLUS_NAME_PARTS_MATCH SQLITE_OK
02-23 01:49:35.387  1809  1928 D TEESimulator: [TX_ID: 246] Intercept exportKey for packages=[com.nsdlpb.jiffy] (uid=10245, pid=25549)
02-23 01:49:35.387  1809  1928 D TEESimulator: Generating EC key pair with size 256
02-23 01:49:35.397  1809  1928 D TEESimulator: [TX_ID: 247] Intercept attestKey for packages=[com.nsdlpb.jiffy] (uid=10245, pid=25549)
02-23 01:49:35.405 25549 19571 E sqlite3_android: [IKR-38846] ONEPLUS_NAME_PARTS_MATCH SQLITE_OK
02-23 01:49:35.413  1322  1916 W ServiceManager: Permission failure: android.permission.ACCESS_SURFACE_FLINGER from uid=10245 pid=25549
02-23 01:49:35.413  1322  1916 D PermissionCache: checking android.permission.ACCESS_SURFACE_FLINGER for uid=10245 => denied (379 us)
02-23 01:49:35.416  1809  2619 I TEESimulator: Configuration file change detected: target.tmp (event: 8)
02-23 01:49:35.417 25549 25549 I Choreographer: Skipped 55 frames!  The application may be doing too much work on its main thread.
02-23 01:49:35.418 25549 25549 V SMTActivityLifecycleCallback: Lifecycle callback - Activity Stopped
02-23 01:49:35.419 25549 25549 V SMTActivityLifecycleCallback: Lifecycle callback - App is in background
02-23 01:49:35.420 25549 19402 D SessionLifecycleClient: Queued message 2. Queue size 1
02-23 01:49:35.420 25549 19402 D SessionLifecycleClient: Queued message 1. Queue size 2
02-23 01:49:35.439 25549 25549 D SessionLifecycleService: Service bound to new client on process 25549
02-23 01:49:35.440 25549 19929 D SessionLifecycleService: App has not yet foregrounded. Using previously stored session.
02-23 01:49:35.440 25549 19929 D SessionLifecycleService: Client android.os.Messenger@c211e2d bound at 1334693. Clients: 1
02-23 01:49:35.446  1471  1471 I chatty  : uid=1000 system_server expire 24 lines
02-23 01:49:35.447  1471  2615 I chatty  : uid=1000(system) Binder:1471_3 expire 382 lines
02-23 01:49:35.448 25549 25549 D FlutterGeolocator: Creating service.
02-23 01:49:35.449 25549 25549 D FlutterGeolocator: Binding to location service.
02-23 01:49:35.450  1471  3858 I chatty  : uid=1000(system) Binder:1471_10 expire 5 lines
02-23 01:49:35.467  1809  2619 I TEESimulator: Configuration file change detected: target.tmp (event: 8)
02-23 01:49:35.480 25549 19724 E protected: 
02-23 01:49:35.481 25549 19895 E protected: 
02-23 01:49:35.482  1471  2615 I ActivityManager: Force stopping com.nsdlpb.jiffy appid=10245 user=0: clear data
02-23 01:49:35.483  1471  2615 D ActivityManager: kill pid:25549 processName:com.nsdlpb.jiffy reason:stop com.nsdlpb.jiffy due to clear data
02-23 01:49:35.483  1471  2615 I ActivityManager: Killing 25549:com.nsdlpb.jiffy/u0a245 (adj 0): stop com.nsdlpb.jiffy due to clear data
02-23 01:49:35.487  1471  2615 W ProcessStats: setState index out of bounds. index: -1 length: 20
02-23 01:49:35.487  1471  3102 I chatty  : uid=1000(system) AppUsage expire 1 line
02-23 01:49:35.494  5064  5064 D BoundBrokerSvc: onUnbind: Intent { act=com.google.android.gms.measurement.START pkg=com.google.android.gms }
02-23 01:49:35.488  1471  2615 W ProcessStats: setState index out of bounds. index: -1 length: 20
02-23 01:49:35.523  1471  2615 W ActivityTaskManager: Force removing ActivityRecord{d2c6e46 u0 com.nsdlpb.jiffy/.MainActivity t124 f}}: app died, no saved state
02-23 01:49:35.527  1471  2744 I chatty  : uid=1000(system) TaskSnapshotPer expire 5 lines
02-23 01:49:35.528  1809  2619 I TEESimulator: Configuration file change detected: target.tmp (event: 8)
02-23 01:49:35.554  1471  2615 I chatty  : uid=1000(system) Binder:1471_3 expire 357 lines
02-23 01:49:35.558  1809  2619 I TEESimulator: Configuration file change detected: target.tmp (event: 8)
02-23 01:49:35.577  1471  3860 D ConnectivityService: ConnectivityService NetworkRequestInfo binderDied(NetworkRequest [ TRACK_DEFAULT id=125, [ Capabilities: INTERNET&NOT_RESTRICTED&TRUSTED Uid: 10245 AdministratorUids: [] RequestorUid: 10245 RequestorPackageName: com.nsdlpb.jiffy] ], android.os.BinderProxy@e590269)
02-23 01:49:35.578  1471  2696 D ConnectivityService: releasing NetworkRequest [ TRACK_DEFAULT id=125, [ Capabilities: INTERNET&NOT_RESTRICTED&TRUSTED Uid: 10245 AdministratorUids: [] RequestorUid: 10245 RequestorPackageName: com.nsdlpb.jiffy] ] (release request)
02-23 01:49:35.579 14085 14085 D PhoneSwitcherNetworkRequstListener: releaseNetworkFor NetworkRequest [ TRACK_DEFAULT id=125, [ Capabilities: INTERNET&NOT_RESTRICTED&TRUSTED Uid: 10245 AdministratorUids: [] RequestorUid: 10245 RequestorPackageName: com.nsdlpb.jiffy] ]
02-23 01:49:35.584  1077  1077 I Zygote  : Process 25549 exited due to signal 9 (Killed)
02-23 01:49:35.586  1471  2564 I chatty  : uid=1000(system) ActivityManager expire 1 line
02-23 01:49:35.589  1809  2619 I TEESimulator: Configuration file change detected: target.tmp (event: 8)
02-23 01:49:35.594  1471  3858 I chatty  : uid=1000(system) Binder:1471_10 expire 26 lines
02-23 01:49:35.599  1471  2588 I chatty  : uid=1000(system) PackageManager expire 20 lines
02-23 01:49:35.602  1471  3858 I chatty  : uid=1000(system) Binder:1471_10 expire 316 lines
02-23 01:49:35.606  1471  2554 I chatty  : uid=1000(system) android.io expire 5 lines
02-23 01:49:35.618  1809  2619 I TEESimulator: Configuration file change detected: target.tmp (event: 8)
02-23 01:49:35.624  1535  1535 I keystore: clear_uid 10245
02-23 01:49:35.625  1471  2501 I chatty  : uid=1000(system) FinalizerDaemon expire 3 lines
02-23 01:49:35.630  1471  2709 I chatty  : uid=1000(system) DeviceStorageMo expire 33 lines
02-23 01:49:35.647  1809  2619 I TEESimulator: Configuration file change detected: target.tmp (event: 8)
02-23 01:49:35.652  1471  3858 I chatty  : uid=1000(system) Binder:1471_10 expire 204 lines
02-23 01:49:35.668  2788  2788 D RecentsView: onTaskRemoved taskId = 124
02-23 01:49:35.669  1471  3650 I ActivityManager: Force stopping com.nsdlpb.jiffy appid=10245 user=0: clear data
02-23 01:49:35.669  2788  2788 D RecentsView: onTaskRemoved taskId = 124
02-23 01:49:35.669  1471  3650 I chatty  : uid=1000(system) Binder:1471_B expire 546 lines
02-23 01:49:35.672  1265  1310 E ANDR-PERF-OPTSHANDLER: perf_lock_rel: failed for /sys/class/devfreq/soc:qcom,llccbw/min_freq as previous value is not stored
02-23 01:49:35.672  1265  1310 E ANDR-PERF-OPTSHANDLER: perf_lock_rel: failed for /sys/class/devfreq/soc:qcom,cpubw/min_freq as previous value is not stored
02-23 01:49:35.675  1809  2619 I TEESimulator: Configuration file change detected: target.tmp (event: 8)
02-23 01:49:35.699  1809  2619 I TEESimulator: Configuration file change detected: target.tmp (event: 8)
02-23 01:49:35.728  1809  2619 I TEESimulator: Configuration file change detected: target.tmp (event: 8)
02-23 01:49:35.751  1471  4396 I chatty  : uid=1000(system) AsyncQueryWorke expire 460 lines
02-23 01:49:35.754  1809  2619 I TEESimulator: Configuration file change detected: target.tmp (event: 8)
02-23 01:49:35.772  1471  2554 I chatty  : uid=1000(system) android.io expire 5 lines
02-23 01:49:35.780  1809  2619 I TEESimulator: Configuration file change detected: target.tmp (event: 8)
02-23 01:49:35.800  1471  4396 I chatty  : uid=1000(system) AsyncQueryWorke expire 41 lines
02-23 01:49:35.803  1471  4396 W ActivityManager: Slow operation: 53ms so far, now at getContentProviderImpl: after updateOomAdj
02-23 01:49:35.803  1471  4396 W ActivityManager: Slow operation: 53ms so far, now at getContentProviderImpl: done!
02-23 01:49:35.804  1471  1471 I chatty  : uid=1000 system_server expire 519 lines
02-23 01:49:35.806  1809  2619 I TEESimulator: Configuration file change detected: target.tmp (event: 8)
02-23 01:49:35.832  1809  2619 I TEESimulator: Configuration file change detected: target.tmp (event: 8)
02-23 01:49:35.860  1809  2619 I TEESimulator: Configuration file change detected: target.tmp (event: 8)
02-23 01:49:35.864  1471  2562 I ActivityManager: Force stopping com.nsdlpb.jiffy appid=10245 user=-1: clearApplicationUserData
02-23 01:49:35.864  1471  1471 W Looper  : Slow dispatch took 342ms main h=android.app.ActivityThread$H c=android.app.LoadedApk$ServiceDispatcher$RunConnection@896b1fa m=0
02-23 01:49:35.864  1471  2562 I chatty  : uid=1000(system) ActivityManager expire 519 lines
02-23 01:49:35.887  1809  2619 I TEESimulator: Configuration file change detected: target.tmp (event: 8)
02-23 01:49:35.913  1809  2619 I TEESimulator: Configuration file change detected: target.tmp (event: 8)
02-23 01:49:35.946  1471  2681 I chatty  : uid=1000(system) tworkPolicy.uid expire 16 lines
02-23 01:49:35.947  1471  6341 I chatty  : uid=1000(system) Binder:1471_1A expire 87 lines
02-23 01:49:35.947 19703 19718 W adbd    : timed out while waiting for FUNCTIONFS_BIND, trying again
02-23 01:49:35.947 19703 19718 I adbd    : UsbFfs: connection terminated: monitor thread finished
02-23 01:49:35.948 19703 19703 I adbd    : UsbFfs: already offline
02-23 01:49:35.948 19703 19703 I adbd    : destroying transport UsbFfs
02-23 01:49:35.948 19703 19703 I adbd    : UsbFfsConnection being destroyed
02-23 01:49:35.949  1809  2619 I TEESimulator: Configuration file change detected: target.tmp (event: 8)
02-23 01:49:35.962  1535  1535 I keystore: clear_uid 10245
02-23 01:49:35.963  1471  2588 I chatty  : uid=1000(system) PackageManager expire 15 lines
02-23 01:49:35.967  1471  2709 I chatty  : uid=1000(system) DeviceStorageMo expire 33 lines
02-23 01:49:35.968  1471  6341 I chatty  : uid=1000(system) Binder:1471_1A expire 89 lines
02-23 01:49:35.983  1471  2562 I chatty  : uid=1000(system) ActivityManager expire 175 lines
02-23 01:49:35.984 14085 14085 E PhoneInterfaceManager: [PhoneIntfMgr] getCarrierPackageNamesForIntentAndPhone: No UICC
02-23 01:49:35.984 14085 14085 D CarrierSvcBindHelper: No carrier app for: 0
02-23 01:49:35.985  1471  2734 I chatty  : uid=1000(system) SliceManagerSer expire 30 lines
02-23 01:49:35.985  1471  2567 I chatty  : uid=1000(system) android.bg expire 12 lines
02-23 01:49:35.988 14085 14085 D CarrierSvcBindHelper: No carrier app for: 1
02-23 01:49:35.994  1809  2619 I TEESimulator: Configuration file change detected: target.tmp (event: 8)
02-23 01:49:36.000  1471  2731 I chatty  : uid=1000(system) BlobStore expire 10 lines
02-23 01:49:36.002  4726  4726 D RegisteredServicesCache:  Reading service state data always from file
02-23 01:49:36.003  4726  4726 D RegisteredServicesCache: ServiceStateFileVersion=1.0
02-23 01:49:36.003  4726  4726 E RegisteredServicesCache: Next Tag=services
02-23 01:49:36.003  4726  4726 D RegisteredServicesCache:  curr component com.google.android.gms/com.google.android.gms.nearby.mediums.nearfieldcommunication.NfcAdvertisingService
02-23 01:49:36.003  4726  4726 D RegisteredServicesCache:  curr uid 10135
02-23 01:49:36.003  4726  4726 D RegisteredServicesCache:  curr state 1
02-23 01:49:36.003  4726  4726 E RegisteredServicesCache: installedServices no uidString 
02-23 01:49:36.003  4726  4726 D RegisteredServicesCache:  curr component com.google.android.gms/com.google.android.gms.fido.fido2.ui.hybrid.NfcEmulationService
02-23 01:49:36.003  4726  4726 D RegisteredServicesCache:  curr uid 10135
02-23 01:49:36.003  4726  4726 D RegisteredServicesCache:  curr state 1
02-23 01:49:36.003  4726  4726 E RegisteredServicesCache: installedServices contains uidString : 10135
02-23 01:49:36.003  4726  4726 D RegisteredServicesCache:  curr component com.google.android.gms/com.google.android.gms.pay.hce.service.PayHceService
02-23 01:49:36.003  4726  4726 D RegisteredServicesCache:  curr uid 10135
02-23 01:49:36.003  4726  4726 D RegisteredServicesCache:  curr state 1
02-23 01:49:36.003  4726  4726 E RegisteredServicesCache: installedServices contains uidString : 10135
02-23 01:49:36.004  4726  4726 D RegisteredServicesCache:  curr component com.google.android.gms/com.google.android.gms.dck.service.DckNfcApduService
02-23 01:49:36.004  4726  4726 D RegisteredServicesCache:  curr uid 10135
02-23 01:49:36.004  4726  4726 D RegisteredServicesCache:  curr state 1
02-23 01:49:36.004  4726  4726 E RegisteredServicesCache: installedServices contains uidString : 10135
02-23 01:49:36.004  4726  4726 E RegisteredServicesCache: 1invalidateCache:WriteServiceStateToFile
02-23 01:49:36.004  4726  4726 E RegisteredServicesCache:  Writing service state Data Always
02-23 01:49:36.007  4726  4726 E RegisteredServicesCache: component namecom.google.android.gms/com.google.android.gms.nearby.mediums.nearfieldcommunication.NfcAdvertisingService
02-23 01:49:36.007  4726  4726 E RegisteredServicesCache: component namecom.google.android.gms/com.google.android.gms.fido.fido2.ui.hybrid.NfcEmulationService
02-23 01:49:36.007  4726  4726 E RegisteredServicesCache: component namecom.google.android.gms/com.google.android.gms.pay.hce.service.PayHceService
02-23 01:49:36.007  4726  4726 E RegisteredServicesCache: component namecom.google.android.gms/com.google.android.gms.dck.service.DckNfcApduService
02-23 01:49:36.010  1471  2562 I chatty  : uid=1000(system) ActivityManager expire 880 lines
02-23 01:49:36.015  4726  4726 D RegisteredAidCache:  AID power state325041592E5359532E444446303117route0
02-23 01:49:36.015  4726  4726 D RegisteredAidCache:  AID power state4F53452E5641532E303117route0
02-23 01:49:36.015  4726  4726 D RegisteredAidCache:  AID power stateA000000476B0000317route0
02-23 01:49:36.015  4726  4726 D RegisteredAidCache:  AID power stateA000000476D000011117route0
02-23 01:49:36.015  4726  4726 D RegisteredAidCache:  AID power stateA000000809434343444B46763117route0
02-23 01:49:36.015  4726  4726 D RegisteredAidCache:  AID power stateF00000FE2C17route0
02-23 01:49:36.015  4726  4726 D NfcService: defaultAidRoute : 283
02-23 01:49:36.015  4726  4726 D NfcService: GetDefaultRouteLoc  :1
02-23 01:49:36.015  4726  4726 D NfcService: defaultAidRoute : 283
02-23 01:49:36.015  4726  4726 E AidRoutingManager: Size of routing table800
02-23 01:49:36.016  4726  4726 D NfcApduServiceInfo: updateServiceCommitStatus:Description:Nearby:InternalState:1:commitStatus:true
02-23 01:49:36.016  4726  4726 D NfcApduServiceInfo: updateServiceCommitStatus:Description:Fido NFC Emulation Service:InternalState:1:commitStatus:true
02-23 01:49:36.016  4726  4726 D NfcApduServiceInfo: updateServiceCommitStatus:Description:Google Pay:InternalState:1:commitStatus:true
02-23 01:49:36.016  4726  4726 D NfcApduServiceInfo: updateServiceCommitStatus:Description:Android Digital Car Key (System Service):InternalState:1:commitStatus:true
02-23 01:49:36.016  4726  4726 E RegisteredServicesCache: 3updateStatusOfServices:WriteServiceStateToFile
02-23 01:49:36.016  4726  4726 E RegisteredServicesCache:  Writing service state Data Always
02-23 01:49:36.017  4726  4726 E RegisteredServicesCache: component namecom.google.android.gms/com.google.android.gms.nearby.mediums.nearfieldcommunication.NfcAdvertisingService
02-23 01:49:36.017  4726  4726 E RegisteredServicesCache: component namecom.google.android.gms/com.google.android.gms.fido.fido2.ui.hybrid.NfcEmulationService
02-23 01:49:36.017  4726  4726 E RegisteredServicesCache: component namecom.google.android.gms/com.google.android.gms.pay.hce.service.PayHceService
02-23 01:49:36.017  4726  4726 E RegisteredServicesCache: component namecom.google.android.gms/com.google.android.gms.dck.service.DckNfcApduService
02-23 01:49:36.025  1809  2619 I TEESimulator: Configuration file change detected: target.tmp (event: 8)
02-23 01:49:36.026  4726  4726 D RegisteredNfcFServicesCache: Service unchanged, not updating
02-23 01:49:36.036  1471  2562 I ActivityManager: Force stopping com.nsdlpb.jiffy appid=10245 user=-1: clearApplicationUserData
02-23 01:49:36.051  1809  2619 I TEESimulator: Configuration file change detected: target.tmp (event: 8)
02-23 01:49:36.074  1471  2555 W ActivityManager: setHasOverlayUi called on unknown pid: 25549
02-23 01:49:36.075  1471  2681 I chatty  : uid=1000(system) tworkPolicy.uid expire 5 lines
02-23 01:49:36.077  1809  2619 I TEESimulator: Configuration file change detected: target.tmp (event: 8)
02-23 01:49:36.085  1471  1471 I chatty  : uid=1000 system_server expire 550 lines
02-23 01:49:36.103  1809  2619 I TEESimulator: Configuration file change detected: target.tmp (event: 8)
02-23 01:49:36.128 19703 19707 I adbd    : opening control endpoint /dev/usb-ffs/adb/ep0
02-23 01:49:36.130 19703 19707 I adbd    : UsbFfsConnection constructed
02-23 01:49:36.133  1809  2619 I TEESimulator: Configuration file change detected: target.tmp (event: 8)
02-23 01:49:36.134 19703 20242 I adbd    : UsbFfs-monitor thread spawned
02-23 01:49:36.137  1471  2553 W Looper  : Slow dispatch took 654ms android.ui h=com.android.server.am.ActivityManagerService$UiHandler c=null m=53
02-23 01:49:36.137  1471  1471 W Looper  : Slow delivery took 342ms main h=android.app.ActivityThread$H c=android.app.LoadedApk$ServiceDispatcher$RunConnection@b34a87f m=0
02-23 01:49:36.137  1471  1471 W Looper  : Slow dispatch took 273ms main h=android.app.ActivityThread$H c=android.app.LoadedApk$ServiceDispatcher$RunConnection@b34a87f m=0
02-23 01:49:36.137  1471  2553 W Looper  : Slow delivery took 614ms android.ui h=com.android.server.am.ActivityManagerService$UiHandler c=null m=32
02-23 01:49:36.137  1471  2555 I chatty  : uid=1000(system) android.display expire 2200 lines
02-23 01:49:36.162  1809  2619 I TEESimulator: Configuration file change detected: target.tmp (event: 8)
02-23 01:49:36.190  1809  2619 I TEESimulator: Configuration file change detected: target.tmp (event: 8)
02-23 01:49:36.213  1809  2619 I TEESimulator: Configuration file change detected: target.tmp (event: 8)
02-23 01:49:36.237  1809  2619 I TEESimulator: Configuration file change detected: target.tmp (event: 8)
02-23 01:49:36.263  1809  2619 I TEESimulator: Configuration file change detected: target.tmp (event: 8)
02-23 01:49:36.289  1809  2619 I TEESimulator: Configuration file change detected: target.tmp (event: 8)
02-23 01:49:36.311  1471  2734 I chatty  : uid=1000(system) SliceManagerSer expire 30 lines
02-23 01:49:36.311  1471  2567 I chatty  : uid=1000(system) android.bg expire 12 lines
02-23 01:49:36.313 14085 14085 E PhoneInterfaceManager: [PhoneIntfMgr] getCarrierPackageNamesForIntentAndPhone: No UICC
02-23 01:49:36.313 14085 14085 D CarrierSvcBindHelper: No carrier app for: 0
02-23 01:49:36.312  1471  4285 I chatty  : uid=1000(system) Binder:1471_12 expire 328 lines
02-23 01:49:36.316 14085 14085 D CarrierSvcBindHelper: No carrier app for: 1
02-23 01:49:36.319  1471  2731 I chatty  : uid=1000(system) BlobStore expire 10 lines
02-23 01:49:36.323  4726  4726 D RegisteredServicesCache:  Reading service state data always from file
02-23 01:49:36.323  4726  4726 D RegisteredServicesCache: ServiceStateFileVersion=1.0
02-23 01:49:36.323  4726  4726 E RegisteredServicesCache: Next Tag=services
02-23 01:49:36.323  4726  4726 D RegisteredServicesCache:  curr component com.google.android.gms/com.google.android.gms.nearby.mediums.nearfieldcommunication.NfcAdvertisingService
02-23 01:49:36.323  4726  4726 D RegisteredServicesCache:  curr uid 10135
02-23 01:49:36.323  4726  4726 D RegisteredServicesCache:  curr state 1
02-23 01:49:36.323  4726  4726 E RegisteredServicesCache: installedServices no uidString 
02-23 01:49:36.323  4726  4726 D RegisteredServicesCache:  curr component com.google.android.gms/com.google.android.gms.fido.fido2.ui.hybrid.NfcEmulationService
02-23 01:49:36.323  4726  4726 D RegisteredServicesCache:  curr uid 10135
02-23 01:49:36.323  4726  4726 D RegisteredServicesCache:  curr state 1
02-23 01:49:36.323  4726  4726 E RegisteredServicesCache: installedServices contains uidString : 10135
02-23 01:49:36.323  4726  4726 D RegisteredServicesCache:  curr component com.google.android.gms/com.google.android.gms.pay.hce.service.PayHceService
02-23 01:49:36.323  4726  4726 D RegisteredServicesCache:  curr uid 10135
02-23 01:49:36.323  4726  4726 D RegisteredServicesCache:  curr state 1
02-23 01:49:36.323  4726  4726 E RegisteredServicesCache: installedServices contains uidString : 10135
02-23 01:49:36.323  4726  4726 D RegisteredServicesCache:  curr component com.google.android.gms/com.google.android.gms.dck.service.DckNfcApduService
02-23 01:49:36.323  4726  4726 D RegisteredServicesCache:  curr uid 10135
02-23 01:49:36.323  4726  4726 D RegisteredServicesCache:  curr state 1
02-23 01:49:36.323  4726  4726 E RegisteredServicesCache: installedServices contains uidString : 10135
02-23 01:49:36.324  4726  4726 E RegisteredServicesCache: 1invalidateCache:WriteServiceStateToFile
02-23 01:49:36.324  4726  4726 E RegisteredServicesCache:  Writing service state Data Always
02-23 01:49:36.324  4726  4726 E RegisteredServicesCache: component namecom.google.android.gms/com.google.android.gms.nearby.mediums.nearfieldcommunication.NfcAdvertisingService
02-23 01:49:36.324  4726  4726 E RegisteredServicesCache: component namecom.google.android.gms/com.google.android.gms.fido.fido2.ui.hybrid.NfcEmulationService
02-23 01:49:36.325  4726  4726 E RegisteredServicesCache: component namecom.google.android.gms/com.google.android.gms.pay.hce.service.PayHceService
02-23 01:49:36.325  4726  4726 E RegisteredServicesCache: component namecom.google.android.gms/com.google.android.gms.dck.service.DckNfcApduService
02-23 01:49:36.326  1809  2619 I TEESimulator: Configuration file change detected: target.tmp (event: 8)
02-23 01:49:36.330  1471  4285 D CompatibilityChangeReporter: Compat change id reported: 135634846; UID 10195; state: DISABLED
02-23 01:49:36.331  4726  4726 D RegisteredAidCache:  AID power state325041592E5359532E444446303117route0
02-23 01:49:36.331  4726  4726 D RegisteredAidCache:  AID power state4F53452E5641532E303117route0
02-23 01:49:36.331  4726  4726 D RegisteredAidCache:  AID power stateA000000476B0000317route0
02-23 01:49:36.331  4726  4726 D RegisteredAidCache:  AID power stateA000000476D000011117route0
02-23 01:49:36.331  4726  4726 D RegisteredAidCache:  AID power stateA000000809434343444B46763117route0
02-23 01:49:36.331  4726  4726 D RegisteredAidCache:  AID power stateF00000FE2C17route0
02-23 01:49:36.331  4726  4726 D NfcService: defaultAidRoute : 283
02-23 01:49:36.331  4726  4726 D NfcService: GetDefaultRouteLoc  :1
02-23 01:49:36.331  4726  4726 D NfcService: defaultAidRoute : 283
02-23 01:49:36.331  4726  4726 E AidRoutingManager: Size of routing table800
02-23 01:49:36.331  4726  4726 D NfcApduServiceInfo: updateServiceCommitStatus:Description:Nearby:InternalState:1:commitStatus:true
02-23 01:49:36.331  4726  4726 D NfcApduServiceInfo: updateServiceCommitStatus:Description:Fido NFC Emulation Service:InternalState:1:commitStatus:true
02-23 01:49:36.331  4726  4726 D NfcApduServiceInfo: updateServiceCommitStatus:Description:Google Pay:InternalState:1:commitStatus:true
02-23 01:49:36.331  4726  4726 D NfcApduServiceInfo: updateServiceCommitStatus:Description:Android Digital Car Key (System Service):InternalState:1:commitStatus:true
02-23 01:49:36.331  4726  4726 E RegisteredServicesCache: 3updateStatusOfServices:WriteServiceStateToFile
02-23 01:49:36.331  4726  4726 E RegisteredServicesCache:  Writing service state Data Always
02-23 01:49:36.332  4726  4726 E RegisteredServicesCache: component namecom.google.android.gms/com.google.android.gms.nearby.mediums.nearfieldcommunication.NfcAdvertisingService
02-23 01:49:36.332  4726  4726 E RegisteredServicesCache: component namecom.google.android.gms/com.google.android.gms.fido.fido2.ui.hybrid.NfcEmulationService
02-23 01:49:36.332  4726  4726 E RegisteredServicesCache: component namecom.google.android.gms/com.google.android.gms.pay.hce.service.PayHceService
02-23 01:49:36.332  4726  4726 E RegisteredServicesCache: component namecom.google.android.gms/com.google.android.gms.dck.service.DckNfcApduService
02-23 01:49:36.335  1471  2563 D CompatibilityChangeReporter: Compat change id reported: 143937733; UID 10195; state: ENABLED
02-23 01:49:36.335  1471  2563 I chatty  : uid=1000(system) ActivityManager expire 1 line
02-23 01:49:36.338  4726  4726 D RegisteredNfcFServicesCache: Service unchanged, not updating
02-23 01:49:36.350  1471  4285 I chatty  : uid=1000(system) Binder:1471_12 expire 254 lines
02-23 01:49:36.354  1809  2619 I TEESimulator: Configuration file change detected: target.tmp (event: 8)
02-23 01:49:36.374  1471  1471 I chatty  : uid=1000 system_server expire 1310 lines
02-23 01:49:36.385  1809  2619 I TEESimulator: Configuration file change detected: target.tmp (event: 8)
02-23 01:49:36.389  1079  1079 V zygiskd64: zygiskd::zygiskd: New daemon action: GetProcessFlags
02-23 01:49:36.389  1079 20356 V zygiskd64: zygiskd::zygiskd: Flags for UID 10195: ProcessFlags(PROCESS_ON_DENYLIST | PROCESS_ROOT_IS_KSU)
02-23 01:49:36.409  1077  1077 D Zygote  : Forked child process 20368
02-23 01:49:36.409 20368 20368 I zygisk-core64: [com.android.emergency] is on the denylist
02-23 01:49:36.410  1079  1079 V zygiskd64: zygiskd::zygiskd: New daemon action: ReadModules
02-23 01:49:36.411  1471  2563 W ActivityManager: Slow operation: 91ms so far, now at startProcess: returned from zygote!
02-23 01:49:36.421  1079  1079 V zygiskd64: zygiskd::zygiskd: New daemon action: UpdateMountNamespace
02-23 01:49:36.425 20368 20368 I Zygote  : seccomp disabled by setenforce 0
02-23 01:49:36.426  1809  2619 I TEESimulator: Configuration file change detected: target.tmp (event: 8)
02-23 01:49:36.427  1471  1471 W Looper  : Slow dispatch took 290ms main h=android.app.ActivityThread$H c=android.app.LoadedApk$ServiceDispatcher$RunConnection@7ea7881 m=0
02-23 01:49:36.427  1471  2553 W Looper  : Slow dispatch took 290ms android.ui h=com.android.server.am.ActivityManagerService$UiHandler c=null m=31
02-23 01:49:36.431 20368 20368 E droid.emergenc: Unknown bits set in runtime_flags: 0x800000
02-23 01:49:36.436 20368 20368 E droid.emergenc: Not starting debugger since process cannot load the jdwp agent.
02-23 01:49:36.463  1809  2619 I TEESimulator: Configuration file change detected: target.tmp (event: 8)
02-23 01:49:36.466  1809  2619 I TEESimulator: Configuration file change detected: target.txt.bak (event: 8)
02-23 01:49:36.467  1471  2552 W Looper  : Slow dispatch took 522ms android.fg h=com.android.server.AppStateTracker$MyHandler c=null m=0
02-23 01:49:36.467  1471  2552 W Looper  : Slow delivery took 522ms android.fg h=com.android.server.AppStateTracker$MyHandler c=null m=1
02-23 01:49:36.467  1471  2563 W ActivityManager: Slow operation: 148ms so far, now at startProcess: done updating battery stats
02-23 01:49:36.468  1471  2563 W ActivityManager: Slow operation: 148ms so far, now at startProcess: building log message
02-23 01:49:36.468  1471  2563 I ActivityManager: Start proc 20368:com.android.emergency/u0a195 for broadcast {com.android.emergency/com.oneplus.emergency.ContactsDataCleanReceiver}
02-23 01:49:36.468  1471  2563 W ActivityManager: Slow operation: 148ms so far, now at startProcess: starting to update pids map
02-23 01:49:36.468  1471  2563 W ActivityManager: Slow operation: 149ms so far, now at startProcess: done updating pids map
02-23 01:49:36.469  1809  2619 I TEESimulator: Configuration file change detected: target.txt (event: 8)
02-23 01:49:36.474  1809  2619 I TEESimulator: Successfully loaded 351 package configurations.
02-23 01:49:36.475  1809  2619 I TEESimulator: Configuration file change detected: target.tmp (event: 512)
02-23 01:49:36.477  1471  4285 I chatty  : uid=1000(system) Binder:1471_12 expire 5 lines
02-23 01:49:36.479  1471  2552 W Looper  : Drained
02-23 01:49:36.480  1471  2553 W Looper  : Drained
02-23 01:49:36.500 20368 20368 I droid.emergenc: The ClassLoaderContext is a special shared library.
02-23 01:49:36.515 20368 20368 I Perf    : Connecting to perf service.
02-23 01:49:36.523 20368 20368 I droid.emergenc: [GL_OOM] ClampGrowthLimit 268435456
02-23 01:49:36.524 20368 20368 D NetworkSecurityConfig: No Network Security Config specified, using platform default
02-23 01:49:36.524 20368 20368 D NetworkSecurityConfig: No Network Security Config specified, using platform default
02-23 01:49:36.527  1471  1471 I chatty  : uid=1000 system_server expire 255 lines
02-23 01:49:36.545  1471  2615 I chatty  : uid=1000(system) Binder:1471_3 expire 15 lines
02-23 01:49:36.545  1471  1471 D OpenIdManager: Receive package change broadcast, action=android.intent.action.PACKAGE_DATA_CLEARED
02-23 01:49:36.545  1471  1471 D OpenIdManager: Handle broadcast for package com.nsdlpb.jiffy, replacing=false, uid=10245
02-23 01:49:36.550  1471  3860 I chatty  : uid=1000(system) Binder:1471_11 expire 139 lines
02-23 01:49:36.554  1471  2572 I chatty  : uid=1000(system) OpenIdManager expire 10 lines
02-23 01:49:36.554  1471  1471 D OpenIdManager: Receive package change broadcast, action=android.intent.action.PACKAGE_DATA_CLEARED
02-23 01:49:36.554  1471  1471 D OpenIdManager: Handle broadcast for package com.nsdlpb.jiffy, replacing=false, uid=10245
02-23 01:49:36.578  1471  3860 I chatty  : uid=1000(system) Binder:1471_11 expire 394 lines
02-23 01:49:36.618  1471  3860 W ActivityManager: Slow operation: 61ms so far, now at getContentProviderImpl: after updateOomAdj
02-23 01:49:36.618  1471  3860 W ActivityManager: Slow operation: 61ms so far, now at getContentProviderImpl: done!
02-23 01:49:36.621  2856  3726 V OPConfig:ConfigProvider: Module:OnePlusFontConfig
02-23 01:49:36.623  1471  1471 I chatty  : uid=1000 system_server expire 6 lines
02-23 01:49:36.628 20368 20368 E Config:Grabber:OnePlusFontConfig: Index 0 requested, with a size of 0
02-23 01:49:36.641  1471  3860 I chatty  : uid=1000(system) Binder:1471_11 expire 153 lines
02-23 01:49:36.659  1471  4285 I chatty  : uid=1000(system) Binder:1471_12 expire 673 lines
02-23 01:49:36.662  2787  2787 D CardPackageDataClearRec: onReceive: package:com.nsdlpb.jiffy
02-23 01:49:36.751  1471  4285 D CompatibilityChangeReporter: Compat change id reported: 135634846; UID 10130; state: DISABLED
02-23 01:49:36.753  1471  2563 D CompatibilityChangeReporter: Compat change id reported: 143937733; UID 10130; state: ENABLED
02-23 01:49:36.753  1471  2563 I chatty  : uid=1000(system) ActivityManager expire 1 line
02-23 01:49:36.757  1471  4285 I chatty  : uid=1000(system) Binder:1471_12 expire 469 lines
02-23 01:49:36.789  1471  1471 W Looper  : Drained
02-23 01:49:36.790  1471  3860 I chatty  : uid=1000(system) Binder:1471_11 expire 229 lines
02-23 01:49:36.793  1079  1079 V zygiskd64: zygiskd::zygiskd: New daemon action: GetProcessFlags
02-23 01:49:36.793  1079 20416 V zygiskd64: zygiskd::zygiskd: Flags for UID 10130: ProcessFlags(PROCESS_ON_DENYLIST | PROCESS_ROOT_IS_KSU)
02-23 01:49:36.799  1471  2615 I chatty  : uid=1000(system) Binder:1471_3 expire 90 lines
02-23 01:49:36.820 20417 20417 I zygisk-core64: [com.android.vending:background] is on the denylist
02-23 01:49:36.820  1077  1077 D Zygote  : Forked child process 20417
02-23 01:49:36.821  1079  1079 V zygiskd64: zygiskd::zygiskd: New daemon action: ReadModules
02-23 01:49:36.823  1471  2563 W ActivityManager: Slow operation: 75ms so far, now at startProcess: returned from zygote!
02-23 01:49:36.832  1079  1079 V zygiskd64: zygiskd::zygiskd: New daemon action: UpdateMountNamespace
02-23 01:49:36.834  1471  3860 I chatty  : uid=1000(system) Binder:1471_11 expire 393 lines
02-23 01:49:36.837 20417 20417 I Zygote  : seccomp disabled by setenforce 0
02-23 01:49:36.847 20417 20417 E ding:backgroun: Unknown bits set in runtime_flags: 0x800000
02-23 01:49:36.851 20417 20417 E ding:backgroun: Not starting debugger since process cannot load the jdwp agent.
02-23 01:49:36.874  1471  3650 I chatty  : uid=1000(system) Binder:1471_B expire 704 lines
