--------- beginning of main
02-23 02:03:46.096  1809  2619 I chatty  : uid=0(root) FileObserver expire 1 line
02-23 02:03:46.126  1809  2619 I TEESimulator: Configuration file change detected: target.tmp (event: 8)
02-23 02:03:47.352  1294  5854 E oemlogkit: oemlogkit: Android log path: (null). Inside
02-23 02:03:47.352  1294  5854 E oemlogkit: oemlogkit: !start_log, sleep
02-23 02:03:47.368  1228  1247 I android.hardware.thermal@2.0-service.qti: uevent triggered for sensor: pm8005_tz
02-23 02:03:47.370  1228  1247 I chatty  : uid=0(root) thermal@2.0-ser identical 1 line
02-23 02:03:47.370  1228  1247 I android.hardware.thermal@2.0-service.qti: uevent triggered for sensor: pm8005_tz
02-23 02:03:47.372  1228  1247 I android.hardware.thermal@2.0-service.qti: uevent triggered for sensor: pa1-therml-adc
02-23 02:03:47.373  1809  2619 I TEESimulator: Configuration file change detected: target.tmp (event: 8)
02-23 02:03:47.373  1471  5143 I BatteryStatsService: In wakeup_callback: resumed from suspend
02-23 02:03:47.403  1809  2619 I TEESimulator: Configuration file change detected: target.tmp (event: 8)
02-23 02:03:47.434  1809  2619 I chatty  : uid=0(root) FileObserver identical 1 line
02-23 02:03:47.475  1809  2619 I TEESimulator: Configuration file change detected: target.tmp (event: 8)
02-23 02:03:48.997  1228  1247 I android.hardware.thermal@2.0-service.qti: uevent triggered for sensor: pm8005_tz
02-23 02:03:48.997  1228  1247 I chatty  : uid=0(root) thermal@2.0-ser identical 1 line
02-23 02:03:48.998  1228  1247 I android.hardware.thermal@2.0-service.qti: uevent triggered for sensor: pm8005_tz
02-23 02:03:49.006  1228  1247 I android.hardware.thermal@2.0-service.qti: uevent triggered for sensor: pa1-therml-adc
02-23 02:03:49.007  1471  5143 I BatteryStatsService: In wakeup_callback: resumed from suspend
02-23 02:03:49.017  1809  2619 I TEESimulator: Configuration file change detected: target.tmp (event: 8)
02-23 02:03:49.046  1809  2619 I TEESimulator: Configuration file change detected: target.tmp (event: 8)
02-23 02:03:49.061 19703 32300 W adbd    : timed out while waiting for FUNCTIONFS_BIND, trying again
02-23 02:03:49.062 19703 32300 I adbd    : UsbFfs: connection terminated: monitor thread finished
02-23 02:03:49.062 19703 19703 I adbd    : UsbFfs: already offline
02-23 02:03:49.062 19703 19703 I adbd    : destroying transport UsbFfs
02-23 02:03:49.062 19703 19703 I adbd    : UsbFfsConnection being destroyed
02-23 02:03:49.075  1809  2619 I TEESimulator: Configuration file change detected: target.tmp (event: 8)
02-23 02:03:49.116  1809  2619 I TEESimulator: Configuration file change detected: target.tmp (event: 8)
02-23 02:03:50.349 19703 19707 I adbd    : opening control endpoint /dev/usb-ffs/adb/ep0
02-23 02:03:50.350  1228  1247 I android.hardware.thermal@2.0-service.qti: uevent triggered for sensor: pm8005_tz
02-23 02:03:50.352  1228  1247 I chatty  : uid=0(root) thermal@2.0-ser identical 1 line
02-23 02:03:50.352  1228  1247 I android.hardware.thermal@2.0-service.qti: uevent triggered for sensor: pm8005_tz
02-23 02:03:50.353 19703 19707 I adbd    : UsbFfsConnection constructed
02-23 02:03:50.354 19703 32590 I adbd    : UsbFfs-monitor thread spawned
02-23 02:03:50.356  1228  1247 I android.hardware.thermal@2.0-service.qti: uevent triggered for sensor: pa1-therml-adc
02-23 02:03:50.356  1471  5143 I BatteryStatsService: In wakeup_callback: resumed from suspend
02-23 02:03:50.372  1809  2619 I TEESimulator: Configuration file change detected: target.tmp (event: 8)
02-23 02:03:50.399  1809  2619 I chatty  : uid=0(root) FileObserver identical 1 line
02-23 02:03:50.444  1809  2619 I TEESimulator: Configuration file change detected: target.tmp (event: 8)
02-23 02:03:51.676  1228  1247 I android.hardware.thermal@2.0-service.qti: uevent triggered for sensor: pm8005_tz
02-23 02:03:51.677  1228  1247 I chatty  : uid=0(root) thermal@2.0-ser identical 1 line
02-23 02:03:51.677  1228  1247 I android.hardware.thermal@2.0-service.qti: uevent triggered for sensor: pm8005_tz
02-23 02:03:51.680  1228  1247 I android.hardware.thermal@2.0-service.qti: uevent triggered for sensor: pa1-therml-adc
02-23 02:03:51.680  1471  5143 I BatteryStatsService: In wakeup_callback: resumed from suspend
02-23 02:03:51.688  1809  2619 I TEESimulator: Configuration file change detected: target.tmp (event: 8)
02-23 02:03:51.745  1809  2619 I chatty  : uid=0(root) FileObserver identical 2 lines
02-23 02:03:51.785  1809  2619 I TEESimulator: Configuration file change detected: target.tmp (event: 8)
02-23 02:03:52.995  1228  1247 I android.hardware.thermal@2.0-service.qti: uevent triggered for sensor: pm8005_tz
02-23 02:03:52.996  1228  1247 I chatty  : uid=0(root) thermal@2.0-ser identical 1 line
02-23 02:03:52.997  1228  1247 I android.hardware.thermal@2.0-service.qti: uevent triggered for sensor: pm8005_tz
02-23 02:03:52.999  1228  1247 I android.hardware.thermal@2.0-service.qti: uevent triggered for sensor: pa1-therml-adc
02-23 02:03:53.000  1471  5143 I BatteryStatsService: In wakeup_callback: resumed from suspend
02-23 02:03:53.012  1809  2619 I TEESimulator: Configuration file change detected: target.tmp (event: 8)
02-23 02:03:53.042  1809  2619 I chatty  : uid=0(root) FileObserver identical 1 line
02-23 02:03:53.082  1809  2619 I TEESimulator: Configuration file change detected: target.tmp (event: 8)
02-23 02:03:54.318  1228  1247 I android.hardware.thermal@2.0-service.qti: uevent triggered for sensor: pm8005_tz
02-23 02:03:54.319  1228  1247 I chatty  : uid=0(root) thermal@2.0-ser identical 1 line
02-23 02:03:54.320  1228  1247 I android.hardware.thermal@2.0-service.qti: uevent triggered for sensor: pm8005_tz
02-23 02:03:54.322  1228  1247 I android.hardware.thermal@2.0-service.qti: uevent triggered for sensor: pa1-therml-adc
02-23 02:03:54.323  1471  5143 I BatteryStatsService: In wakeup_callback: resumed from suspend
02-23 02:03:54.323  1809  2619 I TEESimulator: Configuration file change detected: target.tmp (event: 8)
02-23 02:03:54.377  1809  2619 I chatty  : uid=0(root) FileObserver identical 2 lines
02-23 02:03:54.440  1809  2619 I TEESimulator: Configuration file change detected: target.tmp (event: 8)
02-23 02:03:55.656  1228  1247 I android.hardware.thermal@2.0-service.qti: uevent triggered for sensor: pm8005_tz
02-23 02:03:55.656  1228  1247 I chatty  : uid=0(root) thermal@2.0-ser identical 1 line
02-23 02:03:55.657  1228  1247 I android.hardware.thermal@2.0-service.qti: uevent triggered for sensor: pm8005_tz
02-23 02:03:55.659  1228  1247 I android.hardware.thermal@2.0-service.qti: uevent triggered for sensor: pa1-therml-adc
02-23 02:03:55.660  1471  5143 I BatteryStatsService: In wakeup_callback: resumed from suspend
02-23 02:03:55.678  1809  2619 I TEESimulator: Configuration file change detected: target.tmp (event: 8)
02-23 02:03:55.722  1809  2619 I TEESimulator: Configuration file change detected: target.tmp (event: 8)
02-23 02:03:56.672  1228  1247 I android.hardware.thermal@2.0-service.qti: uevent triggered for sensor: pm8005_tz
02-23 02:03:56.673  1228  1247 I chatty  : uid=0(root) thermal@2.0-ser identical 1 line
02-23 02:03:56.673  1228  1247 I android.hardware.thermal@2.0-service.qti: uevent triggered for sensor: pm8005_tz
02-23 02:03:56.674  1809  2619 I TEESimulator: Configuration file change detected: target.tmp (event: 8)
02-23 02:03:56.675  1228  1247 I android.hardware.thermal@2.0-service.qti: uevent triggered for sensor: pa1-therml-adc
02-23 02:03:56.676  1471  5143 I BatteryStatsService: In wakeup_callback: resumed from suspend
02-23 02:03:56.701  1809  2619 I TEESimulator: Configuration file change detected: target.tmp (event: 8)
02-23 02:03:56.731  1809  2619 I chatty  : uid=0(root) FileObserver identical 1 line
02-23 02:03:56.787  1809  2619 I TEESimulator: Configuration file change detected: target.tmp (event: 8)
02-23 02:03:57.713  1228  1247 I android.hardware.thermal@2.0-service.qti: uevent triggered for sensor: pm8005_tz
02-23 02:03:57.714  1228  1247 I chatty  : uid=0(root) thermal@2.0-ser identical 1 line
02-23 02:03:57.714  1228  1247 I android.hardware.thermal@2.0-service.qti: uevent triggered for sensor: pm8005_tz
02-23 02:03:57.717  1228  1247 I android.hardware.thermal@2.0-service.qti: uevent triggered for sensor: pa1-therml-adc
02-23 02:03:57.718  1471  5143 I BatteryStatsService: In wakeup_callback: resumed from suspend
02-23 02:03:57.730  1809  2619 I TEESimulator: Configuration file change detected: target.tmp (event: 8)
02-23 02:03:57.758  1809  2619 I chatty  : uid=0(root) FileObserver identical 1 line
02-23 02:03:57.789  1809  2619 I TEESimulator: Configuration file change detected: target.tmp (event: 8)
02-23 02:03:57.800 19703 32590 W adbd    : timed out while waiting for FUNCTIONFS_BIND, trying again
02-23 02:03:57.801 19703 32590 I adbd    : UsbFfs: connection terminated: monitor thread finished
02-23 02:03:57.801 19703 19703 I adbd    : UsbFfs: already offline
02-23 02:03:57.801 19703 19703 I adbd    : destroying transport UsbFfs
02-23 02:03:57.801 19703 19703 I adbd    : UsbFfsConnection being destroyed
02-23 02:03:57.836  1809  2619 I TEESimulator: Configuration file change detected: target.tmp (event: 8)
02-23 02:03:58.841  1646  2395 E QMI_FW  : qmi_cci_get_ref: ref count increased 2
02-23 02:03:58.842  1646  2395 I chatty  : uid=1001(radio) /system/vendor/bin/netmgrd identical 1 line
02-23 02:03:58.843  1646  2395 E QMI_FW  : qmi_cci_get_ref: ref count increased 2
02-23 02:03:58.852 19703 19707 I adbd    : opening control endpoint /dev/usb-ffs/adb/ep0
02-23 02:03:58.855  1228  1247 I android.hardware.thermal@2.0-service.qti: uevent triggered for sensor: pm8005_tz
02-23 02:03:58.855 19703 19707 I adbd    : UsbFfsConnection constructed
02-23 02:03:58.855  1228  1247 I android.hardware.thermal@2.0-service.qti: uevent triggered for sensor: pm8005_tz
02-23 02:03:58.856  1228  1247 I android.hardware.thermal@2.0-service.qti: uevent triggered for sensor: pm8005_tz
02-23 02:03:58.857 19703   638 I adbd    : UsbFfs-monitor thread spawned
02-23 02:03:58.857  1228  1247 I android.hardware.thermal@2.0-service.qti: uevent triggered for sensor: pa1-therml-adc
02-23 02:03:58.859  1471  5143 I BatteryStatsService: In wakeup_callback: resumed from suspend
02-23 02:03:58.879  1809  2619 I TEESimulator: Configuration file change detected: target.tmp (event: 8)
02-23 02:03:59.023  1809  2619 I chatty  : uid=0(root) FileObserver identical 3 lines
02-23 02:03:59.094  1809  2619 I TEESimulator: Configuration file change detected: target.tmp (event: 8)
02-23 02:04:00.063  1228  1247 I android.hardware.thermal@2.0-service.qti: uevent triggered for sensor: pm8005_tz
02-23 02:04:00.064  1228  1247 I chatty  : uid=0(root) thermal@2.0-ser identical 1 line
02-23 02:04:00.064  1228  1247 I android.hardware.thermal@2.0-service.qti: uevent triggered for sensor: pm8005_tz
02-23 02:04:00.067  1228  1247 I android.hardware.thermal@2.0-service.qti: uevent triggered for sensor: pa1-therml-adc
02-23 02:04:00.067  1471  5143 I BatteryStatsService: In wakeup_callback: resumed from suspend
02-23 02:04:00.068  1809  2619 I TEESimulator: Configuration file change detected: target.tmp (event: 8)
02-23 02:04:00.146  1809  2619 I chatty  : uid=0(root) FileObserver identical 2 lines
02-23 02:04:00.191  1809  2619 I TEESimulator: Configuration file change detected: target.tmp (event: 8)
02-23 02:04:00.786  1228  1247 I android.hardware.thermal@2.0-service.qti: uevent triggered for sensor: pm8005_tz
02-23 02:04:00.787  1228  1247 I chatty  : uid=0(root) thermal@2.0-ser identical 1 line
02-23 02:04:00.788  1228  1247 I android.hardware.thermal@2.0-service.qti: uevent triggered for sensor: pm8005_tz
02-23 02:04:00.790  1228  1247 I android.hardware.thermal@2.0-service.qti: uevent triggered for sensor: pa1-therml-adc
02-23 02:04:00.791  1471  5143 I BatteryStatsService: In wakeup_callback: resumed from suspend
02-23 02:04:00.817  1809  2619 I TEESimulator: Configuration file change detected: target.tmp (event: 8)
02-23 02:04:00.879  1809  2619 I TEESimulator: Configuration file change detected: target.tmp (event: 8)
02-23 02:04:01.494  1228  1247 I android.hardware.thermal@2.0-service.qti: uevent triggered for sensor: pm8005_tz
02-23 02:04:01.494  1228  1247 I chatty  : uid=0(root) thermal@2.0-ser identical 1 line
02-23 02:04:01.495  1228  1247 I android.hardware.thermal@2.0-service.qti: uevent triggered for sensor: pm8005_tz
02-23 02:04:01.497  1228  1247 I android.hardware.thermal@2.0-service.qti: uevent triggered for sensor: pa1-therml-adc
02-23 02:04:01.498  1471  5143 I BatteryStatsService: In wakeup_callback: resumed from suspend
02-23 02:04:01.504  1809  2619 I TEESimulator: Configuration file change detected: target.tmp (event: 8)
02-23 02:04:01.536  1809  2619 I chatty  : uid=0(root) FileObserver identical 1 line
02-23 02:04:01.570  1809  2619 I TEESimulator: Configuration file change detected: target.tmp (event: 8)
02-23 02:04:02.828  1228  1247 I android.hardware.thermal@2.0-service.qti: uevent triggered for sensor: pm8005_tz
02-23 02:04:02.829  1228  1247 I android.hardware.thermal@2.0-service.qti: uevent triggered for sensor: pm8005_tz
02-23 02:04:02.829  1809  2619 I TEESimulator: Configuration file change detected: target.tmp (event: 8)
02-23 02:04:02.830  1228  1247 I android.hardware.thermal@2.0-service.qti: uevent triggered for sensor: pm8005_tz
02-23 02:04:02.832  1228  1247 I android.hardware.thermal@2.0-service.qti: uevent triggered for sensor: pa1-therml-adc
02-23 02:04:02.833  1471  5143 I BatteryStatsService: In wakeup_callback: resumed from suspend
02-23 02:04:02.856  1809  2619 I TEESimulator: Configuration file change detected: target.tmp (event: 8)
02-23 02:04:02.886  1809  2619 I chatty  : uid=0(root) FileObserver identical 1 line
02-23 02:04:02.925  1809  2619 I TEESimulator: Configuration file change detected: target.tmp (event: 8)
02-23 02:04:04.167  1228  1247 I android.hardware.thermal@2.0-service.qti: uevent triggered for sensor: pm8005_tz
02-23 02:04:04.168  1228  1247 I chatty  : uid=0(root) thermal@2.0-ser identical 1 line
02-23 02:04:04.169  1228  1247 I android.hardware.thermal@2.0-service.qti: uevent triggered for sensor: pm8005_tz
02-23 02:04:04.171  1228  1247 I android.hardware.thermal@2.0-service.qti: uevent triggered for sensor: pa1-therml-adc
02-23 02:04:04.171  1471  5143 I BatteryStatsService: In wakeup_callback: resumed from suspend
02-23 02:04:04.173  1809  2619 I TEESimulator: Configuration file change detected: target.tmp (event: 8)
02-23 02:04:04.205  1809  2619 I chatty  : uid=0(root) FileObserver identical 1 line
02-23 02:04:04.248  1809  2619 I TEESimulator: Configuration file change detected: target.tmp (event: 8)
02-23 02:04:04.301 19703   638 W adbd    : timed out while waiting for FUNCTIONFS_BIND, trying again
02-23 02:04:04.302 19703   638 I adbd    : UsbFfs: connection terminated: monitor thread finished
02-23 02:04:05.483 19703 19703 I adbd    : UsbFfs: already offline
02-23 02:04:05.483 19703 19703 I adbd    : destroying transport UsbFfs
02-23 02:04:05.484 19703 19703 I adbd    : UsbFfsConnection being destroyed
02-23 02:04:05.485  1228  1247 I android.hardware.thermal@2.0-service.qti: uevent triggered for sensor: pm8005_tz
02-23 02:04:05.486  1228  1247 I android.hardware.thermal@2.0-service.qti: uevent triggered for sensor: pm8005_tz
02-23 02:04:05.486  1809  2619 I TEESimulator: Configuration file change detected: target.tmp (event: 8)
02-23 02:04:05.487  1228  1247 I android.hardware.thermal@2.0-service.qti: uevent triggered for sensor: pm8005_tz
02-23 02:04:05.489  1228  1247 I android.hardware.thermal@2.0-service.qti: uevent triggered for sensor: pa1-therml-adc
02-23 02:04:05.490  1471  5143 I BatteryStatsService: In wakeup_callback: resumed from suspend
02-23 02:04:05.526  1809  2619 I TEESimulator: Configuration file change detected: target.tmp (event: 8)
02-23 02:04:05.553  1809  2619 I TEESimulator: Configuration file change detected: target.tmp (event: 8)
02-23 02:04:05.588 19703 19707 I adbd    : opening control endpoint /dev/usb-ffs/adb/ep0
02-23 02:04:05.593 19703 19707 I adbd    : UsbFfsConnection constructed
02-23 02:04:05.594 19703  1023 I adbd    : UsbFfs-monitor thread spawned
02-23 02:04:05.596  1809  2619 I TEESimulator: Configuration file change detected: target.tmp (event: 8)
02-23 02:04:05.598  1809  2619 I TEESimulator: Configuration file change detected: target.txt.bak (event: 8)
02-23 02:04:05.602  1809  2619 I TEESimulator: Configuration file change detected: target.txt (event: 8)
02-23 02:04:05.609  1809  2619 I TEESimulator: Successfully loaded 351 package configurations.
02-23 02:04:05.609  1809  2619 I TEESimulator: Configuration file change detected: target.tmp (event: 512)
02-23 02:04:06.509  1228  1247 I android.hardware.thermal@2.0-service.qti: uevent triggered for sensor: pm8005_tz
02-23 02:04:06.510  1228  1247 I chatty  : uid=0(root) thermal@2.0-ser identical 1 line
02-23 02:04:06.511  1228  1247 I android.hardware.thermal@2.0-service.qti: uevent triggered for sensor: pm8005_tz
02-23 02:04:06.513  1228  1247 I android.hardware.thermal@2.0-service.qti: uevent triggered for sensor: pa1-therml-adc
02-23 02:04:06.514  1471  5143 I BatteryStatsService: In wakeup_callback: resumed from suspend
02-23 02:04:07.474 19703  1023 W adbd    : timed out while waiting for FUNCTIONFS_BIND, trying again
02-23 02:04:07.474 19703  1023 I adbd    : UsbFfs: connection terminated: monitor thread finished
02-23 02:04:07.475 19703 19703 I adbd    : UsbFfs: already offline
02-23 02:04:07.475 19703 19703 I adbd    : destroying transport UsbFfs
02-23 02:04:07.475 19703 19703 I adbd    : UsbFfsConnection being destroyed
02-23 02:04:07.495 19703 19707 I adbd    : opening control endpoint /dev/usb-ffs/adb/ep0
02-23 02:04:07.499 19703 19707 I adbd    : UsbFfsConnection constructed
02-23 02:04:07.504 19703  1027 I adbd    : UsbFfs-monitor thread spawned
02-23 02:04:07.623  1471  2721 D NotDeveloper: processing get from com.dsi.ant.server with arg ro.boot.project_codename
--------- beginning of system
02-23 02:04:07.627  1471  2580 D ExtBatteryStatsService: ==MSG_LEVEL_DROP_SHOT== START++
02-23 02:04:07.624  1471  2721 I chatty  : uid=1000(system) HwBinder:1471_3 identical 3 lines
02-23 02:04:07.624  1471  2721 D NotDeveloper: processing get from com.dsi.ant.server with arg ro.boot.project_codename
02-23 02:04:07.632  2787  2787 D WidgetViewService: ------BatteryReceiver------power=37
02-23 02:04:07.633  3602  3602 D QtiCarrierConfigHelper: WARNING, no carrier configs on phone Id: 0
02-23 02:04:07.633  2904  2904 I OpUtils : isSupportWarpCharging:false
02-23 02:04:07.633  2904  2904 D OpSWarpChargingView: Update level [37]
02-23 02:04:07.635  1471  1471 D OpPowerConsumpStatsInjector: notifyBatteryLevelEvent
02-23 02:04:07.636  1471  2552 D NotDeveloper: processing get from com.dsi.ant.server with arg persist.charging.notify
02-23 02:04:07.636  1471  2552 I chatty  : uid=1000(system) android.fg identical 3 lines
02-23 02:04:07.636  1471  2552 D NotDeveloper: processing get from com.dsi.ant.server with arg persist.charging.notify
02-23 02:04:07.636  1471  2562 D NotDeveloper: processing get from com.dsi.ant.server with arg ro.board.platform
02-23 02:04:07.636  1471  2562 I chatty  : uid=1000(system) ActivityManager identical 1 line
02-23 02:04:07.637  1471  2562 D NotDeveloper: processing get from com.dsi.ant.server with arg ro.board.platform
02-23 02:04:07.637 20630 20630 D Cloud.DeviceStatusDispatcher: charge status is 3
02-23 02:04:07.637 20630 20630 D Cloud.BatteryStatusUtil: setBatteryLevel 37
02-23 02:04:07.637  1471  2562 D NotDeveloper: processing get from com.dsi.ant.server with arg ro.board.platform
02-23 02:04:07.638  1471  3385 E OPCS    : AccurateCounter getCurAccurateLevel error, err:23 02:04:07 curPower:0.0 fullCharge:0.0 powerLevel:37
02-23 02:04:07.637  1471  2562 D NotDeveloper: processing get from com.dsi.ant.server with arg ro.board.platform
02-23 02:04:07.638  1471  2562 D NotDeveloper: processing getStringForUser from com.dsi.ant.server with arg copy_file_endtag
02-23 02:04:07.638  1471  2562 D NotDeveloper: processed getStringForUser(copy_file_endtag) without changing result
02-23 02:04:07.638  1471  2562 D NotDeveloper: processing getStringForUser from com.dsi.ant.server with arg copy_file_endtag
02-23 02:04:07.638  1471  2562 D NotDeveloper: processed getStringForUser(copy_file_endtag) without changing result
02-23 02:04:07.639  1471  2562 D NotDeveloper: processing getStringForUser from com.dsi.ant.server with arg copy_file_endtag
02-23 02:04:07.639  1471  2562 D NotDeveloper: processed getStringForUser(copy_file_endtag) without changing result
02-23 02:04:07.639  1471  2562 D NotDeveloper: processing getStringForUser from com.dsi.ant.server with arg copy_file_endtag
02-23 02:04:07.639  1471  2562 D NotDeveloper: processed getStringForUser(copy_file_endtag) without changing result
02-23 02:04:07.639  1471  2562 D NotDeveloper: processing getStringForUser from com.dsi.ant.server with arg copy_file_endtag
02-23 02:04:07.640  1471  2562 D NotDeveloper: processed getStringForUser(copy_file_endtag) without changing result
02-23 02:04:07.640  1471  2562 D NotDeveloper: processing getStringForUser from com.dsi.ant.server with arg copy_file_endtag
02-23 02:04:07.640  1471  2562 D NotDeveloper: processed getStringForUser(copy_file_endtag) without changing result
02-23 02:04:07.640  1471  2562 D NotDeveloper: processing get from com.dsi.ant.server with arg ro.board.platform
02-23 02:04:07.641  1471  2562 I chatty  : uid=1000(system) ActivityManager identical 8 lines
02-23 02:04:07.641  1471  2562 D NotDeveloper: processing get from com.dsi.ant.server with arg ro.board.platform
02-23 02:04:07.642  1471  2562 D NotDeveloper: processing getStringForUser from com.dsi.ant.server with arg copy_file_endtag
02-23 02:04:07.642  1471  2562 D NotDeveloper: processed getStringForUser(copy_file_endtag) without changing result
02-23 02:04:07.642  1471  2562 D NotDeveloper: processing getStringForUser from com.dsi.ant.server with arg copy_file_endtag
02-23 02:04:07.642  1471  2562 D NotDeveloper: processed getStringForUser(copy_file_endtag) without changing result
02-23 02:04:07.642  1471  2562 D NotDeveloper: processing get from com.dsi.ant.server with arg ro.board.platform
02-23 02:04:07.642  1471  2562 D NotDeveloper: processing get from com.dsi.ant.server with arg ro.board.platform
02-23 02:04:07.643  2904  3041 D BatterySaverTile: handleUpdateState, false, false
02-23 02:04:07.643  1471  2562 D NotDeveloper: processing get from com.dsi.ant.server with arg ro.board.platform
02-23 02:04:07.643  2904  2904 D KeyguardUpdateMonitor: received broadcast android.intent.action.BATTERY_CHANGED
02-23 02:04:07.643  2904  2904 I OpUtils : isSupportWarpCharging:false
02-23 02:04:07.643  2904  2904 D KeyguardUpdateMonitor: pdCharge false, chargingstatus 0, fastcharge:0
02-23 02:04:07.643  1471  2562 D NotDeveloper: processing get from com.dsi.ant.server with arg ro.board.platform
02-23 02:04:07.643  1471  2562 D NotDeveloper: processing get from com.dsi.ant.server with arg ro.board.platform
02-23 02:04:07.643  1471  2562 D NotDeveloper: processing getStringForUser from com.dsi.ant.server with arg copy_file_endtag
02-23 02:04:07.644  1471  2562 D NotDeveloper: processed getStringForUser(copy_file_endtag) without changing result
02-23 02:04:07.644  1471  2562 D NotDeveloper: processing getStringForUser from com.dsi.ant.server with arg copy_file_endtag
02-23 02:04:07.644  1471  2562 D NotDeveloper: processed getStringForUser(copy_file_endtag) without changing result
02-23 02:04:07.645  1471  2562 D NotDeveloper: processing get from com.dsi.ant.server with arg ro.board.platform
02-23 02:04:07.645  1471  2562 I chatty  : uid=1000(system) ActivityManager identical 3 lines
02-23 02:04:07.645  1471  2562 D NotDeveloper: processing get from com.dsi.ant.server with arg ro.board.platform
02-23 02:04:07.645  1471  2562 D NotDeveloper: processing getStringForUser from com.dsi.ant.server with arg copy_file_endtag
02-23 02:04:07.645  1471  2562 D NotDeveloper: processed getStringForUser(copy_file_endtag) without changing result
02-23 02:04:07.646  1471  2562 D NotDeveloper: processing getStringForUser from com.dsi.ant.server with arg copy_file_endtag
02-23 02:04:07.646  1471  2562 D NotDeveloper: processed getStringForUser(copy_file_endtag) without changing result
02-23 02:04:07.646  1471  2562 D NotDeveloper: processing get from com.dsi.ant.server with arg ro.board.platform
02-23 02:04:07.646  1471  2562 I chatty  : uid=1000(system) ActivityManager identical 3 lines
02-23 02:04:07.646  1471  2562 D NotDeveloper: processing get from com.dsi.ant.server with arg ro.board.platform
02-23 02:04:07.647  1471  2562 D NotDeveloper: processing getStringForUser from com.dsi.ant.server with arg copy_file_endtag
02-23 02:04:07.647  1471  2562 D NotDeveloper: processed getStringForUser(copy_file_endtag) without changing result
02-23 02:04:07.647  1471  2562 D NotDeveloper: processing getStringForUser from com.dsi.ant.server with arg copy_file_endtag
02-23 02:04:07.647  1471  2562 D NotDeveloper: processed getStringForUser(copy_file_endtag) without changing result
02-23 02:04:07.647  1471  2562 D NotDeveloper: processing get from com.dsi.ant.server with arg ro.board.platform
02-23 02:04:07.647  1471  2562 I chatty  : uid=1000(system) ActivityManager identical 3 lines
02-23 02:04:07.648  1471  2562 D NotDeveloper: processing get from com.dsi.ant.server with arg ro.board.platform
02-23 02:04:07.648  1471  2562 D NotDeveloper: processing getStringForUser from com.dsi.ant.server with arg copy_file_endtag
02-23 02:04:07.648  1471  2562 D NotDeveloper: processed getStringForUser(copy_file_endtag) without changing result
02-23 02:04:07.648  1471  2562 D NotDeveloper: processing getStringForUser from com.dsi.ant.server with arg copy_file_endtag
02-23 02:04:07.648  1471  2562 D NotDeveloper: processed getStringForUser(copy_file_endtag) without changing result
02-23 02:04:07.648  1471  2562 D NotDeveloper: processing get from com.dsi.ant.server with arg ro.board.platform
02-23 02:04:07.649  1471  2562 I chatty  : uid=1000(system) ActivityManager identical 3 lines
02-23 02:04:07.649  1471  2562 D NotDeveloper: processing get from com.dsi.ant.server with arg ro.board.platform
02-23 02:04:07.649  1471  2562 D NotDeveloper: processing getStringForUser from com.dsi.ant.server with arg copy_file_endtag
02-23 02:04:07.649  1471  2562 D NotDeveloper: processed getStringForUser(copy_file_endtag) without changing result
02-23 02:04:07.649  1471  2562 D NotDeveloper: processing getStringForUser from com.dsi.ant.server with arg copy_file_endtag
02-23 02:04:07.649  1471  2562 D NotDeveloper: processed getStringForUser(copy_file_endtag) without changing result
02-23 02:04:07.649  1471  2562 D NotDeveloper: processing get from com.dsi.ant.server with arg ro.board.platform
02-23 02:04:07.650  1471  2562 I chatty  : uid=1000(system) ActivityManager identical 3 lines
02-23 02:04:07.650  1471  2562 D NotDeveloper: processing get from com.dsi.ant.server with arg ro.board.platform
02-23 02:04:07.650  1471  2562 D NotDeveloper: processing getStringForUser from com.dsi.ant.server with arg copy_file_endtag
02-23 02:04:07.650  1471  2562 D NotDeveloper: processed getStringForUser(copy_file_endtag) without changing result
02-23 02:04:07.650  1471  2562 D NotDeveloper: processing getStringForUser from com.dsi.ant.server with arg copy_file_endtag
02-23 02:04:07.650  1471  2562 D NotDeveloper: processed getStringForUser(copy_file_endtag) without changing result
02-23 02:04:07.651  1471  2562 D NotDeveloper: processing get from com.dsi.ant.server with arg ro.board.platform
02-23 02:04:07.651  1471  2562 I chatty  : uid=1000(system) ActivityManager identical 3 lines
02-23 02:04:07.651  1471  2562 D NotDeveloper: processing get from com.dsi.ant.server with arg ro.board.platform
02-23 02:04:07.651  1471  2562 D NotDeveloper: processing getStringForUser from com.dsi.ant.server with arg copy_file_endtag
02-23 02:04:07.651  1471  2562 D NotDeveloper: processed getStringForUser(copy_file_endtag) without changing result
02-23 02:04:07.652  1471  2562 D NotDeveloper: processing getStringForUser from com.dsi.ant.server with arg copy_file_endtag
02-23 02:04:07.652  1471  2562 D NotDeveloper: processed getStringForUser(copy_file_endtag) without changing result
02-23 02:04:07.652  1471  2562 D NotDeveloper: processing get from com.dsi.ant.server with arg ro.board.platform
02-23 02:04:07.652  1471  2562 I chatty  : uid=1000(system) ActivityManager identical 3 lines
02-23 02:04:07.652  1471  2562 D NotDeveloper: processing get from com.dsi.ant.server with arg ro.board.platform
02-23 02:04:07.653  1471  2562 D NotDeveloper: processing getStringForUser from com.dsi.ant.server with arg copy_file_endtag
02-23 02:04:07.653  1471  2562 D NotDeveloper: processed getStringForUser(copy_file_endtag) without changing result
02-23 02:04:07.653  1471  2562 D NotDeveloper: processing getStringForUser from com.dsi.ant.server with arg copy_file_endtag
02-23 02:04:07.653  1471  2562 D NotDeveloper: processed getStringForUser(copy_file_endtag) without changing result
02-23 02:04:07.653  1471  2562 D NotDeveloper: processing get from com.dsi.ant.server with arg ro.board.platform
02-23 02:04:07.654  1471  2562 I chatty  : uid=1000(system) ActivityManager identical 3 lines
02-23 02:04:07.654  1471  2562 D NotDeveloper: processing get from com.dsi.ant.server with arg ro.board.platform
02-23 02:04:07.654  1471  2562 D NotDeveloper: processing getStringForUser from com.dsi.ant.server with arg copy_file_endtag
02-23 02:04:07.654  1471  2562 D NotDeveloper: processed getStringForUser(copy_file_endtag) without changing result
02-23 02:04:07.654  1471  2562 D NotDeveloper: processing getStringForUser from com.dsi.ant.server with arg copy_file_endtag
02-23 02:04:07.654  1471  2562 D NotDeveloper: processed getStringForUser(copy_file_endtag) without changing result
02-23 02:04:07.654  1471  2562 D NotDeveloper: processing get from com.dsi.ant.server with arg ro.board.platform
02-23 02:04:07.655  1471  2562 I chatty  : uid=1000(system) ActivityManager identical 3 lines
02-23 02:04:07.655  1471  2562 D NotDeveloper: processing get from com.dsi.ant.server with arg ro.board.platform
02-23 02:04:07.655  1471  2562 D NotDeveloper: processing getStringForUser from com.dsi.ant.server with arg copy_file_endtag
02-23 02:04:07.655  1471  2562 D NotDeveloper: processed getStringForUser(copy_file_endtag) without changing result
02-23 02:04:07.655  1471  2562 D NotDeveloper: processing getStringForUser from com.dsi.ant.server with arg copy_file_endtag
02-23 02:04:07.655  1471  2562 D NotDeveloper: processed getStringForUser(copy_file_endtag) without changing result
02-23 02:04:07.656  1471  2562 D NotDeveloper: processing get from com.dsi.ant.server with arg ro.board.platform
02-23 02:04:07.656  1471  2562 I chatty  : uid=1000(system) ActivityManager identical 3 lines
02-23 02:04:07.656  1471  2562 D NotDeveloper: processing get from com.dsi.ant.server with arg ro.board.platform
02-23 02:04:07.656  1471  2562 D NotDeveloper: processing getStringForUser from com.dsi.ant.server with arg copy_file_endtag
02-23 02:04:07.656  1471  2562 D NotDeveloper: processed getStringForUser(copy_file_endtag) without changing result
02-23 02:04:07.657  1471  2562 D NotDeveloper: processing getStringForUser from com.dsi.ant.server with arg copy_file_endtag
02-23 02:04:07.657  1471  2562 D NotDeveloper: processed getStringForUser(copy_file_endtag) without changing result
02-23 02:04:07.657  1471  2562 D NotDeveloper: processing get from com.dsi.ant.server with arg ro.board.platform
02-23 02:04:07.657  1471  2562 I chatty  : uid=1000(system) ActivityManager identical 3 lines
02-23 02:04:07.657  1471  2562 D NotDeveloper: processing get from com.dsi.ant.server with arg ro.board.platform
02-23 02:04:07.658  1471  2562 D NotDeveloper: processing getStringForUser from com.dsi.ant.server with arg copy_file_endtag
02-23 02:04:07.658  1471  2562 D NotDeveloper: processed getStringForUser(copy_file_endtag) without changing result
02-23 02:04:07.658  1471  2562 D NotDeveloper: processing getStringForUser from com.dsi.ant.server with arg copy_file_endtag
02-23 02:04:07.658  1471  2562 D NotDeveloper: processed getStringForUser(copy_file_endtag) without changing result
02-23 02:04:07.658  1471  2562 D NotDeveloper: processing get from com.dsi.ant.server with arg ro.board.platform
02-23 02:04:07.658  1471  2562 I chatty  : uid=1000(system) ActivityManager identical 3 lines
02-23 02:04:07.659  1471  2562 D NotDeveloper: processing get from com.dsi.ant.server with arg ro.board.platform
02-23 02:04:07.659  1471  2562 D NotDeveloper: processing getStringForUser from com.dsi.ant.server with arg copy_file_endtag
02-23 02:04:07.659  1471  2562 D NotDeveloper: processed getStringForUser(copy_file_endtag) without changing result
02-23 02:04:07.659  1471  2562 D NotDeveloper: processing getStringForUser from com.dsi.ant.server with arg copy_file_endtag
02-23 02:04:07.659  1471  2562 D NotDeveloper: processed getStringForUser(copy_file_endtag) without changing result
02-23 02:04:07.659  1471  2562 D NotDeveloper: processing get from com.dsi.ant.server with arg ro.board.platform
02-23 02:04:07.660  1471  2562 I chatty  : uid=1000(system) ActivityManager identical 3 lines
02-23 02:04:07.660  1471  2562 D NotDeveloper: processing get from com.dsi.ant.server with arg ro.board.platform
02-23 02:04:07.660  1471  2562 D NotDeveloper: processing getStringForUser from com.dsi.ant.server with arg copy_file_endtag
02-23 02:04:07.660  1471  2562 D NotDeveloper: processed getStringForUser(copy_file_endtag) without changing result
02-23 02:04:07.660  1471  2562 D NotDeveloper: processing getStringForUser from com.dsi.ant.server with arg copy_file_endtag
02-23 02:04:07.660  1471  2562 D NotDeveloper: processed getStringForUser(copy_file_endtag) without changing result
02-23 02:04:07.660  1471  2562 D NotDeveloper: processing get from com.dsi.ant.server with arg ro.board.platform
02-23 02:04:07.661  1471  2562 I chatty  : uid=1000(system) ActivityManager identical 3 lines
02-23 02:04:07.661  1471  2562 D NotDeveloper: processing get from com.dsi.ant.server with arg ro.board.platform
02-23 02:04:07.661  1471  2562 D NotDeveloper: processing getStringForUser from com.dsi.ant.server with arg copy_file_endtag
02-23 02:04:07.661  1471  2562 D NotDeveloper: processed getStringForUser(copy_file_endtag) without changing result
02-23 02:04:07.661  1471  2562 D NotDeveloper: processing getStringForUser from com.dsi.ant.server with arg copy_file_endtag
02-23 02:04:07.661  1471  2562 D NotDeveloper: processed getStringForUser(copy_file_endtag) without changing result
02-23 02:04:07.662  1471  2562 D NotDeveloper: processing get from com.dsi.ant.server with arg ro.board.platform
02-23 02:04:07.662  1471  2562 I chatty  : uid=1000(system) ActivityManager identical 3 lines
02-23 02:04:07.662  1471  2562 D NotDeveloper: processing get from com.dsi.ant.server with arg ro.board.platform
02-23 02:04:07.662  1471  2562 D NotDeveloper: processing getStringForUser from com.dsi.ant.server with arg copy_file_endtag
02-23 02:04:07.662  1471  2562 D NotDeveloper: processed getStringForUser(copy_file_endtag) without changing result
02-23 02:04:07.662  1471  2562 D NotDeveloper: processing getStringForUser from com.dsi.ant.server with arg copy_file_endtag
02-23 02:04:07.663  1471  2562 D NotDeveloper: processed getStringForUser(copy_file_endtag) without changing result
02-23 02:04:07.663  1471  2562 D NotDeveloper: processing get from com.dsi.ant.server with arg ro.board.platform
02-23 02:04:07.663  1471  2562 I chatty  : uid=1000(system) ActivityManager identical 3 lines
02-23 02:04:07.663  1471  2562 D NotDeveloper: processing get from com.dsi.ant.server with arg ro.board.platform
02-23 02:04:07.664  1471  2562 D NotDeveloper: processing getStringForUser from com.dsi.ant.server with arg copy_file_endtag
02-23 02:04:07.664  1471  2562 D NotDeveloper: processed getStringForUser(copy_file_endtag) without changing result
02-23 02:04:07.664  1471  2562 D NotDeveloper: processing getStringForUser from com.dsi.ant.server with arg copy_file_endtag
02-23 02:04:07.664  1471  2562 D NotDeveloper: processed getStringForUser(copy_file_endtag) without changing result
02-23 02:04:07.664  1471  2562 D NotDeveloper: processing get from com.dsi.ant.server with arg ro.board.platform
02-23 02:04:07.665  1471  2562 I chatty  : uid=1000(system) ActivityManager identical 3 lines
02-23 02:04:07.665  1471  2562 D NotDeveloper: processing get from com.dsi.ant.server with arg ro.board.platform
02-23 02:04:07.665  1471  2562 D NotDeveloper: processing getStringForUser from com.dsi.ant.server with arg copy_file_endtag
02-23 02:04:07.665  1471  2562 D NotDeveloper: processed getStringForUser(copy_file_endtag) without changing result
02-23 02:04:07.665  1471  2562 D NotDeveloper: processing getStringForUser from com.dsi.ant.server with arg copy_file_endtag
02-23 02:04:07.665  1471  2562 D NotDeveloper: processed getStringForUser(copy_file_endtag) without changing result
02-23 02:04:07.665  1471  2562 D NotDeveloper: processing get from com.dsi.ant.server with arg ro.board.platform
02-23 02:04:07.666  1471  2562 I chatty  : uid=1000(system) ActivityManager identical 3 lines
02-23 02:04:07.666  1471  2562 D NotDeveloper: processing get from com.dsi.ant.server with arg ro.board.platform
02-23 02:04:07.666  1471  2562 D NotDeveloper: processing getStringForUser from com.dsi.ant.server with arg copy_file_endtag
02-23 02:04:07.666  1184  1184 D vendor.qti.bluetooth@1.0-ibs_handler: SerialClockVote: vote for UART CLK ON
02-23 02:04:07.666  1471  2562 D NotDeveloper: processed getStringForUser(copy_file_endtag) without changing result
02-23 02:04:07.666  1471  2562 D NotDeveloper: processing getStringForUser from com.dsi.ant.server with arg copy_file_endtag
02-23 02:04:07.666  1471  2562 D NotDeveloper: processed getStringForUser(copy_file_endtag) without changing result
02-23 02:04:07.667  1471  2562 D NotDeveloper: processing get from com.dsi.ant.server with arg ro.board.platform
02-23 02:04:07.667  1471  2562 I chatty  : uid=1000(system) ActivityManager identical 3 lines
02-23 02:04:07.667  1471  2562 D NotDeveloper: processing get from com.dsi.ant.server with arg ro.board.platform
02-23 02:04:07.667  1184  1184 D vendor.qti.bluetooth@1.0-wake_lock: Acquire wakelock is acquired 
02-23 02:04:07.667  1184  1184 I vendor.qti.bluetooth@1.0-ibs_handler: DeviceWakeUp: Writing IBS_WAKE_IND
02-23 02:04:07.667  1471  2562 D NotDeveloper: processing getStringForUser from com.dsi.ant.server with arg copy_file_endtag
02-23 02:04:07.667  1471  2562 D NotDeveloper: processed getStringForUser(copy_file_endtag) without changing result
02-23 02:04:07.668  1471  2562 D NotDeveloper: processing getStringForUser from com.dsi.ant.server with arg copy_file_endtag
02-23 02:04:07.668  1471  2562 D NotDeveloper: processed getStringForUser(copy_file_endtag) without changing result
02-23 02:04:07.668  1471  2562 D NotDeveloper: processing get from com.dsi.ant.server with arg ro.board.platform
02-23 02:04:07.668  1471  2562 I chatty  : uid=1000(system) ActivityManager identical 3 lines
02-23 02:04:07.668  1471  2562 D NotDeveloper: processing get from com.dsi.ant.server with arg ro.board.platform
02-23 02:04:07.669  1471  2562 D NotDeveloper: processing getStringForUser from com.dsi.ant.server with arg copy_file_endtag
02-23 02:04:07.669  1471  2562 D NotDeveloper: processed getStringForUser(copy_file_endtag) without changing result
02-23 02:04:07.669  1471  2562 D NotDeveloper: processing getStringForUser from com.dsi.ant.server with arg copy_file_endtag
02-23 02:04:07.669  1471  2562 D NotDeveloper: processed getStringForUser(copy_file_endtag) without changing result
02-23 02:04:07.669  1471  2562 D NotDeveloper: processing get from com.dsi.ant.server with arg ro.board.platform
02-23 02:04:07.669  1471  2562 I chatty  : uid=1000(system) ActivityManager identical 3 lines
02-23 02:04:07.670  1471  2562 D NotDeveloper: processing get from com.dsi.ant.server with arg ro.board.platform
02-23 02:04:07.670  1471  2562 D NotDeveloper: processing getStringForUser from com.dsi.ant.server with arg copy_file_endtag
02-23 02:04:07.670  1471  2562 D NotDeveloper: processed getStringForUser(copy_file_endtag) without changing result
02-23 02:04:07.670  1471  2562 D NotDeveloper: processing getStringForUser from com.dsi.ant.server with arg copy_file_endtag
02-23 02:04:07.670  1471  2562 D NotDeveloper: processed getStringForUser(copy_file_endtag) without changing result
02-23 02:04:07.670  1471  2562 D NotDeveloper: processing get from com.dsi.ant.server with arg ro.board.platform
02-23 02:04:07.671  1471  2562 I chatty  : uid=1000(system) ActivityManager identical 3 lines
02-23 02:04:07.671  1471  2562 D NotDeveloper: processing get from com.dsi.ant.server with arg ro.board.platform
02-23 02:04:07.671  1471  2562 D NotDeveloper: processing getStringForUser from com.dsi.ant.server with arg copy_file_endtag
02-23 02:04:07.671  1471  2562 D NotDeveloper: processed getStringForUser(copy_file_endtag) without changing result
02-23 02:04:07.671  1471  2562 D NotDeveloper: processing getStringForUser from com.dsi.ant.server with arg copy_file_endtag
02-23 02:04:07.671  1471  2562 D NotDeveloper: processed getStringForUser(copy_file_endtag) without changing result
02-23 02:04:07.671  1184  4076 I vendor.qti.bluetooth@1.0-ibs_handler: ProcessIbsCmd: Received IBS_WAKE_ACK: 0xFC
02-23 02:04:07.671  1184  4076 I vendor.qti.bluetooth@1.0-ibs_handler: ProcessIbsCmd: Signal wack_cond_
02-23 02:04:07.671  1184  1184 D vendor.qti.bluetooth@1.0-ibs_handler: DeviceWakeUp: Unblocked from waiting for FC
02-23 02:04:07.671  1471  2562 D NotDeveloper: processing get from com.dsi.ant.server with arg ro.board.platform
02-23 02:04:07.672  1471  2562 I chatty  : uid=1000(system) ActivityManager identical 2 lines
02-23 02:04:07.672  1471  2562 D NotDeveloper: processing get from com.dsi.ant.server with arg ro.board.platform
02-23 02:04:07.672  2904  2904 D KeyguardClockPositionAlgorithm: getClockY()184
02-23 02:04:07.672  2904  2904 I chatty  : uid=10193(com.android.systemui) identical 1 line
02-23 02:04:07.672  2904  2904 D KeyguardClockPositionAlgorithm: getClockY()184
02-23 02:04:07.672  1471  2562 D NotDeveloper: processing get from com.dsi.ant.server with arg ro.board.platform
02-23 02:04:07.672  1471  2562 D NotDeveloper: processing getStringForUser from com.dsi.ant.server with arg copy_file_endtag
02-23 02:04:07.672  2879  3892 E bt_osi_wakelock: wakelock_acquire wakelock acquired
02-23 02:04:07.672  1471  2562 D NotDeveloper: processed getStringForUser(copy_file_endtag) without changing result
02-23 02:04:07.672  1471  2562 D NotDeveloper: processing getStringForUser from com.dsi.ant.server with arg copy_file_endtag
02-23 02:04:07.672  1184  4076 I vendor.qti.bluetooth@1.0-ibs_handler: ProcessIbsCmd: Received IBS_WAKE_IND: 0xFD
02-23 02:04:07.672  1471  2562 D NotDeveloper: processed getStringForUser(copy_file_endtag) without changing result
02-23 02:04:07.673  1184  4076 I vendor.qti.bluetooth@1.0-ibs_handler: ProcessIbsCmd: Writing IBS_WAKE_ACK
02-23 02:04:07.673  2879  2979 E bt_osi_wakelock: wakelock_release wakelock released
02-23 02:04:07.674  1471  2562 D NotDeveloper: processing get from com.dsi.ant.server with arg ro.board.platform
02-23 02:04:07.674  1471  2562 I chatty  : uid=1000(system) ActivityManager identical 3 lines
02-23 02:04:07.674  1471  2562 D NotDeveloper: processing get from com.dsi.ant.server with arg ro.board.platform
02-23 02:04:07.674  1471  2562 D NotDeveloper: processing getStringForUser from com.dsi.ant.server with arg copy_file_endtag
02-23 02:04:07.674  1471  2562 D NotDeveloper: processed getStringForUser(copy_file_endtag) without changing result
02-23 02:04:07.675  1471  2562 D NotDeveloper: processing getStringForUser from com.dsi.ant.server with arg copy_file_endtag
02-23 02:04:07.675  1471  2562 D NotDeveloper: processed getStringForUser(copy_file_endtag) without changing result
02-23 02:04:07.675  2904  2904 D AodAlwaysOnController: onRefreshBatteryInfo: 37
02-23 02:04:07.675  1471  2562 D NotDeveloper: processing get from com.dsi.ant.server with arg ro.board.platform
02-23 02:04:07.675  1471  2562 I chatty  : uid=1000(system) ActivityManager identical 2 lines
02-23 02:04:07.675  1471  2562 D NotDeveloper: processing get from com.dsi.ant.server with arg ro.board.platform
02-23 02:04:07.675  2904  2904 D KeyguardIndication: onRefreshBatteryInfo: plugged:false, wasPluggedIn: false, charged:false, level:37, speed:-1, last speed:-1, visible:true, mWirelessChargingDeviated:false, isPdCharging:false, isProtectCharging:false, timeToFull:-1, mChargingInfo:android.widget.TextView{958610d V.ED..... ..S...ID 0,0-0,0 #7f0b016c app:id/charging_info}
02-23 02:04:07.675  1471  2562 D NotDeveloper: processing get from com.dsi.ant.server with arg ro.board.platform
02-23 02:04:07.675  2904  2904 D KeyguardIndication: onRefreshBatteryInfo: aosp ChargingTimeRemaining -1
02-23 02:04:07.675  1471  2562 D NotDeveloper: processing getStringForUser from com.dsi.ant.server with arg copy_file_endtag
02-23 02:04:07.676  1471  2562 D NotDeveloper: processed getStringForUser(copy_file_endtag) without changing result
02-23 02:04:07.676  1471  2562 D NotDeveloper: processing getStringForUser from com.dsi.ant.server with arg copy_file_endtag
02-23 02:04:07.676  1471  2562 D NotDeveloper: processed getStringForUser(copy_file_endtag) without changing result
02-23 02:04:07.676  1471  2562 D NotDeveloper: processing get from com.dsi.ant.server with arg ro.board.platform
02-23 02:04:07.677  1471  2562 I chatty  : uid=1000(system) ActivityManager identical 8 lines
02-23 02:04:07.677  1471  2562 D NotDeveloper: processing get from com.dsi.ant.server with arg ro.board.platform
02-23 02:04:07.677  2904  2904 I OpChargingAnimationControllerImpl: onRefreshBatteryInfo / mPluggedButNotUsb:false / status:OpBatteryStatus{status=3,level=37,plugged=0,health=2,maxChargingWattage=-1}, fastCharge:0, wirelessCharging:false, wirelessWarpCharging:false, wirelessChargingDeviated:false, pdcharge:false / chargingType: 0 / oldChargingType:-1
02-23 02:04:07.677  2904  2904 I OpChargingAnimationControllerImpl: onRefreshBatteryInfo / mOldPluggedInAndCharging:false / isPluggedInAndCharging:false / isKeyguardShowing true / isScreenTurnedOn false / isChargingTypeChange true
02-23 02:04:07.677  1471  2562 D NotDeveloper: processing getStringForUser from com.dsi.ant.server with arg copy_file_endtag
02-23 02:04:07.677  1471  2562 D NotDeveloper: processed getStringForUser(copy_file_endtag) without changing result
02-23 02:04:07.677  1471  2562 D NotDeveloper: processing getStringForUser from com.dsi.ant.server with arg copy_file_endtag
02-23 02:04:07.677  1471  2562 D NotDeveloper: processed getStringForUser(copy_file_endtag) without changing result
02-23 02:04:07.677  1471  2562 D NotDeveloper: processing get from com.dsi.ant.server with arg ro.board.platform
02-23 02:04:07.678  1471  2562 I chatty  : uid=1000(system) ActivityManager identical 1 line
02-23 02:04:07.678  1471  2562 D NotDeveloper: processing get from com.dsi.ant.server with arg ro.board.platform
02-23 02:04:07.678  1802  1896 E QMI_FW  : qmi_cci_get_ref: ref count increased 2
02-23 02:04:07.678  1471  2562 D NotDeveloper: processing get from com.dsi.ant.server with arg ro.board.platform
02-23 02:04:07.678  1471  2562 D NotDeveloper: processing get from com.dsi.ant.server with arg ro.board.platform
02-23 02:04:07.678  1471  2562 D NotDeveloper: processing getStringForUser from com.dsi.ant.server with arg copy_file_endtag
02-23 02:04:07.678  1471  2562 D NotDeveloper: processed getStringForUser(copy_file_endtag) without changing result
02-23 02:04:07.678  1471  2562 D NotDeveloper: processing getStringForUser from com.dsi.ant.server with arg copy_file_endtag
02-23 02:04:07.678  1471  2562 D NotDeveloper: processed getStringForUser(copy_file_endtag) without changing result
02-23 02:04:07.678  1471  2562 D NotDeveloper: processing get from com.dsi.ant.server with arg ro.board.platform
02-23 02:04:07.679  1471  2562 I chatty  : uid=1000(system) ActivityManager identical 3 lines
02-23 02:04:07.679  1471  2562 D NotDeveloper: processing get from com.dsi.ant.server with arg ro.board.platform
02-23 02:04:07.679  1471  2562 D NotDeveloper: processing getStringForUser from com.dsi.ant.server with arg copy_file_endtag
02-23 02:04:07.679  1471  2562 D NotDeveloper: processed getStringForUser(copy_file_endtag) without changing result
02-23 02:04:07.679  1471  2562 D NotDeveloper: processing getStringForUser from com.dsi.ant.server with arg copy_file_endtag
02-23 02:04:07.679  1471  2562 D NotDeveloper: processed getStringForUser(copy_file_endtag) without changing result
02-23 02:04:07.679  1471  2562 D NotDeveloper: processing get from com.dsi.ant.server with arg ro.board.platform
02-23 02:04:07.680  1471  2562 I chatty  : uid=1000(system) ActivityManager identical 3 lines
02-23 02:04:07.680  1471  2562 D NotDeveloper: processing get from com.dsi.ant.server with arg ro.board.platform
02-23 02:04:07.680  1802  1896 E QMI_FW  : qmi_cci_get_ref: ref count increased 2
02-23 02:04:07.680  1471  2562 D NotDeveloper: processing getStringForUser from com.dsi.ant.server with arg copy_file_endtag
02-23 02:04:07.680  1471  2562 D NotDeveloper: processed getStringForUser(copy_file_endtag) without changing result
02-23 02:04:07.680  1471  2562 D NotDeveloper: processing getStringForUser from com.dsi.ant.server with arg copy_file_endtag
02-23 02:04:07.680  1471  2562 D NotDeveloper: processed getStringForUser(copy_file_endtag) without changing result
