02-23 02:05:00.771  1471  3451 D NotDeveloper: processing get from com.dsi.ant.server with arg ro.board.platform
02-23 02:05:00.771  1471  3451 D NotDeveloper: processing getStringForUser from com.dsi.ant.server with arg copy_file_endtag
02-23 02:05:00.771  1471  3451 D NotDeveloper: processed getStringForUser(copy_file_endtag) without changing result
02-23 02:05:00.771  1471  3451 D NotDeveloper: processing getStringForUser from com.dsi.ant.server with arg copy_file_endtag
02-23 02:05:00.771  1471  3451 D NotDeveloper: processed getStringForUser(copy_file_endtag) without changing result
02-23 02:05:00.771  1471  3451 D NotDeveloper: processing get from com.dsi.ant.server with arg ro.board.platform
02-23 02:05:00.771  1471  3451 I chatty  : uid=1000(system) Binder:1471_9 identical 3 lines
02-23 02:05:00.771  1471  3451 D NotDeveloper: processing get from com.dsi.ant.server with arg ro.board.platform
02-23 02:05:00.771  1471  3451 D NotDeveloper: processing getStringForUser from com.dsi.ant.server with arg copy_file_endtag
02-23 02:05:00.771  1471  3451 D NotDeveloper: processed getStringForUser(copy_file_endtag) without changing result
02-23 02:05:00.772  1471  3451 D NotDeveloper: processing getStringForUser from com.dsi.ant.server with arg copy_file_endtag
02-23 02:05:00.772  1471  3451 D NotDeveloper: processed getStringForUser(copy_file_endtag) without changing result
02-23 02:05:00.772  1471  3451 D NotDeveloper: processing get from com.dsi.ant.server with arg ro.board.platform
02-23 02:05:00.772  1471  3451 I chatty  : uid=1000(system) Binder:1471_9 identical 3 lines
02-23 02:05:00.772  1471  3451 D NotDeveloper: processing get from com.dsi.ant.server with arg ro.board.platform
02-23 02:05:00.772  1471  3451 D NotDeveloper: processing getStringForUser from com.dsi.ant.server with arg copy_file_endtag
02-23 02:05:00.772  1471  3451 D NotDeveloper: processed getStringForUser(copy_file_endtag) without changing result
02-23 02:05:00.772  1471  3451 D NotDeveloper: processing getStringForUser from com.dsi.ant.server with arg copy_file_endtag
02-23 02:05:00.772  1471  3451 D NotDeveloper: processed getStringForUser(copy_file_endtag) without changing result
02-23 02:05:00.772  1471  3451 D NotDeveloper: processing getStringForUser from com.dsi.ant.server with arg copy_file_endtag
02-23 02:05:00.772  1471  3451 D NotDeveloper: processed getStringForUser(copy_file_endtag) without changing result
02-23 02:05:00.772  1471  3451 D NotDeveloper: processing getStringForUser from com.dsi.ant.server with arg copy_file_endtag
02-23 02:05:00.772  1471  3451 D NotDeveloper: processed getStringForUser(copy_file_endtag) without changing result
02-23 02:05:00.772  1471  3451 D NotDeveloper: processing getStringForUser from com.dsi.ant.server with arg copy_file_endtag
02-23 02:05:00.773  1471  3451 D NotDeveloper: processed getStringForUser(copy_file_endtag) without changing result
02-23 02:05:00.773  1471  3451 D NotDeveloper: processing getStringForUser from com.dsi.ant.server with arg copy_file_endtag
02-23 02:05:00.773  1471  3451 D NotDeveloper: processed getStringForUser(copy_file_endtag) without changing result
02-23 02:05:00.773  1471  3451 D NotDeveloper: processing get from com.dsi.ant.server with arg ro.board.platform
02-23 02:05:00.774  1471  3451 I chatty  : uid=1000(system) Binder:1471_9 identical 13 lines
02-23 02:05:00.774  1471  3451 D NotDeveloper: processing get from com.dsi.ant.server with arg ro.board.platform
02-23 02:05:00.774  1471  3451 D NotDeveloper: processing getStringForUser from com.dsi.ant.server with arg copy_file_endtag
02-23 02:05:00.774  1471  3451 D NotDeveloper: processed getStringForUser(copy_file_endtag) without changing result
02-23 02:05:00.774  1471  3451 D NotDeveloper: processing getStringForUser from com.dsi.ant.server with arg copy_file_endtag
02-23 02:05:00.774  1471  3451 D NotDeveloper: processed getStringForUser(copy_file_endtag) without changing result
02-23 02:05:00.774  1471  3451 D NotDeveloper: processing get from com.dsi.ant.server with arg ro.board.platform
02-23 02:05:00.774  1471  3451 I chatty  : uid=1000(system) Binder:1471_9 identical 3 lines
02-23 02:05:00.774  1471  3451 D NotDeveloper: processing get from com.dsi.ant.server with arg ro.board.platform
02-23 02:05:00.774  1471  3451 D NotDeveloper: processing getStringForUser from com.dsi.ant.server with arg copy_file_endtag
02-23 02:05:00.774  1471  3451 D NotDeveloper: processed getStringForUser(copy_file_endtag) without changing result
02-23 02:05:00.774  1471  3451 D NotDeveloper: processing getStringForUser from com.dsi.ant.server with arg copy_file_endtag
02-23 02:05:00.774  1471  3451 D NotDeveloper: processed getStringForUser(copy_file_endtag) without changing result
02-23 02:05:00.775  1471  3451 D NotDeveloper: processing get from com.dsi.ant.server with arg ro.board.platform
02-23 02:05:00.775  1471  3451 I chatty  : uid=1000(system) Binder:1471_9 identical 3 lines
02-23 02:05:00.775  1471  3451 D NotDeveloper: processing get from com.dsi.ant.server with arg ro.board.platform
02-23 02:05:00.775  1471  3451 D NotDeveloper: processing getStringForUser from com.dsi.ant.server with arg copy_file_endtag
02-23 02:05:00.775  1471  3451 D NotDeveloper: processed getStringForUser(copy_file_endtag) without changing result
02-23 02:05:00.775  1471  3451 D NotDeveloper: processing getStringForUser from com.dsi.ant.server with arg copy_file_endtag
02-23 02:05:00.775  1471  3451 D NotDeveloper: processed getStringForUser(copy_file_endtag) without changing result
02-23 02:05:00.775  1471  3451 D NotDeveloper: processing get from com.dsi.ant.server with arg ro.board.platform
02-23 02:05:00.776  1471  3451 I chatty  : uid=1000(system) Binder:1471_9 identical 8 lines
02-23 02:05:00.776  1471  3451 D NotDeveloper: processing get from com.dsi.ant.server with arg ro.board.platform
02-23 02:05:00.776  1471  3451 D NotDeveloper: processing getStringForUser from com.dsi.ant.server with arg copy_file_endtag
02-23 02:05:00.776  1471  3451 D NotDeveloper: processed getStringForUser(copy_file_endtag) without changing result
02-23 02:05:00.776  1471  3451 D NotDeveloper: processing getStringForUser from com.dsi.ant.server with arg copy_file_endtag
02-23 02:05:00.776  1471  3451 D NotDeveloper: processed getStringForUser(copy_file_endtag) without changing result
02-23 02:05:00.776  1471  3451 D NotDeveloper: processing get from com.dsi.ant.server with arg ro.board.platform
02-23 02:05:00.776  1471  3451 I chatty  : uid=1000(system) Binder:1471_9 identical 3 lines
02-23 02:05:00.776  1471  3451 D NotDeveloper: processing get from com.dsi.ant.server with arg ro.board.platform
02-23 02:05:00.779  3178  3207 D a       : Image uploaded: uri=content://net.oneplus.shelf.card/card_image/channel_3_tag_0/41051649?timestamp=1771792500779
02-23 02:05:00.780  3178  3207 D a       : image width: 65, screen width: 1080
02-23 02:05:00.784  3178  3207 D a       : Image uploaded: uri=content://net.oneplus.shelf.card/card_image/channel_3_tag_0/55313044?timestamp=1771792500784
02-23 02:05:00.785  3178  3207 D a       : image width: 65, screen width: 1080
02-23 02:05:00.788  3178  3207 D a       : Image uploaded: uri=content://net.oneplus.shelf.card/card_image/channel_3_tag_0/20852018?timestamp=1771792500788
02-23 02:05:00.789  3178  3207 D a       : image width: 984, screen width: 1080
02-23 02:05:00.793  3178  3207 D a       : Image uploaded: uri=content://net.oneplus.shelf.card/card_image/channel_3_tag_0/187741184?timestamp=1771792500793
02-23 02:05:00.803  2788  4962 D GeneralCardProvider: call: arg=jnclgER540/fruaMon19AHKlD7/Voootd8BrnTwdwBHSaehYBxwr5tqM1yLCWcyQ, method=post_card_by_channel_id_and_tag
02-23 02:05:00.803  2788  4962 D GeneralCardProvider: posting from vip? true
02-23 02:05:00.804  2788  4962 D ApiKeyHelper: uid: 63d3d77f81812a7cd415c6dde5f24364ab6f82810e5b59db0a955ebb8b3fca49
02-23 02:05:00.805  2788  4962 D GeneralCardProvider: [isApiKeyValid] true
02-23 02:05:00.805  2788  4962 D ApiKeyHelper: uid: 63d3d77f81812a7cd415c6dde5f24364ab6f82810e5b59db0a955ebb8b3fca49
02-23 02:05:00.805  2788  4962 D ApiKeyHelper: The package com.oneplus.opsports is authorized with token OPSports
02-23 02:05:00.806  2788  4962 I SignatureCheckUtil: callingPackage is com.oneplus.opsports
02-23 02:05:00.810  2788  4962 D ApiKeyHelper: The package com.oneplus.opsports is verified signature.
02-23 02:05:00.830  2788  5189 D GeneralCardManager: CardContentObserver onChange(content://net.oneplus.shelf.card/card/2)
02-23 02:05:00.831  3178  3207 V OPSportsTag: ShelfCard Posting match card success
02-23 02:05:00.831  3178  3207 V OPSportsTag: AppHandlerThread -----------------Match saving to cache
02-23 02:05:00.831  3178  3207 V OPSportsTag: AppHandlerThread -----------------Match saving to cache successful for : 2026-02-23
02-23 02:05:00.832  3178  3207 V OPSportsTag: AppHandlerThread Loading match card
02-23 02:05:00.833  3178  3207 V OPSportsTag: AppHandlerThread No Live Match Found
02-23 02:05:00.839  3178  3207 V OPSportsTag: AppHandlerThread -----------------MatchDate saving to cache = 2026-02-23
02-23 02:05:00.839  3178  3207 V OPSportsTag: AppHandlerThread Match Found
02-23 02:05:00.846  2788  4962 D GeneralCardProvider: call: arg=atLeast, method=checkShelfVersion
02-23 02:05:00.846  2788  4962 D DeviceHelper: isAtLeastOP8DeviceVersion: this= 18801 , is at least OP8: false
02-23 02:05:00.846  2788  4962 D SkuHelper: showDiscover: false
02-23 02:05:00.846  2788  4962 D PreferencesHelper: getDefaultMinusOneScreen# defaultMinusOneScreen=shelf
02-23 02:05:00.846  2788  4962 D DeviceHelper: isAtLeastOP8DeviceVersion: this= 18801 , is at least OP8: false
02-23 02:05:00.846  2788  4962 D SkuHelper: showDiscover: false
02-23 02:05:00.846  2788  4962 D SkuHelper: showSwipeDownAccessShelf: false, forceEnable = false
02-23 02:05:00.846  2788  4962 D DeviceHelper: isAtLeastOP8DeviceVersion: this= 18801 , is at least OP8: false
02-23 02:05:00.847  2788  4962 D SkuHelper: showDiscover: false
02-23 02:05:00.847  2788  4962 D SkuHelper: showSwipeDownAccessShelf: false, forceEnable = false
02-23 02:05:00.847  2788  4962 D DeviceHelper: isAtLeastOP8DeviceVersion: this= 18801 , is at least OP8: false
02-23 02:05:00.847  2788  4962 D SkuHelper: showDiscover: false
02-23 02:05:00.847  2788  4962 D SkuHelper: showSwipeDownAccessShelf: false, forceEnable = false
02-23 02:05:00.847  2788  4962 D DeviceHelper: isAtLeastOP8DeviceVersion: this= 18801 , is at least OP8: false
02-23 02:05:00.847  2788  4962 D SkuHelper: showMinusOneScreenShelf: true
02-23 02:05:00.847  2788  4962 D DeviceHelper: isAtLeastOP8DeviceVersion: this= 18801 , is at least OP8: false
02-23 02:05:00.847  2788  4962 D SkuHelper: showDiscover: false
02-23 02:05:00.847  2788  4962 D SkuHelper: showSwipeDownAccessShelf: false, forceEnable = false
02-23 02:05:00.847  2788  4962 D DeviceHelper: isAtLeastOP8DeviceVersion: this= 18801 , is at least OP8: false
02-23 02:05:00.847  2788  4962 D SkuHelper: showDiscover: false
02-23 02:05:00.847  2788  4962 D SkuHelper: showSwipeDownAccessShelf: false, forceEnable = false
02-23 02:05:00.847  2788  4962 D DeviceHelper: isAtLeastOP8DeviceVersion: this= 18801 , is at least OP8: false
02-23 02:05:00.847  2788  4962 D SkuHelper: showMinusOneScreenShelf: true
02-23 02:05:00.847  2788  4962 I GeneralCardProvider: required version code: 300002, current version code: 301000, shelfEnabled: true, isSwipeDownToOpenShelf: false, showSwipeDownAccessShelf: false, isNotesInstalled: true, showShelf: true
02-23 02:05:00.848  3178  3207 I OPSportsTag: ShelfCard new shelf version, use shelf sdk to post note card
02-23 02:05:00.848  3178  3207 V OPSportsTag: ShelfCard Posting Match Card
02-23 02:05:00.850  2788  2788 D QuickPage: onCardDataUpdated(2)
02-23 02:05:00.851  2788  2788 D GeneralCardManager: the card (id=2) is never expired: 0
02-23 02:05:00.853  3178  3207 V OPSportsTag: ShelfCard isExistingMatch = true Match Type = 1
02-23 02:05:00.853  3178  3207 V OPSportsTag: ShelfCard Is partial flag Active true
02-23 02:05:00.863  3178  3207 D a       : image width: 110, screen width: 1080
02-23 02:05:00.870  3178  3207 D a       : Image uploaded: uri=content://net.oneplus.shelf.card/card_image/channel_3_tag_0/253618814?timestamp=1771792500870
02-23 02:05:00.872  3178  3207 D a       : image width: 110, screen width: 1080
02-23 02:05:00.880  3178  3207 D a       : Image uploaded: uri=content://net.oneplus.shelf.card/card_image/channel_3_tag_0/99422252?timestamp=1771792500880
02-23 02:05:00.881  3178  3207 D a       : image width: 110, screen width: 1080
02-23 02:05:00.887  3178  3207 D a       : Image uploaded: uri=content://net.oneplus.shelf.card/card_image/channel_3_tag_0/27930762?timestamp=1771792500887
02-23 02:05:00.888  3178  3207 D a       : image width: 108, screen width: 1080
02-23 02:05:00.894  3178  3207 D a       : Image uploaded: uri=content://net.oneplus.shelf.card/card_image/channel_3_tag_0/254870296?timestamp=1771792500894
02-23 02:05:00.897  3178  3207 D a       : image width: 394, screen width: 1080
02-23 02:05:00.908  3178  3207 D a       : Image uploaded: uri=content://net.oneplus.shelf.card/card_image/channel_3_tag_0/183126?timestamp=1771792500908
02-23 02:05:00.910  3178  3207 D a       : image width: 135, screen width: 1080
02-23 02:05:00.919  3178  3207 D a       : Image uploaded: uri=content://net.oneplus.shelf.card/card_image/channel_3_tag_0/197081284?timestamp=1771792500919
02-23 02:05:00.921  3178  3207 D a       : image width: 135, screen width: 1080
02-23 02:05:00.930  3178  3207 D a       : Image uploaded: uri=content://net.oneplus.shelf.card/card_image/channel_3_tag_0/24659682?timestamp=1771792500930
02-23 02:05:00.932  3178  3207 D a       : image width: 135, screen width: 1080
02-23 02:05:00.939  3178  3207 D a       : Image uploaded: uri=content://net.oneplus.shelf.card/card_image/channel_3_tag_0/131669296?timestamp=1771792500939
02-23 02:05:00.940  3178  3207 D a       : image width: 65, screen width: 1080
02-23 02:05:00.944  3178  3207 D a       : Image uploaded: uri=content://net.oneplus.shelf.card/card_image/channel_3_tag_0/265809710?timestamp=1771792500944
02-23 02:05:00.945  3178  3207 D a       : image width: 65, screen width: 1080
02-23 02:05:00.949  3178  3207 D a       : Image uploaded: uri=content://net.oneplus.shelf.card/card_image/channel_3_tag_0/7003228?timestamp=1771792500949
02-23 02:05:00.950  3178  3207 D a       : image width: 984, screen width: 1080
02-23 02:05:00.953  3178  3207 D a       : Image uploaded: uri=content://net.oneplus.shelf.card/card_image/channel_3_tag_0/41406522?timestamp=1771792500953
02-23 02:05:00.963  2788  4962 D GeneralCardProvider: call: arg=jnclgER540/fruaMon19AHKlD7/Voootd8BrnTwdwBHSaehYBxwr5tqM1yLCWcyQ, method=post_card_by_channel_id_and_tag
02-23 02:05:00.963  2788  4962 D GeneralCardProvider: posting from vip? true
02-23 02:05:00.964  2788  4962 D ApiKeyHelper: uid: 63d3d77f81812a7cd415c6dde5f24364ab6f82810e5b59db0a955ebb8b3fca49
02-23 02:05:00.964  2788  4962 D ApiKeyHelper: The package com.oneplus.opsports is authorized with token OPSports
02-23 02:05:00.965  2788  4962 I SignatureCheckUtil: callingPackage is com.oneplus.opsports
02-23 02:05:00.966  2788  4962 D ApiKeyHelper: The package com.oneplus.opsports is verified signature.
02-23 02:05:00.966  2788  4962 D ApiKeyHelper: uid: 63d3d77f81812a7cd415c6dde5f24364ab6f82810e5b59db0a955ebb8b3fca49
02-23 02:05:00.967  2788  4962 D GeneralCardProvider: [isApiKeyValid] true
02-23 02:05:00.967  2788  4962 D ApiKeyHelper: uid: 63d3d77f81812a7cd415c6dde5f24364ab6f82810e5b59db0a955ebb8b3fca49
02-23 02:05:00.967  2788  4962 D ApiKeyHelper: The package com.oneplus.opsports is authorized with token OPSports
02-23 02:05:00.968  2788  4962 I SignatureCheckUtil: callingPackage is com.oneplus.opsports
02-23 02:05:00.968  2788  4962 D ApiKeyHelper: The package com.oneplus.opsports is verified signature.
02-23 02:05:00.981  2788  5189 D GeneralCardManager: CardContentObserver onChange(content://net.oneplus.shelf.card/card/2)
02-23 02:05:00.982  3178  3207 V OPSportsTag: ShelfCard Posting match card success
02-23 02:05:00.982  3178  3207 V OPSportsTag: AppHandlerThread -----------------Match saving to cache
02-23 02:05:00.982  3178  3207 V OPSportsTag: AppHandlerThread -----------------Match saving to cache successful for : 2026-02-23
02-23 02:05:00.998  2788  2788 D QuickPage: onCardDataUpdated(2)
02-23 02:05:00.998  2788  2788 D GeneralCardManager: the card (id=2) is never expired: 0
02-23 02:05:02.126  1228  1247 I android.hardware.thermal@2.0-service.qti: uevent triggered for sensor: pm8005_tz
02-23 02:05:02.127  1228  1247 I chatty  : uid=0(root) thermal@2.0-ser identical 1 line
02-23 02:05:02.127  1228  1247 I android.hardware.thermal@2.0-service.qti: uevent triggered for sensor: pm8005_tz
02-23 02:05:02.129  1228  1247 I android.hardware.thermal@2.0-service.qti: uevent triggered for sensor: pa1-therml-adc
02-23 02:05:02.130  1471  2506 I BatteryStatsService: In wakeup_callback: resumed from suspend
02-23 02:05:02.141 19703  1045 W adbd    : timed out while waiting for FUNCTIONFS_BIND, trying again
02-23 02:05:02.141 19703  1045 I adbd    : UsbFfs: connection terminated: monitor thread finished
02-23 02:05:02.141 19703 19703 I adbd    : UsbFfs: already offline
02-23 02:05:02.141 19703 19703 I adbd    : destroying transport UsbFfs
02-23 02:05:02.142 19703 19703 I adbd    : UsbFfsConnection being destroyed
02-23 02:05:02.167 19703 19707 I adbd    : opening control endpoint /dev/usb-ffs/adb/ep0
02-23 02:05:02.170 19703 19707 I adbd    : UsbFfsConnection constructed
02-23 02:05:02.174 19703  1058 I adbd    : UsbFfs-monitor thread spawned
02-23 02:05:03.458  1228  1247 I android.hardware.thermal@2.0-service.qti: uevent triggered for sensor: pm8005_tz
02-23 02:05:03.459  1228  1247 I chatty  : uid=0(root) thermal@2.0-ser identical 1 line
02-23 02:05:03.459  1228  1247 I android.hardware.thermal@2.0-service.qti: uevent triggered for sensor: pm8005_tz
02-23 02:05:03.476  1228  1247 I android.hardware.thermal@2.0-service.qti: uevent triggered for sensor: pa1-therml-adc
02-23 02:05:03.477  1471  2506 I BatteryStatsService: In wakeup_callback: resumed from suspend
02-23 02:05:04.784  1228  1247 I android.hardware.thermal@2.0-service.qti: uevent triggered for sensor: pm8005_tz
02-23 02:05:04.785  1228  1247 I chatty  : uid=0(root) thermal@2.0-ser identical 1 line
02-23 02:05:04.785  1228  1247 I android.hardware.thermal@2.0-service.qti: uevent triggered for sensor: pm8005_tz
02-23 02:05:04.787  1228  1247 I android.hardware.thermal@2.0-service.qti: uevent triggered for sensor: pa1-therml-adc
02-23 02:05:04.788  1471  2506 D NotDeveloper: processing get from com.dsi.ant.server with arg ro.board.platform
02-23 02:05:04.788  1471  2506 I chatty  : uid=1000(system) Binder:1471_2 identical 2 lines
02-23 02:05:04.788  1471  2506 D NotDeveloper: processing get from com.dsi.ant.server with arg ro.board.platform
02-23 02:05:04.788  1471  3451 I BatteryStatsService: In wakeup_callback: resumed from suspend
02-23 02:05:04.788  1471  2506 D NotDeveloper: processing get from com.dsi.ant.server with arg ro.board.platform
02-23 02:05:04.789  1471  2506 D NotDeveloper: processing getStringForUser from com.dsi.ant.server with arg copy_file_endtag
02-23 02:05:04.789  1471  2506 D NotDeveloper: processed getStringForUser(copy_file_endtag) without changing result
02-23 02:05:04.789  1471  2506 D NotDeveloper: processing getStringForUser from com.dsi.ant.server with arg copy_file_endtag
02-23 02:05:04.789  1471  2506 D NotDeveloper: processed getStringForUser(copy_file_endtag) without changing result
02-23 02:05:04.790  1471  2506 D NotDeveloper: processing get from com.dsi.ant.server with arg ro.board.platform
02-23 02:05:04.790  1471  2506 I chatty  : uid=1000(system) Binder:1471_2 identical 3 lines
02-23 02:05:04.790  1471  2506 D NotDeveloper: processing get from com.dsi.ant.server with arg ro.board.platform
02-23 02:05:04.790  1471  2506 D NotDeveloper: processing getStringForUser from com.dsi.ant.server with arg copy_file_endtag
02-23 02:05:04.791  1471  2506 D NotDeveloper: processed getStringForUser(copy_file_endtag) without changing result
02-23 02:05:04.791  1471  2506 D NotDeveloper: processing getStringForUser from com.dsi.ant.server with arg copy_file_endtag
02-23 02:05:04.791  1471  2506 D NotDeveloper: processed getStringForUser(copy_file_endtag) without changing result
02-23 02:05:04.791  1471  2506 D NotDeveloper: processing get from com.dsi.ant.server with arg ro.board.platform
02-23 02:05:04.791  1471  2506 I chatty  : uid=1000(system) Binder:1471_2 identical 3 lines
02-23 02:05:04.791  1471  2506 D NotDeveloper: processing get from com.dsi.ant.server with arg ro.board.platform
02-23 02:05:04.792  1471  2506 D NotDeveloper: processing getStringForUser from com.dsi.ant.server with arg copy_file_endtag
02-23 02:05:04.792  1471  2506 D NotDeveloper: processed getStringForUser(copy_file_endtag) without changing result
02-23 02:05:04.792  1471  2506 D NotDeveloper: processing getStringForUser from com.dsi.ant.server with arg copy_file_endtag
02-23 02:05:04.792  1471  2506 D NotDeveloper: processed getStringForUser(copy_file_endtag) without changing result
02-23 02:05:04.792  1471  2506 D NotDeveloper: processing get from com.dsi.ant.server with arg ro.board.platform
02-23 02:05:04.792  1471  2506 I chatty  : uid=1000(system) Binder:1471_2 identical 3 lines
02-23 02:05:04.793  1471  2506 D NotDeveloper: processing get from com.dsi.ant.server with arg ro.board.platform
02-23 02:05:04.793  1471  2506 D NotDeveloper: processing getStringForUser from com.dsi.ant.server with arg copy_file_endtag
02-23 02:05:04.793  1471  2506 D NotDeveloper: processed getStringForUser(copy_file_endtag) without changing result
02-23 02:05:04.793  1471  2506 D NotDeveloper: processing getStringForUser from com.dsi.ant.server with arg copy_file_endtag
02-23 02:05:04.793  1471  2506 D NotDeveloper: processed getStringForUser(copy_file_endtag) without changing result
02-23 02:05:04.793  1471  2506 D NotDeveloper: processing get from com.dsi.ant.server with arg ro.board.platform
02-23 02:05:04.794  1471  2506 I chatty  : uid=1000(system) Binder:1471_2 identical 3 lines
02-23 02:05:04.794  1471  2506 D NotDeveloper: processing get from com.dsi.ant.server with arg ro.board.platform
02-23 02:05:04.794  1471  2506 D NotDeveloper: processing getStringForUser from com.dsi.ant.server with arg copy_file_endtag
02-23 02:05:04.794  1471  2506 D NotDeveloper: processed getStringForUser(copy_file_endtag) without changing result
02-23 02:05:04.794  1471  2506 D NotDeveloper: processing getStringForUser from com.dsi.ant.server with arg copy_file_endtag
02-23 02:05:04.794  1471  2506 D NotDeveloper: processed getStringForUser(copy_file_endtag) without changing result
02-23 02:05:04.794  1471  2506 D NotDeveloper: processing getStringForUser from com.dsi.ant.server with arg copy_file_endtag
02-23 02:05:04.794  1471  2506 D NotDeveloper: processed getStringForUser(copy_file_endtag) without changing result
02-23 02:05:04.795  1471  2506 D NotDeveloper: processing getStringForUser from com.dsi.ant.server with arg copy_file_endtag
02-23 02:05:04.795  1471  2506 D NotDeveloper: processed getStringForUser(copy_file_endtag) without changing result
02-23 02:05:04.795  1471  2506 D NotDeveloper: processing getStringForUser from com.dsi.ant.server with arg copy_file_endtag
02-23 02:05:04.795  1471  2506 D NotDeveloper: processed getStringForUser(copy_file_endtag) without changing result
02-23 02:05:04.795  1471  2506 D NotDeveloper: processing getStringForUser from com.dsi.ant.server with arg copy_file_endtag
02-23 02:05:04.795  1471  2506 D NotDeveloper: processed getStringForUser(copy_file_endtag) without changing result
02-23 02:05:04.796  1471  2506 D NotDeveloper: processing get from com.dsi.ant.server with arg ro.board.platform
02-23 02:05:04.797  1471  2506 I chatty  : uid=1000(system) Binder:1471_2 identical 8 lines
02-23 02:05:04.798  1471  2506 D NotDeveloper: processing get from com.dsi.ant.server with arg ro.board.platform
02-23 02:05:04.798  1471  2506 D NotDeveloper: processing getStringForUser from com.dsi.ant.server with arg copy_file_endtag
02-23 02:05:04.798  1471  2506 D NotDeveloper: processed getStringForUser(copy_file_endtag) without changing result
02-23 02:05:04.798  1471  2506 D NotDeveloper: processing getStringForUser from com.dsi.ant.server with arg copy_file_endtag
02-23 02:05:04.798  1471  2506 D NotDeveloper: processed getStringForUser(copy_file_endtag) without changing result
02-23 02:05:04.798  1471  2506 D NotDeveloper: processing get from com.dsi.ant.server with arg ro.board.platform
02-23 02:05:04.799  1471  2506 I chatty  : uid=1000(system) Binder:1471_2 identical 3 lines
02-23 02:05:04.799  1471  2506 D NotDeveloper: processing get from com.dsi.ant.server with arg ro.board.platform
02-23 02:05:04.799  1471  2506 D NotDeveloper: processing getStringForUser from com.dsi.ant.server with arg copy_file_endtag
02-23 02:05:04.799  1471  2506 D NotDeveloper: processed getStringForUser(copy_file_endtag) without changing result
02-23 02:05:04.799  1471  2506 D NotDeveloper: processing getStringForUser from com.dsi.ant.server with arg copy_file_endtag
02-23 02:05:04.799  1471  2506 D NotDeveloper: processed getStringForUser(copy_file_endtag) without changing result
02-23 02:05:04.799  1471  2506 D NotDeveloper: processing get from com.dsi.ant.server with arg ro.board.platform
02-23 02:05:04.800  1471  2506 I chatty  : uid=1000(system) Binder:1471_2 identical 3 lines
02-23 02:05:04.800  1471  2506 D NotDeveloper: processing get from com.dsi.ant.server with arg ro.board.platform
02-23 02:05:04.800  1471  2506 D NotDeveloper: processing getStringForUser from com.dsi.ant.server with arg copy_file_endtag
02-23 02:05:04.800  1471  2506 D NotDeveloper: processed getStringForUser(copy_file_endtag) without changing result
02-23 02:05:04.800  1471  2506 D NotDeveloper: processing getStringForUser from com.dsi.ant.server with arg copy_file_endtag
02-23 02:05:04.800  1471  2506 D NotDeveloper: processed getStringForUser(copy_file_endtag) without changing result
02-23 02:05:04.801  1471  2506 D NotDeveloper: processing get from com.dsi.ant.server with arg ro.board.platform
02-23 02:05:04.801  1471  2506 I chatty  : uid=1000(system) Binder:1471_2 identical 3 lines
02-23 02:05:04.801  1471  2506 D NotDeveloper: processing get from com.dsi.ant.server with arg ro.board.platform
02-23 02:05:04.801  1471  2506 D NotDeveloper: processing getStringForUser from com.dsi.ant.server with arg copy_file_endtag
02-23 02:05:04.801  1471  2506 D NotDeveloper: processed getStringForUser(copy_file_endtag) without changing result
02-23 02:05:04.801  1471  2506 D NotDeveloper: processing getStringForUser from com.dsi.ant.server with arg copy_file_endtag
02-23 02:05:04.801  1471  2506 D NotDeveloper: processed getStringForUser(copy_file_endtag) without changing result
02-23 02:05:04.802  1471  2506 D NotDeveloper: processing get from com.dsi.ant.server with arg ro.board.platform
02-23 02:05:04.802  1471  2506 I chatty  : uid=1000(system) Binder:1471_2 identical 3 lines
02-23 02:05:04.802  1471  2506 D NotDeveloper: processing get from com.dsi.ant.server with arg ro.board.platform
02-23 02:05:04.802  1471  2506 D NotDeveloper: processing getStringForUser from com.dsi.ant.server with arg copy_file_endtag
02-23 02:05:04.802  1471  2506 D NotDeveloper: processed getStringForUser(copy_file_endtag) without changing result
02-23 02:05:04.803  1471  2506 D NotDeveloper: processing getStringForUser from com.dsi.ant.server with arg copy_file_endtag
02-23 02:05:04.803  1471  2506 D NotDeveloper: processed getStringForUser(copy_file_endtag) without changing result
02-23 02:05:04.803  1471  2506 D NotDeveloper: processing get from com.dsi.ant.server with arg ro.board.platform
02-23 02:05:04.803  1471  2506 I chatty  : uid=1000(system) Binder:1471_2 identical 3 lines
02-23 02:05:04.803  1471  2506 D NotDeveloper: processing get from com.dsi.ant.server with arg ro.board.platform
02-23 02:05:04.804  1471  2506 D NotDeveloper: processing getStringForUser from com.dsi.ant.server with arg copy_file_endtag
02-23 02:05:04.804  1471  2506 D NotDeveloper: processed getStringForUser(copy_file_endtag) without changing result
02-23 02:05:04.804  1471  2506 D NotDeveloper: processing getStringForUser from com.dsi.ant.server with arg copy_file_endtag
02-23 02:05:04.804  1471  2506 D NotDeveloper: processed getStringForUser(copy_file_endtag) without changing result
02-23 02:05:04.804  1471  2506 D NotDeveloper: processing get from com.dsi.ant.server with arg ro.board.platform
02-23 02:05:04.804  1471  2506 I chatty  : uid=1000(system) Binder:1471_2 identical 3 lines
02-23 02:05:04.805  1471  2506 D NotDeveloper: processing get from com.dsi.ant.server with arg ro.board.platform
02-23 02:05:04.805  1471  2506 D NotDeveloper: processing getStringForUser from com.dsi.ant.server with arg copy_file_endtag
02-23 02:05:04.805  1471  2506 D NotDeveloper: processed getStringForUser(copy_file_endtag) without changing result
02-23 02:05:04.805  1471  2506 D NotDeveloper: processing getStringForUser from com.dsi.ant.server with arg copy_file_endtag
02-23 02:05:04.805  1471  2506 D NotDeveloper: processed getStringForUser(copy_file_endtag) without changing result
02-23 02:05:04.805  1471  2506 D NotDeveloper: processing get from com.dsi.ant.server with arg ro.board.platform
02-23 02:05:04.806  1471  2506 I chatty  : uid=1000(system) Binder:1471_2 identical 3 lines
02-23 02:05:04.807  1471  2506 D NotDeveloper: processing get from com.dsi.ant.server with arg ro.board.platform
02-23 02:05:04.807  1471  2506 D NotDeveloper: processing getStringForUser from com.dsi.ant.server with arg copy_file_endtag
02-23 02:05:04.807  1471  2506 D NotDeveloper: processed getStringForUser(copy_file_endtag) without changing result
02-23 02:05:04.807  1471  2506 D NotDeveloper: processing getStringForUser from com.dsi.ant.server with arg copy_file_endtag
02-23 02:05:04.807  1471  2506 D NotDeveloper: processed getStringForUser(copy_file_endtag) without changing result
02-23 02:05:04.807  1471  2506 D NotDeveloper: processing get from com.dsi.ant.server with arg ro.board.platform
02-23 02:05:04.807  1471  2506 I chatty  : uid=1000(system) Binder:1471_2 identical 3 lines
02-23 02:05:04.808  1471  2506 D NotDeveloper: processing get from com.dsi.ant.server with arg ro.board.platform
02-23 02:05:04.808  1471  2506 D NotDeveloper: processing getStringForUser from com.dsi.ant.server with arg copy_file_endtag
02-23 02:05:04.808  1471  2506 D NotDeveloper: processed getStringForUser(copy_file_endtag) without changing result
02-23 02:05:04.808  1471  2506 D NotDeveloper: processing getStringForUser from com.dsi.ant.server with arg copy_file_endtag
02-23 02:05:04.808  1471  2506 D NotDeveloper: processed getStringForUser(copy_file_endtag) without changing result
02-23 02:05:04.808  1471  2506 D NotDeveloper: processing get from com.dsi.ant.server with arg ro.board.platform
02-23 02:05:04.808  1471  2506 I chatty  : uid=1000(system) Binder:1471_2 identical 3 lines
02-23 02:05:04.809  1471  2506 D NotDeveloper: processing get from com.dsi.ant.server with arg ro.board.platform
02-23 02:05:04.809  1471  2506 D NotDeveloper: processing getStringForUser from com.dsi.ant.server with arg copy_file_endtag
02-23 02:05:04.809  1471  2506 D NotDeveloper: processed getStringForUser(copy_file_endtag) without changing result
02-23 02:05:04.809  1471  2506 D NotDeveloper: processing getStringForUser from com.dsi.ant.server with arg copy_file_endtag
02-23 02:05:04.809  1471  2506 D NotDeveloper: processed getStringForUser(copy_file_endtag) without changing result
02-23 02:05:04.809  1471  2506 D NotDeveloper: processing get from com.dsi.ant.server with arg ro.board.platform
02-23 02:05:04.809  1471  2506 I chatty  : uid=1000(system) Binder:1471_2 identical 3 lines
02-23 02:05:04.810  1471  2506 D NotDeveloper: processing get from com.dsi.ant.server with arg ro.board.platform
02-23 02:05:04.810  1471  2506 D NotDeveloper: processing getStringForUser from com.dsi.ant.server with arg copy_file_endtag
02-23 02:05:04.810  1471  2506 D NotDeveloper: processed getStringForUser(copy_file_endtag) without changing result
02-23 02:05:04.810  1471  2506 D NotDeveloper: processing getStringForUser from com.dsi.ant.server with arg copy_file_endtag
02-23 02:05:04.810  1471  2506 D NotDeveloper: processed getStringForUser(copy_file_endtag) without changing result
02-23 02:05:04.810  1471  2506 D NotDeveloper: processing get from com.dsi.ant.server with arg ro.board.platform
02-23 02:05:04.810  1471  2506 I chatty  : uid=1000(system) Binder:1471_2 identical 3 lines
02-23 02:05:04.811  1471  2506 D NotDeveloper: processing get from com.dsi.ant.server with arg ro.board.platform
02-23 02:05:04.811  1471  2506 D NotDeveloper: processing getStringForUser from com.dsi.ant.server with arg copy_file_endtag
02-23 02:05:04.811  1471  2506 D NotDeveloper: processed getStringForUser(copy_file_endtag) without changing result
02-23 02:05:04.811  1471  2506 D NotDeveloper: processing getStringForUser from com.dsi.ant.server with arg copy_file_endtag
02-23 02:05:04.811  1471  2506 D NotDeveloper: processed getStringForUser(copy_file_endtag) without changing result
02-23 02:05:04.811  1471  2506 D NotDeveloper: processing get from com.dsi.ant.server with arg ro.board.platform
02-23 02:05:04.812  1471  2506 I chatty  : uid=1000(system) Binder:1471_2 identical 3 lines
02-23 02:05:04.812  1471  2506 D NotDeveloper: processing get from com.dsi.ant.server with arg ro.board.platform
02-23 02:05:04.812  1471  2506 D NotDeveloper: processing getStringForUser from com.dsi.ant.server with arg copy_file_endtag
02-23 02:05:04.812  1471  2506 D NotDeveloper: processed getStringForUser(copy_file_endtag) without changing result
02-23 02:05:04.812  1471  2506 D NotDeveloper: processing getStringForUser from com.dsi.ant.server with arg copy_file_endtag
02-23 02:05:04.812  1471  2506 D NotDeveloper: processed getStringForUser(copy_file_endtag) without changing result
02-23 02:05:04.812  1471  2506 D NotDeveloper: processing get from com.dsi.ant.server with arg ro.board.platform
02-23 02:05:04.813  1471  2506 I chatty  : uid=1000(system) Binder:1471_2 identical 3 lines
02-23 02:05:04.813  1471  2506 D NotDeveloper: processing get from com.dsi.ant.server with arg ro.board.platform
02-23 02:05:04.813  1471  2506 D NotDeveloper: processing getStringForUser from com.dsi.ant.server with arg copy_file_endtag
02-23 02:05:04.813  1471  2506 D NotDeveloper: processed getStringForUser(copy_file_endtag) without changing result
02-23 02:05:04.813  1471  2506 D NotDeveloper: processing getStringForUser from com.dsi.ant.server with arg copy_file_endtag
02-23 02:05:04.813  1471  2506 D NotDeveloper: processed getStringForUser(copy_file_endtag) without changing result
02-23 02:05:04.813  1471  2506 D NotDeveloper: processing get from com.dsi.ant.server with arg ro.board.platform
02-23 02:05:04.814  1471  2506 I chatty  : uid=1000(system) Binder:1471_2 identical 3 lines
02-23 02:05:04.814  1471  2506 D NotDeveloper: processing get from com.dsi.ant.server with arg ro.board.platform
02-23 02:05:04.814  1471  2506 D NotDeveloper: processing getStringForUser from com.dsi.ant.server with arg copy_file_endtag
02-23 02:05:04.814  1471  2506 D NotDeveloper: processed getStringForUser(copy_file_endtag) without changing result
02-23 02:05:04.814  1471  2506 D NotDeveloper: processing getStringForUser from com.dsi.ant.server with arg copy_file_endtag
02-23 02:05:04.814  1471  2506 D NotDeveloper: processed getStringForUser(copy_file_endtag) without changing result
02-23 02:05:04.814  1471  2506 D NotDeveloper: processing get from com.dsi.ant.server with arg ro.board.platform
02-23 02:05:04.815  1471  2506 I chatty  : uid=1000(system) Binder:1471_2 identical 3 lines
02-23 02:05:04.815  1471  2506 D NotDeveloper: processing get from com.dsi.ant.server with arg ro.board.platform
02-23 02:05:04.815  1471  2506 D NotDeveloper: processing getStringForUser from com.dsi.ant.server with arg copy_file_endtag
02-23 02:05:04.815  1471  2506 D NotDeveloper: processed getStringForUser(copy_file_endtag) without changing result
02-23 02:05:04.815  1471  2506 D NotDeveloper: processing getStringForUser from com.dsi.ant.server with arg copy_file_endtag
02-23 02:05:04.815  1471  2506 D NotDeveloper: processed getStringForUser(copy_file_endtag) without changing result
02-23 02:05:04.815  1471  2506 D NotDeveloper: processing get from com.dsi.ant.server with arg ro.board.platform
02-23 02:05:04.816  1471  2506 I chatty  : uid=1000(system) Binder:1471_2 identical 3 lines
02-23 02:05:04.816  1471  2506 D NotDeveloper: processing get from com.dsi.ant.server with arg ro.board.platform
02-23 02:05:04.816  1471  2506 D NotDeveloper: processing getStringForUser from com.dsi.ant.server with arg copy_file_endtag
02-23 02:05:04.816  1471  2506 D NotDeveloper: processed getStringForUser(copy_file_endtag) without changing result
02-23 02:05:04.816  1471  2506 D NotDeveloper: processing getStringForUser from com.dsi.ant.server with arg copy_file_endtag
02-23 02:05:04.816  1471  2506 D NotDeveloper: processed getStringForUser(copy_file_endtag) without changing result
02-23 02:05:04.817  1471  2506 D NotDeveloper: processing get from com.dsi.ant.server with arg ro.board.platform
02-23 02:05:04.817  1471  2506 I chatty  : uid=1000(system) Binder:1471_2 identical 3 lines
02-23 02:05:04.817  1471  2506 D NotDeveloper: processing get from com.dsi.ant.server with arg ro.board.platform
02-23 02:05:04.817  1471  2506 D NotDeveloper: processing getStringForUser from com.dsi.ant.server with arg copy_file_endtag
02-23 02:05:04.817  1471  2506 D NotDeveloper: processed getStringForUser(copy_file_endtag) without changing result
02-23 02:05:04.817  1471  2506 D NotDeveloper: processing getStringForUser from com.dsi.ant.server with arg copy_file_endtag
02-23 02:05:04.817  1471  2506 D NotDeveloper: processed getStringForUser(copy_file_endtag) without changing result
02-23 02:05:04.818  1471  2506 D NotDeveloper: processing get from com.dsi.ant.server with arg ro.board.platform
02-23 02:05:04.818  1471  2506 I chatty  : uid=1000(system) Binder:1471_2 identical 3 lines
02-23 02:05:04.818  1471  2506 D NotDeveloper: processing get from com.dsi.ant.server with arg ro.board.platform
02-23 02:05:04.818  1471  2506 D NotDeveloper: processing getStringForUser from com.dsi.ant.server with arg copy_file_endtag
02-23 02:05:04.818  1471  2506 D NotDeveloper: processed getStringForUser(copy_file_endtag) without changing result
02-23 02:05:04.818  1471  2506 D NotDeveloper: processing getStringForUser from com.dsi.ant.server with arg copy_file_endtag
02-23 02:05:04.819  1471  2506 D NotDeveloper: processed getStringForUser(copy_file_endtag) without changing result
02-23 02:05:04.819  1471  2506 D NotDeveloper: processing get from com.dsi.ant.server with arg ro.board.platform
02-23 02:05:04.819  1471  2506 I chatty  : uid=1000(system) Binder:1471_2 identical 3 lines
02-23 02:05:04.819  1471  2506 D NotDeveloper: processing get from com.dsi.ant.server with arg ro.board.platform
02-23 02:05:04.819  1471  2506 D NotDeveloper: processing getStringForUser from com.dsi.ant.server with arg copy_file_endtag
02-23 02:05:04.819  1471  2506 D NotDeveloper: processed getStringForUser(copy_file_endtag) without changing result
02-23 02:05:04.820  1471  2506 D NotDeveloper: processing getStringForUser from com.dsi.ant.server with arg copy_file_endtag
02-23 02:05:04.820  1471  2506 D NotDeveloper: processed getStringForUser(copy_file_endtag) without changing result
02-23 02:05:04.820  1471  2506 D NotDeveloper: processing get from com.dsi.ant.server with arg ro.board.platform
02-23 02:05:04.820  1471  2506 I chatty  : uid=1000(system) Binder:1471_2 identical 3 lines
02-23 02:05:04.820  1471  2506 D NotDeveloper: processing get from com.dsi.ant.server with arg ro.board.platform
02-23 02:05:04.820  1471  2506 D NotDeveloper: processing getStringForUser from com.dsi.ant.server with arg copy_file_endtag
02-23 02:05:04.820  1471  2506 D NotDeveloper: processed getStringForUser(copy_file_endtag) without changing result
02-23 02:05:04.821  1471  2506 D NotDeveloper: processing getStringForUser from com.dsi.ant.server with arg copy_file_endtag
02-23 02:05:04.821  1471  2506 D NotDeveloper: processed getStringForUser(copy_file_endtag) without changing result
02-23 02:05:04.821  1471  2506 D NotDeveloper: processing get from com.dsi.ant.server with arg ro.board.platform
02-23 02:05:04.821  1471  2506 I chatty  : uid=1000(system) Binder:1471_2 identical 3 lines
02-23 02:05:04.821  1471  2506 D NotDeveloper: processing get from com.dsi.ant.server with arg ro.board.platform
02-23 02:05:04.821  1471  2506 D NotDeveloper: processing getStringForUser from com.dsi.ant.server with arg copy_file_endtag
02-23 02:05:04.822  1471  2506 D NotDeveloper: processed getStringForUser(copy_file_endtag) without changing result
02-23 02:05:04.822  1471  2506 D NotDeveloper: processing getStringForUser from com.dsi.ant.server with arg copy_file_endtag
02-23 02:05:04.822  1471  2506 D NotDeveloper: processed getStringForUser(copy_file_endtag) without changing result
02-23 02:05:04.822  1471  2506 D NotDeveloper: processing get from com.dsi.ant.server with arg ro.board.platform
02-23 02:05:04.822  1471  2506 I chatty  : uid=1000(system) Binder:1471_2 identical 3 lines
02-23 02:05:04.822  1471  2506 D NotDeveloper: processing get from com.dsi.ant.server with arg ro.board.platform
02-23 02:05:04.823  1471  2506 D NotDeveloper: processing getStringForUser from com.dsi.ant.server with arg copy_file_endtag
02-23 02:05:04.823  1471  2506 D NotDeveloper: processed getStringForUser(copy_file_endtag) without changing result
02-23 02:05:04.823  1471  2506 D NotDeveloper: processing getStringForUser from com.dsi.ant.server with arg copy_file_endtag
02-23 02:05:04.823  1471  2506 D NotDeveloper: processed getStringForUser(copy_file_endtag) without changing result
02-23 02:05:04.823  1471  2506 D NotDeveloper: processing get from com.dsi.ant.server with arg ro.board.platform
02-23 02:05:04.823  1471  2506 I chatty  : uid=1000(system) Binder:1471_2 identical 3 lines
02-23 02:05:04.823  1471  2506 D NotDeveloper: processing get from com.dsi.ant.server with arg ro.board.platform
02-23 02:05:04.824  1471  2506 D NotDeveloper: processing getStringForUser from com.dsi.ant.server with arg copy_file_endtag
02-23 02:05:04.824  1471  2506 D NotDeveloper: processed getStringForUser(copy_file_endtag) without changing result
02-23 02:05:04.824  1471  2506 D NotDeveloper: processing getStringForUser from com.dsi.ant.server with arg copy_file_endtag
02-23 02:05:04.824  1471  2506 D NotDeveloper: processed getStringForUser(copy_file_endtag) without changing result
02-23 02:05:04.824  1471  2506 D NotDeveloper: processing get from com.dsi.ant.server with arg ro.board.platform
02-23 02:05:04.824  1471  2506 I chatty  : uid=1000(system) Binder:1471_2 identical 3 lines
02-23 02:05:04.825  1471  2506 D NotDeveloper: processing get from com.dsi.ant.server with arg ro.board.platform
02-23 02:05:04.825  1471  2506 D NotDeveloper: processing getStringForUser from com.dsi.ant.server with arg copy_file_endtag
02-23 02:05:04.825  1471  2506 D NotDeveloper: processed getStringForUser(copy_file_endtag) without changing result
02-23 02:05:04.825  1471  2506 D NotDeveloper: processing getStringForUser from com.dsi.ant.server with arg copy_file_endtag
02-23 02:05:04.825  1471  2506 D NotDeveloper: processed getStringForUser(copy_file_endtag) without changing result
02-23 02:05:04.825  1471  2506 D NotDeveloper: processing get from com.dsi.ant.server with arg ro.board.platform
02-23 02:05:04.826  1471  2506 I chatty  : uid=1000(system) Binder:1471_2 identical 3 lines
02-23 02:05:04.826  1471  2506 D NotDeveloper: processing get from com.dsi.ant.server with arg ro.board.platform
02-23 02:05:04.826  1471  2506 D NotDeveloper: processing getStringForUser from com.dsi.ant.server with arg copy_file_endtag
02-23 02:05:04.826  1471  2506 D NotDeveloper: processed getStringForUser(copy_file_endtag) without changing result
02-23 02:05:04.826  1471  2506 D NotDeveloper: processing getStringForUser from com.dsi.ant.server with arg copy_file_endtag
02-23 02:05:04.826  1471  2506 D NotDeveloper: processed getStringForUser(copy_file_endtag) without changing result
02-23 02:05:04.826  1471  2506 D NotDeveloper: processing get from com.dsi.ant.server with arg ro.board.platform
02-23 02:05:04.827  1471  2506 I chatty  : uid=1000(system) Binder:1471_2 identical 3 lines
02-23 02:05:04.827  1471  2506 D NotDeveloper: processing get from com.dsi.ant.server with arg ro.board.platform
02-23 02:05:04.827  1471  2506 D NotDeveloper: processing getStringForUser from com.dsi.ant.server with arg copy_file_endtag
02-23 02:05:04.827  1471  2506 D NotDeveloper: processed getStringForUser(copy_file_endtag) without changing result
02-23 02:05:04.827  1471  2506 D NotDeveloper: processing getStringForUser from com.dsi.ant.server with arg copy_file_endtag
02-23 02:05:04.827  1471  2506 D NotDeveloper: processed getStringForUser(copy_file_endtag) without changing result
02-23 02:05:04.827  1471  2506 D NotDeveloper: processing get from com.dsi.ant.server with arg ro.board.platform
02-23 02:05:04.827  1471  2506 I chatty  : uid=1000(system) Binder:1471_2 identical 3 lines
02-23 02:05:04.828  1471  2506 D NotDeveloper: processing get from com.dsi.ant.server with arg ro.board.platform
02-23 02:05:04.828  1471  2506 D NotDeveloper: processing getStringForUser from com.dsi.ant.server with arg copy_file_endtag
02-23 02:05:04.828  1471  2506 D NotDeveloper: processed getStringForUser(copy_file_endtag) without changing result
02-23 02:05:04.828  1471  2506 D NotDeveloper: processing getStringForUser from com.dsi.ant.server with arg copy_file_endtag
02-23 02:05:04.828  1471  2506 D NotDeveloper: processed getStringForUser(copy_file_endtag) without changing result
02-23 02:05:04.828  1471  2506 D NotDeveloper: processing get from com.dsi.ant.server with arg ro.board.platform
02-23 02:05:04.828  1471  2506 I chatty  : uid=1000(system) Binder:1471_2 identical 3 lines
02-23 02:05:04.828  1471  2506 D NotDeveloper: processing get from com.dsi.ant.server with arg ro.board.platform
02-23 02:05:04.829  1471  2506 D NotDeveloper: processing getStringForUser from com.dsi.ant.server with arg copy_file_endtag
02-23 02:05:04.829  1471  2506 D NotDeveloper: processed getStringForUser(copy_file_endtag) without changing result
02-23 02:05:04.829  1471  2506 D NotDeveloper: processing getStringForUser from com.dsi.ant.server with arg copy_file_endtag
02-23 02:05:04.829  1471  2506 D NotDeveloper: processed getStringForUser(copy_file_endtag) without changing result
02-23 02:05:04.829  1471  2506 D NotDeveloper: processing get from com.dsi.ant.server with arg ro.board.platform
02-23 02:05:04.829  1471  2506 I chatty  : uid=1000(system) Binder:1471_2 identical 3 lines
02-23 02:05:04.829  1471  2506 D NotDeveloper: processing get from com.dsi.ant.server with arg ro.board.platform
02-23 02:05:04.830  1471  2506 D NotDeveloper: processing getStringForUser from com.dsi.ant.server with arg copy_file_endtag
02-23 02:05:04.830  1471  2506 D NotDeveloper: processed getStringForUser(copy_file_endtag) without changing result
02-23 02:05:04.830  1471  2506 D NotDeveloper: processing getStringForUser from com.dsi.ant.server with arg copy_file_endtag
02-23 02:05:04.830  1471  2506 D NotDeveloper: processed getStringForUser(copy_file_endtag) without changing result
02-23 02:05:04.830  1471  2506 D NotDeveloper: processing get from com.dsi.ant.server with arg ro.board.platform
02-23 02:05:04.830  1471  2506 I chatty  : uid=1000(system) Binder:1471_2 identical 3 lines
02-23 02:05:04.830  1471  2506 D NotDeveloper: processing get from com.dsi.ant.server with arg ro.board.platform
02-23 02:05:04.830  1471  2506 D NotDeveloper: processing getStringForUser from com.dsi.ant.server with arg copy_file_endtag
02-23 02:05:04.830  1471  2506 D NotDeveloper: processed getStringForUser(copy_file_endtag) without changing result
02-23 02:05:04.831  1471  2506 D NotDeveloper: processing getStringForUser from com.dsi.ant.server with arg copy_file_endtag
02-23 02:05:04.831  1471  2506 D NotDeveloper: processed getStringForUser(copy_file_endtag) without changing result
02-23 02:05:04.831  1471  2506 D NotDeveloper: processing get from com.dsi.ant.server with arg ro.board.platform
02-23 02:05:04.831  1471  2506 I chatty  : uid=1000(system) Binder:1471_2 identical 3 lines
02-23 02:05:04.831  1471  2506 D NotDeveloper: processing get from com.dsi.ant.server with arg ro.board.platform
02-23 02:05:04.831  1471  2506 D NotDeveloper: processing getStringForUser from com.dsi.ant.server with arg copy_file_endtag
02-23 02:05:04.831  1471  2506 D NotDeveloper: processed getStringForUser(copy_file_endtag) without changing result
02-23 02:05:04.831  1471  2506 D NotDeveloper: processing getStringForUser from com.dsi.ant.server with arg copy_file_endtag
02-23 02:05:04.831  1471  2506 D NotDeveloper: processed getStringForUser(copy_file_endtag) without changing result
02-23 02:05:04.832  1471  2506 D NotDeveloper: processing get from com.dsi.ant.server with arg ro.board.platform
02-23 02:05:04.832  1471  2506 I chatty  : uid=1000(system) Binder:1471_2 identical 3 lines
02-23 02:05:04.832  1471  2506 D NotDeveloper: processing get from com.dsi.ant.server with arg ro.board.platform
02-23 02:05:04.832  1471  2506 D NotDeveloper: processing getStringForUser from com.dsi.ant.server with arg copy_file_endtag
