02-23 02:04:07.753  1471  2580 D ExtBatteryStatsService: mStats.getKernelWakelockStats().size()=3567
02-23 02:04:07.753  1471  5143 I chatty  : uid=1000(system) Binder:1471_16 identical 3 lines
02-23 02:04:07.754  1471  5143 D NotDeveloper: processing get from com.dsi.ant.server with arg ro.board.platform
02-23 02:04:07.754  1471  5143 D NotDeveloper: processing getStringForUser from com.dsi.ant.server with arg copy_file_endtag
02-23 02:04:07.754  1471  5143 D NotDeveloper: processed getStringForUser(copy_file_endtag) without changing result
02-23 02:04:07.754  1471  5143 D NotDeveloper: processing getStringForUser from com.dsi.ant.server with arg copy_file_endtag
02-23 02:04:07.754  1471  5143 D NotDeveloper: processed getStringForUser(copy_file_endtag) without changing result
02-23 02:04:07.754  1471  5143 D NotDeveloper: processing get from com.dsi.ant.server with arg ro.board.platform
02-23 02:04:07.755  1471  5143 I chatty  : uid=1000(system) Binder:1471_16 identical 3 lines
02-23 02:04:07.755  1471  5143 D NotDeveloper: processing get from com.dsi.ant.server with arg ro.board.platform
02-23 02:04:07.755  1471  5143 D NotDeveloper: processing getStringForUser from com.dsi.ant.server with arg copy_file_endtag
02-23 02:04:07.755  1471  5143 D NotDeveloper: processed getStringForUser(copy_file_endtag) without changing result
02-23 02:04:07.755  1471  5143 D NotDeveloper: processing getStringForUser from com.dsi.ant.server with arg copy_file_endtag
02-23 02:04:07.755  1471  5143 D NotDeveloper: processed getStringForUser(copy_file_endtag) without changing result
02-23 02:04:07.755  1471  5143 D NotDeveloper: processing get from com.dsi.ant.server with arg ro.board.platform
02-23 02:04:07.755  1471  5143 I chatty  : uid=1000(system) Binder:1471_16 identical 3 lines
02-23 02:04:07.755  1471  5143 D NotDeveloper: processing get from com.dsi.ant.server with arg ro.board.platform
02-23 02:04:07.756  1471  5143 D NotDeveloper: processing getStringForUser from com.dsi.ant.server with arg copy_file_endtag
02-23 02:04:07.756  1471  5143 D NotDeveloper: processed getStringForUser(copy_file_endtag) without changing result
02-23 02:04:07.756  1471  5143 D NotDeveloper: processing getStringForUser from com.dsi.ant.server with arg copy_file_endtag
02-23 02:04:07.756  1471  5143 D NotDeveloper: processed getStringForUser(copy_file_endtag) without changing result
02-23 02:04:07.756  1471  5143 D NotDeveloper: processing get from com.dsi.ant.server with arg ro.board.platform
02-23 02:04:07.756  1471  2580 D ExtBatteryStatsService: mStats.getWakeupReasonStats().size()=32
02-23 02:04:07.757  1471  2580 I ExtBatteryStatsService: #### [END] rpm_stats [aosd, 141274, 0], [cxsd, 14080, 0]
02-23 02:04:07.756  1471  5143 I chatty  : uid=1000(system) Binder:1471_16 identical 3 lines
02-23 02:04:07.757  1471  5143 D NotDeveloper: processing get from com.dsi.ant.server with arg ro.board.platform
02-23 02:04:07.759  1471  2580 D NotDeveloper: processing getStringForUser from com.dsi.ant.server with arg flashlight_enabled
02-23 02:04:07.759  1471  2580 D NotDeveloper: processed getStringForUser(flashlight_enabled) without changing result
02-23 02:04:07.759  1471  2580 D NotDeveloper: processing getStringForUser from com.dsi.ant.server with arg flashlight_enabled
02-23 02:04:07.759  1471  2580 D NotDeveloper: processed getStringForUser(flashlight_enabled) without changing result
02-23 02:04:07.759  1471  2580 D ExtBatteryStatsService: ==MSG_LEVEL_DROP_SHOT== END--
02-23 02:04:07.761  1471  5143 D NotDeveloper: processing getStringForUser from com.dsi.ant.server with arg copy_file_endtag
02-23 02:04:07.761  1471  5143 D NotDeveloper: processed getStringForUser(copy_file_endtag) without changing result
02-23 02:04:07.761  1471  5143 D NotDeveloper: processing getStringForUser from com.dsi.ant.server with arg copy_file_endtag
02-23 02:04:07.761  1471  5143 D NotDeveloper: processed getStringForUser(copy_file_endtag) without changing result
02-23 02:04:07.761  1471  5143 D NotDeveloper: processing get from com.dsi.ant.server with arg ro.board.platform
02-23 02:04:07.762  1471  5143 I chatty  : uid=1000(system) Binder:1471_16 identical 3 lines
02-23 02:04:07.762  1471  5143 D NotDeveloper: processing get from com.dsi.ant.server with arg ro.board.platform
02-23 02:04:07.762  1471  5143 D NotDeveloper: processing getStringForUser from com.dsi.ant.server with arg copy_file_endtag
02-23 02:04:07.762  1471  5143 D NotDeveloper: processed getStringForUser(copy_file_endtag) without changing result
02-23 02:04:07.762  1471  5143 D NotDeveloper: processing getStringForUser from com.dsi.ant.server with arg copy_file_endtag
02-23 02:04:07.762  1471  5143 D NotDeveloper: processed getStringForUser(copy_file_endtag) without changing result
02-23 02:04:07.762  1471  5143 D NotDeveloper: processing get from com.dsi.ant.server with arg ro.board.platform
02-23 02:04:07.763  1471  5143 I chatty  : uid=1000(system) Binder:1471_16 identical 3 lines
02-23 02:04:07.763  1471  5143 D NotDeveloper: processing get from com.dsi.ant.server with arg ro.board.platform
02-23 02:04:07.763  1471  5143 D NotDeveloper: processing getStringForUser from com.dsi.ant.server with arg copy_file_endtag
02-23 02:04:07.763  1471  5143 D NotDeveloper: processed getStringForUser(copy_file_endtag) without changing result
02-23 02:04:07.763  1471  5143 D NotDeveloper: processing getStringForUser from com.dsi.ant.server with arg copy_file_endtag
02-23 02:04:07.763  1471  5143 D NotDeveloper: processed getStringForUser(copy_file_endtag) without changing result
02-23 02:04:07.763  1471  5143 D NotDeveloper: processing get from com.dsi.ant.server with arg ro.board.platform
02-23 02:04:07.764  1471  5143 I chatty  : uid=1000(system) Binder:1471_16 identical 3 lines
02-23 02:04:07.764  1471  5143 D NotDeveloper: processing get from com.dsi.ant.server with arg ro.board.platform
02-23 02:04:07.764  1471  5143 D NotDeveloper: processing getStringForUser from com.dsi.ant.server with arg copy_file_endtag
02-23 02:04:07.764  1471  5143 D NotDeveloper: processed getStringForUser(copy_file_endtag) without changing result
02-23 02:04:07.764  1471  5143 D NotDeveloper: processing getStringForUser from com.dsi.ant.server with arg copy_file_endtag
02-23 02:04:07.764  1471  5143 D NotDeveloper: processed getStringForUser(copy_file_endtag) without changing result
02-23 02:04:07.764  1471  5143 D NotDeveloper: processing get from com.dsi.ant.server with arg ro.board.platform
02-23 02:04:07.765  1471  5143 I chatty  : uid=1000(system) Binder:1471_16 identical 3 lines
02-23 02:04:07.765  1471  5143 D NotDeveloper: processing get from com.dsi.ant.server with arg ro.board.platform
02-23 02:04:07.765  1471  5143 D NotDeveloper: processing getStringForUser from com.dsi.ant.server with arg copy_file_endtag
02-23 02:04:07.765  1471  5143 D NotDeveloper: processed getStringForUser(copy_file_endtag) without changing result
02-23 02:04:07.765  1471  5143 D NotDeveloper: processing getStringForUser from com.dsi.ant.server with arg copy_file_endtag
02-23 02:04:07.765  1471  5143 D NotDeveloper: processed getStringForUser(copy_file_endtag) without changing result
02-23 02:04:07.765  1471  5143 D NotDeveloper: processing getStringForUser from com.dsi.ant.server with arg copy_file_endtag
02-23 02:04:07.766  1471  5143 D NotDeveloper: processed getStringForUser(copy_file_endtag) without changing result
02-23 02:04:07.766  1471  5143 D NotDeveloper: processing getStringForUser from com.dsi.ant.server with arg copy_file_endtag
02-23 02:04:07.766  1471  5143 D NotDeveloper: processed getStringForUser(copy_file_endtag) without changing result
02-23 02:04:07.766  1471  5143 D NotDeveloper: processing getStringForUser from com.dsi.ant.server with arg copy_file_endtag
02-23 02:04:07.766  1471  5143 D NotDeveloper: processed getStringForUser(copy_file_endtag) without changing result
02-23 02:04:07.766  1471  5143 D NotDeveloper: processing getStringForUser from com.dsi.ant.server with arg copy_file_endtag
02-23 02:04:07.766  1471  5143 D NotDeveloper: processed getStringForUser(copy_file_endtag) without changing result
02-23 02:04:07.766  1471  5143 D NotDeveloper: processing get from com.dsi.ant.server with arg ro.board.platform
02-23 02:04:07.768  1471  5143 I chatty  : uid=1000(system) Binder:1471_16 identical 13 lines
02-23 02:04:07.768  1471  5143 D NotDeveloper: processing get from com.dsi.ant.server with arg ro.board.platform
02-23 02:04:07.768  1471  5143 D NotDeveloper: processing getStringForUser from com.dsi.ant.server with arg copy_file_endtag
02-23 02:04:07.768  1471  5143 D NotDeveloper: processed getStringForUser(copy_file_endtag) without changing result
02-23 02:04:07.768  1471  5143 D NotDeveloper: processing getStringForUser from com.dsi.ant.server with arg copy_file_endtag
02-23 02:04:07.768  1471  5143 D NotDeveloper: processed getStringForUser(copy_file_endtag) without changing result
02-23 02:04:07.768  1471  5143 D NotDeveloper: processing get from com.dsi.ant.server with arg ro.board.platform
02-23 02:04:07.769  1471  5143 I chatty  : uid=1000(system) Binder:1471_16 identical 3 lines
02-23 02:04:07.769  1471  5143 D NotDeveloper: processing get from com.dsi.ant.server with arg ro.board.platform
02-23 02:04:07.769  1471  5143 D NotDeveloper: processing getStringForUser from com.dsi.ant.server with arg copy_file_endtag
02-23 02:04:07.769  1471  5143 D NotDeveloper: processed getStringForUser(copy_file_endtag) without changing result
02-23 02:04:07.769  1471  5143 D NotDeveloper: processing getStringForUser from com.dsi.ant.server with arg copy_file_endtag
02-23 02:04:07.769  1471  5143 D NotDeveloper: processed getStringForUser(copy_file_endtag) without changing result
02-23 02:04:07.769  1471  5143 D NotDeveloper: processing get from com.dsi.ant.server with arg ro.board.platform
02-23 02:04:07.770  1471  5143 I chatty  : uid=1000(system) Binder:1471_16 identical 3 lines
02-23 02:04:07.770  1471  5143 D NotDeveloper: processing get from com.dsi.ant.server with arg ro.board.platform
02-23 02:04:07.770  1471  5143 D NotDeveloper: processing getStringForUser from com.dsi.ant.server with arg copy_file_endtag
02-23 02:04:07.770  1471  5143 D NotDeveloper: processed getStringForUser(copy_file_endtag) without changing result
02-23 02:04:07.770  1471  5143 D NotDeveloper: processing getStringForUser from com.dsi.ant.server with arg copy_file_endtag
02-23 02:04:07.770  1471  5143 D NotDeveloper: processed getStringForUser(copy_file_endtag) without changing result
02-23 02:04:07.770  1471  5143 D NotDeveloper: processing get from com.dsi.ant.server with arg ro.board.platform
02-23 02:04:07.771  1471  5143 I chatty  : uid=1000(system) Binder:1471_16 identical 8 lines
02-23 02:04:07.771  1471  5143 D NotDeveloper: processing get from com.dsi.ant.server with arg ro.board.platform
02-23 02:04:07.771  1471  5143 D NotDeveloper: processing getStringForUser from com.dsi.ant.server with arg copy_file_endtag
02-23 02:04:07.771  1471  5143 D NotDeveloper: processed getStringForUser(copy_file_endtag) without changing result
02-23 02:04:07.772  1471  5143 D NotDeveloper: processing getStringForUser from com.dsi.ant.server with arg copy_file_endtag
02-23 02:04:07.772  1471  5143 D NotDeveloper: processed getStringForUser(copy_file_endtag) without changing result
02-23 02:04:07.772  1471  5143 D NotDeveloper: processing getStringForUser from com.dsi.ant.server with arg copy_file_endtag
02-23 02:04:07.772  1471  5143 D NotDeveloper: processed getStringForUser(copy_file_endtag) without changing result
02-23 02:04:07.772  1471  5143 D NotDeveloper: processing getStringForUser from com.dsi.ant.server with arg copy_file_endtag
02-23 02:04:07.772  1471  5143 D NotDeveloper: processed getStringForUser(copy_file_endtag) without changing result
02-23 02:04:07.772  1471  5143 D NotDeveloper: processing get from com.dsi.ant.server with arg ro.board.platform
02-23 02:04:07.773  1471  5143 I chatty  : uid=1000(system) Binder:1471_16 identical 8 lines
02-23 02:04:07.773  1471  5143 D NotDeveloper: processing get from com.dsi.ant.server with arg ro.board.platform
02-23 02:04:07.773  1471  5143 D NotDeveloper: processing getStringForUser from com.dsi.ant.server with arg copy_file_endtag
02-23 02:04:07.773  1471  5143 D NotDeveloper: processed getStringForUser(copy_file_endtag) without changing result
02-23 02:04:07.774  1471  5143 D NotDeveloper: processing getStringForUser from com.dsi.ant.server with arg copy_file_endtag
02-23 02:04:07.774  1471  5143 D NotDeveloper: processed getStringForUser(copy_file_endtag) without changing result
02-23 02:04:07.774  1471  5143 D NotDeveloper: processing get from com.dsi.ant.server with arg ro.board.platform
02-23 02:04:07.774  1471  5143 I chatty  : uid=1000(system) Binder:1471_16 identical 3 lines
02-23 02:04:07.774  1471  5143 D NotDeveloper: processing get from com.dsi.ant.server with arg ro.board.platform
02-23 02:04:08.506 19703  1027 W adbd    : timed out while waiting for FUNCTIONFS_BIND, trying again
02-23 02:04:08.507 19703  1027 I adbd    : UsbFfs: connection terminated: monitor thread finished
02-23 02:04:08.507 19703 19703 I adbd    : UsbFfs: already offline
02-23 02:04:08.508 19703 19703 I adbd    : destroying transport UsbFfs
02-23 02:04:08.508 19703 19703 I adbd    : UsbFfsConnection being destroyed
02-23 02:04:08.544 19703 19707 I adbd    : opening control endpoint /dev/usb-ffs/adb/ep0
02-23 02:04:08.548 19703 19707 I adbd    : UsbFfsConnection constructed
02-23 02:04:08.552 19703  1028 I adbd    : UsbFfs-monitor thread spawned
02-23 02:04:08.662  2787  2787 D WidgetViewService: --------updateRemoteViews widgetDataItems={0=WidgetData [type=0, value=0.00, units=MB], 1=WidgetData [type=1, value=84, units=%], 2=WidgetData [type=2, value=37, units=%]},widgets.length:1
02-23 02:04:08.666  2787  2787 I FunctionUtils: isSupportTransparent pkgName = net.oneplus.launcher
02-23 02:04:08.672  1184  4081 I vendor.qti.bluetooth@1.0-ibs_handler: DeviceSleep: TX Awake, Sending SLEEP_IND
02-23 02:04:08.672  1184  4081 D vendor.qti.bluetooth@1.0-ibs_handler: SerialClockVote: vote for UART CLK OFF
02-23 02:04:08.672  2787  2787 D WidgetViewService: dataUsageData used
02-23 02:04:08.673  2787  2787 D WidgetViewService: widgetId :  5
02-23 02:04:08.673  2787  2787 D WidgetViewService: onShelfWidgetId :  5
02-23 02:04:08.673  2787  2787 D WidgetViewService: widgetId : ======  onShelfWidgetId
02-23 02:04:08.823  1184  3895 D vendor.qti.bluetooth@1.0-wake_lock: Release wakelock is released 
02-23 02:04:09.063  1228  1247 I android.hardware.thermal@2.0-service.qti: uevent triggered for sensor: pm8005_tz
02-23 02:04:09.064  1228  1247 I chatty  : uid=0(root) thermal@2.0-ser identical 1 line
02-23 02:04:09.065  1228  1247 I android.hardware.thermal@2.0-service.qti: uevent triggered for sensor: pm8005_tz
02-23 02:04:09.071  1228  1247 I android.hardware.thermal@2.0-service.qti: uevent triggered for sensor: pa1-therml-adc
02-23 02:04:09.072  1471  5143 I BatteryStatsService: In wakeup_callback: resumed from suspend
02-23 02:04:09.798  1228  1247 I android.hardware.thermal@2.0-service.qti: uevent triggered for sensor: pm8005_tz
02-23 02:04:09.799  1228  1247 I chatty  : uid=0(root) thermal@2.0-ser identical 1 line
02-23 02:04:09.799  1228  1247 I android.hardware.thermal@2.0-service.qti: uevent triggered for sensor: pm8005_tz
02-23 02:04:09.801  1228  1247 I android.hardware.thermal@2.0-service.qti: uevent triggered for sensor: pa1-therml-adc
02-23 02:04:09.802  1471  5143 I BatteryStatsService: In wakeup_callback: resumed from suspend
02-23 02:04:10.505  1228  1247 I android.hardware.thermal@2.0-service.qti: uevent triggered for sensor: pm8005_tz
02-23 02:04:10.506  1228  1247 I chatty  : uid=0(root) thermal@2.0-ser identical 1 line
02-23 02:04:10.506  1228  1247 I android.hardware.thermal@2.0-service.qti: uevent triggered for sensor: pm8005_tz
02-23 02:04:10.509  1228  1247 I android.hardware.thermal@2.0-service.qti: uevent triggered for sensor: pa1-therml-adc
02-23 02:04:10.509  1471  5143 I BatteryStatsService: In wakeup_callback: resumed from suspend
02-23 02:04:10.609  4093  4093 W ThreadPoolForeg: type=1400 audit(0.0:731): avc: denied { write } for name="traced_producer" dev="tmpfs" ino=32844 scontext=u:r:gmscore_app:s0:c512,c768 tcontext=u:object_r:traced_producer_socket:s0 tclass=sock_file permissive=0 app=com.google.android.gms
02-23 02:04:11.836  1228  1247 I android.hardware.thermal@2.0-service.qti: uevent triggered for sensor: pm8005_tz
02-23 02:04:11.837  1228  1247 I chatty  : uid=0(root) thermal@2.0-ser identical 1 line
02-23 02:04:11.837  1228  1247 I android.hardware.thermal@2.0-service.qti: uevent triggered for sensor: pm8005_tz
02-23 02:04:11.839  1228  1247 I android.hardware.thermal@2.0-service.qti: uevent triggered for sensor: pa1-therml-adc
02-23 02:04:11.839  1471  5143 I BatteryStatsService: In wakeup_callback: resumed from suspend
02-23 02:04:12.545  1228  1247 I android.hardware.thermal@2.0-service.qti: uevent triggered for sensor: pm8005_tz
02-23 02:04:12.546  1228  1247 I chatty  : uid=0(root) thermal@2.0-ser identical 1 line
02-23 02:04:12.546  1228  1247 I android.hardware.thermal@2.0-service.qti: uevent triggered for sensor: pm8005_tz
02-23 02:04:12.549  1228  1247 I android.hardware.thermal@2.0-service.qti: uevent triggered for sensor: pa1-therml-adc
02-23 02:04:12.549  1471  5143 I BatteryStatsService: In wakeup_callback: resumed from suspend
02-23 02:04:12.655 19703  1028 W adbd    : timed out while waiting for FUNCTIONFS_BIND, trying again
02-23 02:04:12.655 19703  1028 I adbd    : UsbFfs: connection terminated: monitor thread finished
02-23 02:04:12.656 19703 19703 I adbd    : UsbFfs: already offline
02-23 02:04:12.656 19703 19703 I adbd    : destroying transport UsbFfs
02-23 02:04:12.657 19703 19703 I adbd    : UsbFfsConnection being destroyed
02-23 02:04:13.272 19703 19707 I adbd    : opening control endpoint /dev/usb-ffs/adb/ep0
02-23 02:04:13.272  1228  1247 I android.hardware.thermal@2.0-service.qti: uevent triggered for sensor: pm8005_tz
02-23 02:04:13.273  1228  1247 I chatty  : uid=0(root) thermal@2.0-ser identical 1 line
02-23 02:04:13.273  1228  1247 I android.hardware.thermal@2.0-service.qti: uevent triggered for sensor: pm8005_tz
02-23 02:04:13.274 19703 19707 I adbd    : UsbFfsConnection constructed
02-23 02:04:13.274 19703  1029 I adbd    : UsbFfs-monitor thread spawned
02-23 02:04:13.281  1228  1247 I android.hardware.thermal@2.0-service.qti: uevent triggered for sensor: pa1-therml-adc
02-23 02:04:13.281  1471  5143 I BatteryStatsService: In wakeup_callback: resumed from suspend
02-23 02:04:14.609  1228  1247 I android.hardware.thermal@2.0-service.qti: uevent triggered for sensor: pm8005_tz
02-23 02:04:14.610  1228  1247 I chatty  : uid=0(root) thermal@2.0-ser identical 1 line
02-23 02:04:14.610  1228  1247 I android.hardware.thermal@2.0-service.qti: uevent triggered for sensor: pm8005_tz
02-23 02:04:14.623  1228  1247 I android.hardware.thermal@2.0-service.qti: uevent triggered for sensor: pa1-therml-adc
02-23 02:04:14.623  1471  5143 I BatteryStatsService: In wakeup_callback: resumed from suspend
02-23 02:04:15.936  1228  1247 I android.hardware.thermal@2.0-service.qti: uevent triggered for sensor: pm8005_tz
02-23 02:04:15.937  1228  1247 I chatty  : uid=0(root) thermal@2.0-ser identical 1 line
02-23 02:04:15.938  1228  1247 I android.hardware.thermal@2.0-service.qti: uevent triggered for sensor: pm8005_tz
02-23 02:04:15.940  1228  1247 I android.hardware.thermal@2.0-service.qti: uevent triggered for sensor: pa1-therml-adc
02-23 02:04:15.941  1471  5143 I BatteryStatsService: In wakeup_callback: resumed from suspend
02-23 02:04:16.952  1228  1247 I android.hardware.thermal@2.0-service.qti: uevent triggered for sensor: pm8005_tz
02-23 02:04:16.953  1228  1247 I chatty  : uid=0(root) thermal@2.0-ser identical 1 line
02-23 02:04:16.953  1228  1247 I android.hardware.thermal@2.0-service.qti: uevent triggered for sensor: pm8005_tz
02-23 02:04:16.955  1228  1247 I android.hardware.thermal@2.0-service.qti: uevent triggered for sensor: pa1-therml-adc
02-23 02:04:16.956  1471  5143 I BatteryStatsService: In wakeup_callback: resumed from suspend
02-23 02:04:18.290  1228  1247 I android.hardware.thermal@2.0-service.qti: uevent triggered for sensor: pm8005_tz
02-23 02:04:18.291  1228  1247 I chatty  : uid=0(root) thermal@2.0-ser identical 1 line
02-23 02:04:18.291  1228  1247 I android.hardware.thermal@2.0-service.qti: uevent triggered for sensor: pm8005_tz
02-23 02:04:18.299  1228  1247 I android.hardware.thermal@2.0-service.qti: uevent triggered for sensor: pa1-therml-adc
02-23 02:04:18.299  1471  5143 I BatteryStatsService: In wakeup_callback: resumed from suspend
02-23 02:04:19.623  1228  1247 I android.hardware.thermal@2.0-service.qti: uevent triggered for sensor: pm8005_tz
02-23 02:04:19.623  1228  1247 I chatty  : uid=0(root) thermal@2.0-ser identical 1 line
02-23 02:04:19.624  1228  1247 I android.hardware.thermal@2.0-service.qti: uevent triggered for sensor: pm8005_tz
02-23 02:04:19.626  1228  1247 I android.hardware.thermal@2.0-service.qti: uevent triggered for sensor: pa1-therml-adc
02-23 02:04:19.626  1471  5143 I BatteryStatsService: In wakeup_callback: resumed from suspend
02-23 02:04:20.638  1228  1247 I android.hardware.thermal@2.0-service.qti: uevent triggered for sensor: pm8005_tz
02-23 02:04:20.639  1228  1247 I chatty  : uid=0(root) thermal@2.0-ser identical 1 line
02-23 02:04:20.639  1228  1247 I android.hardware.thermal@2.0-service.qti: uevent triggered for sensor: pm8005_tz
02-23 02:04:20.642  1228  1247 I android.hardware.thermal@2.0-service.qti: uevent triggered for sensor: pa1-therml-adc
02-23 02:04:20.643  1471  5143 I BatteryStatsService: In wakeup_callback: resumed from suspend
02-23 02:04:20.735 19703  1029 W adbd    : timed out while waiting for FUNCTIONFS_BIND, trying again
02-23 02:04:20.735 19703  1029 I adbd    : UsbFfs: connection terminated: monitor thread finished
02-23 02:04:20.737 19703 19703 I adbd    : UsbFfs: already offline
02-23 02:04:20.737 19703 19703 I adbd    : destroying transport UsbFfs
02-23 02:04:20.737 19703 19703 I adbd    : UsbFfsConnection being destroyed
02-23 02:04:20.936 19703 19707 I adbd    : opening control endpoint /dev/usb-ffs/adb/ep0
02-23 02:04:20.937 19703 19707 I adbd    : UsbFfsConnection constructed
02-23 02:04:20.938  1228  1247 I android.hardware.thermal@2.0-service.qti: uevent triggered for sensor: pm8005_tz
02-23 02:04:20.938  1228  1247 I android.hardware.thermal@2.0-service.qti: uevent triggered for sensor: pm8005_tz
02-23 02:04:20.938 19703  1030 I adbd    : UsbFfs-monitor thread spawned
02-23 02:04:20.938  1228  1247 I android.hardware.thermal@2.0-service.qti: uevent triggered for sensor: pm8005_tz
02-23 02:04:20.944  1228  1247 I android.hardware.thermal@2.0-service.qti: uevent triggered for sensor: pa1-therml-adc
02-23 02:04:20.945  1471  5143 I BatteryStatsService: In wakeup_callback: resumed from suspend
02-23 02:04:22.271  1471  2569 W KernelWakelockReader: Reading wakelock stats took 152ms
02-23 02:04:22.282  1228  1247 I android.hardware.thermal@2.0-service.qti: uevent triggered for sensor: pm8005_tz
02-23 02:04:22.283  1228  1247 I chatty  : uid=0(root) thermal@2.0-ser identical 1 line
02-23 02:04:22.284  1228  1247 I android.hardware.thermal@2.0-service.qti: uevent triggered for sensor: pm8005_tz
02-23 02:04:22.286  1228  1247 I android.hardware.thermal@2.0-service.qti: uevent triggered for sensor: pa1-therml-adc
02-23 02:04:22.287  1471  5143 I BatteryStatsService: In wakeup_callback: resumed from suspend
02-23 02:04:22.296  1471  1031 V ProcessCpuTracker: NP(pids.length): 1280
02-23 02:04:22.302  1471  1031 V ProcessCpuTracker: curStatsIndex: 100
02-23 02:04:22.307  1471  1031 V ProcessCpuTracker: curStatsIndex: 200
02-23 02:04:22.313  1471  1031 V ProcessCpuTracker: curStatsIndex: 300
02-23 02:04:22.318  1471  1031 V ProcessCpuTracker: curStatsIndex: 400
02-23 02:04:22.326  1471  1031 V ProcessCpuTracker: curStatsIndex: 500
02-23 02:04:22.333  1471  1031 V ProcessCpuTracker: curStatsIndex: 600
02-23 02:04:22.352  1471  1031 V ProcessCpuTracker: curStatsIndex: 700
02-23 02:04:22.369  1471  1031 V ProcessCpuTracker: curStatsIndex: 800
02-23 02:04:22.380  1471  1031 V ProcessCpuTracker: curStatsIndex: 900
02-23 02:04:22.382  1471  1031 I ProcessCpuTracker: *** TIME TO COLLECT STATS: 95 Load: 9.96 / 7.86 / 5.59
02-23 02:04:22.385  1471  1031 D NotDeveloper: processing get from com.dsi.ant.server with arg events.cpu
02-23 02:04:22.386  1471  1031 I ActivityManager: pid= 680 st.name = suspend@1.0-ser cpuPercent = 36 st.rel_utime =20 st.rel_stime =7860
02-23 02:04:22.385  1471  1031 I chatty  : uid=1000 system_server identical 3 lines
02-23 02:04:22.385  1471  1031 D NotDeveloper: processing get from com.dsi.ant.server with arg events.cpu
02-23 02:04:23.620  1228  1247 I android.hardware.thermal@2.0-service.qti: uevent triggered for sensor: pm8005_tz
02-23 02:04:23.620  1228  1247 I chatty  : uid=0(root) thermal@2.0-ser identical 1 line
02-23 02:04:23.621  1228  1247 I android.hardware.thermal@2.0-service.qti: uevent triggered for sensor: pm8005_tz
02-23 02:04:23.623  1471  5143 I BatteryStatsService: In wakeup_callback: resumed from suspend
02-23 02:04:23.624  1228  1247 I android.hardware.thermal@2.0-service.qti: uevent triggered for sensor: pa1-therml-adc
02-23 02:04:24.943  1228  1247 I android.hardware.thermal@2.0-service.qti: uevent triggered for sensor: pm8005_tz
02-23 02:04:24.944  1228  1247 I chatty  : uid=0(root) thermal@2.0-ser identical 1 line
02-23 02:04:24.944  1228  1247 I android.hardware.thermal@2.0-service.qti: uevent triggered for sensor: pm8005_tz
02-23 02:04:24.947  1228  1247 I android.hardware.thermal@2.0-service.qti: uevent triggered for sensor: pa1-therml-adc
02-23 02:04:24.948  1471  5143 I BatteryStatsService: In wakeup_callback: resumed from suspend
02-23 02:04:26.281  1228  1247 I android.hardware.thermal@2.0-service.qti: uevent triggered for sensor: pm8005_tz
02-23 02:04:26.283  1228  1247 I chatty  : uid=0(root) thermal@2.0-ser identical 1 line
02-23 02:04:26.283  1228  1247 I android.hardware.thermal@2.0-service.qti: uevent triggered for sensor: pm8005_tz
02-23 02:04:26.285  1228  1247 I android.hardware.thermal@2.0-service.qti: uevent triggered for sensor: pa1-therml-adc
02-23 02:04:26.286  1471  5143 I BatteryStatsService: In wakeup_callback: resumed from suspend
02-23 02:04:26.683  1228  1247 I android.hardware.thermal@2.0-service.qti: uevent triggered for sensor: pm8005_tz
02-23 02:04:26.684  1228  1247 I chatty  : uid=0(root) thermal@2.0-ser identical 1 line
02-23 02:04:26.685  1228  1247 I android.hardware.thermal@2.0-service.qti: uevent triggered for sensor: pm8005_tz
02-23 02:04:26.691  1228  1247 I android.hardware.thermal@2.0-service.qti: uevent triggered for sensor: pa1-therml-adc
02-23 02:04:26.692  1471  5143 I BatteryStatsService: In wakeup_callback: resumed from suspend
02-23 02:04:27.715  1228  1247 I android.hardware.thermal@2.0-service.qti: uevent triggered for sensor: pm8005_tz
02-23 02:04:27.716  1228  1247 I chatty  : uid=0(root) thermal@2.0-ser identical 1 line
02-23 02:04:27.716  1228  1247 I android.hardware.thermal@2.0-service.qti: uevent triggered for sensor: pm8005_tz
02-23 02:04:27.725  1228  1247 I android.hardware.thermal@2.0-service.qti: uevent triggered for sensor: pa1-therml-adc
02-23 02:04:27.725  1471  5143 I BatteryStatsService: In wakeup_callback: resumed from suspend
02-23 02:04:27.831 19703  1030 W adbd    : timed out while waiting for FUNCTIONFS_BIND, trying again
02-23 02:04:27.832 19703  1030 I adbd    : UsbFfs: connection terminated: monitor thread finished
02-23 02:04:27.832 19703 19703 I adbd    : UsbFfs: already offline
02-23 02:04:27.833 19703 19703 I adbd    : destroying transport UsbFfs
02-23 02:04:27.833 19703 19703 I adbd    : UsbFfsConnection being destroyed
02-23 02:04:28.736 19703 19707 I adbd    : opening control endpoint /dev/usb-ffs/adb/ep0
02-23 02:04:28.737  1228  1247 I android.hardware.thermal@2.0-service.qti: uevent triggered for sensor: pm8005_tz
02-23 02:04:28.738  1228  1247 I android.hardware.thermal@2.0-service.qti: uevent triggered for sensor: pm8005_tz
02-23 02:04:28.738 19703 19707 I adbd    : UsbFfsConnection constructed
02-23 02:04:28.738  1228  1247 I android.hardware.thermal@2.0-service.qti: uevent triggered for sensor: pm8005_tz
02-23 02:04:28.740 19703  1032 I adbd    : UsbFfs-monitor thread spawned
02-23 02:04:28.741  1228  1247 I android.hardware.thermal@2.0-service.qti: uevent triggered for sensor: pa1-therml-adc
02-23 02:04:28.742  1471  5143 I BatteryStatsService: In wakeup_callback: resumed from suspend
02-23 02:04:28.912  1228  1247 I android.hardware.thermal@2.0-service.qti: uevent triggered for sensor: pm8005_tz
02-23 02:04:28.921  1228  1247 I chatty  : uid=0(root) thermal@2.0-ser identical 1 line
02-23 02:04:28.922  1228  1247 I android.hardware.thermal@2.0-service.qti: uevent triggered for sensor: pm8005_tz
02-23 02:04:28.924  1228  1247 I android.hardware.thermal@2.0-service.qti: uevent triggered for sensor: pa1-therml-adc
02-23 02:04:28.924  1471  5143 I BatteryStatsService: In wakeup_callback: suspend aborted
02-23 02:04:30.065  1228  1247 I android.hardware.thermal@2.0-service.qti: uevent triggered for sensor: pm8005_tz
02-23 02:04:30.065  1228  1247 I chatty  : uid=0(root) thermal@2.0-ser identical 1 line
02-23 02:04:30.066  1228  1247 I android.hardware.thermal@2.0-service.qti: uevent triggered for sensor: pm8005_tz
02-23 02:04:30.079  1228  1247 I android.hardware.thermal@2.0-service.qti: uevent triggered for sensor: pa1-therml-adc
02-23 02:04:30.080  1471  5143 I BatteryStatsService: In wakeup_callback: resumed from suspend
02-23 02:04:31.400  1228  1247 I android.hardware.thermal@2.0-service.qti: uevent triggered for sensor: pm8005_tz
02-23 02:04:31.400  1228  1247 I chatty  : uid=0(root) thermal@2.0-ser identical 1 line
02-23 02:04:31.401  1228  1247 I android.hardware.thermal@2.0-service.qti: uevent triggered for sensor: pm8005_tz
02-23 02:04:31.403  1228  1247 I android.hardware.thermal@2.0-service.qti: uevent triggered for sensor: pa1-therml-adc
02-23 02:04:31.404  1471  5143 I BatteryStatsService: In wakeup_callback: resumed from suspend
02-23 02:04:32.734  1228  1247 I android.hardware.thermal@2.0-service.qti: uevent triggered for sensor: pm8005_tz
02-23 02:04:32.735  1228  1247 I chatty  : uid=0(root) thermal@2.0-ser identical 1 line
02-23 02:04:32.735  1228  1247 I android.hardware.thermal@2.0-service.qti: uevent triggered for sensor: pm8005_tz
02-23 02:04:32.737  1228  1247 I android.hardware.thermal@2.0-service.qti: uevent triggered for sensor: pa1-therml-adc
02-23 02:04:32.738  1471  5143 I BatteryStatsService: In wakeup_callback: resumed from suspend
02-23 02:04:34.062  1228  1247 I android.hardware.thermal@2.0-service.qti: uevent triggered for sensor: pm8005_tz
02-23 02:04:34.062  1228  1247 I chatty  : uid=0(root) thermal@2.0-ser identical 1 line
02-23 02:04:34.063  1228  1247 I android.hardware.thermal@2.0-service.qti: uevent triggered for sensor: pm8005_tz
02-23 02:04:34.065  1228  1247 I android.hardware.thermal@2.0-service.qti: uevent triggered for sensor: pa1-therml-adc
02-23 02:04:34.065  1471  5143 I BatteryStatsService: In wakeup_callback: resumed from suspend
02-23 02:04:34.170 19703  1032 W adbd    : timed out while waiting for FUNCTIONFS_BIND, trying again
02-23 02:04:34.170 19703  1032 I adbd    : UsbFfs: connection terminated: monitor thread finished
02-23 02:04:34.171 19703 19703 I adbd    : UsbFfs: already offline
02-23 02:04:34.171 19703 19703 I adbd    : destroying transport UsbFfs
02-23 02:04:34.171 19703 19703 I adbd    : UsbFfsConnection being destroyed
02-23 02:04:34.467 19703 19707 I adbd    : opening control endpoint /dev/usb-ffs/adb/ep0
02-23 02:04:34.469  1228  1247 I android.hardware.thermal@2.0-service.qti: uevent triggered for sensor: pm8005_tz
02-23 02:04:34.470  1228  1247 I chatty  : uid=0(root) thermal@2.0-ser identical 1 line
02-23 02:04:34.471  1228  1247 I android.hardware.thermal@2.0-service.qti: uevent triggered for sensor: pm8005_tz
02-23 02:04:34.473  1228  1247 I android.hardware.thermal@2.0-service.qti: uevent triggered for sensor: pa1-therml-adc
02-23 02:04:34.473 19703 19707 I adbd    : UsbFfsConnection constructed
02-23 02:04:34.474  1471  5143 I BatteryStatsService: In wakeup_callback: resumed from suspend
02-23 02:04:34.488 19703  1035 I adbd    : UsbFfs-monitor thread spawned
02-23 02:04:35.291  1228  1247 I android.hardware.thermal@2.0-service.qti: uevent triggered for sensor: pm8005_tz
02-23 02:04:35.291  1228  1247 I chatty  : uid=0(root) thermal@2.0-ser identical 1 line
02-23 02:04:35.292  1228  1247 I android.hardware.thermal@2.0-service.qti: uevent triggered for sensor: pm8005_tz
02-23 02:04:35.303  1228  1247 I android.hardware.thermal@2.0-service.qti: uevent triggered for sensor: pa1-therml-adc
02-23 02:04:35.304  1471  5143 I BatteryStatsService: In wakeup_callback: resumed from suspend
02-23 02:04:35.597  1228  1247 I android.hardware.thermal@2.0-service.qti: uevent triggered for sensor: pm8005_tz
02-23 02:04:35.603  1228  1247 I chatty  : uid=0(root) thermal@2.0-ser identical 1 line
02-23 02:04:35.604  1228  1247 I android.hardware.thermal@2.0-service.qti: uevent triggered for sensor: pm8005_tz
02-23 02:04:35.605  1228  1247 I android.hardware.thermal@2.0-service.qti: uevent triggered for sensor: pa1-therml-adc
02-23 02:04:35.606  1471  5143 I BatteryStatsService: In wakeup_callback: suspend aborted
02-23 02:04:36.010  1228  1247 I android.hardware.thermal@2.0-service.qti: uevent triggered for sensor: pm8005_tz
02-23 02:04:36.010  3357  6978 D ApfFilter: (wlan0): Adding RA fe80::1 -> ff02::1 1800s 2401:4900:1c96:d92a::/64 86400s/86400s DNS 600s fe80::1 RIO 86400s 2401:4900:1c96:d92a::/64 
02-23 02:04:36.015  1228  1247 I android.hardware.thermal@2.0-service.qti: uevent triggered for sensor: pm8005_tz
02-23 02:04:36.016  1228  1247 I android.hardware.thermal@2.0-service.qti: uevent triggered for sensor: pm8005_tz
02-23 02:04:36.018  1228  1247 I android.hardware.thermal@2.0-service.qti: uevent triggered for sensor: pa1-therml-adc
02-23 02:04:36.019  1471 14078 I BatteryStatsService: In wakeup_callback: suspend aborted
02-23 02:04:36.226  2787  7441 D SecureService: limitReached........limitName:globalAlert, iface:wlan0
02-23 02:04:36.295 19703  1035 W adbd    : timed out while waiting for FUNCTIONFS_BIND, trying again
02-23 02:04:36.296 19703  1035 I adbd    : UsbFfs: connection terminated: monitor thread finished
02-23 02:04:36.296 19703 19703 I adbd    : UsbFfs: already offline
02-23 02:04:36.296 19703 19703 I adbd    : destroying transport UsbFfs
02-23 02:04:36.296 19703 19703 I adbd    : UsbFfsConnection being destroyed
02-23 02:04:36.303  1471  2554 D NotDeveloper: processing getStringForUser from com.dsi.ant.server with arg enable_cache_quota_calculation
02-23 02:04:36.303  1471  2554 D NotDeveloper: processed getStringForUser(enable_cache_quota_calculation) without changing result
02-23 02:04:36.304  1471  2554 D NotDeveloper: processing getStringForUser from com.dsi.ant.server with arg enable_cache_quota_calculation
02-23 02:04:36.304  1471  2554 D NotDeveloper: processed getStringForUser(enable_cache_quota_calculation) without changing result
02-23 02:04:36.304  1471  2554 D NotDeveloper: processing getStringForUser from com.dsi.ant.server with arg enable_cache_quota_calculation
02-23 02:04:36.305  1471  2554 D NotDeveloper: processed getStringForUser(enable_cache_quota_calculation) without changing result
02-23 02:04:36.324 19703 19707 I adbd    : opening control endpoint /dev/usb-ffs/adb/ep0
02-23 02:04:36.329 19703 19707 I adbd    : UsbFfsConnection constructed
02-23 02:04:36.333 19703  1037 I adbd    : UsbFfs-monitor thread spawned
02-23 02:04:36.625  1228  1247 I android.hardware.thermal@2.0-service.qti: uevent triggered for sensor: pm8005_tz
02-23 02:04:36.626  1228  1247 I chatty  : uid=0(root) thermal@2.0-ser identical 1 line
02-23 02:04:36.626  1228  1247 I android.hardware.thermal@2.0-service.qti: uevent triggered for sensor: pm8005_tz
02-23 02:04:36.628  1228  1247 I android.hardware.thermal@2.0-service.qti: uevent triggered for sensor: pa1-therml-adc
02-23 02:04:36.629  1471  5143 I BatteryStatsService: In wakeup_callback: suspend aborted
02-23 02:04:37.238  1471  2679 D NotDeveloper: processing getBoolean from com.dsi.ant.server with arg persist.sys.assert.panic
02-23 02:04:37.254  1471  2679 I chatty  : uid=1000(system) NetworkStats identical 18 lines
02-23 02:04:37.254  1471  2679 D NotDeveloper: processing getBoolean from com.dsi.ant.server with arg persist.sys.assert.panic
02-23 02:04:37.254  1471  2679 D NotDeveloper: processing getStringForUser from com.dsi.ant.server with arg netstats_sample_enabled
02-23 02:04:37.254  1471  2679 D NotDeveloper: processed getStringForUser(netstats_sample_enabled) without changing result
02-23 02:04:37.254  1471  2679 D NotDeveloper: processing getStringForUser from com.dsi.ant.server with arg netstats_sample_enabled
02-23 02:04:37.254  1471  2679 D NotDeveloper: processed getStringForUser(netstats_sample_enabled) without changing result
02-23 02:04:37.254  1471  2679 D NotDeveloper: processing getStringForUser from com.dsi.ant.server with arg netstats_sample_enabled
02-23 02:04:37.254  1471  2679 D NotDeveloper: processed getStringForUser(netstats_sample_enabled) without changing result
02-23 02:04:37.258  1471  2680 I NoVPNDetect: NetworkInfo.getType (1)
02-23 02:04:37.258  1471  2680 I chatty  : uid=1000(system) NetworkPolicy identical 3 lines
02-23 02:04:37.258  1471  2680 I NoVPNDetect: NetworkInfo.getType (1)
02-23 02:04:37.258  1471  2680 I NoVPNDetect: NetworkCapabilities.hasCapability (18)
02-23 02:04:37.258  1471  2680 I chatty  : uid=1000(system) NetworkPolicy identical 3 lines
02-23 02:04:37.258  1471  2680 I NoVPNDetect: NetworkCapabilities.hasCapability (18)
02-23 02:04:37.258  1471  2680 I NoVPNDetect: NetworkCapabilities.hasCapability (11)
02-23 02:04:37.259  1471  2680 I chatty  : uid=1000(system) NetworkPolicy identical 8 lines
02-23 02:04:37.259  1471  2680 I NoVPNDetect: NetworkCapabilities.hasCapability (11)
02-23 02:04:37.259  1471  2680 D NotDeveloper: processing getStringForUser from com.dsi.ant.server with arg netpolicy_quota_enabled
02-23 02:04:37.259  1471  2680 D NotDeveloper: processed getStringForUser(netpolicy_quota_enabled) without changing result
02-23 02:04:37.259  1471  2680 D NotDeveloper: processing getStringForUser from com.dsi.ant.server with arg netpolicy_quota_enabled
02-23 02:04:37.259  1471  2680 D NotDeveloper: processed getStringForUser(netpolicy_quota_enabled) without changing result
02-23 02:04:37.259  1471  2680 D NotDeveloper: processing getStringForUser from com.dsi.ant.server with arg netpolicy_quota_enabled
02-23 02:04:37.259  1471  2680 D NotDeveloper: processed getStringForUser(netpolicy_quota_enabled) without changing result
02-23 02:04:37.260  1471  2680 D NotDeveloper: processing getStringForUser from com.dsi.ant.server with arg netpolicy_quota_unlimited
02-23 02:04:37.260  1471  2680 D NotDeveloper: processed getStringForUser(netpolicy_quota_unlimited) without changing result
02-23 02:04:37.260  1471  2680 D NotDeveloper: processing getStringForUser from com.dsi.ant.server with arg netpolicy_quota_unlimited
02-23 02:04:37.260  1471  2680 D NotDeveloper: processed getStringForUser(netpolicy_quota_unlimited) without changing result
02-23 02:04:37.260  1471  2680 D NotDeveloper: processing getStringForUser from com.dsi.ant.server with arg netpolicy_quota_unlimited
02-23 02:04:37.260  1471  2680 D NotDeveloper: processed getStringForUser(netpolicy_quota_unlimited) without changing result
02-23 02:04:37.260  1471  2680 D NotDeveloper: processing getStringForUser from com.dsi.ant.server with arg netpolicy_quota_limited
02-23 02:04:37.260  1471  2680 D NotDeveloper: processed getStringForUser(netpolicy_quota_limited) without changing result
02-23 02:04:37.260  1471  2680 D NotDeveloper: processing getStringForUser from com.dsi.ant.server with arg netpolicy_quota_limited
02-23 02:04:37.261  1471  2680 D NotDeveloper: processed getStringForUser(netpolicy_quota_limited) without changing result
02-23 02:04:37.261  1471  2680 D NotDeveloper: processing getStringForUser from com.dsi.ant.server with arg netpolicy_quota_limited
02-23 02:04:37.261  1471  2680 D NotDeveloper: processed getStringForUser(netpolicy_quota_limited) without changing result
02-23 02:04:37.263  1471  2680 D NotDeveloper: processing getStringForUser from com.dsi.ant.server with arg netstats_dev_persist_bytes
02-23 02:04:37.263  1471  2680 D NotDeveloper: processed getStringForUser(netstats_dev_persist_bytes) without changing result
02-23 02:04:37.263  1471  2680 D NotDeveloper: processing getStringForUser from com.dsi.ant.server with arg netstats_dev_persist_bytes
02-23 02:04:37.263  1471  2680 D NotDeveloper: processed getStringForUser(netstats_dev_persist_bytes) without changing result
02-23 02:04:37.264  1471  2680 D NotDeveloper: processing getStringForUser from com.dsi.ant.server with arg netstats_dev_persist_bytes
02-23 02:04:37.264  1471  2680 D NotDeveloper: processed getStringForUser(netstats_dev_persist_bytes) without changing result
02-23 02:04:37.264  1471  2680 D NotDeveloper: processing getStringForUser from com.dsi.ant.server with arg netstats_dev_persist_bytes
02-23 02:04:37.264  1471  2680 D NotDeveloper: processed getStringForUser(netstats_dev_persist_bytes) without changing result
02-23 02:04:37.264  1471  2680 D NotDeveloper: processing getStringForUser from com.dsi.ant.server with arg netstats_dev_persist_bytes
02-23 02:04:37.264  1471  2680 D NotDeveloper: processed getStringForUser(netstats_dev_persist_bytes) without changing result
02-23 02:04:37.265  1471  2680 D NotDeveloper: processing getStringForUser from com.dsi.ant.server with arg netstats_dev_persist_bytes
02-23 02:04:37.265  1471  2680 D NotDeveloper: processed getStringForUser(netstats_dev_persist_bytes) without changing result
02-23 02:04:37.265  1471  2680 D NotDeveloper: processing getStringForUser from com.dsi.ant.server with arg netstats_uid_persist_bytes
02-23 02:04:37.265  1471  2680 D NotDeveloper: processed getStringForUser(netstats_uid_persist_bytes) without changing result
02-23 02:04:37.265  1471  2680 D NotDeveloper: processing getStringForUser from com.dsi.ant.server with arg netstats_uid_persist_bytes
02-23 02:04:37.265  1471  2680 D NotDeveloper: processed getStringForUser(netstats_uid_persist_bytes) without changing result
02-23 02:04:37.265  1471  2680 D NotDeveloper: processing getStringForUser from com.dsi.ant.server with arg netstats_uid_persist_bytes
02-23 02:04:37.265  1471  2680 D NotDeveloper: processed getStringForUser(netstats_uid_persist_bytes) without changing result
02-23 02:04:37.266  1471  2680 D NotDeveloper: processing getStringForUser from com.dsi.ant.server with arg netstats_uid_tag_persist_bytes
02-23 02:04:37.266  1471  2680 D NotDeveloper: processed getStringForUser(netstats_uid_tag_persist_bytes) without changing result
02-23 02:04:37.266  1471  2680 D NotDeveloper: processing getStringForUser from com.dsi.ant.server with arg netstats_uid_tag_persist_bytes
02-23 02:04:37.266  1471  2680 D NotDeveloper: processed getStringForUser(netstats_uid_tag_persist_bytes) without changing result
02-23 02:04:37.266  1471  2680 D NotDeveloper: processing getStringForUser from com.dsi.ant.server with arg netstats_uid_tag_persist_bytes
02-23 02:04:37.266  1471  2680 D NotDeveloper: processed getStringForUser(netstats_uid_tag_persist_bytes) without changing result
02-23 02:04:37.266  1471  2680 D NotDeveloper: processing getStringForUser from com.dsi.ant.server with arg netstats_global_alert_bytes
02-23 02:04:37.267  1471  2680 D NotDeveloper: processed getStringForUser(netstats_global_alert_bytes) without changing result
02-23 02:04:37.267  1471  2680 D NotDeveloper: processing getStringForUser from com.dsi.ant.server with arg netstats_global_alert_bytes
02-23 02:04:37.267  1471  2680 D NotDeveloper: processed getStringForUser(netstats_global_alert_bytes) without changing result
02-23 02:04:37.267  1471  2680 D NotDeveloper: processing getStringForUser from com.dsi.ant.server with arg netstats_global_alert_bytes
02-23 02:04:37.267  1471  2680 D NotDeveloper: processed getStringForUser(netstats_global_alert_bytes) without changing result
02-23 02:04:37.270  1471  2680 D NotDeveloper: processing getBoolean from com.dsi.ant.server with arg persist.sys.assert.panic
02-23 02:04:37.280  1471  2680 I chatty  : uid=1000(system) NetworkPolicy identical 8 lines
02-23 02:04:37.280  1471  2680 D NotDeveloper: processing getBoolean from com.dsi.ant.server with arg persist.sys.assert.panic
02-23 02:04:37.434 19703  1037 W adbd    : timed out while waiting for FUNCTIONFS_BIND, trying again
02-23 02:04:37.434 19703  1037 I adbd    : UsbFfs: connection terminated: monitor thread finished
02-23 02:04:37.434 19703 19703 I adbd    : UsbFfs: already offline
02-23 02:04:37.435 19703 19703 I adbd    : destroying transport UsbFfs
02-23 02:04:37.435 19703 19703 I adbd    : UsbFfsConnection being destroyed
02-23 02:04:37.474 19703 19707 I adbd    : opening control endpoint /dev/usb-ffs/adb/ep0
02-23 02:04:37.476 19703 19707 I adbd    : UsbFfsConnection constructed
02-23 02:04:37.477 19703  1038 I adbd    : UsbFfs-monitor thread spawned
02-23 02:04:37.648  1228  1247 I android.hardware.thermal@2.0-service.qti: uevent triggered for sensor: pm8005_tz
02-23 02:04:37.655  1228  1247 I chatty  : uid=0(root) thermal@2.0-ser identical 1 line
02-23 02:04:37.658  1228  1247 I android.hardware.thermal@2.0-service.qti: uevent triggered for sensor: pm8005_tz
02-23 02:04:37.662  1228  1247 I android.hardware.thermal@2.0-service.qti: uevent triggered for sensor: pa1-therml-adc
02-23 02:04:37.664  1471  3451 I BatteryStatsService: In wakeup_callback: suspend aborted
02-23 02:04:38.584 19703  1038 W adbd    : timed out while waiting for FUNCTIONFS_BIND, trying again
02-23 02:04:38.585 19703  1038 I adbd    : UsbFfs: connection terminated: monitor thread finished
02-23 02:04:38.586 19703 19703 I adbd    : UsbFfs: already offline
02-23 02:04:38.586 19703 19703 I adbd    : destroying transport UsbFfs
02-23 02:04:38.586 19703 19703 I adbd    : UsbFfsConnection being destroyed
02-23 02:04:38.614 19703 19707 I adbd    : opening control endpoint /dev/usb-ffs/adb/ep0
02-23 02:04:38.618 19703 19707 I adbd    : UsbFfsConnection constructed
02-23 02:04:38.623 19703  1039 I adbd    : UsbFfs-monitor thread spawned
02-23 02:04:40.207  1228  1247 I android.hardware.thermal@2.0-service.qti: uevent triggered for sensor: pm8005_tz
02-23 02:04:40.208  1228  1247 I chatty  : uid=0(root) thermal@2.0-ser identical 1 line
02-23 02:04:40.208  1228  1247 I android.hardware.thermal@2.0-service.qti: uevent triggered for sensor: pm8005_tz
02-23 02:04:40.210  1228  1247 I android.hardware.thermal@2.0-service.qti: uevent triggered for sensor: pa1-therml-adc
02-23 02:04:40.211  1471  3451 I BatteryStatsService: In wakeup_callback: resumed from suspend
02-23 02:04:41.539  1228  1247 I android.hardware.thermal@2.0-service.qti: uevent triggered for sensor: pm8005_tz
02-23 02:04:41.540  1228  1247 I chatty  : uid=0(root) thermal@2.0-ser identical 1 line
02-23 02:04:41.541  1228  1247 I android.hardware.thermal@2.0-service.qti: uevent triggered for sensor: pm8005_tz
02-23 02:04:41.554  1228  1247 I android.hardware.thermal@2.0-service.qti: uevent triggered for sensor: pa1-therml-adc
02-23 02:04:41.555  1471  3451 I BatteryStatsService: In wakeup_callback: resumed from suspend
02-23 02:04:41.690 19703  1039 W adbd    : timed out while waiting for FUNCTIONFS_BIND, trying again
02-23 02:04:41.690 19703  1039 I adbd    : UsbFfs: connection terminated: monitor thread finished
02-23 02:04:42.855 19703 19703 I adbd    : UsbFfs: already offline
02-23 02:04:42.855 19703 19703 I adbd    : destroying transport UsbFfs
02-23 02:04:42.856 19703 19703 I adbd    : UsbFfsConnection being destroyed
02-23 02:04:42.857  1228  1247 I android.hardware.thermal@2.0-service.qti: uevent triggered for sensor: pm8005_tz
02-23 02:04:42.857  1228  1247 I chatty  : uid=0(root) thermal@2.0-ser identical 1 line
02-23 02:04:42.858  1228  1247 I android.hardware.thermal@2.0-service.qti: uevent triggered for sensor: pm8005_tz
02-23 02:04:42.878  1228  1247 I android.hardware.thermal@2.0-service.qti: uevent triggered for sensor: pa1-therml-adc
02-23 02:04:42.880  1471  3451 I BatteryStatsService: In wakeup_callback: resumed from suspend
02-23 02:04:42.898 19703 19707 I adbd    : opening control endpoint /dev/usb-ffs/adb/ep0
02-23 02:04:42.901 19703 19707 I adbd    : UsbFfsConnection constructed
02-23 02:04:42.902 19703  1040 I adbd    : UsbFfs-monitor thread spawned
02-23 02:04:44.198  1228  1247 I android.hardware.thermal@2.0-service.qti: uevent triggered for sensor: pm8005_tz
02-23 02:04:44.199  1228  1247 I chatty  : uid=0(root) thermal@2.0-ser identical 1 line
02-23 02:04:44.200  1228  1247 I android.hardware.thermal@2.0-service.qti: uevent triggered for sensor: pm8005_tz
02-23 02:04:44.201  1228  1247 I android.hardware.thermal@2.0-service.qti: uevent triggered for sensor: pa1-therml-adc
02-23 02:04:44.202  1471  2688 I BatteryStatsService: In wakeup_callback: resumed from suspend
02-23 02:04:45.526  1228  1247 I android.hardware.thermal@2.0-service.qti: uevent triggered for sensor: pm8005_tz
02-23 02:04:45.526  1228  1247 I chatty  : uid=0(root) thermal@2.0-ser identical 1 line
02-23 02:04:45.527  1228  1247 I android.hardware.thermal@2.0-service.qti: uevent triggered for sensor: pm8005_tz
02-23 02:04:45.536  1228  1247 I android.hardware.thermal@2.0-service.qti: uevent triggered for sensor: pa1-therml-adc
