02-23 02:04:45.537  1471  2688 I BatteryStatsService: In wakeup_callback: resumed from suspend
02-23 02:04:46.858  1228  1247 I android.hardware.thermal@2.0-service.qti: uevent triggered for sensor: pm8005_tz
02-23 02:04:46.859  1228  1247 I chatty  : uid=0(root) thermal@2.0-ser identical 1 line
02-23 02:04:46.860  1228  1247 I android.hardware.thermal@2.0-service.qti: uevent triggered for sensor: pm8005_tz
02-23 02:04:46.861  1228  1247 I android.hardware.thermal@2.0-service.qti: uevent triggered for sensor: pa1-therml-adc
02-23 02:04:46.862  1471  2688 I BatteryStatsService: In wakeup_callback: resumed from suspend
02-23 02:04:48.194  1228  1247 I android.hardware.thermal@2.0-service.qti: uevent triggered for sensor: pm8005_tz
02-23 02:04:48.195  1228  1247 I chatty  : uid=0(root) thermal@2.0-ser identical 1 line
02-23 02:04:48.195  1228  1247 I android.hardware.thermal@2.0-service.qti: uevent triggered for sensor: pm8005_tz
02-23 02:04:48.197  1228  1247 I android.hardware.thermal@2.0-service.qti: uevent triggered for sensor: pa1-therml-adc
02-23 02:04:48.198  1471  2688 I BatteryStatsService: In wakeup_callback: resumed from suspend
02-23 02:04:49.530  1228  1247 I android.hardware.thermal@2.0-service.qti: uevent triggered for sensor: pm8005_tz
02-23 02:04:49.530  1228  1247 I chatty  : uid=0(root) thermal@2.0-ser identical 1 line
02-23 02:04:49.531  1228  1247 I android.hardware.thermal@2.0-service.qti: uevent triggered for sensor: pm8005_tz
02-23 02:04:49.533  1228  1247 I android.hardware.thermal@2.0-service.qti: uevent triggered for sensor: pa1-therml-adc
02-23 02:04:49.534  1471  2688 I BatteryStatsService: In wakeup_callback: resumed from suspend
02-23 02:04:50.854  1228  1247 I android.hardware.thermal@2.0-service.qti: uevent triggered for sensor: pm8005_tz
02-23 02:04:50.855  1228  1247 I chatty  : uid=0(root) thermal@2.0-ser identical 1 line
02-23 02:04:50.855  1228  1247 I android.hardware.thermal@2.0-service.qti: uevent triggered for sensor: pm8005_tz
02-23 02:04:50.857  1228  1247 I android.hardware.thermal@2.0-service.qti: uevent triggered for sensor: pa1-therml-adc
02-23 02:04:50.858  1471  2688 I BatteryStatsService: In wakeup_callback: resumed from suspend
02-23 02:04:50.965 19703  1040 W adbd    : timed out while waiting for FUNCTIONFS_BIND, trying again
02-23 02:04:50.965 19703  1040 I adbd    : UsbFfs: connection terminated: monitor thread finished
02-23 02:04:50.965 19703 19703 I adbd    : UsbFfs: already offline
02-23 02:04:50.965 19703 19703 I adbd    : destroying transport UsbFfs
02-23 02:04:50.965 19703 19703 I adbd    : UsbFfsConnection being destroyed
02-23 02:04:52.186 19703 19707 I adbd    : opening control endpoint /dev/usb-ffs/adb/ep0
02-23 02:04:52.188  1228  1247 I android.hardware.thermal@2.0-service.qti: uevent triggered for sensor: pm8005_tz
02-23 02:04:52.188 19703 19707 I adbd    : UsbFfsConnection constructed
02-23 02:04:52.190  1228  1247 I android.hardware.thermal@2.0-service.qti: uevent triggered for sensor: pm8005_tz
02-23 02:04:52.191  1228  1247 I android.hardware.thermal@2.0-service.qti: uevent triggered for sensor: pm8005_tz
02-23 02:04:52.191 19703  1041 I adbd    : UsbFfs-monitor thread spawned
02-23 02:04:52.193  1228  1247 I android.hardware.thermal@2.0-service.qti: uevent triggered for sensor: pa1-therml-adc
02-23 02:04:52.194  1471  2688 I BatteryStatsService: In wakeup_callback: resumed from suspend
02-23 02:04:52.269  1471  1042 V ProcessCpuTracker: NP(pids.length): 1280
02-23 02:04:52.276  1471  1042 V ProcessCpuTracker: curStatsIndex: 100
02-23 02:04:52.282  1471  1042 V ProcessCpuTracker: curStatsIndex: 200
02-23 02:04:52.287  1471  1042 V ProcessCpuTracker: curStatsIndex: 300
02-23 02:04:52.293  1471  1042 V ProcessCpuTracker: curStatsIndex: 400
02-23 02:04:52.299  1471  1042 V ProcessCpuTracker: curStatsIndex: 500
02-23 02:04:52.307  1471  1042 V ProcessCpuTracker: curStatsIndex: 600
02-23 02:04:53.509  1228  1247 I android.hardware.thermal@2.0-service.qti: uevent triggered for sensor: pm8005_tz
02-23 02:04:53.509  1228  1247 I chatty  : uid=0(root) thermal@2.0-ser identical 1 line
02-23 02:04:53.510  1228  1247 I android.hardware.thermal@2.0-service.qti: uevent triggered for sensor: pm8005_tz
02-23 02:04:53.512  1228  1247 I android.hardware.thermal@2.0-service.qti: uevent triggered for sensor: pa1-therml-adc
02-23 02:04:53.513  1471  2688 I BatteryStatsService: In wakeup_callback: resumed from suspend
02-23 02:04:53.517  1471  1042 V ProcessCpuTracker: curStatsIndex: 700
02-23 02:04:53.534  1471  1042 V ProcessCpuTracker: curStatsIndex: 800
02-23 02:04:53.545  1471  1042 V ProcessCpuTracker: curStatsIndex: 900
02-23 02:04:53.547  1471  1042 I ProcessCpuTracker: *** TIME TO COLLECT STATS: 237 Load: 9.03 / 7.73 / 5.58
02-23 02:04:53.549  1471  1042 D NotDeveloper: processing get from com.dsi.ant.server with arg events.cpu
02-23 02:04:53.550  1471  1042 I ActivityManager: pid= 680 st.name = suspend@1.0-ser cpuPercent = 29 st.rel_utime =10 st.rel_stime =3200
02-23 02:04:53.550  1471  1042 I chatty  : uid=1000 system_server identical 3 lines
02-23 02:04:53.550  1471  1042 D NotDeveloper: processing get from com.dsi.ant.server with arg events.cpu
02-23 02:04:54.850  1228  1247 I android.hardware.thermal@2.0-service.qti: uevent triggered for sensor: pm8005_tz
02-23 02:04:54.851  1228  1247 I chatty  : uid=0(root) thermal@2.0-ser identical 1 line
02-23 02:04:54.851  1228  1247 I android.hardware.thermal@2.0-service.qti: uevent triggered for sensor: pm8005_tz
02-23 02:04:54.853  1228  1247 I android.hardware.thermal@2.0-service.qti: uevent triggered for sensor: pa1-therml-adc
02-23 02:04:54.854  1471  2688 I BatteryStatsService: In wakeup_callback: resumed from suspend
02-23 02:04:56.183  1228  1247 I android.hardware.thermal@2.0-service.qti: uevent triggered for sensor: pm8005_tz
02-23 02:04:56.184  1228  1247 I chatty  : uid=0(root) thermal@2.0-ser identical 1 line
02-23 02:04:56.184  1228  1247 I android.hardware.thermal@2.0-service.qti: uevent triggered for sensor: pm8005_tz
02-23 02:04:56.186  1228  1247 I android.hardware.thermal@2.0-service.qti: uevent triggered for sensor: pa1-therml-adc
02-23 02:04:56.187  1471  2688 I BatteryStatsService: In wakeup_callback: resumed from suspend
02-23 02:04:56.897  1228  1247 I android.hardware.thermal@2.0-service.qti: uevent triggered for sensor: pm8005_tz
02-23 02:04:56.897  1228  1247 I chatty  : uid=0(root) thermal@2.0-ser identical 1 line
02-23 02:04:56.898  1228  1247 I android.hardware.thermal@2.0-service.qti: uevent triggered for sensor: pm8005_tz
02-23 02:04:56.905  1228  1247 I android.hardware.thermal@2.0-service.qti: uevent triggered for sensor: pa1-therml-adc
02-23 02:04:56.906  1471  2688 I BatteryStatsService: In wakeup_callback: resumed from suspend
02-23 02:04:57.609  1228  1247 I android.hardware.thermal@2.0-service.qti: uevent triggered for sensor: pm8005_tz
02-23 02:04:57.609  1228  1247 I chatty  : uid=0(root) thermal@2.0-ser identical 1 line
02-23 02:04:57.610  1228  1247 I android.hardware.thermal@2.0-service.qti: uevent triggered for sensor: pm8005_tz
02-23 02:04:57.612  1228  1247 I android.hardware.thermal@2.0-service.qti: uevent triggered for sensor: pa1-therml-adc
02-23 02:04:57.613  1471  2688 I BatteryStatsService: In wakeup_callback: resumed from suspend
02-23 02:04:58.946  1228  1247 I android.hardware.thermal@2.0-service.qti: uevent triggered for sensor: pm8005_tz
02-23 02:04:58.947  1228  1247 I chatty  : uid=0(root) thermal@2.0-ser identical 1 line
02-23 02:04:58.947  1228  1247 I android.hardware.thermal@2.0-service.qti: uevent triggered for sensor: pm8005_tz
02-23 02:04:58.949  1228  1247 I android.hardware.thermal@2.0-service.qti: uevent triggered for sensor: pa1-therml-adc
02-23 02:04:58.950  1471  2688 I BatteryStatsService: In wakeup_callback: resumed from suspend
02-23 02:04:59.033 19703  1041 W adbd    : timed out while waiting for FUNCTIONFS_BIND, trying again
02-23 02:04:59.034 19703  1041 I adbd    : UsbFfs: connection terminated: monitor thread finished
02-23 02:04:59.035 19703 19703 I adbd    : UsbFfs: already offline
02-23 02:04:59.035 19703 19703 I adbd    : destroying transport UsbFfs
02-23 02:04:59.035 19703 19703 I adbd    : UsbFfsConnection being destroyed
02-23 02:04:59.144 19703 19707 I adbd    : opening control endpoint /dev/usb-ffs/adb/ep0
02-23 02:04:59.146  1228  1247 I android.hardware.thermal@2.0-service.qti: uevent triggered for sensor: pm8005_tz
02-23 02:04:59.146  1228  1247 I chatty  : uid=0(root) thermal@2.0-ser identical 1 line
02-23 02:04:59.147  1228  1247 I android.hardware.thermal@2.0-service.qti: uevent triggered for sensor: pm8005_tz
02-23 02:04:59.149 19703 19707 I adbd    : UsbFfsConnection constructed
02-23 02:04:59.151  1228  1247 I android.hardware.thermal@2.0-service.qti: uevent triggered for sensor: pa1-therml-adc
02-23 02:04:59.151  1471  2688 I BatteryStatsService: In wakeup_callback: suspend aborted
02-23 02:04:59.151 19703  1043 I adbd    : UsbFfs-monitor thread spawned
02-23 02:05:00.005  1471  2655 V AlarmManager: Triggering alarm #0: 2 when =3999883 package =android operation = null listenTag =DeviceIdleController.deep flags =0x8
02-23 02:05:00.006  1471  2655 V AlarmManager: Triggering alarm #1: 3 when =4044865 package =android operation = null listenTag =*job.delay* flags =0x0
02-23 02:05:00.006  1471  2655 V AlarmManager: Triggering alarm #2: 2 when =4106099 package =com.heytap.mcs operation =*walarm*:com.heytap.mcs.action flags =0x0
02-23 02:05:00.006  1471  2655 V AlarmManager: Triggering alarm #3: 0 when =1771792500000 package =net.oneplus.launcher operation =*walarm*:net.oneplus.launcher/.datacollection.RegularDataCollectionReceiver flags =0x0
02-23 02:05:00.006  1471  2655 V AlarmManager: Triggering alarm #4: 3 when =3939843 package =com.google.android.gms operation =*alarm*:com.google.android.gms.gcm.TRIGGER_IDLE flags =0x0
02-23 02:05:00.018  1471  2567 D DeviceIdleController: stepIdleStateLocked: mState=1
02-23 02:05:00.020  2904  2904 D KeyguardUpdateMonitor: received broadcast android.intent.action.TIME_TICK
02-23 02:05:00.035  1471  2567 I SensorService: SensorEventConnection construct, mPackageName : com.android.server.DeviceIdleController
02-23 02:05:00.038  1471  2562 D NotDeveloper: processing get from com.dsi.ant.server with arg ro.board.platform
02-23 02:05:00.039  1471  2562 I chatty  : uid=1000(system) ActivityManager identical 3 lines
02-23 02:05:00.039  1471  2562 D NotDeveloper: processing get from com.dsi.ant.server with arg ro.board.platform
02-23 02:05:00.042  1471  2567 D SensorService: recordConnection in enable
02-23 02:05:00.042  2788  2788 I RegularDataCollectionReceiver: +++RegularDataCollectionReceiver.onReceive
02-23 02:05:00.045  1471  3451 D NotDeveloper: processing getStringForUser from com.dsi.ant.server with arg copy_file_endtag
02-23 02:05:00.045  1471  3451 D NotDeveloper: processed getStringForUser(copy_file_endtag) without changing result
02-23 02:05:00.045  1471  3451 D NotDeveloper: processing getStringForUser from com.dsi.ant.server with arg copy_file_endtag
02-23 02:05:00.045  1471  3451 D NotDeveloper: processed getStringForUser(copy_file_endtag) without changing result
02-23 02:05:00.046  1471  3451 D NotDeveloper: processing get from com.dsi.ant.server with arg ro.board.platform
02-23 02:05:00.046  1471  3451 I chatty  : uid=1000(system) Binder:1471_9 identical 3 lines
02-23 02:05:00.047  1471  3451 D NotDeveloper: processing get from com.dsi.ant.server with arg ro.board.platform
02-23 02:05:00.047  1471  3451 D NotDeveloper: processing getStringForUser from com.dsi.ant.server with arg copy_file_endtag
02-23 02:05:00.048  1471  3451 D NotDeveloper: processed getStringForUser(copy_file_endtag) without changing result
02-23 02:05:00.048  1471  3451 D NotDeveloper: processing getStringForUser from com.dsi.ant.server with arg copy_file_endtag
02-23 02:05:00.048  1471  3451 D NotDeveloper: processed getStringForUser(copy_file_endtag) without changing result
02-23 02:05:00.048  1471  3451 D NotDeveloper: processing get from com.dsi.ant.server with arg ro.board.platform
02-23 02:05:00.049  1471  3451 I chatty  : uid=1000(system) Binder:1471_9 identical 3 lines
02-23 02:05:00.049  1471  3451 D NotDeveloper: processing get from com.dsi.ant.server with arg ro.board.platform
02-23 02:05:00.049  1471  3451 D NotDeveloper: processing getStringForUser from com.dsi.ant.server with arg copy_file_endtag
02-23 02:05:00.049  1471  3451 D NotDeveloper: processed getStringForUser(copy_file_endtag) without changing result
02-23 02:05:00.049  1471  3451 D NotDeveloper: processing getStringForUser from com.dsi.ant.server with arg copy_file_endtag
02-23 02:05:00.050  1471  3451 D NotDeveloper: processed getStringForUser(copy_file_endtag) without changing result
02-23 02:05:00.050  1471  3451 D NotDeveloper: processing get from com.dsi.ant.server with arg ro.board.platform
02-23 02:05:00.050  1471  3451 I chatty  : uid=1000(system) Binder:1471_9 identical 3 lines
02-23 02:05:00.051  1471  3451 D NotDeveloper: processing get from com.dsi.ant.server with arg ro.board.platform
02-23 02:05:00.051  1471  3451 D NotDeveloper: processing getStringForUser from com.dsi.ant.server with arg copy_file_endtag
02-23 02:05:00.051  1471  3451 D NotDeveloper: processed getStringForUser(copy_file_endtag) without changing result
02-23 02:05:00.051  2904  2904 D KeyguardClockPositionAlgorithm: getClockY()184
02-23 02:05:00.051  2904  2904 I chatty  : uid=10193(com.android.systemui) identical 1 line
02-23 02:05:00.051  2904  2904 D KeyguardClockPositionAlgorithm: getClockY()184
02-23 02:05:00.051  1471  3451 D NotDeveloper: processing getStringForUser from com.dsi.ant.server with arg copy_file_endtag
02-23 02:05:00.051  1471  3451 D NotDeveloper: processed getStringForUser(copy_file_endtag) without changing result
02-23 02:05:00.051  1471  3451 D NotDeveloper: processing get from com.dsi.ant.server with arg ro.board.platform
02-23 02:05:00.052  1471  3451 I chatty  : uid=1000(system) Binder:1471_9 identical 3 lines
02-23 02:05:00.052  1471  3451 D NotDeveloper: processing get from com.dsi.ant.server with arg ro.board.platform
02-23 02:05:00.052  1471  3451 D NotDeveloper: processing getStringForUser from com.dsi.ant.server with arg copy_file_endtag
02-23 02:05:00.052  1471  3451 D NotDeveloper: processed getStringForUser(copy_file_endtag) without changing result
02-23 02:05:00.053  1471  3451 D NotDeveloper: processing getStringForUser from com.dsi.ant.server with arg copy_file_endtag
02-23 02:05:00.053  1471  3451 D NotDeveloper: processed getStringForUser(copy_file_endtag) without changing result
02-23 02:05:00.053  1471  3451 D NotDeveloper: processing get from com.dsi.ant.server with arg ro.board.platform
02-23 02:05:00.053  1471  3451 I chatty  : uid=1000(system) Binder:1471_9 identical 3 lines
02-23 02:05:00.054  1471  3451 D NotDeveloper: processing get from com.dsi.ant.server with arg ro.board.platform
02-23 02:05:00.054  1471  3451 D NotDeveloper: processing getStringForUser from com.dsi.ant.server with arg copy_file_endtag
02-23 02:05:00.054  1471  3451 D NotDeveloper: processed getStringForUser(copy_file_endtag) without changing result
02-23 02:05:00.054  1471  3451 D NotDeveloper: processing getStringForUser from com.dsi.ant.server with arg copy_file_endtag
02-23 02:05:00.054  1471  3451 D NotDeveloper: processed getStringForUser(copy_file_endtag) without changing result
02-23 02:05:00.054  1471  3451 D NotDeveloper: processing get from com.dsi.ant.server with arg ro.board.platform
02-23 02:05:00.055  1471  3451 I chatty  : uid=1000(system) Binder:1471_9 identical 3 lines
02-23 02:05:00.055  1471  3451 D NotDeveloper: processing get from com.dsi.ant.server with arg ro.board.platform
02-23 02:05:00.055  1471  3451 D NotDeveloper: processing getStringForUser from com.dsi.ant.server with arg copy_file_endtag
02-23 02:05:00.055  1471  3451 D NotDeveloper: processed getStringForUser(copy_file_endtag) without changing result
02-23 02:05:00.056  1471  3451 D NotDeveloper: processing getStringForUser from com.dsi.ant.server with arg copy_file_endtag
02-23 02:05:00.056  1471  3451 D NotDeveloper: processed getStringForUser(copy_file_endtag) without changing result
02-23 02:05:00.056  1471  3451 D NotDeveloper: processing get from com.dsi.ant.server with arg ro.board.platform
02-23 02:05:00.057  1471  3451 I chatty  : uid=1000(system) Binder:1471_9 identical 3 lines
02-23 02:05:00.057  1471  3451 D NotDeveloper: processing get from com.dsi.ant.server with arg ro.board.platform
02-23 02:05:00.057  1471  2567 W AlarmManager: Unrecognized alarm listener com.android.server.OpPowerControllerService$tsu@e9fafc3
02-23 02:05:00.057  1471  3451 D NotDeveloper: processing getStringForUser from com.dsi.ant.server with arg copy_file_endtag
02-23 02:05:00.057  1471  3451 D NotDeveloper: processed getStringForUser(copy_file_endtag) without changing result
02-23 02:05:00.057  1471  3451 D NotDeveloper: processing getStringForUser from com.dsi.ant.server with arg copy_file_endtag
02-23 02:05:00.057  1471  3451 D NotDeveloper: processed getStringForUser(copy_file_endtag) without changing result
02-23 02:05:00.058  1471  3451 D NotDeveloper: processing get from com.dsi.ant.server with arg ro.board.platform
02-23 02:05:00.062  1471  3451 I chatty  : uid=1000(system) Binder:1471_9 identical 13 lines
02-23 02:05:00.063  1471  3451 D NotDeveloper: processing get from com.dsi.ant.server with arg ro.board.platform
02-23 02:05:00.063  1471  3451 D NotDeveloper: processing getStringForUser from com.dsi.ant.server with arg copy_file_endtag
02-23 02:05:00.063  1471  3451 D NotDeveloper: processed getStringForUser(copy_file_endtag) without changing result
02-23 02:05:00.063  1471  3451 D NotDeveloper: processing getStringForUser from com.dsi.ant.server with arg copy_file_endtag
02-23 02:05:00.063  1471  3451 D NotDeveloper: processed getStringForUser(copy_file_endtag) without changing result
02-23 02:05:00.063  1471  3451 D NotDeveloper: processing get from com.dsi.ant.server with arg ro.board.platform
02-23 02:05:00.064  1471  3451 I chatty  : uid=1000(system) Binder:1471_9 identical 3 lines
02-23 02:05:00.064  1471  3451 D NotDeveloper: processing get from com.dsi.ant.server with arg ro.board.platform
02-23 02:05:00.064  1471  3451 D NotDeveloper: processing getStringForUser from com.dsi.ant.server with arg copy_file_endtag
02-23 02:05:00.064  1471  3451 D NotDeveloper: processed getStringForUser(copy_file_endtag) without changing result
02-23 02:05:00.064  1471  3451 D NotDeveloper: processing getStringForUser from com.dsi.ant.server with arg copy_file_endtag
02-23 02:05:00.064  1471  3451 D NotDeveloper: processed getStringForUser(copy_file_endtag) without changing result
02-23 02:05:00.065  1471  3451 D NotDeveloper: processing get from com.dsi.ant.server with arg ro.board.platform
02-23 02:05:00.065  1471  3451 I chatty  : uid=1000(system) Binder:1471_9 identical 3 lines
02-23 02:05:00.065  1471  3451 D NotDeveloper: processing get from com.dsi.ant.server with arg ro.board.platform
02-23 02:05:00.065  1471  3451 D NotDeveloper: processing getStringForUser from com.dsi.ant.server with arg copy_file_endtag
02-23 02:05:00.065  1471  3451 D NotDeveloper: processed getStringForUser(copy_file_endtag) without changing result
02-23 02:05:00.066  1471  3451 D NotDeveloper: processing getStringForUser from com.dsi.ant.server with arg copy_file_endtag
02-23 02:05:00.066  1471  3451 D NotDeveloper: processed getStringForUser(copy_file_endtag) without changing result
02-23 02:05:00.066  1471  3451 D NotDeveloper: processing get from com.dsi.ant.server with arg ro.board.platform
02-23 02:05:00.066  1471  3451 I chatty  : uid=1000(system) Binder:1471_9 identical 3 lines
02-23 02:05:00.066  1471  3451 D NotDeveloper: processing get from com.dsi.ant.server with arg ro.board.platform
02-23 02:05:00.067  1471  3451 D NotDeveloper: processing getStringForUser from com.dsi.ant.server with arg copy_file_endtag
02-23 02:05:00.067  1471  3451 D NotDeveloper: processed getStringForUser(copy_file_endtag) without changing result
02-23 02:05:00.067  1471  3451 D NotDeveloper: processing getStringForUser from com.dsi.ant.server with arg copy_file_endtag
02-23 02:05:00.067  1471  3451 D NotDeveloper: processed getStringForUser(copy_file_endtag) without changing result
02-23 02:05:00.068  1471  3451 D NotDeveloper: processing get from com.dsi.ant.server with arg ro.board.platform
02-23 02:05:00.068  1471  3451 I chatty  : uid=1000(system) Binder:1471_9 identical 3 lines
02-23 02:05:00.068  1471  3451 D NotDeveloper: processing get from com.dsi.ant.server with arg ro.board.platform
02-23 02:05:00.068  1471  3451 D NotDeveloper: processing getStringForUser from com.dsi.ant.server with arg copy_file_endtag
02-23 02:05:00.068  1471  3451 D NotDeveloper: processed getStringForUser(copy_file_endtag) without changing result
02-23 02:05:00.069  1471  3451 D NotDeveloper: processing getStringForUser from com.dsi.ant.server with arg copy_file_endtag
02-23 02:05:00.069  1471  3451 D NotDeveloper: processed getStringForUser(copy_file_endtag) without changing result
02-23 02:05:00.069  1471  3451 D NotDeveloper: processing get from com.dsi.ant.server with arg ro.board.platform
02-23 02:05:00.069  1471  3451 I chatty  : uid=1000(system) Binder:1471_9 identical 3 lines
02-23 02:05:00.069  1471  3451 D NotDeveloper: processing get from com.dsi.ant.server with arg ro.board.platform
02-23 02:05:00.070  1471  3451 D NotDeveloper: processing getStringForUser from com.dsi.ant.server with arg copy_file_endtag
02-23 02:05:00.070  1471  3451 D NotDeveloper: processed getStringForUser(copy_file_endtag) without changing result
02-23 02:05:00.070  1471  3451 D NotDeveloper: processing getStringForUser from com.dsi.ant.server with arg copy_file_endtag
02-23 02:05:00.070  1471  3451 D NotDeveloper: processed getStringForUser(copy_file_endtag) without changing result
02-23 02:05:00.070  1471  3451 D NotDeveloper: processing get from com.dsi.ant.server with arg ro.board.platform
02-23 02:05:00.070  1471  3451 I chatty  : uid=1000(system) Binder:1471_9 identical 3 lines
02-23 02:05:00.071  1471  3451 D NotDeveloper: processing get from com.dsi.ant.server with arg ro.board.platform
02-23 02:05:00.071  1471  3451 D NotDeveloper: processing getStringForUser from com.dsi.ant.server with arg copy_file_endtag
02-23 02:05:00.071  1471  3451 D NotDeveloper: processed getStringForUser(copy_file_endtag) without changing result
02-23 02:05:00.071  1471  3451 D NotDeveloper: processing getStringForUser from com.dsi.ant.server with arg copy_file_endtag
02-23 02:05:00.071  1471  3451 D NotDeveloper: processed getStringForUser(copy_file_endtag) without changing result
02-23 02:05:00.071  1471  3451 D NotDeveloper: processing get from com.dsi.ant.server with arg ro.board.platform
02-23 02:05:00.072  1471  3451 I chatty  : uid=1000(system) Binder:1471_9 identical 3 lines
02-23 02:05:00.072  1471  3451 D NotDeveloper: processing get from com.dsi.ant.server with arg ro.board.platform
02-23 02:05:00.072  1471  3451 D NotDeveloper: processing getStringForUser from com.dsi.ant.server with arg copy_file_endtag
02-23 02:05:00.072  1471  3451 D NotDeveloper: processed getStringForUser(copy_file_endtag) without changing result
02-23 02:05:00.072  1471  3451 D NotDeveloper: processing getStringForUser from com.dsi.ant.server with arg copy_file_endtag
02-23 02:05:00.072  1471  3451 D NotDeveloper: processed getStringForUser(copy_file_endtag) without changing result
02-23 02:05:00.072  1471  3451 D NotDeveloper: processing get from com.dsi.ant.server with arg ro.board.platform
02-23 02:05:00.073  1471  3451 I chatty  : uid=1000(system) Binder:1471_9 identical 3 lines
02-23 02:05:00.073  1471  3451 D NotDeveloper: processing get from com.dsi.ant.server with arg ro.board.platform
02-23 02:05:00.073  1471  3451 D NotDeveloper: processing getStringForUser from com.dsi.ant.server with arg copy_file_endtag
02-23 02:05:00.073  1471  3451 D NotDeveloper: processed getStringForUser(copy_file_endtag) without changing result
02-23 02:05:00.073  1471  3451 D NotDeveloper: processing getStringForUser from com.dsi.ant.server with arg copy_file_endtag
02-23 02:05:00.073  1471  3451 D NotDeveloper: processed getStringForUser(copy_file_endtag) without changing result
02-23 02:05:00.074  1471  3451 D NotDeveloper: processing get from com.dsi.ant.server with arg ro.board.platform
02-23 02:05:00.074  1471  3451 I chatty  : uid=1000(system) Binder:1471_9 identical 3 lines
02-23 02:05:00.074  1471  3451 D NotDeveloper: processing get from com.dsi.ant.server with arg ro.board.platform
02-23 02:05:00.074  1471  3451 D NotDeveloper: processing getStringForUser from com.dsi.ant.server with arg copy_file_endtag
02-23 02:05:00.074  1471  3451 D NotDeveloper: processed getStringForUser(copy_file_endtag) without changing result
02-23 02:05:00.075  1471  3451 D NotDeveloper: processing getStringForUser from com.dsi.ant.server with arg copy_file_endtag
02-23 02:05:00.075  1471  3451 D NotDeveloper: processed getStringForUser(copy_file_endtag) without changing result
02-23 02:05:00.075  1471  3451 D NotDeveloper: processing get from com.dsi.ant.server with arg ro.board.platform
02-23 02:05:00.075  1471  3451 I chatty  : uid=1000(system) Binder:1471_9 identical 3 lines
02-23 02:05:00.075  1471  3451 D NotDeveloper: processing get from com.dsi.ant.server with arg ro.board.platform
02-23 02:05:00.076  1471  3451 D NotDeveloper: processing getStringForUser from com.dsi.ant.server with arg copy_file_endtag
02-23 02:05:00.076  1471  3451 D NotDeveloper: processed getStringForUser(copy_file_endtag) without changing result
02-23 02:05:00.076  1471  3451 D NotDeveloper: processing getStringForUser from com.dsi.ant.server with arg copy_file_endtag
02-23 02:05:00.076  1471  3451 D NotDeveloper: processed getStringForUser(copy_file_endtag) without changing result
02-23 02:05:00.076  1471  3451 D NotDeveloper: processing get from com.dsi.ant.server with arg ro.board.platform
02-23 02:05:00.077  1471  3451 I chatty  : uid=1000(system) Binder:1471_9 identical 8 lines
02-23 02:05:00.078  1471  3451 D NotDeveloper: processing get from com.dsi.ant.server with arg ro.board.platform
02-23 02:05:00.078  1471  3451 D NotDeveloper: processing getStringForUser from com.dsi.ant.server with arg copy_file_endtag
02-23 02:05:00.078  1471  3451 D NotDeveloper: processed getStringForUser(copy_file_endtag) without changing result
02-23 02:05:00.078  1471  3451 D NotDeveloper: processing getStringForUser from com.dsi.ant.server with arg copy_file_endtag
02-23 02:05:00.078  1471  3451 D NotDeveloper: processed getStringForUser(copy_file_endtag) without changing result
02-23 02:05:00.078  1471  3451 D NotDeveloper: processing getStringForUser from com.dsi.ant.server with arg copy_file_endtag
02-23 02:05:00.078  1471  3451 D NotDeveloper: processed getStringForUser(copy_file_endtag) without changing result
02-23 02:05:00.078  1471  3451 D NotDeveloper: processing getStringForUser from com.dsi.ant.server with arg copy_file_endtag
02-23 02:05:00.078  1471  3451 D NotDeveloper: processed getStringForUser(copy_file_endtag) without changing result
02-23 02:05:00.079  1471  3451 D NotDeveloper: processing getStringForUser from com.dsi.ant.server with arg copy_file_endtag
02-23 02:05:00.079  1471  3451 D NotDeveloper: processed getStringForUser(copy_file_endtag) without changing result
02-23 02:05:00.079  1471  3451 D NotDeveloper: processing getStringForUser from com.dsi.ant.server with arg copy_file_endtag
02-23 02:05:00.079  1471  3451 D NotDeveloper: processed getStringForUser(copy_file_endtag) without changing result
02-23 02:05:00.079  1471  3451 D NotDeveloper: processing get from com.dsi.ant.server with arg ro.board.platform
02-23 02:05:00.080  1471  3451 I chatty  : uid=1000(system) Binder:1471_9 identical 8 lines
02-23 02:05:00.080  1471  3451 D NotDeveloper: processing get from com.dsi.ant.server with arg ro.board.platform
02-23 02:05:00.081  1471  3451 D NotDeveloper: processing getStringForUser from com.dsi.ant.server with arg copy_file_endtag
02-23 02:05:00.081  1471  3451 D NotDeveloper: processed getStringForUser(copy_file_endtag) without changing result
02-23 02:05:00.081  1471  3451 D NotDeveloper: processing getStringForUser from com.dsi.ant.server with arg copy_file_endtag
02-23 02:05:00.081  1471  3451 D NotDeveloper: processed getStringForUser(copy_file_endtag) without changing result
02-23 02:05:00.081  1471  3451 D NotDeveloper: processing get from com.dsi.ant.server with arg ro.board.platform
02-23 02:05:00.081  1471  3451 I chatty  : uid=1000(system) Binder:1471_9 identical 3 lines
02-23 02:05:00.082  1471  3451 D NotDeveloper: processing get from com.dsi.ant.server with arg ro.board.platform
02-23 02:05:00.082  1471  3451 D NotDeveloper: processing getStringForUser from com.dsi.ant.server with arg copy_file_endtag
02-23 02:05:00.082  1471  3451 D NotDeveloper: processed getStringForUser(copy_file_endtag) without changing result
02-23 02:05:00.082  1471  3451 D NotDeveloper: processing getStringForUser from com.dsi.ant.server with arg copy_file_endtag
02-23 02:05:00.082  1471  3451 D NotDeveloper: processed getStringForUser(copy_file_endtag) without changing result
02-23 02:05:00.082  1471  3451 D NotDeveloper: processing get from com.dsi.ant.server with arg ro.board.platform
02-23 02:05:00.083  1471  3451 I chatty  : uid=1000(system) Binder:1471_9 identical 3 lines
02-23 02:05:00.083  1471  3451 D NotDeveloper: processing get from com.dsi.ant.server with arg ro.board.platform
02-23 02:05:00.083  1471  3451 D NotDeveloper: processing getStringForUser from com.dsi.ant.server with arg copy_file_endtag
02-23 02:05:00.083  1471  3451 D NotDeveloper: processed getStringForUser(copy_file_endtag) without changing result
02-23 02:05:00.083  1471  3451 D NotDeveloper: processing getStringForUser from com.dsi.ant.server with arg copy_file_endtag
02-23 02:05:00.083  1471  3451 D NotDeveloper: processed getStringForUser(copy_file_endtag) without changing result
02-23 02:05:00.083  1471  3451 D NotDeveloper: processing get from com.dsi.ant.server with arg ro.board.platform
02-23 02:05:00.084  1471  3451 I chatty  : uid=1000(system) Binder:1471_9 identical 3 lines
02-23 02:05:00.084  1471  3451 D NotDeveloper: processing get from com.dsi.ant.server with arg ro.board.platform
02-23 02:05:00.084  1471  3451 D NotDeveloper: processing getStringForUser from com.dsi.ant.server with arg copy_file_endtag
02-23 02:05:00.084  1471  3451 D NotDeveloper: processed getStringForUser(copy_file_endtag) without changing result
02-23 02:05:00.084  1471  3451 D NotDeveloper: processing getStringForUser from com.dsi.ant.server with arg copy_file_endtag
02-23 02:05:00.084  1471  3451 D NotDeveloper: processed getStringForUser(copy_file_endtag) without changing result
02-23 02:05:00.085  1471  3451 D NotDeveloper: processing get from com.dsi.ant.server with arg ro.board.platform
02-23 02:05:00.085  1471  3451 I chatty  : uid=1000(system) Binder:1471_9 identical 3 lines
02-23 02:05:00.085  1471  3451 D NotDeveloper: processing get from com.dsi.ant.server with arg ro.board.platform
02-23 02:05:00.085  1471  3451 D NotDeveloper: processing getStringForUser from com.dsi.ant.server with arg copy_file_endtag
02-23 02:05:00.085  1471  3451 D NotDeveloper: processed getStringForUser(copy_file_endtag) without changing result
02-23 02:05:00.085  1471  3451 D NotDeveloper: processing getStringForUser from com.dsi.ant.server with arg copy_file_endtag
02-23 02:05:00.085  1471  3451 D NotDeveloper: processed getStringForUser(copy_file_endtag) without changing result
02-23 02:05:00.086  1471  3451 D NotDeveloper: processing get from com.dsi.ant.server with arg ro.board.platform
02-23 02:05:00.086  1471  3451 I chatty  : uid=1000(system) Binder:1471_9 identical 3 lines
02-23 02:05:00.086  1471  3451 D NotDeveloper: processing get from com.dsi.ant.server with arg ro.board.platform
02-23 02:05:00.086  1471  3451 D NotDeveloper: processing getStringForUser from com.dsi.ant.server with arg copy_file_endtag
02-23 02:05:00.086  1471  3451 D NotDeveloper: processed getStringForUser(copy_file_endtag) without changing result
02-23 02:05:00.087  1471  3451 D NotDeveloper: processing getStringForUser from com.dsi.ant.server with arg copy_file_endtag
02-23 02:05:00.087  1471  3451 D NotDeveloper: processed getStringForUser(copy_file_endtag) without changing result
02-23 02:05:00.087  1471  3451 D NotDeveloper: processing get from com.dsi.ant.server with arg ro.board.platform
02-23 02:05:00.088  1471  3451 I chatty  : uid=1000(system) Binder:1471_9 identical 3 lines
02-23 02:05:00.088  1471  3451 D NotDeveloper: processing get from com.dsi.ant.server with arg ro.board.platform
02-23 02:05:00.088  1471  3451 D NotDeveloper: processing getStringForUser from com.dsi.ant.server with arg copy_file_endtag
02-23 02:05:00.089  1471  3451 D NotDeveloper: processed getStringForUser(copy_file_endtag) without changing result
02-23 02:05:00.089  1471  3451 D NotDeveloper: processing getStringForUser from com.dsi.ant.server with arg copy_file_endtag
02-23 02:05:00.089  1471  3451 D NotDeveloper: processed getStringForUser(copy_file_endtag) without changing result
02-23 02:05:00.089  1471  3451 D NotDeveloper: processing get from com.dsi.ant.server with arg ro.board.platform
02-23 02:05:00.089  1471  3451 I chatty  : uid=1000(system) Binder:1471_9 identical 3 lines
02-23 02:05:00.089  1471  3451 D NotDeveloper: processing get from com.dsi.ant.server with arg ro.board.platform
02-23 02:05:00.089  1471  3451 D NotDeveloper: processing getStringForUser from com.dsi.ant.server with arg copy_file_endtag
02-23 02:05:00.089  1471  3451 D NotDeveloper: processed getStringForUser(copy_file_endtag) without changing result
02-23 02:05:00.090  1471  3451 D NotDeveloper: processing getStringForUser from com.dsi.ant.server with arg copy_file_endtag
02-23 02:05:00.090  1471  3451 D NotDeveloper: processed getStringForUser(copy_file_endtag) without changing result
02-23 02:05:00.090  1471  3451 D NotDeveloper: processing get from com.dsi.ant.server with arg ro.board.platform
02-23 02:05:00.090  1471  3451 I chatty  : uid=1000(system) Binder:1471_9 identical 3 lines
02-23 02:05:00.090  1471  3451 D NotDeveloper: processing get from com.dsi.ant.server with arg ro.board.platform
02-23 02:05:00.090  1471  3451 D NotDeveloper: processing getStringForUser from com.dsi.ant.server with arg copy_file_endtag
02-23 02:05:00.091  1471  3451 D NotDeveloper: processed getStringForUser(copy_file_endtag) without changing result
02-23 02:05:00.091  1471  3451 D NotDeveloper: processing getStringForUser from com.dsi.ant.server with arg copy_file_endtag
02-23 02:05:00.091  1471  3451 D NotDeveloper: processed getStringForUser(copy_file_endtag) without changing result
02-23 02:05:00.091  1471  3451 D NotDeveloper: processing get from com.dsi.ant.server with arg ro.board.platform
02-23 02:05:00.091  1471  3451 I chatty  : uid=1000(system) Binder:1471_9 identical 3 lines
02-23 02:05:00.091  1471  3451 D NotDeveloper: processing get from com.dsi.ant.server with arg ro.board.platform
02-23 02:05:00.091  1471  3451 D NotDeveloper: processing getStringForUser from com.dsi.ant.server with arg copy_file_endtag
02-23 02:05:00.092  1471  3451 D NotDeveloper: processed getStringForUser(copy_file_endtag) without changing result
02-23 02:05:00.092  1471  3451 D NotDeveloper: processing getStringForUser from com.dsi.ant.server with arg copy_file_endtag
02-23 02:05:00.092  1471  3451 D NotDeveloper: processed getStringForUser(copy_file_endtag) without changing result
02-23 02:05:00.092  1471  3451 D NotDeveloper: processing get from com.dsi.ant.server with arg ro.board.platform
02-23 02:05:00.092  1471  3451 I chatty  : uid=1000(system) Binder:1471_9 identical 3 lines
02-23 02:05:00.092  1471  3451 D NotDeveloper: processing get from com.dsi.ant.server with arg ro.board.platform
02-23 02:05:00.092  1471  3451 D NotDeveloper: processing getStringForUser from com.dsi.ant.server with arg copy_file_endtag
02-23 02:05:00.093  1471  3451 D NotDeveloper: processed getStringForUser(copy_file_endtag) without changing result
02-23 02:05:00.093  1471  3451 D NotDeveloper: processing getStringForUser from com.dsi.ant.server with arg copy_file_endtag
02-23 02:05:00.093  1471  3451 D NotDeveloper: processed getStringForUser(copy_file_endtag) without changing result
02-23 02:05:00.093  1471  3451 D NotDeveloper: processing get from com.dsi.ant.server with arg ro.board.platform
02-23 02:05:00.093  1471  3451 I chatty  : uid=1000(system) Binder:1471_9 identical 3 lines
02-23 02:05:00.093  1471  3451 D NotDeveloper: processing get from com.dsi.ant.server with arg ro.board.platform
02-23 02:05:00.093  1471  3451 D NotDeveloper: processing getStringForUser from com.dsi.ant.server with arg copy_file_endtag
02-23 02:05:00.094  1471  3451 D NotDeveloper: processed getStringForUser(copy_file_endtag) without changing result
02-23 02:05:00.094  1471  3451 D NotDeveloper: processing getStringForUser from com.dsi.ant.server with arg copy_file_endtag
02-23 02:05:00.094  1471  3451 D NotDeveloper: processed getStringForUser(copy_file_endtag) without changing result
02-23 02:05:00.094  1471  3451 D NotDeveloper: processing get from com.dsi.ant.server with arg ro.board.platform
02-23 02:05:00.094  1471  3451 I chatty  : uid=1000(system) Binder:1471_9 identical 3 lines
02-23 02:05:00.094  1471  3451 D NotDeveloper: processing get from com.dsi.ant.server with arg ro.board.platform
02-23 02:05:00.094  1471  3451 D NotDeveloper: processing getStringForUser from com.dsi.ant.server with arg copy_file_endtag
02-23 02:05:00.095  1471  3451 D NotDeveloper: processed getStringForUser(copy_file_endtag) without changing result
02-23 02:05:00.095  1471  3451 D NotDeveloper: processing getStringForUser from com.dsi.ant.server with arg copy_file_endtag
02-23 02:05:00.095  1471  3451 D NotDeveloper: processed getStringForUser(copy_file_endtag) without changing result
02-23 02:05:00.095  1471  3451 D NotDeveloper: processing get from com.dsi.ant.server with arg ro.board.platform
02-23 02:05:00.095  1471  3451 I chatty  : uid=1000(system) Binder:1471_9 identical 3 lines
02-23 02:05:00.095  1471  3451 D NotDeveloper: processing get from com.dsi.ant.server with arg ro.board.platform
02-23 02:05:00.095  1471  3451 D NotDeveloper: processing getStringForUser from com.dsi.ant.server with arg copy_file_endtag
02-23 02:05:00.096  1471  3451 D NotDeveloper: processed getStringForUser(copy_file_endtag) without changing result
02-23 02:05:00.096  1471  3451 D NotDeveloper: processing getStringForUser from com.dsi.ant.server with arg copy_file_endtag
02-23 02:05:00.096  1471  3451 D NotDeveloper: processed getStringForUser(copy_file_endtag) without changing result
02-23 02:05:00.096  1471  3451 D NotDeveloper: processing get from com.dsi.ant.server with arg ro.board.platform
02-23 02:05:00.096  1471  3451 I chatty  : uid=1000(system) Binder:1471_9 identical 3 lines
02-23 02:05:00.096  1471  3451 D NotDeveloper: processing get from com.dsi.ant.server with arg ro.board.platform
02-23 02:05:00.096  1471  3451 D NotDeveloper: processing getStringForUser from com.dsi.ant.server with arg copy_file_endtag
02-23 02:05:00.097  1471  3451 D NotDeveloper: processed getStringForUser(copy_file_endtag) without changing result
02-23 02:05:00.097  1471  3451 D NotDeveloper: processing getStringForUser from com.dsi.ant.server with arg copy_file_endtag
02-23 02:05:00.097  1471  3451 D NotDeveloper: processed getStringForUser(copy_file_endtag) without changing result
02-23 02:05:00.097  1471  3451 D NotDeveloper: processing get from com.dsi.ant.server with arg ro.board.platform
02-23 02:05:00.097  1471  3451 I chatty  : uid=1000(system) Binder:1471_9 identical 3 lines
02-23 02:05:00.097  1471  3451 D NotDeveloper: processing get from com.dsi.ant.server with arg ro.board.platform
02-23 02:05:00.098  1471  3451 D NotDeveloper: processing getStringForUser from com.dsi.ant.server with arg copy_file_endtag
02-23 02:05:00.098  1471  3451 D NotDeveloper: processed getStringForUser(copy_file_endtag) without changing result
02-23 02:05:00.098  1471  3451 D NotDeveloper: processing getStringForUser from com.dsi.ant.server with arg copy_file_endtag
02-23 02:05:00.098  1471  3451 D NotDeveloper: processed getStringForUser(copy_file_endtag) without changing result
02-23 02:05:00.098  1471  3451 D NotDeveloper: processing get from com.dsi.ant.server with arg ro.board.platform
02-23 02:05:00.098  1471  3451 I chatty  : uid=1000(system) Binder:1471_9 identical 3 lines
02-23 02:05:00.098  1471  3451 D NotDeveloper: processing get from com.dsi.ant.server with arg ro.board.platform
02-23 02:05:00.099  1471  3451 D NotDeveloper: processing getStringForUser from com.dsi.ant.server with arg copy_file_endtag
02-23 02:05:00.099  1471  3451 D NotDeveloper: processed getStringForUser(copy_file_endtag) without changing result
02-23 02:05:00.099  1471  3451 D NotDeveloper: processing getStringForUser from com.dsi.ant.server with arg copy_file_endtag
02-23 02:05:00.099  1471  3451 D NotDeveloper: processed getStringForUser(copy_file_endtag) without changing result
02-23 02:05:00.099  1471  3451 D NotDeveloper: processing get from com.dsi.ant.server with arg ro.board.platform
02-23 02:05:00.099  1471  3451 I chatty  : uid=1000(system) Binder:1471_9 identical 3 lines
02-23 02:05:00.099  1471  3451 D NotDeveloper: processing get from com.dsi.ant.server with arg ro.board.platform
02-23 02:05:00.100  1471  3451 D NotDeveloper: processing getStringForUser from com.dsi.ant.server with arg copy_file_endtag
02-23 02:05:00.100  1471  3451 D NotDeveloper: processed getStringForUser(copy_file_endtag) without changing result
02-23 02:05:00.100  1471  3451 D NotDeveloper: processing getStringForUser from com.dsi.ant.server with arg copy_file_endtag
02-23 02:05:00.100  1471  3451 D NotDeveloper: processed getStringForUser(copy_file_endtag) without changing result
02-23 02:05:00.100  1471  3451 D NotDeveloper: processing get from com.dsi.ant.server with arg ro.board.platform
02-23 02:05:00.100  1471  3451 I chatty  : uid=1000(system) Binder:1471_9 identical 3 lines
02-23 02:05:00.100  1471  3451 D NotDeveloper: processing get from com.dsi.ant.server with arg ro.board.platform
02-23 02:05:00.101  1471  3451 D NotDeveloper: processing getStringForUser from com.dsi.ant.server with arg copy_file_endtag
02-23 02:05:00.101  1471  3451 D NotDeveloper: processed getStringForUser(copy_file_endtag) without changing result
02-23 02:05:00.101  1471  3451 D NotDeveloper: processing getStringForUser from com.dsi.ant.server with arg copy_file_endtag
02-23 02:05:00.101  1471  3451 D NotDeveloper: processed getStringForUser(copy_file_endtag) without changing result
02-23 02:05:00.101  1471  3451 D NotDeveloper: processing get from com.dsi.ant.server with arg ro.board.platform
02-23 02:05:00.101  1471  3451 I chatty  : uid=1000(system) Binder:1471_9 identical 3 lines
02-23 02:05:00.101  1471  3451 D NotDeveloper: processing get from com.dsi.ant.server with arg ro.board.platform
02-23 02:05:00.102  1471  3451 D NotDeveloper: processing getStringForUser from com.dsi.ant.server with arg copy_file_endtag
02-23 02:05:00.102  1471  3451 D NotDeveloper: processed getStringForUser(copy_file_endtag) without changing result
02-23 02:05:00.102  1471  3451 D NotDeveloper: processing getStringForUser from com.dsi.ant.server with arg copy_file_endtag
02-23 02:05:00.102  1471  3451 D NotDeveloper: processed getStringForUser(copy_file_endtag) without changing result
02-23 02:05:00.102  1471  3451 D NotDeveloper: processing get from com.dsi.ant.server with arg ro.board.platform
02-23 02:05:00.102  1471  3451 I chatty  : uid=1000(system) Binder:1471_9 identical 3 lines
02-23 02:05:00.103  1471  3451 D NotDeveloper: processing get from com.dsi.ant.server with arg ro.board.platform
02-23 02:05:00.103  1471  3451 D NotDeveloper: processing getStringForUser from com.dsi.ant.server with arg copy_file_endtag
02-23 02:05:00.103  1471  3451 D NotDeveloper: processed getStringForUser(copy_file_endtag) without changing result
02-23 02:05:00.103  1471  3451 D NotDeveloper: processing getStringForUser from com.dsi.ant.server with arg copy_file_endtag
02-23 02:05:00.103  1471  3451 D NotDeveloper: processed getStringForUser(copy_file_endtag) without changing result
02-23 02:05:00.103  1471  3451 D NotDeveloper: processing get from com.dsi.ant.server with arg ro.board.platform
02-23 02:05:00.103  1471  3451 I chatty  : uid=1000(system) Binder:1471_9 identical 3 lines
02-23 02:05:00.104  1471  3451 D NotDeveloper: processing get from com.dsi.ant.server with arg ro.board.platform
02-23 02:05:00.104  1471  3451 D NotDeveloper: processing getStringForUser from com.dsi.ant.server with arg copy_file_endtag
02-23 02:05:00.104  1471  3451 D NotDeveloper: processed getStringForUser(copy_file_endtag) without changing result
02-23 02:05:00.104  1471  3451 D NotDeveloper: processing getStringForUser from com.dsi.ant.server with arg copy_file_endtag
02-23 02:05:00.104  1471  3451 D NotDeveloper: processed getStringForUser(copy_file_endtag) without changing result
02-23 02:05:00.104  1471  3451 D NotDeveloper: processing get from com.dsi.ant.server with arg ro.board.platform
02-23 02:05:00.104  1471  3451 I chatty  : uid=1000(system) Binder:1471_9 identical 3 lines
02-23 02:05:00.105  1471  3451 D NotDeveloper: processing get from com.dsi.ant.server with arg ro.board.platform
02-23 02:05:00.105  1471  3451 D NotDeveloper: processing getStringForUser from com.dsi.ant.server with arg copy_file_endtag
02-23 02:05:00.105  1471  3451 D NotDeveloper: processed getStringForUser(copy_file_endtag) without changing result
02-23 02:05:00.105  1471  3451 D NotDeveloper: processing getStringForUser from com.dsi.ant.server with arg copy_file_endtag
02-23 02:05:00.105  1471  3451 D NotDeveloper: processed getStringForUser(copy_file_endtag) without changing result
02-23 02:05:00.105  1471  3451 D NotDeveloper: processing get from com.dsi.ant.server with arg ro.board.platform
02-23 02:05:00.106  1471  3451 I chatty  : uid=1000(system) Binder:1471_9 identical 3 lines
02-23 02:05:00.106  1471  3451 D NotDeveloper: processing get from com.dsi.ant.server with arg ro.board.platform
02-23 02:05:00.106  1471  3451 D NotDeveloper: processing getStringForUser from com.dsi.ant.server with arg copy_file_endtag
02-23 02:05:00.106  1471  3451 D NotDeveloper: processed getStringForUser(copy_file_endtag) without changing result
02-23 02:05:00.106  1471  3451 D NotDeveloper: processing getStringForUser from com.dsi.ant.server with arg copy_file_endtag
02-23 02:05:00.106  1471  3451 D NotDeveloper: processed getStringForUser(copy_file_endtag) without changing result
02-23 02:05:00.106  1471  3451 D NotDeveloper: processing get from com.dsi.ant.server with arg ro.board.platform
02-23 02:05:00.107  1471  3451 I chatty  : uid=1000(system) Binder:1471_9 identical 3 lines
02-23 02:05:00.107  1471  3451 D NotDeveloper: processing get from com.dsi.ant.server with arg ro.board.platform
02-23 02:05:00.107  1471  3451 D NotDeveloper: processing getStringForUser from com.dsi.ant.server with arg copy_file_endtag
02-23 02:05:00.107  1471  3451 D NotDeveloper: processed getStringForUser(copy_file_endtag) without changing result
02-23 02:05:00.107  1471  3451 D NotDeveloper: processing getStringForUser from com.dsi.ant.server with arg copy_file_endtag
02-23 02:05:00.107  1471  3451 D NotDeveloper: processed getStringForUser(copy_file_endtag) without changing result
02-23 02:05:00.107  1471  3451 D NotDeveloper: processing get from com.dsi.ant.server with arg ro.board.platform
02-23 02:05:00.108  1471  3451 I chatty  : uid=1000(system) Binder:1471_9 identical 3 lines
02-23 02:05:00.108  1471  3451 D NotDeveloper: processing get from com.dsi.ant.server with arg ro.board.platform
02-23 02:05:00.108  1471  3451 D NotDeveloper: processing getStringForUser from com.dsi.ant.server with arg copy_file_endtag
02-23 02:05:00.108  1471  3451 D NotDeveloper: processed getStringForUser(copy_file_endtag) without changing result
02-23 02:05:00.108  1471  3451 D NotDeveloper: processing getStringForUser from com.dsi.ant.server with arg copy_file_endtag
02-23 02:05:00.108  1471  3451 D NotDeveloper: processed getStringForUser(copy_file_endtag) without changing result
02-23 02:05:00.108  1471  3451 D NotDeveloper: processing get from com.dsi.ant.server with arg ro.board.platform
02-23 02:05:00.109  1471  3451 I chatty  : uid=1000(system) Binder:1471_9 identical 3 lines
02-23 02:05:00.109  1471  3451 D NotDeveloper: processing get from com.dsi.ant.server with arg ro.board.platform
02-23 02:05:00.109  1471  3451 D NotDeveloper: processing getStringForUser from com.dsi.ant.server with arg copy_file_endtag
02-23 02:05:00.109  1471  3451 D NotDeveloper: processed getStringForUser(copy_file_endtag) without changing result
02-23 02:05:00.109  1471  3451 D NotDeveloper: processing getStringForUser from com.dsi.ant.server with arg copy_file_endtag
02-23 02:05:00.109  1471  3451 D NotDeveloper: processed getStringForUser(copy_file_endtag) without changing result
02-23 02:05:00.109  1471  3451 D NotDeveloper: processing get from com.dsi.ant.server with arg ro.board.platform
02-23 02:05:00.109  1471  3451 I chatty  : uid=1000(system) Binder:1471_9 identical 3 lines
02-23 02:05:00.109  1471  3451 D NotDeveloper: processing get from com.dsi.ant.server with arg ro.board.platform
02-23 02:05:00.110  1471  3451 D NotDeveloper: processing getStringForUser from com.dsi.ant.server with arg copy_file_endtag
02-23 02:05:00.110  1471  3451 D NotDeveloper: processed getStringForUser(copy_file_endtag) without changing result
