--------- beginning of perf
02-23 00:57:00.207  1471  3767 I 100     : Open /system/priv-app/FusedLocation/FusedLocation.apk took:52ms
02-23 00:57:00.239  1471  3769 I 100     : Open /system/priv-app/FusedLocation/FusedLocation.apk took:73ms
02-23 00:57:00.255  1471  3768 I 100     : Open /system/priv-app/FusedLocation/FusedLocation.apk took:78ms
02-23 00:57:00.577  1471  3736 I 100     : Open /system/priv-app/Telecom/Telecom.apk took:482ms
02-23 00:57:00.651  1471  3735 I 100     : Open /system/priv-app/Telecom/Telecom.apk took:556ms
02-23 00:57:00.707  1471  3737 I 100     : Open /system/priv-app/Telecom/Telecom.apk took:612ms
02-23 00:57:01.246  3760  3760 I 309     : package:com.android.phone took:1037 calssname:android.app.ActivityThread$H callback:null what:110
02-23 00:57:01.354  2904  2904 I 309     : package:com.android.systemui took:2359 calssname:android.app.ActivityThread$H callback:null what:114
02-23 00:57:08.759  4579  4579 I 100     : Open /data/app/~~TsifplT8jDE4Nwne8ENGsg==/com.google.android.apps.wellbeing-M2DXO-lfEnE7kOpTTJ6skw==/base.apk took:82ms
02-23 00:57:09.553  4672  4672 I 100     : Open /data/app/~~H_gIp3nxzyq2yMxW_c054A==/com.google.android.googlequicksearchbox-ePajk4SqssSfJRKTf-oGMw==/base.apk took:233ms
02-23 00:57:10.440  5110  5110 I 100     : Open /data/app/~~v2MLmSR2lXdT3Aso_-KThQ==/com.google.android.projection.gearhead-krPf8PRAPVtXuHiwbb-sQQ==/base.apk took:125ms
02-23 00:57:10.891  4726  4726 I 309     : package:com.android.nfc took:1560 calssname:android.app.ActivityThread$H callback:null what:110
02-23 00:57:11.400  5557  5557 I 100     : Open /data/app/~~EMHQZ_XhySKjwsS9F860xA==/com.oneplus.gamespace-qF5g_3wzRx0csR7ZB3fdZg==/base.apk took:112ms
02-23 00:57:11.547  5638  5638 I 100     : Open /data/app/~~H_gIp3nxzyq2yMxW_c054A==/com.google.android.googlequicksearchbox-ePajk4SqssSfJRKTf-oGMw==/base.apk took:96ms
02-23 00:57:12.036  2788  2788 I 309     : package:net.oneplus.launcher took:2149 calssname:android.app.ActivityThread$H callback:null what:110
02-23 00:57:13.046  2904  3889 I 110     :  OptJank - total:87 frameGap:92 delta#66#18#9#0#0#2
02-23 00:57:13.457  2788  2788 I 309     : package:net.oneplus.launcher took:1421 calssname:android.app.ActivityThread$H callback:null what:159
02-23 00:57:14.088  1471  2578 I 322     : net.oneplus.launcher#10670#14858
02-23 00:57:14.573  1471  2581 I 300     : 509
02-23 00:57:15.158  6883  6883 I 100     : Open /data/app/~~6PlnOOX9VRcHcjuZ_VKLOw==/com.android.vending-EVB_iaCIvFCrw-1UEPEhHg==/base.apk took:174ms
02-23 00:57:15.299  2904  3889 I 111     :  OptJank - continuously drops frames:4
02-23 00:57:15.503  2904  3889 I 111     : OptJank - big and small
02-23 00:57:15.684  2904  3889 I 110     :  OptJank - total:96 frameGap:96 delta#83#15#6#7#0#0
02-23 00:57:15.865  6504  6845 I 100     : Open /data/app/~~4cz1r4shV35tmGD9fDhiFA==/com.google.android.gms-7zQf4gaHMsB3yk_zhZEPJQ==/split_DynamiteLoader_installtime.apk took:468ms
02-23 00:57:15.918  2904  3889 I 111     :  OptJank - continuously drops frames:4
02-23 00:57:15.940  6768  6768 I 309     : package:com.oneplus.mms took:1300 calssname:android.app.ActivityThread$H callback:null what:110
02-23 00:57:16.706  6504  6845 I 101     : #840
02-23 00:57:16.973  5688  5755 I 101     : #275
02-23 00:57:17.634  7678  7678 I 100     : Open /data/app/~~H_gIp3nxzyq2yMxW_c054A==/com.google.android.googlequicksearchbox-ePajk4SqssSfJRKTf-oGMw==/base.apk took:162ms
02-23 00:57:19.080  8411  8411 I 100     : Open /system/app/Traceur/Traceur.apk took:56ms
02-23 00:57:19.327  8532  8532 I 100     : Open /system/priv-app/OnePlusWizard/OnePlusWizard.apk took:106ms
02-23 00:57:24.238 10131 10131 I 309     : package:com.oneplus.opwlb took:1068 calssname:android.app.ActivityThread$H callback:android.app.-$$Lambda$LoadedApk$ReceiverDispatcher$Args$_BumDX2UKsnxLVrE6UJsJZkotuA@f7a75c4 what:0
02-23 00:57:25.897 11221 11221 I 100     : Open /data/app/~~6PlnOOX9VRcHcjuZ_VKLOw==/com.android.vending-EVB_iaCIvFCrw-1UEPEhHg==/base.apk took:80ms
02-23 00:57:33.839 12148 12148 I 100     : Open /data/app/~~DVOBl-1NHCYdWbDxI9Vshg==/com.google.android.apps.maps-tEMAEht8POXoomX5Buz22g==/base.apk took:208ms
02-23 00:57:34.861 12148 12148 I 309     : package:com.google.android.apps.maps took:1244 calssname:android.app.ActivityThread$H callback:null what:110
02-23 00:57:35.027 12148 12191 I 100     : Open /data/app/~~4cz1r4shV35tmGD9fDhiFA==/com.google.android.gms-7zQf4gaHMsB3yk_zhZEPJQ==/split_GoogleCertificates_installtime.apk took:53ms
02-23 00:57:36.328  1471  2578 I 322     : com.resukisu.resukisu#-1#983
02-23 00:57:37.223 12313 12313 I 309     : package:com.google.android.projection.gearhead took:1158 calssname:android.app.ActivityThread$H callback:null what:110
02-23 00:57:38.114 12471 12471 I 100     : Open /data/app/~~DVOBl-1NHCYdWbDxI9Vshg==/com.google.android.apps.maps-tEMAEht8POXoomX5Buz22g==/base.apk took:78ms
02-23 00:57:38.638 12501 12501 I 100     : Open /data/app/~~U9BflnOzWBHzH2iD3kBzWQ==/com.google.android.apps.photos-Rdc1jByi2e2watJIli7F6g==/base.apk took:114ms
02-23 00:57:38.805  2790 12298 I 110     :  OptJank - total:143 frameGap:156 delta#0#140#0#107#0#3
02-23 00:57:39.389 12555 12555 I 100     : Open /data/app/~~yE_aEEm-nG4lhYy0a2KIqw==/com.google.android.apps.tachyon--ipxxxTv8bFDoSNOTQqlhw==/base.apk took:113ms
02-23 00:57:56.568  1471  2578 I 322     : moe.haruue.wadb#642#980
02-23 00:57:56.725 13043 13043 I 100     : Open /data/app/~~abABbug0VrXQ3q4JxN-esQ==/com.google.android.apps.youtube.music-YXZbQ3KDHYrwTli1EXcHOQ==/base.apk took:92ms
02-23 00:57:57.914 13224 13224 I 100     : Open /data/app/~~pXI9UK18AUverFXJq6t5Hg==/com.google.android.calendar-2CkBJv8bdHLGEdp_7jfJsA==/base.apk took:103ms
02-23 00:57:59.119 13224 13224 I 309     : package:com.google.android.calendar took:1346 calssname:android.app.ActivityThread$H callback:null what:110
02-23 00:58:01.008 13431 13431 I 100     : Open /data/app/~~OxPw7XC-ppbwv68uIVeaBg==/com.google.android.gm-eBYDBpGZdjsMtEA2EvGSoA==/base.apk took:91ms
02-23 00:58:05.414 13431 13589 I 101     : #163
02-23 00:58:08.158 13655 13655 I 309     : package:com.android.providers.contacts took:1542 calssname:android.app.ActivityThread$H callback:null what:110
02-23 00:58:08.371  2788  2788 I 309     : package:net.oneplus.launcher took:1168 calssname:android.app.ActivityThread$H callback:null what:114
02-23 00:58:08.929 13698 13698 I 100     : Open /data/app/~~H_gIp3nxzyq2yMxW_c054A==/com.google.android.googlequicksearchbox-ePajk4SqssSfJRKTf-oGMw==/base.apk took:99ms
02-23 00:58:13.456  3760  3760 I 309     : package:com.android.phone took:1140 calssname:com.qualcomm.qti.internal.telephony.QtiServiceStateTracker callback:null what:4
02-23 00:58:19.172  3760  3760 I 309     : package:com.android.phone took:2679 calssname:android.app.ActivityThread$H callback:com.android.ims.-$$Lambda$FeatureConnector$1$Fr-H9dx1qByyvlwkxmZ3PK1oz7w@41fe46a what:0
02-23 00:58:20.452  3760  3760 I 309     : package:com.android.phone took:1080 calssname:com.qualcomm.qti.internal.telephony.QtiServiceStateTracker callback:null what:4
02-23 00:58:25.670  6883  6883 I 309     : package:com.android.vending took:9786 calssname:android.app.job.JobServiceEngine$JobHandler callback:null what:2
02-23 00:58:33.559  1471  2667 I 106     : System spent 201.0ms processing the last motion event: MotionEvent#MOVE
02-23 00:58:33.559  1471  2667 I 106     : System spent 201.0ms processing the last motion event: MotionEvent#MOVE
02-23 00:58:33.559  1471  2667 I 106     : System spent 201.0ms processing the last motion event: MotionEvent#MOVE
02-23 00:58:33.559  1471  2667 I 106     : System spent 201.0ms processing the last motion event: MotionEvent#MOVE
02-23 00:58:33.559  1471  2667 I 106     : System spent 201.0ms processing the last motion event: MotionEvent#MOVE
02-23 00:58:33.559  1471  2667 I 106     : System spent 199.0ms processing the last motion event: MotionEvent#MOVE
02-23 00:58:33.559  1471  2667 I 106     : System spent 198.0ms processing the last motion event: MotionEvent#MOVE
02-23 00:58:33.559  1471  2667 I 106     : System spent 197.0ms processing the last motion event: MotionEvent#MOVE
02-23 00:58:33.559  1471  2667 I 106     : System spent 197.0ms processing the last motion event: MotionEvent#MOVE
02-23 00:58:33.559  1471  2667 I 106     : System spent 197.0ms processing the last motion event: MotionEvent#MOVE
02-23 00:58:33.559  1471  2667 I 106     : System spent 197.0ms processing the last motion event: MotionEvent#MOVE
02-23 00:58:33.559  1471  2667 I 106     : System spent 196.0ms processing the last motion event: MotionEvent#MOVE
02-23 00:58:33.559  1471  2667 I 106     : System spent 196.0ms processing the last motion event: MotionEvent#MOVE
02-23 00:58:33.559  1471  2667 I 106     : System spent 195.0ms processing the last motion event: MotionEvent#MOVE
02-23 00:58:33.559  1471  2667 I 106     : System spent 195.0ms processing the last motion event: MotionEvent#MOVE
02-23 00:58:33.559  1471  2667 I 106     : System spent 195.0ms processing the last motion event: MotionEvent#MOVE
02-23 00:58:33.559  1471  2667 I 106     : System spent 194.0ms processing the last motion event: MotionEvent#MOVE
02-23 00:58:33.559  1471  2667 I 106     : System spent 193.0ms processing the last motion event: MotionEvent#MOVE
02-23 00:58:33.559  1471  2667 I 106     : System spent 193.0ms processing the last motion event: MotionEvent#MOVE
02-23 00:58:33.559  1471  2667 I 106     : System spent 193.0ms processing the last motion event: MotionEvent#MOVE
02-23 00:58:33.560  1471  2667 I 106     : System spent 193.0ms processing the last motion event: MotionEvent#MOVE
02-23 00:58:33.560  1471  2667 I 106     : System spent 192.0ms processing the last motion event: MotionEvent#MOVE
02-23 00:58:33.560  1471  2667 I 106     : System spent 192.0ms processing the last motion event: MotionEvent#MOVE
02-23 00:58:33.560  1471  2667 I 106     : System spent 192.0ms processing the last motion event: MotionEvent#MOVE
02-23 00:58:33.560  1471  2667 I 106     : System spent 192.0ms processing the last motion event: MotionEvent#MOVE
02-23 00:58:33.560  1471  2667 I 106     : System spent 191.0ms processing the last motion event: MotionEvent#MOVE
02-23 00:58:33.560  1471  2667 I 106     : System spent 191.0ms processing the last motion event: MotionEvent#MOVE
02-23 00:58:33.560  1471  2667 I 106     : System spent 191.0ms processing the last motion event: MotionEvent#MOVE
02-23 00:58:33.560  1471  2667 I 106     : System spent 191.0ms processing the last motion event: MotionEvent#MOVE
02-23 00:58:33.560  1471  2667 I 106     : System spent 190.0ms processing the last motion event: MotionEvent#MOVE
02-23 00:58:33.560  1471  2667 I 106     : System spent 190.0ms processing the last motion event: MotionEvent#MOVE
02-23 00:58:33.560  1471  2667 I 106     : System spent 190.0ms processing the last motion event: MotionEvent#MOVE
02-23 00:58:33.560  1471  2667 I 106     : System spent 190.0ms processing the last motion event: MotionEvent#MOVE
02-23 00:58:33.560  1471  2667 I 106     : System spent 189.0ms processing the last motion event: MotionEvent#MOVE
02-23 00:58:33.560  1471  2667 I 106     : System spent 189.0ms processing the last motion event: MotionEvent#MOVE
02-23 00:58:33.560  1471  2667 I 106     : System spent 189.0ms processing the last motion event: MotionEvent#MOVE
02-23 00:58:33.560  1471  2667 I 106     : System spent 189.0ms processing the last motion event: MotionEvent#MOVE
02-23 00:58:33.560  1471  2667 I 106     : System spent 188.0ms processing the last motion event: MotionEvent#MOVE
02-23 00:58:33.560  1471  2667 I 106     : System spent 188.0ms processing the last motion event: MotionEvent#MOVE
02-23 00:58:33.560  1471  2667 I 106     : System spent 187.0ms processing the last motion event: MotionEvent#MOVE
02-23 00:58:33.560  1471  2667 I 106     : System spent 187.0ms processing the last motion event: MotionEvent#MOVE
02-23 00:58:33.560  1471  2667 I 106     : System spent 186.0ms processing the last motion event: MotionEvent#MOVE
02-23 00:58:33.562  1471  2667 I 106     : System spent 143.2ms processing the last motion event: MotionEvent#MOVE
02-23 00:58:33.562  1471  2667 I 106     : System spent 142.2ms processing the last motion event: MotionEvent#MOVE
02-23 00:58:33.562  1471  2667 I 106     : System spent 142.2ms processing the last motion event: MotionEvent#MOVE
02-23 00:58:33.562  1471  2667 I 106     : System spent 142.2ms processing the last motion event: MotionEvent#MOVE
02-23 00:58:33.562  1471  2667 I 106     : System spent 142.2ms processing the last motion event: MotionEvent#MOVE
02-23 00:58:33.562  1471  2667 I 106     : System spent 141.2ms processing the last motion event: MotionEvent#MOVE
02-23 00:58:33.562  1471  2667 I 106     : System spent 141.2ms processing the last motion event: MotionEvent#MOVE
02-23 00:58:33.562  1471  2667 I 106     : System spent 141.2ms processing the last motion event: MotionEvent#MOVE
02-23 00:58:33.562  1471  2667 I 106     : System spent 140.2ms processing the last motion event: MotionEvent#MOVE
02-23 00:58:33.562  1471  2667 I 106     : System spent 140.2ms processing the last motion event: MotionEvent#MOVE
02-23 00:58:33.562  1471  2667 I 106     : System spent 139.2ms processing the last motion event: MotionEvent#MOVE
02-23 00:58:33.562  1471  2667 I 106     : System spent 138.2ms processing the last motion event: MotionEvent#MOVE
02-23 00:58:33.562  1471  2667 I 106     : System spent 138.2ms processing the last motion event: MotionEvent#MOVE
02-23 00:58:33.562  1471  2667 I 106     : System spent 138.2ms processing the last motion event: MotionEvent#MOVE
02-23 00:58:33.562  1471  2667 I 106     : System spent 137.2ms processing the last motion event: MotionEvent#MOVE
02-23 00:58:33.562  1471  2667 I 106     : System spent 137.2ms processing the last motion event: MotionEvent#MOVE
02-23 00:58:33.562  1471  2667 I 106     : System spent 137.2ms processing the last motion event: MotionEvent#MOVE
02-23 00:58:33.562  1471  2667 I 106     : System spent 137.2ms processing the last motion event: MotionEvent#MOVE
02-23 00:58:33.562  1471  2667 I 106     : System spent 136.2ms processing the last motion event: MotionEvent#MOVE
02-23 00:58:33.562  1471  2667 I 106     : System spent 136.2ms processing the last motion event: MotionEvent#MOVE
02-23 00:58:33.562  1471  2667 I 106     : System spent 136.2ms processing the last motion event: MotionEvent#MOVE
02-23 00:58:33.562  1471  2667 I 106     : System spent 136.2ms processing the last motion event: MotionEvent#MOVE
02-23 00:58:33.562  1471  2667 I 106     : System spent 135.2ms processing the last motion event: MotionEvent#MOVE
02-23 00:58:33.562  1471  2667 I 106     : System spent 135.2ms processing the last motion event: MotionEvent#MOVE
02-23 00:58:33.562  1471  2667 I 106     : System spent 135.2ms processing the last motion event: MotionEvent#MOVE
02-23 00:58:33.562  1471  2667 I 106     : System spent 135.2ms processing the last motion event: MotionEvent#MOVE
02-23 00:58:33.562  1471  2667 I 106     : System spent 135.2ms processing the last motion event: MotionEvent#MOVE
02-23 00:58:33.562  1471  2667 I 106     : System spent 134.2ms processing the last motion event: MotionEvent#MOVE
02-23 00:58:33.562  1471  2667 I 106     : System spent 134.2ms processing the last motion event: MotionEvent#MOVE
02-23 00:58:33.562  1471  2667 I 106     : System spent 134.2ms processing the last motion event: MotionEvent#MOVE
02-23 00:58:33.562  1471  2667 I 106     : System spent 134.2ms processing the last motion event: MotionEvent#MOVE
02-23 00:58:33.562  1471  2667 I 106     : System spent 133.2ms processing the last motion event: MotionEvent#MOVE
02-23 00:58:33.562  1471  2667 I 106     : System spent 133.2ms processing the last motion event: MotionEvent#MOVE
02-23 00:58:33.562  1471  2667 I 106     : System spent 133.2ms processing the last motion event: MotionEvent#MOVE
02-23 00:58:33.562  1471  2667 I 106     : System spent 133.2ms processing the last motion event: MotionEvent#MOVE
02-23 00:58:33.562  1471  2667 I 106     : System spent 132.2ms processing the last motion event: MotionEvent#MOVE
02-23 00:58:33.562  1471  2667 I 106     : System spent 132.2ms processing the last motion event: MotionEvent#MOVE
02-23 00:58:33.562  1471  2667 I 106     : System spent 132.2ms processing the last motion event: MotionEvent#MOVE
02-23 00:58:33.562  1471  2667 I 106     : System spent 132.2ms processing the last motion event: MotionEvent#MOVE
02-23 00:58:33.562  1471  2667 I 106     : System spent 131.2ms processing the last motion event: MotionEvent#MOVE
02-23 00:58:33.562  1471  2667 I 106     : System spent 131.2ms processing the last motion event: MotionEvent#MOVE
02-23 00:58:33.562  1471  2667 I 106     : System spent 131.2ms processing the last motion event: MotionEvent#MOVE
02-23 00:58:33.562  1471  2667 I 106     : System spent 131.2ms processing the last motion event: MotionEvent#MOVE
02-23 00:58:33.562  1471  2667 I 106     : System spent 131.2ms processing the last motion event: MotionEvent#MOVE
02-23 00:58:33.562  1471  2667 I 106     : System spent 130.2ms processing the last motion event: MotionEvent#MOVE
02-23 00:58:33.562  1471  2667 I 106     : System spent 130.2ms processing the last motion event: MotionEvent#MOVE
02-23 00:58:33.562  1471  2667 I 106     : System spent 130.2ms processing the last motion event: MotionEvent#MOVE
02-23 00:58:33.562  1471  2667 I 106     : System spent 130.2ms processing the last motion event: MotionEvent#MOVE
02-23 00:58:33.562  1471  2667 I 106     : System spent 130.2ms processing the last motion event: MotionEvent#MOVE
02-23 00:58:33.562  1471  2667 I 106     : System spent 130.2ms processing the last motion event: MotionEvent#MOVE
02-23 00:58:33.562  1471  2667 I 106     : System spent 129.2ms processing the last motion event: MotionEvent#MOVE
02-23 00:58:33.562  1471  2667 I 106     : System spent 129.2ms processing the last motion event: MotionEvent#MOVE
02-23 00:58:33.564  1471  2667 I 106     : System spent 132.2ms processing the last motion event: MotionEvent#MOVE
02-23 00:58:33.564  1471  2667 I 106     : System spent 132.2ms processing the last motion event: MotionEvent#MOVE
02-23 00:58:33.564  1471  2667 I 106     : System spent 132.2ms processing the last motion event: MotionEvent#MOVE
02-23 00:58:33.565  1471  2667 I 106     : System spent 132.2ms processing the last motion event: MotionEvent#MOVE
02-23 00:58:33.565  1471  2667 I 106     : System spent 131.2ms processing the last motion event: MotionEvent#MOVE
02-23 00:58:33.565  1471  2667 I 106     : System spent 131.2ms processing the last motion event: MotionEvent#MOVE
02-23 00:58:33.565  1471  2667 I 106     : System spent 130.2ms processing the last motion event: MotionEvent#MOVE
02-23 00:58:33.565  1471  2667 I 106     : System spent 130.2ms processing the last motion event: MotionEvent#MOVE
02-23 00:58:33.565  1471  2667 I 106     : System spent 130.2ms processing the last motion event: MotionEvent#MOVE
02-23 00:58:33.565  1471  2667 I 106     : System spent 130.2ms processing the last motion event: MotionEvent#MOVE
02-23 00:58:33.565  1471  2667 I 106     : System spent 130.2ms processing the last motion event: MotionEvent#MOVE
02-23 00:58:33.565  1471  2667 I 106     : System spent 130.2ms processing the last motion event: MotionEvent#MOVE
02-23 00:58:33.565  1471  2667 I 106     : System spent 129.2ms processing the last motion event: MotionEvent#MOVE
02-23 00:58:33.565  1471  2667 I 106     : System spent 129.2ms processing the last motion event: MotionEvent#MOVE
02-23 00:58:33.565  1471  2667 I 106     : System spent 129.2ms processing the last motion event: MotionEvent#MOVE
02-23 00:58:33.565  1471  2667 I 106     : System spent 129.2ms processing the last motion event: MotionEvent#MOVE
02-23 00:58:33.565  1471  2667 I 106     : System spent 129.2ms processing the last motion event: MotionEvent#MOVE
02-23 00:58:33.565  1471  2667 I 106     : System spent 127.2ms processing the last motion event: MotionEvent#MOVE
02-23 00:58:33.565  1471  2667 I 106     : System spent 127.2ms processing the last motion event: MotionEvent#MOVE
02-23 00:58:33.565  1471  2667 I 106     : System spent 127.2ms processing the last motion event: MotionEvent#MOVE
02-23 00:58:33.565  1471  2667 I 106     : System spent 126.2ms processing the last motion event: MotionEvent#MOVE
02-23 00:58:33.565  1471  2667 I 106     : System spent 126.2ms processing the last motion event: MotionEvent#MOVE
02-23 00:58:33.565  1471  2667 I 106     : System spent 126.2ms processing the last motion event: MotionEvent#MOVE
02-23 00:58:33.565  1471  2667 I 106     : System spent 126.2ms processing the last motion event: MotionEvent#MOVE
02-23 00:58:33.565  1471  2667 I 106     : System spent 126.2ms processing the last motion event: MotionEvent#MOVE
02-23 00:58:33.565  1471  2667 I 106     : System spent 125.2ms processing the last motion event: MotionEvent#MOVE
02-23 00:58:33.565  1471  2667 I 106     : System spent 125.2ms processing the last motion event: MotionEvent#MOVE
02-23 00:58:33.565  1471  2667 I 106     : System spent 125.2ms processing the last motion event: MotionEvent#MOVE
02-23 00:58:33.565  1471  2667 I 106     : System spent 124.2ms processing the last motion event: MotionEvent#MOVE
02-23 00:58:33.565  1471  2667 I 106     : System spent 124.2ms processing the last motion event: MotionEvent#MOVE
02-23 00:58:33.565  1471  2667 I 106     : System spent 124.2ms processing the last motion event: MotionEvent#MOVE
02-23 00:58:33.565  1471  2667 I 106     : System spent 124.2ms processing the last motion event: MotionEvent#MOVE
02-23 00:58:33.565  1471  2667 I 106     : System spent 124.2ms processing the last motion event: MotionEvent#MOVE
02-23 00:58:33.565  1471  2667 I 106     : System spent 123.2ms processing the last motion event: MotionEvent#MOVE
02-23 00:58:33.565  1471  2667 I 106     : System spent 123.2ms processing the last motion event: MotionEvent#MOVE
02-23 00:58:33.565  1471  2667 I 106     : System spent 122.2ms processing the last motion event: MotionEvent#MOVE
02-23 00:58:33.565  1471  2667 I 106     : System spent 122.2ms processing the last motion event: MotionEvent#MOVE
02-23 00:58:33.565  1471  2667 I 106     : System spent 122.2ms processing the last motion event: MotionEvent#MOVE
02-23 00:58:33.565  1471  2667 I 106     : System spent 121.2ms processing the last motion event: MotionEvent#MOVE
02-23 00:58:33.565  1471  2667 I 106     : System spent 121.2ms processing the last motion event: MotionEvent#MOVE
02-23 00:58:33.565  1471  2667 I 106     : System spent 121.2ms processing the last motion event: MotionEvent#MOVE
02-23 00:58:33.565  1471  2667 I 106     : System spent 121.2ms processing the last motion event: MotionEvent#MOVE
02-23 00:58:33.565  1471  2667 I 106     : System spent 120.2ms processing the last motion event: MotionEvent#MOVE
02-23 00:58:33.565  1471  2667 I 106     : System spent 110.2ms processing the last motion event: MotionEvent#MOVE
02-23 00:58:33.565  1471  2667 I 106     : System spent 109.2ms processing the last motion event: MotionEvent#MOVE
02-23 00:58:33.565  1471  2667 I 106     : System spent 109.2ms processing the last motion event: MotionEvent#MOVE
02-23 00:58:33.565  1471  2667 I 106     : System spent 108.2ms processing the last motion event: MotionEvent#MOVE
02-23 00:58:33.565  1471  2667 I 106     : System spent 108.2ms processing the last motion event: MotionEvent#MOVE
02-23 00:58:33.565  1471  2667 I 106     : System spent 108.2ms processing the last motion event: MotionEvent#MOVE
02-23 00:58:33.565  1471  2667 I 106     : System spent 108.2ms processing the last motion event: MotionEvent#MOVE
02-23 00:58:33.565  1471  2667 I 106     : System spent 108.2ms processing the last motion event: MotionEvent#MOVE
02-23 00:58:33.565  1471  2667 I 106     : System spent 107.2ms processing the last motion event: MotionEvent#MOVE
02-23 00:58:33.746  1471  2667 I 106     : System spent 109.7ms processing the last motion event: MotionEvent#MOVE
02-23 00:58:33.746  1471  2667 I 106     : System spent 109.7ms processing the last motion event: MotionEvent#MOVE
02-23 00:58:33.746  1471  2667 I 106     : System spent 108.7ms processing the last motion event: MotionEvent#MOVE
02-23 00:58:33.746  1471  2667 I 106     : System spent 108.7ms processing the last motion event: MotionEvent#MOVE
02-23 00:58:33.746  1471  2667 I 106     : System spent 105.7ms processing the last motion event: MotionEvent#MOVE
02-23 00:58:33.746  1471  2667 I 106     : System spent 105.7ms processing the last motion event: MotionEvent#MOVE
02-23 00:58:33.746  1471  2667 I 106     : System spent 105.7ms processing the last motion event: MotionEvent#MOVE
02-23 00:58:33.746  1471  2667 I 106     : System spent 104.7ms processing the last motion event: MotionEvent#MOVE
02-23 00:58:33.746  1471  2667 I 106     : System spent 104.7ms processing the last motion event: MotionEvent#MOVE
02-23 00:58:33.746  1471  2667 I 106     : System spent 104.7ms processing the last motion event: MotionEvent#MOVE
02-23 00:58:33.746  1471  2667 I 106     : System spent 104.7ms processing the last motion event: MotionEvent#MOVE
02-23 00:58:33.747  1471  2667 I 106     : System spent 104.7ms processing the last motion event: MotionEvent#MOVE
02-23 00:58:33.747  1471  2667 I 106     : System spent 103.7ms processing the last motion event: MotionEvent#MOVE
02-23 00:58:33.747  1471  2667 I 106     : System spent 103.7ms processing the last motion event: MotionEvent#MOVE
02-23 00:58:33.747  1471  2667 I 106     : System spent 103.7ms processing the last motion event: MotionEvent#MOVE
02-23 00:58:33.747  1471  2667 I 106     : System spent 102.7ms processing the last motion event: MotionEvent#MOVE
02-23 00:58:33.747  1471  2667 I 106     : System spent 102.7ms processing the last motion event: MotionEvent#MOVE
02-23 00:58:33.747  1471  2667 I 106     : System spent 102.7ms processing the last motion event: MotionEvent#MOVE
02-23 00:58:33.747  1471  2667 I 106     : System spent 102.7ms processing the last motion event: MotionEvent#MOVE
02-23 00:58:33.747  1471  2667 I 106     : System spent 101.7ms processing the last motion event: MotionEvent#MOVE
02-23 00:58:33.768  1471  2667 I 106     : System spent 128.4ms processing the last motion event: MotionEvent#MOVE
02-23 00:58:33.769  1471  2667 I 106     : System spent 128.4ms processing the last motion event: MotionEvent#MOVE
02-23 00:58:33.769  1471  2667 I 106     : System spent 128.4ms processing the last motion event: MotionEvent#MOVE
02-23 00:58:33.769  1471  2667 I 106     : System spent 128.4ms processing the last motion event: MotionEvent#MOVE
02-23 00:58:33.769  1471  2667 I 106     : System spent 128.4ms processing the last motion event: MotionEvent#MOVE
02-23 00:58:33.769  1471  2667 I 106     : System spent 127.4ms processing the last motion event: MotionEvent#MOVE
02-23 00:58:33.769  1471  2667 I 106     : System spent 127.4ms processing the last motion event: MotionEvent#MOVE
02-23 00:58:33.769  1471  2667 I 106     : System spent 127.4ms processing the last motion event: MotionEvent#MOVE
02-23 00:58:33.769  1471  2667 I 106     : System spent 127.4ms processing the last motion event: MotionEvent#MOVE
02-23 00:58:33.769  1471  2667 I 106     : System spent 127.4ms processing the last motion event: MotionEvent#MOVE
02-23 00:58:33.769  1471  2667 I 106     : System spent 126.4ms processing the last motion event: MotionEvent#MOVE
02-23 00:58:33.769  1471  2667 I 106     : System spent 126.4ms processing the last motion event: MotionEvent#MOVE
02-23 00:58:33.769  1471  2667 I 106     : System spent 126.4ms processing the last motion event: MotionEvent#MOVE
02-23 00:58:33.769  1471  2667 I 106     : System spent 126.4ms processing the last motion event: MotionEvent#MOVE
02-23 00:58:33.769  1471  2667 I 106     : System spent 125.4ms processing the last motion event: MotionEvent#MOVE
02-23 00:58:33.769  1471  2667 I 106     : System spent 125.4ms processing the last motion event: MotionEvent#MOVE
02-23 00:58:33.769  1471  2667 I 106     : System spent 125.4ms processing the last motion event: MotionEvent#MOVE
02-23 00:58:33.769  1471  2667 I 106     : System spent 124.4ms processing the last motion event: MotionEvent#MOVE
02-23 00:58:33.769  1471  2667 I 106     : System spent 124.4ms processing the last motion event: MotionEvent#MOVE
02-23 00:58:33.769  1471  2667 I 106     : System spent 124.4ms processing the last motion event: MotionEvent#MOVE
02-23 00:58:33.769  1471  2667 I 106     : System spent 123.4ms processing the last motion event: MotionEvent#MOVE
02-23 00:58:33.769  1471  2667 I 106     : System spent 123.4ms processing the last motion event: MotionEvent#MOVE
02-23 00:58:33.769  1471  2667 I 106     : System spent 123.4ms processing the last motion event: MotionEvent#MOVE
02-23 00:58:33.769  1471  2667 I 106     : System spent 123.4ms processing the last motion event: MotionEvent#MOVE
02-23 00:58:33.769  1471  2667 I 106     : System spent 122.4ms processing the last motion event: MotionEvent#MOVE
02-23 00:58:33.769  1471  2667 I 106     : System spent 122.4ms processing the last motion event: MotionEvent#MOVE
02-23 00:58:33.769  1471  2667 I 106     : System spent 122.4ms processing the last motion event: MotionEvent#MOVE
02-23 00:58:33.769  1471  2667 I 106     : System spent 122.4ms processing the last motion event: MotionEvent#MOVE
02-23 00:58:33.769  1471  2667 I 106     : System spent 121.4ms processing the last motion event: MotionEvent#MOVE
02-23 00:58:33.769  1471  2667 I 106     : System spent 121.4ms processing the last motion event: MotionEvent#MOVE
02-23 00:58:33.769  1471  2667 I 106     : System spent 121.4ms processing the last motion event: MotionEvent#MOVE
02-23 00:58:33.769  1471  2667 I 106     : System spent 121.4ms processing the last motion event: MotionEvent#MOVE
02-23 00:58:33.769  1471  2667 I 106     : System spent 119.4ms processing the last motion event: MotionEvent#MOVE
02-23 00:58:33.769  1471  2667 I 106     : System spent 118.4ms processing the last motion event: MotionEvent#MOVE
02-23 00:58:33.769  1471  2667 I 106     : System spent 118.4ms processing the last motion event: MotionEvent#MOVE
02-23 00:58:33.769  1471  2667 I 106     : System spent 118.4ms processing the last motion event: MotionEvent#MOVE
02-23 00:58:33.769  1471  2667 I 106     : System spent 117.4ms processing the last motion event: MotionEvent#MOVE
02-23 00:58:33.769  1471  2667 I 106     : System spent 116.4ms processing the last motion event: MotionEvent#MOVE
02-23 00:58:33.769  1471  2667 I 106     : System spent 116.4ms processing the last motion event: MotionEvent#MOVE
02-23 00:58:33.769  1471  2667 I 106     : System spent 115.4ms processing the last motion event: MotionEvent#MOVE
02-23 00:58:33.770  1471  2667 I 106     : System spent 115.4ms processing the last motion event: MotionEvent#MOVE
02-23 00:58:33.770  1471  2667 I 106     : System spent 115.4ms processing the last motion event: MotionEvent#MOVE
02-23 00:58:33.770  1471  2667 I 106     : System spent 114.4ms processing the last motion event: MotionEvent#MOVE
02-23 00:58:33.770  1471  2667 I 106     : System spent 114.4ms processing the last motion event: MotionEvent#MOVE
02-23 00:58:33.770  1471  2667 I 106     : System spent 114.4ms processing the last motion event: MotionEvent#MOVE
02-23 00:58:33.770  1471  2667 I 106     : System spent 113.4ms processing the last motion event: MotionEvent#MOVE
02-23 00:58:33.770  1471  2667 I 106     : System spent 113.4ms processing the last motion event: MotionEvent#MOVE
02-23 00:58:33.770  1471  2667 I 106     : System spent 113.4ms processing the last motion event: MotionEvent#MOVE
02-23 00:58:33.770  1471  2667 I 106     : System spent 113.4ms processing the last motion event: MotionEvent#MOVE
02-23 00:58:33.770  1471  2667 I 106     : System spent 108.4ms processing the last motion event: MotionEvent#MOVE
02-23 00:58:33.770  1471  2667 I 106     : System spent 114.9ms processing the last motion event: MotionEvent#MOVE
02-23 00:58:33.770  1471  2667 I 106     : System spent 113.9ms processing the last motion event: MotionEvent#MOVE
02-23 00:58:33.770  1471  2667 I 106     : System spent 112.9ms processing the last motion event: MotionEvent#MOVE
02-23 00:58:33.770  1471  2667 I 106     : System spent 112.9ms processing the last motion event: MotionEvent#MOVE
02-23 00:58:33.770  1471  2667 I 106     : System spent 110.9ms processing the last motion event: MotionEvent#MOVE
02-23 00:58:33.770  1471  2667 I 106     : System spent 107.9ms processing the last motion event: MotionEvent#MOVE
02-23 00:58:33.770  1471  2667 I 106     : System spent 106.9ms processing the last motion event: MotionEvent#MOVE
02-23 00:58:35.412 14085 14085 I 309     : package:com.android.phone took:6721 calssname:android.app.ActivityThread$H callback:null what:110
02-23 00:58:35.444 14974 14974 I 309     : package:com.google.android.partnersetup took:1393 calssname:android.app.ActivityThread$H callback:null what:113
02-23 00:58:37.294 15946 15946 I 309     : package:com.google.android.setupwizard took:1452 calssname:android.app.ActivityThread$H callback:null what:110
02-23 00:58:40.679 17382 17382 I 309     : package:com.google.android.videos took:1301 calssname:android.app.ActivityThread$H callback:null what:110
02-23 00:58:41.716 18147 18147 I 100     : Open /data/app/~~N_FJpyiX4vKyyQ9Yb-bT-w==/com.google.android.youtube-nv9QM-cBrk9hs12gb5kwSg==/base.apk took:96ms
02-23 00:58:42.791 18147 18600 I 100     : Open /data/user/0/com.google.android.youtube/app_pccache2/5/8C5AE28E06233ED046257CCB628AC34047ABB1F1/pcam.jar took:76ms
02-23 00:58:45.775 14085 14085 I 309     : package:com.android.phone took:1436 calssname:com.qualcomm.qti.internal.telephony.QtiSubscriptionInfoUpdater callback:null what:3
02-23 00:58:48.301 18793 18793 I 309     : package:com.oneplus.contacts took:2349 calssname:android.app.ActivityThread$H callback:null what:110
02-23 00:58:51.262  1471  2667 I 106     : System spent 130.6ms processing the last motion event: MotionEvent#MOVE
02-23 00:58:51.262  1471  2667 I 106     : System spent 130.6ms processing the last motion event: MotionEvent#MOVE
02-23 00:58:51.262  1471  2667 I 106     : System spent 127.6ms processing the last motion event: MotionEvent#MOVE
02-23 00:58:51.637  1471  2667 I 106     : System spent 111.0ms processing the last motion event: MotionEvent#MOVE
02-23 00:58:51.638  1471  2667 I 106     : System spent 111.0ms processing the last motion event: MotionEvent#MOVE
02-23 00:58:51.638  1471  2667 I 106     : System spent 110.0ms processing the last motion event: MotionEvent#MOVE
02-23 00:58:51.638  1471  2667 I 106     : System spent 110.0ms processing the last motion event: MotionEvent#MOVE
02-23 00:58:51.638  1471  2667 I 106     : System spent 110.0ms processing the last motion event: MotionEvent#MOVE
02-23 00:58:51.638  1471  2667 I 106     : System spent 110.0ms processing the last motion event: MotionEvent#MOVE
02-23 00:58:51.638  1471  2667 I 106     : System spent 109.0ms processing the last motion event: MotionEvent#MOVE
02-23 00:58:51.638  1471  2667 I 106     : System spent 108.0ms processing the last motion event: MotionEvent#MOVE
02-23 00:58:51.638  1471  2667 I 106     : System spent 108.0ms processing the last motion event: MotionEvent#MOVE
02-23 00:58:51.638  1471  2667 I 106     : System spent 108.0ms processing the last motion event: MotionEvent#MOVE
02-23 00:58:51.638  1471  2667 I 106     : System spent 108.0ms processing the last motion event: MotionEvent#MOVE
02-23 00:58:51.638  1471  2667 I 106     : System spent 107.0ms processing the last motion event: MotionEvent#MOVE
02-23 00:58:51.638  1471  2667 I 106     : System spent 107.0ms processing the last motion event: MotionEvent#MOVE
02-23 00:58:51.638  1471  2667 I 106     : System spent 107.0ms processing the last motion event: MotionEvent#MOVE
02-23 00:58:51.638  1471  2667 I 106     : System spent 107.0ms processing the last motion event: MotionEvent#MOVE
02-23 00:58:51.638  1471  2667 I 106     : System spent 107.0ms processing the last motion event: MotionEvent#MOVE
02-23 00:58:51.638  1471  2667 I 106     : System spent 106.0ms processing the last motion event: MotionEvent#MOVE
02-23 00:58:51.638  1471  2667 I 106     : System spent 106.0ms processing the last motion event: MotionEvent#MOVE
02-23 00:58:51.638  1471  2667 I 106     : System spent 106.0ms processing the last motion event: MotionEvent#MOVE
02-23 00:58:51.638  1471  2667 I 106     : System spent 106.0ms processing the last motion event: MotionEvent#MOVE
02-23 00:58:51.638  1471  2667 I 106     : System spent 106.0ms processing the last motion event: MotionEvent#MOVE
02-23 00:58:51.638  1471  2667 I 106     : System spent 105.0ms processing the last motion event: MotionEvent#MOVE
02-23 00:58:51.638  1471  2667 I 106     : System spent 105.0ms processing the last motion event: MotionEvent#MOVE
02-23 00:58:51.638  1471  2667 I 106     : System spent 105.0ms processing the last motion event: MotionEvent#MOVE
02-23 00:58:51.638  1471  2667 I 106     : System spent 105.0ms processing the last motion event: MotionEvent#MOVE
02-23 00:58:51.638  1471  2667 I 106     : System spent 105.0ms processing the last motion event: MotionEvent#MOVE
02-23 00:58:51.638  1471  2667 I 106     : System spent 105.0ms processing the last motion event: MotionEvent#MOVE
02-23 00:58:51.638  1471  2667 I 106     : System spent 104.0ms processing the last motion event: MotionEvent#MOVE
02-23 00:58:51.638  1471  2667 I 106     : System spent 104.0ms processing the last motion event: MotionEvent#MOVE
02-23 00:58:51.638  1471  2667 I 106     : System spent 104.0ms processing the last motion event: MotionEvent#MOVE
02-23 00:58:51.638  1471  2667 I 106     : System spent 104.0ms processing the last motion event: MotionEvent#MOVE
02-23 00:58:51.638  1471  2667 I 106     : System spent 103.0ms processing the last motion event: MotionEvent#MOVE
02-23 00:58:51.638  1471  2667 I 106     : System spent 103.0ms processing the last motion event: MotionEvent#MOVE
02-23 00:58:51.638  1471  2667 I 106     : System spent 103.0ms processing the last motion event: MotionEvent#MOVE
02-23 00:58:51.638  1471  2667 I 106     : System spent 102.0ms processing the last motion event: MotionEvent#MOVE
02-23 00:58:51.638  1471  2667 I 106     : System spent 102.0ms processing the last motion event: MotionEvent#MOVE
02-23 00:58:51.638  1471  2667 I 106     : System spent 102.0ms processing the last motion event: MotionEvent#MOVE
02-23 00:58:51.638  1471  2667 I 106     : System spent 102.0ms processing the last motion event: MotionEvent#MOVE
02-23 00:58:51.638  1471  2667 I 106     : System spent 101.0ms processing the last motion event: MotionEvent#MOVE
02-23 00:58:51.638  1471  2667 I 106     : System spent 101.0ms processing the last motion event: MotionEvent#MOVE
02-23 00:58:51.638  1471  2667 I 106     : System spent 101.0ms processing the last motion event: MotionEvent#MOVE
02-23 00:58:52.122 18985 18985 I 309     : package:com.oneplus.mms took:1420 calssname:android.app.ActivityThread$H callback:null what:110
02-23 00:59:01.700 19904 19904 I 100     : Open /data/app/~~H_gIp3nxzyq2yMxW_c054A==/com.google.android.googlequicksearchbox-ePajk4SqssSfJRKTf-oGMw==/base.apk took:103ms
02-23 00:59:14.712 20283 20283 I 100     : Open /data/app/~~abABbug0VrXQ3q4JxN-esQ==/com.google.android.apps.youtube.music-YXZbQ3KDHYrwTli1EXcHOQ==/base.apk took:72ms
02-23 01:00:07.286 24063 24063 I 309     : package:com.oneplus.account took:1279 calssname:android.app.ActivityThread$H callback:null what:110
02-23 01:00:59.076 25256 25280 I 101     : #270
02-23 01:01:09.928  1471  2581 I 300     : 258
02-23 01:01:24.859  1471  2581 I 300     : 61
02-23 01:02:17.929 29669 29669 I 309     : package:com.oneplus.opwlb took:1238 calssname:android.app.ActivityThread$H callback:null what:110
02-23 01:02:18.025 29608 29608 I 309     : package:com.google.android.setupwizard took:2202 calssname:android.app.ActivityThread$H callback:null what:110
02-23 01:03:10.449  1471  2581 I 300     : 185
02-23 01:03:11.522 29955 29955 I 100     : Open /data/app/~~DVOBl-1NHCYdWbDxI9Vshg==/com.google.android.apps.maps-tEMAEht8POXoomX5Buz22g==/base.apk took:105ms
02-23 01:03:15.734  2904  3889 I 110     :  OptJank - total:88 frameGap:108 delta#83#3#3#0#0#1
02-23 01:15:01.143 19457 19457 I 100     : Open /data/app/~~H_gIp3nxzyq2yMxW_c054A==/com.google.android.googlequicksearchbox-ePajk4SqssSfJRKTf-oGMw==/base.apk took:114ms
02-23 01:15:02.698 20170 20170 I 100     : Open /data/app/~~H_gIp3nxzyq2yMxW_c054A==/com.google.android.googlequicksearchbox-ePajk4SqssSfJRKTf-oGMw==/base.apk took:121ms
02-23 01:46:42.536  1471  2581 I 300     : 208
02-23 01:46:43.689  2904  3889 I 110     :  OptJank - total:171 frameGap:173 delta#150#20#15#1#0#0
--------- beginning of system
02-23 01:49:32.842 19048 19048 I OPFont  : FEATURE_DYNAMIC_FONT V2 ? true
02-23 01:49:32.865  1471  2562 W BroadcastQueue: Skipping deliver [background] BroadcastRecord{32ee69c u-1 android.net.conn.CONNECTIVITY_CHANGE} to ReceiverList{de3e8a5 19048 (unknown name)/2000/u-1 remote:4fbdf6e}: process gone or crashing
02-23 01:49:32.883  1471  2615 I ActivityTaskManager: START u0 {act=android.intent.action.MAIN cat=[android.intent.category.LAUNCHER] flg=0x10200000 cmp=com.nsdlpb.jiffy/.MainActivity} from uid 2000 pid 19048
02-23 01:49:32.890  1471  2615 V ActivityTaskManager: checkAndUpdateLocalList list: [com.android.chrome, com.autonavi.minimap, com.shuqiyuedu823.google, com.snapchat.android, com.google.android.youtube, com.amazon.avod.thirdpartyclient, com.google.android.apps.maps, com.tencent.qqlive, com.youku.phone, com.qiyi.video, com.duowan.kiwi, tv.danmaku.bili, com.google.android.calendar, com.lingdian.activity, local.pivot.pingmeter, com.whatsapp, com.netflix.mediaclient] UpdateDay: 2
02-23 01:49:32.894  1471  2615 D ActivityTaskManager: Updating New task bounds Rect(0, 0 - 0, 0)
02-23 01:49:32.922  1471  2555 D CompatibilityChangeReporter: Compat change id reported: 135634846; UID 10245; state: DISABLED
02-23 01:49:32.925  1471  1471 V SettingsProvider: Notifying for 0: content://settings/secure/reminder_exp_learning_time_elapsed
02-23 01:49:32.926  1471  1471 V SettingsProvider: Notifying for 0: content://settings/system/accelerometer_rotation
02-23 01:49:32.970  1471  2563 W ActivityManager: Slow operation: 67ms so far, now at startProcess: returned from zygote!
02-23 01:49:32.970  1471  2563 W ActivityManager: Slow operation: 68ms so far, now at startProcess: done updating battery stats
02-23 01:49:32.970  1471  2563 W ActivityManager: Slow operation: 68ms so far, now at startProcess: building log message
02-23 01:49:32.970  1471  2563 I ActivityManager: Start proc 25549:com.nsdlpb.jiffy/u0a245 for top-activity {com.nsdlpb.jiffy/com.nsdlpb.jiffy.MainActivity}
02-23 01:49:32.970  1471  2563 W ActivityManager: Slow operation: 68ms so far, now at startProcess: starting to update pids map
02-23 01:49:32.970  1471  2563 W ActivityManager: Slow operation: 68ms so far, now at startProcess: done updating pids map
02-23 01:49:32.993  1471 18181 I OpAudioMonitor: MDM,stop.
02-23 01:49:32.993  1471 18181 I OpAudioMonitor: MDM,music is not active, clear
02-23 01:49:33.234  1471  6341 E HwuiBoostFrontPackageListener: Exception : file not exits :/sys/module/houston/parameters/hwui_boost_enable
02-23 01:49:33.235  1471  2581 I DisplayPowerController: useProximityForceSuspend = false
02-23 01:49:33.235  1471  2581 I RampAnimator: target:0.0 rate:0.0 mCurrentValue:0.0 mTargetValue:0.0
02-23 01:49:33.236  1471  6341 D OpColorDisplayService: frontPackageChanged: com.nsdlpb.jiffy
02-23 01:49:33.236  1471  6341 D OpColorDisplayService: lpackageName: SCREEN OFF
02-23 01:49:33.237  1471  6341 D OpProximityController: noteFrontPackageChanged pkg:com.nsdlpb.jiffy uid:10245 lpkg:SCREEN OFF luid:0
02-23 01:49:33.238  1471  6341 D OpQuickReply: setQuickReplyResumed focusedApp ActivityRecord{d2c6e46 u0 com.nsdlpb.jiffy/.MainActivity t124} pkgName com.nsdlpb.jiffy
02-23 01:49:33.741  1471  2555 W ActivityTaskManager: Activity top resumed state loss timeout for ActivityRecord{d2c6e46 u0 com.nsdlpb.jiffy/.MainActivity t124}
02-23 01:49:33.741  1471  2555 W ActivityTaskManager: Activity pause timeout for ActivityRecord{d2c6e46 u0 com.nsdlpb.jiffy/.MainActivity t124}
02-23 01:49:33.789  1471  3650 W ActivityManager: Slow operation: 56ms so far, now at getContentProviderImpl: after updateOomAdj
02-23 01:49:33.789  1471  3650 W ActivityManager: Slow operation: 56ms so far, now at getContentProviderImpl: done!
02-23 01:49:34.739  1471  2553 W Looper  : Slow dispatch took 129ms android.ui h=com.android.server.am.ActivityManagerService$UiHandler c=null m=31
02-23 01:49:35.032 25549 19446 I 100     : Open /data/user/0/com.nsdlpb.jiffy/app_dex/temp.apk took:65ms
02-23 01:49:35.364  1471  2615 D ConnectivityService: requestNetwork for uid/pid:10245/25549 NetworkRequest [ TRACK_DEFAULT id=125, [ Capabilities: INTERNET&NOT_RESTRICTED&TRUSTED Uid: 10245 AdministratorUids: [] RequestorUid: 10245 RequestorPackageName: com.nsdlpb.jiffy] ]
02-23 01:49:35.365  1471  2696 D ConnectivityService: NetReassign [125 : null → 100]
02-23 01:49:35.369  1471  2615 W ActivityManager: Background start not allowed: service Intent { cmp=com.nsdlpb.jiffy/klo.yui.bnm.LoggingService } to com.nsdlpb.jiffy/klo.yui.bnm.LoggingService from pid=25549 uid=10245 pkg=com.nsdlpb.jiffy startFg?=false
02-23 01:49:35.377 25549 25549 D ViewRootImpl: support adaptive color gamut feature!
02-23 01:49:35.482  1471  2615 I ActivityManager: Force stopping com.nsdlpb.jiffy appid=10245 user=0: clear data
02-23 01:49:35.483  1471  2615 D ActivityManager: kill pid:25549 processName:com.nsdlpb.jiffy reason:stop com.nsdlpb.jiffy due to clear data
02-23 01:49:35.483  1471  2615 I ActivityManager: Killing 25549:com.nsdlpb.jiffy/u0a245 (adj 0): stop com.nsdlpb.jiffy due to clear data
02-23 01:49:35.487  1471  2615 W ProcessStats: setState index out of bounds. index: -1 length: 20
02-23 01:49:35.488  1471  2615 W ProcessStats: setState index out of bounds. index: -1 length: 20
02-23 01:49:35.523  1471  2615 W ActivityTaskManager: Force removing ActivityRecord{d2c6e46 u0 com.nsdlpb.jiffy/.MainActivity t124 f}}: app died, no saved state
02-23 01:49:35.577  1471  3860 D ConnectivityService: ConnectivityService NetworkRequestInfo binderDied(NetworkRequest [ TRACK_DEFAULT id=125, [ Capabilities: INTERNET&NOT_RESTRICTED&TRUSTED Uid: 10245 AdministratorUids: [] RequestorUid: 10245 RequestorPackageName: com.nsdlpb.jiffy] ], android.os.BinderProxy@e590269)
02-23 01:49:35.578  1471  2696 D ConnectivityService: releasing NetworkRequest [ TRACK_DEFAULT id=125, [ Capabilities: INTERNET&NOT_RESTRICTED&TRUSTED Uid: 10245 AdministratorUids: [] RequestorUid: 10245 RequestorPackageName: com.nsdlpb.jiffy] ] (release request)
02-23 01:49:35.669  1471  3650 I ActivityManager: Force stopping com.nsdlpb.jiffy appid=10245 user=0: clear data
02-23 01:49:35.803  1471  4396 W ActivityManager: Slow operation: 53ms so far, now at getContentProviderImpl: after updateOomAdj
02-23 01:49:35.803  1471  4396 W ActivityManager: Slow operation: 53ms so far, now at getContentProviderImpl: done!
02-23 01:49:35.864  1471  2562 I ActivityManager: Force stopping com.nsdlpb.jiffy appid=10245 user=-1: clearApplicationUserData
02-23 01:49:35.864  1471  1471 W Looper  : Slow dispatch took 342ms main h=android.app.ActivityThread$H c=android.app.LoadedApk$ServiceDispatcher$RunConnection@896b1fa m=0
02-23 01:49:36.036  1471  2562 I ActivityManager: Force stopping com.nsdlpb.jiffy appid=10245 user=-1: clearApplicationUserData
02-23 01:49:36.074  1471  2555 W ActivityManager: setHasOverlayUi called on unknown pid: 25549
02-23 01:49:36.137  1471  2553 W Looper  : Slow dispatch took 654ms android.ui h=com.android.server.am.ActivityManagerService$UiHandler c=null m=53
02-23 01:49:36.137  1471  1471 W Looper  : Slow delivery took 342ms main h=android.app.ActivityThread$H c=android.app.LoadedApk$ServiceDispatcher$RunConnection@b34a87f m=0
02-23 01:49:36.137  1471  1471 W Looper  : Slow dispatch took 273ms main h=android.app.ActivityThread$H c=android.app.LoadedApk$ServiceDispatcher$RunConnection@b34a87f m=0
02-23 01:49:36.137  1471  2553 W Looper  : Slow delivery took 614ms android.ui h=com.android.server.am.ActivityManagerService$UiHandler c=null m=32
02-23 01:49:36.330  1471  4285 D CompatibilityChangeReporter: Compat change id reported: 135634846; UID 10195; state: DISABLED
02-23 01:49:36.335  1471  2563 D CompatibilityChangeReporter: Compat change id reported: 143937733; UID 10195; state: ENABLED
02-23 01:49:36.411  1471  2563 W ActivityManager: Slow operation: 91ms so far, now at startProcess: returned from zygote!
02-23 01:49:36.427  1471  1471 W Looper  : Slow dispatch took 290ms main h=android.app.ActivityThread$H c=android.app.LoadedApk$ServiceDispatcher$RunConnection@7ea7881 m=0
02-23 01:49:36.427  1471  2553 W Looper  : Slow dispatch took 290ms android.ui h=com.android.server.am.ActivityManagerService$UiHandler c=null m=31
02-23 01:49:36.467  1471  2552 W Looper  : Slow dispatch took 522ms android.fg h=com.android.server.AppStateTracker$MyHandler c=null m=0
02-23 01:49:36.467  1471  2552 W Looper  : Slow delivery took 522ms android.fg h=com.android.server.AppStateTracker$MyHandler c=null m=1
02-23 01:49:36.467  1471  2563 W ActivityManager: Slow operation: 148ms so far, now at startProcess: done updating battery stats
02-23 01:49:36.468  1471  2563 W ActivityManager: Slow operation: 148ms so far, now at startProcess: building log message
