02-23 03:04:17.406  2828  2828 W ContextImpl: Calling a method in the system process without a qualified user: android.app.ContextImpl.startService:1706 android.content.ContextWrapper.startService:720 android.content.ContextWrapper.startService:720 com.oneplus.coreservice.OpThemesApkHandlerReceiver.onReceive:222 android.app.ActivityThread.handleReceiver:4219 
02-23 03:04:17.407  1471  2562 W BroadcastQueue: Background execution not allowed: receiving Intent { act=android.intent.action.PACKAGE_REMOVED dat=package:com.google.android.apps.walletnfcrel flg=0x4000010 (has extras) } to com.google.android.gms/.chimera.GmsIntentOperationService$PersistentTrustedReceiver
02-23 03:04:17.416  1471  2552 W Looper  : Slow dispatch took 115ms android.fg h=android.os.Handler c=<recycled PooledLambda@86a3176> m=0
02-23 03:04:17.480  1471  2562 W BroadcastQueue: Background execution not allowed: receiving Intent { act=android.intent.action.PACKAGE_REMOVED dat=package:com.google.android.apps.walletnfcrel flg=0x4000010 (has extras) } to com.google.android.videos/com.google.android.libraries.social.peoplekit.thirdparty.viewcontrollers.ThirdPartyReceiver
02-23 03:04:17.480  1471  2562 W BroadcastQueue: Background execution not allowed: receiving Intent { act=android.intent.action.PACKAGE_REMOVED dat=package:com.google.android.apps.walletnfcrel flg=0x4000010 (has extras) } to com.heytap.cloud/com.cloud.base.commonsdk.receiver.ColorCloudReceiver
02-23 03:04:17.483  1471  2562 W BroadcastQueue: Background execution not allowed: receiving Intent { act=android.intent.action.PACKAGE_REMOVED dat=package:com.google.android.apps.walletnfcrel flg=0x4000010 (has extras) } to com.oneplus.note/.service.UninstallReceiver
02-23 03:04:17.484  1471  2562 W BroadcastQueue: Background execution not allowed: receiving Intent { act=android.intent.action.PACKAGE_REMOVED dat=package:com.google.android.apps.walletnfcrel flg=0x4000010 (has extras) } to net.oneplus.widget/.appwidget.WeatherExistReceiver
02-23 03:04:17.484  1471  2562 W BroadcastQueue: Background execution not allowed: receiving Intent { act=android.intent.action.PACKAGE_ADDED dat=package:com.google.android.apps.walletnfcrel flg=0x4000010 (has extras) } to com.google.android.packageinstaller/com.android.packageinstaller.PackageInstalledReceiver
02-23 03:04:17.505  1471  2562 W BroadcastQueue: Background execution not allowed: receiving Intent { act=android.intent.action.PACKAGE_ADDED dat=package:com.google.android.apps.walletnfcrel flg=0x4000010 (has extras) } to com.android.settings/com.oneplus.settings.receiver.SettingsReceiver
02-23 03:04:17.506  1471  1471 W Looper  : Drained
02-23 03:04:17.569  1471  2562 W BroadcastQueue: Background execution not allowed: receiving Intent { act=android.intent.action.PACKAGE_ADDED dat=package:com.google.android.apps.walletnfcrel flg=0x4000010 (has extras) } to com.android.vending/com.google.android.finsky.packagemonitor.impl.PackageMonitorReceiverImpl$RegisteredReceiver
02-23 03:04:17.576  1471  2562 W BroadcastQueue: Background execution not allowed: receiving Intent { act=android.intent.action.PACKAGE_ADDED dat=package:com.google.android.apps.walletnfcrel flg=0x4000010 (has extras) } to com.android.vending/com.google.android.finsky.packagemonitor.backgroundimpl.BackgroundPackageMonitorReceiverImpl$RegisteredReceiver
02-23 03:04:17.576  1471  2562 W BroadcastQueue: Background execution not allowed: receiving Intent { act=android.intent.action.PACKAGE_ADDED dat=package:com.google.android.apps.walletnfcrel flg=0x4000010 (has extras) } to com.google.android.gms/.gass.chimera.PackageChangeBroadcastReceiver
02-23 03:04:17.596  1471  2562 W BroadcastQueue: Background execution not allowed: receiving Intent { act=android.intent.action.PACKAGE_ADDED dat=package:com.google.android.apps.walletnfcrel flg=0x4000010 (has extras) } to com.google.android.gms/.chimera.GmsIntentOperationService$PersistentTrustedReceiver
02-23 03:04:17.596  1471  2562 W BroadcastQueue: Background execution not allowed: receiving Intent { act=android.intent.action.PACKAGE_ADDED dat=package:com.google.android.apps.walletnfcrel flg=0x4000010 (has extras) } to com.heytap.cloud/com.cloud.base.commonsdk.receiver.ColorCloudReceiver
02-23 03:04:17.597  1471  2562 W BroadcastQueue: Background execution not allowed: receiving Intent { act=android.intent.action.PACKAGE_ADDED dat=package:com.google.android.apps.walletnfcrel flg=0x4000010 (has extras) } to net.oneplus.widget/.appwidget.WeatherExistReceiver
02-23 03:04:17.734  1471  2552 W Looper  : Slow dispatch took 105ms android.fg h=android.os.Handler c=<recycled PooledLambda@a90bc6c> m=0
02-23 03:04:17.785  2828  2828 W ContextImpl: Calling a method in the system process without a qualified user: android.app.ContextImpl.startService:1706 android.content.ContextWrapper.startService:720 android.content.ContextWrapper.startService:720 com.oneplus.coreservice.OpThemesApkHandlerReceiver.onReceive:222 android.app.ActivityThread.handleReceiver:4219 
02-23 03:04:17.842  1471  1471 W Looper  : Slow dispatch took 189ms main h=android.app.ActivityThread$H c=null m=131
02-23 03:04:17.904  1471  2552 W Looper  : Drained
02-23 03:04:17.988  1471  2691 W BroadcastQueue: Background execution not allowed: receiving Intent { act=android.intent.action.PACKAGE_REPLACED dat=package:com.google.android.apps.walletnfcrel flg=0x4000010 (has extras) } to com.google.android.gms/.gass.chimera.PackageChangeBroadcastReceiver
02-23 03:04:17.988  1471  2562 W BroadcastQueue: Background execution not allowed: receiving Intent { act=android.intent.action.PACKAGE_REPLACED dat=package:com.google.android.apps.walletnfcrel flg=0x4000010 (has extras) } to com.google.android.gms/.chimera.GmsIntentOperationService$PersistentTrustedReceiver
02-23 03:04:17.999  1471  2563 D CompatibilityChangeReporter: Compat change id reported: 143937733; UID 10155; state: ENABLED
02-23 03:04:18.084  1471  2563 W ActivityManager: Slow operation: 93ms so far, now at startProcess: returned from zygote!
02-23 03:04:18.084  1471  2563 W ActivityManager: Slow operation: 94ms so far, now at startProcess: done updating battery stats
02-23 03:04:18.084  1471  2563 W ActivityManager: Slow operation: 94ms so far, now at startProcess: building log message
02-23 03:04:18.084  1471  2563 I ActivityManager: Start proc 19585:com.google.android.apps.walletnfcrel/u0a155 for broadcast {com.google.android.apps.walletnfcrel/com.google.android.apps.wallet.infrastructure.account.receiver.RefreshActiveAccountReceiver}
02-23 03:04:18.084  1471  2563 W ActivityManager: Slow operation: 94ms so far, now at startProcess: starting to update pids map
02-23 03:04:18.084  1471  2563 W ActivityManager: Slow operation: 94ms so far, now at startProcess: done updating pids map
02-23 03:04:19.341  1471  4285 W ActivityManager: Slow operation: 162ms so far, now at attachApplicationLocked: after sendPendingBroadcastsLocked
02-23 03:04:20.902  1471  2691 W ActivityManager: Slow operation: 67ms so far, now at getContentProviderImpl: after updateOomAdj
02-23 03:04:20.902  1471  2691 W ActivityManager: Slow operation: 67ms so far, now at getContentProviderImpl: done!
02-23 03:04:22.125  1471  2505 W ActivityManager: Slow operation: 180ms so far, now at getContentProviderImpl: after updateOomAdj
02-23 03:04:22.125  1471  2505 W ActivityManager: Slow operation: 180ms so far, now at getContentProviderImpl: done!
02-23 03:04:22.127  1471  2553 W Looper  : Slow dispatch took 270ms android.ui h=com.android.server.am.ActivityManagerService$UiHandler c=null m=31
02-23 03:04:22.228  1471  2553 W Looper  : Slow delivery took 269ms android.ui h=com.android.server.am.ActivityManagerService$UiHandler c=null m=53
02-23 03:04:22.228  1471  2553 W Looper  : Slow dispatch took 102ms android.ui h=com.android.server.am.ActivityManagerService$UiHandler c=null m=53
02-23 03:04:23.469  1471  2553 W Looper  : Slow dispatch took 206ms android.ui h=com.android.server.am.ActivityManagerService$UiHandler c=null m=31
02-23 03:04:24.881  1471  2690 W ActivityManager: Slow operation: 70ms so far, now at getContentProviderImpl: after updateOomAdj
02-23 03:04:24.881  1471  2690 W ActivityManager: Slow operation: 70ms so far, now at getContentProviderImpl: done!
02-23 03:04:24.882  1471  2553 W Looper  : Drained
02-23 03:04:24.882  1471  2553 W Looper  : Slow dispatch took 261ms android.ui h=com.android.server.am.ActivityManagerService$UiHandler c=null m=31
02-23 03:04:26.142 19585 19585 I 309     : package:com.google.android.apps.walletnfcrel took:1506 calssname:android.app.ActivityThread$H callback:null what:110
02-23 03:04:27.473  1471 19646 V ProcessCpuTracker: NP(pids.length): 1280
02-23 03:04:27.478  1471 19646 V ProcessCpuTracker: curStatsIndex: 100
02-23 03:04:27.483  1471 19646 V ProcessCpuTracker: curStatsIndex: 200
02-23 03:04:27.486  1471 19646 V ProcessCpuTracker: curStatsIndex: 300
02-23 03:04:27.490  1471 19646 V ProcessCpuTracker: curStatsIndex: 400
02-23 03:04:27.496  1471 19646 V ProcessCpuTracker: curStatsIndex: 500
02-23 03:04:27.502  1471 19646 V ProcessCpuTracker: curStatsIndex: 600
02-23 03:04:27.520  1471 19646 V ProcessCpuTracker: curStatsIndex: 700
02-23 03:04:27.535  1471 19646 V ProcessCpuTracker: curStatsIndex: 800
02-23 03:04:27.544  1471 19646 V ProcessCpuTracker: curStatsIndex: 900
02-23 03:04:27.547  1471 19646 I ProcessCpuTracker: *** TIME TO COLLECT STATS: 83 Load: 7.98 / 7.97 / 7.08
02-23 03:04:27.549  1471 19646 I ActivityManager: pid= 603 st.name = logd cpuPercent = 18 st.rel_utime =460 st.rel_stime =1070
02-23 03:04:27.549  1471 19646 I ActivityManager: pid= 1471 st.name = system_server cpuPercent = 90 st.rel_utime =5780 st.rel_stime =1670
02-23 03:04:27.550  1471 19646 I ActivityManager: pid= 29669 st.name = m.oneplus.opwlb cpuPercent = 11 st.rel_utime =880 st.rel_stime =50
02-23 03:04:27.574  1471  1471 W Looper  : Slow dispatch took 136ms main h=android.app.ActivityThread$H c=android.app.LoadedApk$ServiceDispatcher$RunConnection@89660d2 m=0
02-23 03:04:29.708  1471  2553 W Looper  : Slow dispatch took 159ms android.ui h=com.android.server.am.ActivityManagerService$UiHandler c=null m=31
02-23 03:04:30.315  1471  2588 I AppsFilter: interaction: PackageSetting{1192b31 com.flag.secure/10256} -> PackageSetting{f118db1 com.google.android.apps.walletnfcrel/10155} BLOCKED
02-23 03:04:30.405  1471  2552 I RoleManagerService: Granting default roles...
02-23 03:04:30.627  1471  2552 W Looper  : Slow dispatch took 109ms android.fg h=android.os.Handler c=<recycled PooledLambda@8b94eb9> m=0
02-23 03:04:30.718  1471  1471 W Looper  : Slow dispatch took 300ms main h=android.app.ActivityThread$H c=android.app.-$$Lambda$LoadedApk$ReceiverDispatcher$Args$_BumDX2UKsnxLVrE6UJsJZkotuA@4d630f3 m=0
02-23 03:04:30.718  1471  1471 W Looper  : Slow delivery took 312ms main h=android.os.Handler c=android.app.-$$Lambda$LoadedApk$ReceiverDispatcher$Args$_BumDX2UKsnxLVrE6UJsJZkotuA@10f11b0 m=0
02-23 03:04:30.769  1471  1471 I Telecom : DefaultDialerCache: Refreshing default dialer for user 0: now com.oneplus.dialer: DDC.oR@AmM
02-23 03:04:30.794  1471  2552 W Looper  : Slow delivery took 242ms android.fg h=android.os.Handler c=<recycled PooledLambda@8546834> m=0
02-23 03:04:30.819  1471  1471 W Looper  : Drained
02-23 03:04:32.144  1471  2552 W Looper  : Slow dispatch took 122ms android.fg h=android.os.Handler c=<recycled PooledLambda@59a0ce7> m=0
02-23 03:04:32.163  1471  1471 W Looper  : Slow dispatch took 157ms main h=com.android.server.job.JobSchedulerService$JobHandler c=null m=3
02-23 03:04:32.163  1471  2553 W Looper  : Slow dispatch took 152ms android.ui h=com.android.server.am.ActivityManagerService$UiHandler c=null m=53
02-23 03:04:32.174  1471  4499 D ConnectivityService: Returning BLOCKED NetworkInfo to uid=10155
02-23 03:04:32.177  1471  3849 D ConnectivityService: requestNetwork for uid/pid:10155/19585 NetworkRequest [ TRACK_DEFAULT id=149, [ Capabilities: INTERNET&NOT_RESTRICTED&TRUSTED Uid: 10155 AdministratorUids: [] RequestorUid: 10155 RequestorPackageName: com.google.android.apps.walletnfcrel] ]
02-23 03:04:32.181  1471  2696 D ConnectivityService: NetReassign [149 : null → 100]
02-23 03:04:32.246  1471  2696 D ConnectivityService: releasing NetworkRequest [ TRACK_DEFAULT id=149, [ Capabilities: INTERNET&NOT_RESTRICTED&TRUSTED Uid: 10155 AdministratorUids: [] RequestorUid: 10155 RequestorPackageName: com.google.android.apps.walletnfcrel] ] (release request)
02-23 03:04:33.467  1471  2552 W Looper  : Slow dispatch took 123ms android.fg h=android.os.Handler c=<recycled PooledLambda@59d8bbf> m=0
02-23 03:04:33.513  1471  2563 D CompatibilityChangeReporter: Compat change id reported: 143937733; UID 10144; state: ENABLED
02-23 03:04:33.571  1471  2563 W ActivityManager: Slow operation: 65ms so far, now at startProcess: returned from zygote!
02-23 03:04:33.641  1471  2563 W ActivityManager: Slow operation: 135ms so far, now at startProcess: done updating battery stats
02-23 03:04:33.641  1471  2563 W ActivityManager: Slow operation: 135ms so far, now at startProcess: building log message
02-23 03:04:33.641  1471  2563 I ActivityManager: Start proc 19681:com.google.android.apps.maps/u0a144 for broadcast {com.google.android.apps.maps/com.google.android.apps.gmm.cloudmessage.chime.ChimeCloudMessageReceiver}
02-23 03:04:33.641  1471  2563 W ActivityManager: Slow operation: 135ms so far, now at startProcess: starting to update pids map
02-23 03:04:33.641  1471  2563 W ActivityManager: Slow operation: 135ms so far, now at startProcess: done updating pids map
02-23 03:04:34.824  1471  3849 W ActivityManager: Slow operation: 161ms so far, now at attachApplicationLocked: before bindApplication
02-23 03:04:34.825  1471  3849 W ActivityManager: Slow operation: 161ms so far, now at attachApplicationLocked: immediately before bindApplication
02-23 03:04:34.830  1471  3849 W ActivityManager: Slow operation: 166ms so far, now at attachApplicationLocked: immediately after bindApplication
02-23 03:04:34.830  1471  3849 W ActivityManager: Slow operation: 166ms so far, now at attachApplicationLocked: after updateLruProcessLocked
02-23 03:04:34.830  1471  3849 W ActivityManager: Slow operation: 167ms so far, now at attachApplicationLocked: after mServices.attachApplicationLocked
02-23 03:04:34.833  1471  3849 W ActivityManager: Slow operation: 170ms so far, now at attachApplicationLocked: after sendPendingBroadcastsLocked
02-23 03:04:34.834  1471  2553 W Looper  : Slow dispatch took 173ms android.ui h=com.android.server.am.ActivityManagerService$UiHandler c=null m=31
02-23 03:04:34.835  1471  2552 W Looper  : Drained
02-23 03:04:34.926 19681 19681 I 100     : Open /data/app/~~DVOBl-1NHCYdWbDxI9Vshg==/com.google.android.apps.maps-tEMAEht8POXoomX5Buz22g==/base.apk took:75ms
02-23 03:04:36.193  1471  2553 W Looper  : Slow dispatch took 276ms android.ui h=com.android.server.am.ActivityManagerService$UiHandler c=null m=53
02-23 03:04:36.201  1471  2567 D ExtBatteryStatsService: @@@@ awaitUninterruptibly in 49 ms
02-23 03:04:36.206  1471  2553 W Looper  : Slow delivery took 210ms android.ui h=com.android.server.am.ActivityManagerService$UiHandler c=null m=31
02-23 03:04:36.243  1471  4499 D ConnectivityService: requestNetwork for uid/pid:10155/19585 NetworkRequest [ TRACK_DEFAULT id=150, [ Capabilities: INTERNET&NOT_RESTRICTED&TRUSTED Uid: 10155 AdministratorUids: [] RequestorUid: 10155 RequestorPackageName: com.google.android.apps.walletnfcrel] ]
02-23 03:04:36.244  1471  2696 D ConnectivityService: NetReassign [150 : null → 100]
02-23 03:04:36.308  1471 18181 W ActivityManager: Slow operation: 65ms so far, now at getContentProviderImpl: after updateOomAdj
02-23 03:04:36.308  1471 18181 W ActivityManager: Slow operation: 65ms so far, now at getContentProviderImpl: done!
02-23 03:04:36.491  1471  3663 D ConnectivityService: Returning BLOCKED NetworkInfo to uid=10144
02-23 03:04:36.500  1471  2691 D ConnectivityService: requestNetwork for uid/pid:10144/19681 NetworkRequest [ TRACK_DEFAULT id=151, [ Capabilities: INTERNET&NOT_RESTRICTED&TRUSTED Uid: 10144 AdministratorUids: [] RequestorUid: 10144 RequestorPackageName: com.google.android.apps.maps] ]
02-23 03:04:36.500  1471  2696 D ConnectivityService: NetReassign [151 : null → 100]
02-23 03:04:36.520  1471  3849 W BluetoothManagerService: registerAdapter, callback: android.bluetooth.IBluetoothManagerCallback$Stub$Proxy@cc6566f
02-23 03:04:36.548  1471  2563 D CompatibilityChangeReporter: Compat change id reported: 143937733; UID 10131; state: ENABLED
02-23 03:04:36.564  1471  2553 W Looper  : Drained
02-23 03:04:36.566  1471  2696 D ConnectivityService: releasing NetworkRequest [ TRACK_DEFAULT id=150, [ Capabilities: INTERNET&NOT_RESTRICTED&TRUSTED Uid: 10155 AdministratorUids: [] RequestorUid: 10155 RequestorPackageName: com.google.android.apps.walletnfcrel] ] (release request)
02-23 03:04:36.599  1471  2563 W ActivityManager: Slow operation: 61ms so far, now at startProcess: returned from zygote!
02-23 03:04:36.671  1471  2563 W ActivityManager: Slow operation: 134ms so far, now at startProcess: done updating battery stats
02-23 03:04:36.671  1471  2563 W ActivityManager: Slow operation: 134ms so far, now at startProcess: building log message
02-23 03:04:36.671  1471  2563 I ActivityManager: Start proc 19759:com.google.android.projection.gearhead:car/u0a131 for service {com.google.android.projection.gearhead/com.google.android.apps.auto.carservice.service.impl.GearheadCarStartupService}
02-23 03:04:36.671  1471  2563 W ActivityManager: Slow operation: 134ms so far, now at startProcess: starting to update pids map
02-23 03:04:36.672  1471  2563 W ActivityManager: Slow operation: 135ms so far, now at startProcess: done updating pids map
02-23 03:04:36.774 19759 19759 I 100     : Open /data/app/~~v2MLmSR2lXdT3Aso_-KThQ==/com.google.android.projection.gearhead-krPf8PRAPVtXuHiwbb-sQQ==/base.apk took:57ms
02-23 03:04:36.820  1471  2553 W Looper  : Slow dispatch took 124ms android.ui h=com.android.server.am.ActivityManagerService$UiHandler c=null m=53
02-23 03:04:36.980  1471  2690 W ActivityManager: Slow operation: 68ms so far, now at getContentProviderImpl: after updateOomAdj
02-23 03:04:36.980  1471  2690 W ActivityManager: Slow operation: 68ms so far, now at getContentProviderImpl: done!
02-23 03:04:37.228  1471 14080 D ActivityManager: kill pid:20515 processName:com.google.android.documentsui reason:empty #31
02-23 03:04:37.229  1471 14080 I ActivityManager: Killing 20515:com.google.android.documentsui/u0a93 (adj 999): empty #31
02-23 03:04:37.330  1471  2553 W Looper  : Slow dispatch took 169ms android.ui h=com.android.server.am.ActivityManagerService$UiHandler c=null m=53
02-23 03:04:37.332  1471  3663 W ProcessStats: setState index out of bounds. index: -1 length: 20
02-23 03:04:37.334  1471  3663 W ProcessStats: setState index out of bounds. index: -1 length: 20
02-23 03:04:38.374  1471  2553 W Looper  : Slow dispatch took 258ms android.ui h=com.android.server.am.ActivityManagerService$UiHandler c=null m=31
02-23 03:04:38.375  1471  2553 W Looper  : Slow delivery took 254ms android.ui h=com.android.server.am.ActivityManagerService$UiHandler c=null m=32
02-23 03:04:39.620  1471 14075 W ActivityManager: Slow operation: 164ms so far, now at getContentProviderImpl: after updateOomAdj
02-23 03:04:39.620  1471 14075 W ActivityManager: Slow operation: 164ms so far, now at getContentProviderImpl: done!
02-23 03:04:41.046  1471  2563 D CompatibilityChangeReporter: Compat change id reported: 143937733; UID 10146; state: ENABLED
02-23 03:04:42.313  1471  2689 D ActivityManager: kill pid:20727 processName:com.oneplus.deskclock reason:empty #31
02-23 03:04:42.313  1471  2689 I ActivityManager: Killing 20727:com.oneplus.deskclock/u0a206 (adj 999): empty #31
02-23 03:04:42.319  1471  2563 W ActivityManager: Slow operation: 222ms so far, now at startProcess: returned from zygote!
02-23 03:04:42.386  1471  1471 W Looper  : Slow dispatch took 331ms main h=com.android.server.job.JobSchedulerService$JobHandler c=null m=5
02-23 03:04:42.386  1471  2553 W Looper  : Slow dispatch took 849ms android.ui h=com.android.server.am.ActivityManagerService$UiHandler c=null m=53
02-23 03:04:42.386  1471  1471 W Looper  : Slow delivery took 331ms main h=com.android.server.job.JobSchedulerService$JobHandler c=null m=4
02-23 03:04:42.401  1471  2563 W ActivityManager: Slow operation: 304ms so far, now at startProcess: done updating battery stats
02-23 03:04:42.402  1471  2563 W ActivityManager: Slow operation: 304ms so far, now at startProcess: building log message
02-23 03:04:42.402  1471  2563 I ActivityManager: Start proc 19807:com.google.android.apps.tachyon/u0a146 for broadcast {com.google.android.apps.tachyon/com.google.android.libraries.notifications.platform.entrypoints.accountchanged.AccountChangedReceiver}
02-23 03:04:42.402  1471  2563 W ActivityManager: Slow operation: 305ms so far, now at startProcess: starting to update pids map
02-23 03:04:42.402  1471  2563 W ActivityManager: Slow operation: 305ms so far, now at startProcess: done updating pids map
02-23 03:04:42.405  1471  2691 W ProcessStats: setState index out of bounds. index: -1 length: 20
02-23 03:04:44.964 19807 19807 I 100     : Open /data/app/~~yE_aEEm-nG4lhYy0a2KIqw==/com.google.android.apps.tachyon--ipxxxTv8bFDoSNOTQqlhw==/base.apk took:195ms
02-23 03:04:42.406  1471  2691 W ProcessStats: setState index out of bounds. index: -1 length: 20
02-23 03:04:45.001  1471 14075 W ProcessStats: Tracking association SourceState{6e7e3fd moe.haruue.wadb/10239 Top #11435} whose proc state 1 is better than process ProcessState{ceee68a com.oneplus.config/1000 pkg=com.oneplus.config} proc state 2 (41 skipped)
02-23 03:04:45.015  1471  1471 W Looper  : Drained
02-23 03:04:46.268  1471  2553 W Looper  : Slow dispatch took 706ms android.ui h=com.android.server.am.ActivityManagerService$UiHandler c=null m=53
02-23 03:04:46.402  1471  2553 W Looper  : Slow dispatch took 134ms android.ui h=com.android.server.am.ActivityManagerService$UiHandler c=null m=31
02-23 03:04:46.534  1471  2553 W Looper  : Drained
02-23 03:04:46.836  1471  1471 W Looper  : Slow dispatch took 113ms main h=android.os.Handler c=com.android.server.content.-$$Lambda$SyncManager$zZUXjd-GLFQgHtMQ3vq0EWHvir8@f18c96 m=0
02-23 03:04:46.902  1471  2689 D ConnectivityService: Returning BLOCKED NetworkInfo to uid=10146
02-23 03:04:46.907  1471  2689 D ConnectivityService: requestNetwork for uid/pid:10146/19807 NetworkRequest [ TRACK_DEFAULT id=152, [ Capabilities: INTERNET&NOT_RESTRICTED&TRUSTED Uid: 10146 AdministratorUids: [] RequestorUid: 10146 RequestorPackageName: com.google.android.apps.tachyon] ]
02-23 03:04:46.907  1471  2696 D ConnectivityService: NetReassign [152 : null → 100]
02-23 03:04:46.913  1471  2696 D ConnectivityService: NetReassign [no changes]
02-23 03:04:47.064 19807 19807 I 309     : package:com.google.android.apps.tachyon took:1248 calssname:android.app.ActivityThread$H callback:null what:110
02-23 03:04:47.097  1471  1471 W Looper  : Slow dispatch took 171ms main h=android.os.Handler c=com.android.server.content.-$$Lambda$SyncManager$zZUXjd-GLFQgHtMQ3vq0EWHvir8@a95c188 m=0
02-23 03:04:47.234  1471  1471 W Looper  : Slow dispatch took 137ms main h=android.os.Handler c=com.android.server.content.-$$Lambda$SyncManager$zZUXjd-GLFQgHtMQ3vq0EWHvir8@b6d91d2 m=0
02-23 03:04:47.312  1471  1471 W Looper  : Slow delivery took 200ms main h=android.os.Handler c=com.android.server.content.-$$Lambda$SyncManager$zZUXjd-GLFQgHtMQ3vq0EWHvir8@2db65ff m=0
02-23 03:04:47.334  1471  2553 W Looper  : Slow dispatch took 237ms android.ui h=com.android.server.am.ActivityManagerService$UiHandler c=null m=53
02-23 03:04:47.334  1471  1471 W Looper  : Drained
02-23 03:04:47.671  1471  2655 V AlarmManager: Triggering alarm #0: 2 when =7669804 package =android operation = null listenTag =OPCS_TrackAlarm flags =0x8
02-23 03:04:47.671  1471  2655 V AlarmManager: Triggering alarm #1: 3 when =7693770 package =android operation = null listenTag =*CountQuotaTracker.cleanup* flags =0x8
02-23 03:04:47.774  1471  3385 D OPCS    : mdmData:{oldScreenOnDischarge=35, screenOnChargeDuration=1635044, kernelWakeLocks=[{"seq":"0","name":"PowerManagerService.WakeLocks","time":"2010847","count":"403"},{"seq":"1","name":"qcom_rx_wakelock","time":"766635","count":"9986"},{"seq":"2","name":"[timerfd]","time":"283381","count":"12015"},{"seq":"3","name":"NETLINK","time":"271467","count":"94853"},{"seq":"4","name":"1-0028","time":"185341","count":"40"},{"seq":"5","name":"hal_bluetooth_lock","time":"169545","count":"128"},{"seq":"6","name":"898000.qcom,qup_uart","time":"169358","count":"138"},{"seq":"7","name":"alarmtimer","time":"87704","count":"44"}], screenOffDischargeDuration=9766932, totalScreenOnDuration=5673787, fullCharge=0, screenOffChargeDuration=748736, realStartTime=1771778291337, oldTotalDischarge=46, capacity=[{"seq":"0","pn":"net.oneplus.launcher","pc":"30116","drop":"1301","run":"514713","W_R0":"172371","W_C0":"128","W_R1":"342342","W_C1":"1173"},{"seq":"1","pn":"com.android.shell","pc":"30","drop":"372","run":"343607","W_R0":"177033","W_C0":"11","W_R1":"166574","W_C1":"361"},{"seq":"2","pn":"com.hdfcfund.investor","pc":"201","drop":"229","run":"209196","W_R0":"97334","W_C0":"21","W_R1":"111862","W_C1":"208"},{"seq":"3","pn":"com.network.proxy","pc":"28","drop":"145","run":"100219","W_R0":"5407","W_C0":"1","W_R1":"94812","W_C1":"144"},{"seq":"4","pn":"com.google.android.packageinstaller","pc":"30","drop":"118","run":"96051","W_R0":"54244","W_C0":"118","W_R1":"41807","W_C1":"0"},{"seq":"5","pn":"com.android.settings","pc":"30","drop":"116","run":"161555","W_R0":"96093","W_C0":"33","W_R1":"65462","W_C1":"83"},{"seq":"6","pn":"org.telegram.plus","pc":"21970","drop":"71","run":"146800","W_R1":"146800","W_C1":"71"},{"seq":"7","pn":"com.nsdlpb.jiffy","pc":"170","drop":"58","run":"72754","W_R0":"28903","W_C0":"28","W_R1":"43851","W_C1":"30"},{"seq":"8","pn":"com.android.systemui","pc":"30","drop":"49","run":"25462","W_R0":"2341","W_C0":"47","W_R1":"23121","W_C1":"2"},{"seq":"9","pn":"com.resukisu.resukisu","pc":"34581","drop":"31","run":"241464","W_R0":"196918","W_C0":"31","W_R1":"44546","W_C1":"0"},{"seq":"10","pn":"dialog.box","pc":"1","drop":"16","run":"463625","W_R0":"324630","W_C0":"2","W_R1":"138995","W_C1":"14"},{"seq":"11","pn":"com.google.android.documentsui","pc":"302000000","drop":"11","run":"30904","W_R0":"24720","W_C0":"11","W_R1":"6184","W_C1":"0"},{"seq":"12","pn":"moe.haruue.wadb","pc":"212","drop":"10","run":"132772","W_R0":"132410","W_C0":"10","W_R1":"362","W_C1":"0"},{"seq":"13","pn":"com.android.vending","pc":"85013320","drop":"9","run":"227370","W_R0":"108110","W_C0":"5","W_R1":"119260","W_C1":"4"},{"seq":"14","pn":"tech.httptoolkit.pinning_demo","pc":"11","drop":"5","run":"34421","W_R1":"34421","W_C1":"5"},{"seq":"15","pn":"LockScreen","pc":"-1","drop":"4","run":"74218","W_R0":"70462","W_C0":"4","W_R1":"3756","W_C1":"0"},{"seq":"16","pn":"com.redteamobile.oneplus.roaming","pc":"58","drop":"2","run":"1552","W_R1":"1552","W_C1":"2"},{"seq":"17","pn":"com.google.android.permissioncontroller","pc":"302000300","drop":"1","run":"7850","W_R0":"239","W_C0":"0","W_R1":"7611","W_C1":"1"},{"seq":"18","pn":"android","pc":"30","drop":"0","run":"10989","W_R0":"3212","W_C0":"0","W_R1":"7777","W_C1":"0"},{"seq":"19","pn":"com.google.android.gms","pc":"260534022","drop":"0","run":"3060","W_R1":"3060","W_C1":"0"},{"seq":"20","pn":"com.android.phone","pc":"12","drop":"0","run":"3803","W_R0":"3803","W_C0":"0"},{"seq":"21","pn":"org.frknkrc44.hma_oss","pc":"7304641","drop":"0","run":"199955","W_R1":"199955","W_C1":"0"},{"seq":"22","pn":"com.studio.duckdetector","pc":"103","drop":"0","run":"14426","W_R1":"14426","W_C1":"0"},{"seq":"23","pn":"bin.mt.plus","pc":"26020493","drop":"0","run":"51594","W_R0":"5584","W_C0":"0","W_R1":"46010","W_C1":"0"},{"seq":"24","pn":"com.android.chrome","pc":"763207533","drop":"0","run":"289067","W_R0":"57670","W_C0":"0","W_R1":"231397","W_C1":"0"},{"seq":"25","pn":"in.irisbyyes.app","pc":"2009004505","drop":"0","run":"17676","W_R1":"17676","W_C1":"0"},{"seq":"26","pn":"com.android.vpndialo
02-23 03:04:47.778  1471  3385 D OPCS    : mdmData:{period=3000, awake_notouch=[{"seq":"0","package_name":"com.resukisu.resukisu","int":"58","time":"925"},{"seq":"1","package_name":"net.oneplus.launcher","int":"37","time":"453"},{"seq":"2","package_name":"com.hdfcfund.investor","int":"23","time":"144"},{"seq":"3","package_name":"com.android.chrome","int":"21","time":"138"},{"seq":"4","package_name":"org.frknkrc44.hma_oss","int":"16","time":"71"},{"seq":"5","package_name":"com.android.vending","int":"16","time":"154"},{"seq":"6","package_name":"dialog.box","int":"15","time":"295"},{"seq":"7","package_name":"com.android.shell","int":"14","time":"148"},{"seq":"8","package_name":"com.google.android.gms","int":"11","time":"81"},{"seq":"9","package_name":"moe.haruue.wadb","int":"11","time":"183"},{"seq":"10","package_name":"com.studio.duckdetector","int":"10","time":"98"},{"seq":"11","package_name":"com.nsdlpb.jiffy","int":"10","time":"57"},{"seq":"12","package_name":"com.google.android.packageinstaller","int":"9","time":"99"},{"seq":"13","package_name":"org.telegram.plus","int":"9","time":"64"},{"seq":"14","package_name":"com.android.settings","int":"9","time":"107"},{"seq":"15","package_name":"LockScreen","int":"8","time":"67"},{"seq":"16","package_name":"bin.mt.plus","int":"4","time":"16"},{"seq":"17","package_name":"com.google.android.documentsui","int":"4","time":"17"},{"seq":"18","package_name":"com.network.proxy","int":"3","time":"11"},{"seq":"19","package_name":"tech.httptoolkit.pinning_demo","int":"1","time":"3"},{"seq":"20","package_name":"com.android.systemui","int":"1","time":"3"},{"seq":"21","package_name":"com.google.android.apps.restore","int":"1","time":"3"},{"seq":"22","package_name":"com.oneplus.setupwizard","int":"1","time":"6"},{"seq":"23","package_name":"in.irisbyyes.app","int":"1","time":"3"}]}
02-23 03:04:47.820  1471  2553 W Looper  : Slow dispatch took 128ms android.ui h=com.android.server.am.ActivityManagerService$UiHandler c=null m=31
02-23 03:04:47.877  1471  1471 W Looper  : Slow dispatch took 542ms main h=com.android.server.job.controllers.ConnectivityController$CcHandler c=null m=1
02-23 03:04:47.877  1471  1471 W Looper  : Slow delivery took 542ms main h=android.service.notification.NotificationListenerService$MyHandler c=null m=8
02-23 03:04:47.931  1471  4396 W ActivityManager: Slow operation: 53ms so far, now at getContentProviderImpl: after updateOomAdj
02-23 03:04:47.931  1471  4396 W ActivityManager: Slow operation: 53ms so far, now at getContentProviderImpl: done!
02-23 03:04:48.019  1471  2553 W Looper  : Slow dispatch took 137ms android.ui h=com.android.server.am.ActivityManagerService$UiHandler c=null m=53
02-23 03:04:48.022  1471  1471 W Looper  : Drained
02-23 03:04:48.022  1471  1471 W Looper  : Slow dispatch took 144ms main h=com.android.server.job.JobSchedulerService$JobHandler c=null m=1
02-23 03:04:48.340  1471 19930 V ProcessCpuTracker: NP(pids.length): 1280
02-23 03:04:48.344  1471 19930 V ProcessCpuTracker: curStatsIndex: 100
02-23 03:04:48.348  1471 19930 V ProcessCpuTracker: curStatsIndex: 200
02-23 03:04:48.352  1471 19930 V ProcessCpuTracker: curStatsIndex: 300
02-23 03:04:48.367  1471 19930 V ProcessCpuTracker: curStatsIndex: 400
02-23 03:04:48.374  1471 19930 V ProcessCpuTracker: curStatsIndex: 500
02-23 03:04:48.381  1471 19930 V ProcessCpuTracker: curStatsIndex: 600
02-23 03:04:48.399  1471 19930 V ProcessCpuTracker: curStatsIndex: 700
02-23 03:04:48.415  1471 19930 V ProcessCpuTracker: curStatsIndex: 800
02-23 03:04:48.427  1471 19930 V ProcessCpuTracker: curStatsIndex: 900
02-23 03:04:48.429  1471 19930 I ProcessCpuTracker: *** TIME TO COLLECT STATS: 99 Load: 11.59 / 8.72 / 7.33
02-23 03:04:48.431  1471 19930 I ActivityManager: pid= 603 st.name = logd cpuPercent = 31 st.rel_utime =940 st.rel_stime =1430
02-23 03:04:48.431  1471 19930 I ActivityManager: pid= 680 st.name = suspend@1.0-ser cpuPercent = 17 st.rel_utime =0 st.rel_stime =1290
02-23 03:04:48.431  1471 19930 I ActivityManager: pid= 1471 st.name = system_server cpuPercent = 106 st.rel_utime =6330 st.rel_stime =1580
02-23 03:04:48.431  1471 19930 I ActivityManager: pid= 4093 st.name = .gms.persistent cpuPercent = 10 st.rel_utime =450 st.rel_stime =300
02-23 03:04:48.431  1471 19930 I ActivityManager: pid= 19585 st.name = ps.walletnfcrel cpuPercent = 10 st.rel_utime =660 st.rel_stime =100
02-23 03:04:48.479  1471  3857 D ConnectivityService: requestNetwork for uid/pid:10146/19807 NetworkRequest [ TRACK_DEFAULT id=154, [ Capabilities: INTERNET&NOT_RESTRICTED&TRUSTED Uid: 10146 AdministratorUids: [] RequestorUid: 10146 RequestorPackageName: com.google.android.apps.tachyon] ]
02-23 03:04:48.479  1471  2696 D ConnectivityService: NetReassign [154 : null → 100]
02-23 03:04:48.640  1471  2696 D ConnectivityService: releasing NetworkRequest [ TRACK_DEFAULT id=154, [ Capabilities: INTERNET&NOT_RESTRICTED&TRUSTED Uid: 10146 AdministratorUids: [] RequestorUid: 10146 RequestorPackageName: com.google.android.apps.tachyon] ] (release request)
02-23 03:04:48.830  1471  2553 W Looper  : Slow dispatch took 195ms android.ui h=com.android.server.am.ActivityManagerService$UiHandler c=null m=31
02-23 03:04:48.895  1471  6336 D CompatibilityChangeReporter: Compat change id reported: 135634846; UID 10127; state: DISABLED
02-23 03:04:48.896  1471  2563 D CompatibilityChangeReporter: Compat change id reported: 143937733; UID 10127; state: ENABLED
02-23 03:04:48.938  1471  6336 D ActivityManager: kill pid:20181 processName:com.oneplus.dialer reason:empty #31
02-23 03:04:48.938  1471  6336 I ActivityManager: Killing 20181:com.oneplus.dialer/u0a192 (adj 999): empty #31
02-23 03:04:48.941  1471  2553 W Looper  : Slow dispatch took 111ms android.ui h=com.android.server.am.ActivityManagerService$UiHandler c=null m=53
02-23 03:04:48.968  1471  2563 W ActivityManager: Slow operation: 77ms so far, now at startProcess: returned from zygote!
02-23 03:04:48.972  1471  2563 W ActivityManager: Slow operation: 81ms so far, now at startProcess: done updating battery stats
02-23 03:04:48.972  1471  2563 W ActivityManager: Slow operation: 81ms so far, now at startProcess: building log message
02-23 03:04:48.972  1471  2563 I ActivityManager: Start proc 19944:com.google.android.apps.wellbeing/u0a127 for broadcast {com.google.android.apps.wellbeing/com.google.apps.tiktok.account.data.device.DeviceAccountsChangedReceiver_Receiver}
02-23 03:04:48.972  1471  2563 W ActivityManager: Slow operation: 81ms so far, now at startProcess: starting to update pids map
02-23 03:04:48.972  1471  2563 W ActivityManager: Slow operation: 81ms so far, now at startProcess: done updating pids map
02-23 03:04:49.001  1471  2691 W ProcessStats: setState index out of bounds. index: -1 length: 20
02-23 03:04:49.002  1471  2691 W ProcessStats: setState index out of bounds. index: -1 length: 20
02-23 03:04:49.369  1471  2553 W Looper  : Slow dispatch took 238ms android.ui h=com.android.server.am.ActivityManagerService$UiHandler c=null m=53
02-23 03:04:49.455  1471 18181 W ActivityManager: Slow operation: 51ms so far, now at getContentProviderImpl: after updateOomAdj
02-23 03:04:49.455  1471 18181 W ActivityManager: Slow operation: 51ms so far, now at getContentProviderImpl: done!
02-23 03:04:49.995  1471  2553 W Looper  : Slow dispatch took 100ms android.ui h=com.android.server.am.ActivityManagerService$UiHandler c=null m=31
02-23 03:04:50.133  1471  2563 D CompatibilityChangeReporter: Compat change id reported: 143937733; UID 10142; state: ENABLED
02-23 03:04:50.253  1471  2563 W ActivityManager: Slow operation: 131ms so far, now at startProcess: returned from zygote!
02-23 03:04:50.254  1471  2563 W ActivityManager: Slow operation: 132ms so far, now at startProcess: done updating battery stats
02-23 03:04:50.254  1471  2563 W ActivityManager: Slow operation: 132ms so far, now at startProcess: building log message
02-23 03:04:50.254  1471  2563 I ActivityManager: Start proc 19996:com.google.android.calendar/u0a142 for broadcast {com.google.android.calendar/com.google.android.apps.calendar.removeaccountdata.AccountDataCleaner}
02-23 03:04:50.254  1471  2563 W ActivityManager: Slow operation: 132ms so far, now at startProcess: starting to update pids map
02-23 03:04:50.254  1471  2563 W ActivityManager: Slow operation: 132ms so far, now at startProcess: done updating pids map
02-23 03:04:50.449 19996 19996 I 100     : Open /data/app/~~pXI9UK18AUverFXJq6t5Hg==/com.google.android.calendar-2CkBJv8bdHLGEdp_7jfJsA==/base.apk took:56ms
02-23 03:04:50.577  1471  6338 W ActivityManager: Slow operation: 73ms so far, now at getContentProviderImpl: after updateOomAdj
02-23 03:04:50.577  1471  6338 W ActivityManager: Slow operation: 73ms so far, now at getContentProviderImpl: done!
02-23 03:04:50.671  1471  2691 D ConnectivityService: requestNetwork for uid/pid:10142/19996 NetworkRequest [ TRACK_DEFAULT id=155, [ Capabilities: INTERNET&NOT_RESTRICTED&TRUSTED Uid: 10142 AdministratorUids: [] RequestorUid: 10142 RequestorPackageName: com.google.android.calendar] ]
02-23 03:04:50.672  1471  2696 D ConnectivityService: NetReassign [155 : null → 100]
02-23 03:04:50.774  1471  2615 W ActivityManager: Slow operation: 83ms so far, now at getContentProviderImpl: after updateOomAdj
02-23 03:04:50.774  1471  2615 W ActivityManager: Slow operation: 83ms so far, now at getContentProviderImpl: done!
02-23 03:04:50.852  1471  2553 W Looper  : Slow dispatch took 142ms android.ui h=com.android.server.am.ActivityManagerService$UiHandler c=null m=53
02-23 03:04:51.315  1471  2563 D CompatibilityChangeReporter: Compat change id reported: 143937733; UID 10152; state: ENABLED
02-23 03:04:51.387  1471  2563 W ActivityManager: Slow operation: 79ms so far, now at startProcess: returned from zygote!
02-23 03:04:51.393  1471  6338 D ActivityManager: kill pid:18897 processName:com.oneplus.gallery:recyclebin reason:empty #31
02-23 03:04:51.393  1471  6338 I ActivityManager: Killing 18897:com.oneplus.gallery:recyclebin/u0a172 (adj 999): empty #31
02-23 03:04:51.394  1471  6338 D ActivityManager: kill pid:21337 processName:com.oneplus.gallery:cloud reason:empty #32
02-23 03:04:51.394  1471  6338 I ActivityManager: Killing 21337:com.oneplus.gallery:cloud/u0a172 (adj 999): empty #32
02-23 03:04:51.458  1471  2563 W ActivityManager: Slow operation: 150ms so far, now at startProcess: done updating battery stats
02-23 03:04:51.458  1471  2563 W ActivityManager: Slow operation: 150ms so far, now at startProcess: building log message
02-23 03:04:51.458  1471  2563 I ActivityManager: Start proc 20102:com.google.android.gm/u0a152 for broadcast {com.google.android.gm/com.google.android.gm.AccountsChangedReceiver}
02-23 03:04:51.458  1471  2563 W ActivityManager: Slow operation: 150ms so far, now at startProcess: starting to update pids map
02-23 03:04:51.458  1471  2563 W ActivityManager: Slow operation: 150ms so far, now at startProcess: done updating pids map
02-23 03:04:51.516  1471 18181 W ProcessStats: setState index out of bounds. index: -1 length: 20
02-23 03:04:51.583 20102 20102 I 100     : Open /data/app/~~OxPw7XC-ppbwv68uIVeaBg==/com.google.android.gm-eBYDBpGZdjsMtEA2EvGSoA==/base.apk took:84ms
02-23 03:04:51.517  1471 18181 W ProcessStats: setState index out of bounds. index: -1 length: 20
02-23 03:04:51.588  1471 18181 W ActivityManager: Exception when unbinding service com.oneplus.gallery/com.oneplus.gallery2.cloud.CloudGalleryService
02-23 03:04:51.588  1471 18181 W ActivityManager: android.os.DeadObjectException
02-23 03:04:51.588  1471 18181 W ActivityManager: 	at android.os.BinderProxy.transactNative(Native Method)
02-23 03:04:51.588  1471 18181 W ActivityManager: 	at android.os.BinderProxy.transact(BinderProxy.java:591)
02-23 03:04:51.588  1471 18181 W ActivityManager: 	at android.app.IApplicationThread$Stub$Proxy.scheduleUnbindService(IApplicationThread.java:1721)
02-23 03:04:51.588  1471 18181 W ActivityManager: 	at com.android.server.am.ActiveServices.removeConnectionLocked(ActiveServices.java:4106)
02-23 03:04:51.588  1471 18181 W ActivityManager: 	at com.android.server.am.ActiveServices.killServicesLocked(ActiveServices.java:4539)
02-23 03:04:51.588  1471 18181 W ActivityManager: 	at com.android.server.am.ActivityManagerService.cleanUpApplicationRecordLocked(ActivityManagerService.java:16556)
02-23 03:04:51.588  1471 18181 W ActivityManager: 	at com.android.server.am.ActivityManagerService.handleAppDiedLocked(ActivityManagerService.java:4379)
02-23 03:04:51.588  1471 18181 W ActivityManager: 	at com.android.server.am.ActivityManagerService.appDiedLocked(ActivityManagerService.java:4585)
02-23 03:04:51.588  1471 18181 W ActivityManager: 	at com.android.server.am.ActivityManagerService$AppDeathRecipient.binderDied(ActivityManagerService.java:1848)
02-23 03:04:51.588  1471 18181 W ActivityManager: 	at android.os.IBinder$DeathRecipient.binderDied(IBinder.java:305)
02-23 03:04:51.588  1471 18181 W ActivityManager: 	at android.os.BinderProxy.sendDeathNotice(BinderProxy.java:705)
02-23 03:04:51.627  1471 18181 W ActivityManager: Scheduling restart of crashed service com.oneplus.gallery/com.oneplus.gallery2.recyclebin.LocalRecycleBinService in 1000ms for connection
02-23 03:04:51.663  1471  2688 W ProcessStats: setState index out of bounds. index: -1 length: 20
02-23 03:04:51.664  1471  2688 W ProcessStats: setState index out of bounds. index: -1 length: 20
02-23 03:04:51.901  1471  2553 W Looper  : Slow dispatch took 442ms android.ui h=com.android.server.am.ActivityManagerService$UiHandler c=null m=53
02-23 03:04:51.901  1471  2553 W Looper  : Slow delivery took 314ms android.ui h=com.android.server.am.ActivityManagerService$UiHandler c=null m=31
02-23 03:04:51.995  1471  1471 W Looper  : Slow dispatch took 271ms main h=com.android.server.job.JobSchedulerService$JobHandler c=null m=7
02-23 03:04:51.995  1471  1471 W Looper  : Slow delivery took 272ms main h=com.android.server.job.JobSchedulerService$JobHandler c=null m=4
02-23 03:04:52.083  1471  2553 W Looper  : Drained
02-23 03:04:52.263  1471  2615 W ActivityManager: Slow operation: 62ms so far, now at getContentProviderImpl: after updateOomAdj
02-23 03:04:52.263  1471  2615 W ActivityManager: Slow operation: 62ms so far, now at getContentProviderImpl: done!
--------- beginning of main
02-23 03:04:52.431 20102 20134 W System  : ClassLoader referenced unknown path: 
02-23 03:04:52.444  1471  3663 I chatty  : uid=1000(system) Binder:1471_C expire 344 lines
02-23 03:04:52.448 20102 20140 E sqlite3_android: [IKR-38846] ONEPLUS_NAME_PARTS_MATCH SQLITE_OK
02-23 03:04:52.449 20102 20167 E sqlite3_android: [IKR-38846] ONEPLUS_NAME_PARTS_MATCH SQLITE_OK
02-23 03:04:52.455 20102 20140 E sqlite3_android: [IKR-38846] ONEPLUS_NAME_PARTS_MATCH SQLITE_OK
02-23 03:04:52.458 20102 20167 E sqlite3_android: [IKR-38846] ONEPLUS_NAME_PARTS_MATCH SQLITE_OK
02-23 03:04:52.469 20102 20134 W ogle.android.g: ClassLoaderContext classpath size mismatch. expected=14, found=9 (DLC[];PCL[base.apk*633060510:base.apk!classes2.dex*2737655207:base.apk!classes3.dex*949361085:base.apk!classes4.dex*400221965:base.apk!classes5.dex*2709196622:base.apk!classes6.dex*3735661685:base.apk!classes7.dex*1077392224:base.apk!classes8.dex*2099750688:base.apk!classes9.dex*2691248064:base.apk!classes10.dex*4240130861:base.apk!classes11.dex*1707357345:base.apk!classes12.dex*534184177:base.apk!classes13.dex*3569769663:base.apk!classes14.dex*2487046219]{PCL[/system/framework/org.apache.http.legacy.jar*536376411]#PCL[/system/framework/com.android.location.provider.jar*1664931834]#PCL[/system/framework/com.android.media.remotedisplay.jar*1573936315]} | DLC[];PCL[/data/app/~~OxPw7XC-ppbwv68uIVeaBg==/com.google.android.gm-eBYDBpGZdjsMtEA2EvGSoA==/base.apk*770716162:/data/app/~~OxPw7XC-ppbwv68uIVeaBg==/com.google.android.gm-eBYDBpGZdjsMtEA2EvGSoA==/base.apk!classes2.dex*771236052:/data/app/~~OxPw7XC-ppbwv68uIVeaBg==/com.google.android.gm-eBYDBpGZdjsMtEA2EvGSoA==/base.apk!classes3.dex*2581983136:/data/app/~~OxPw7XC-ppbwv68uIVeaBg==/com.google.android.gm-eBYDBpGZdjsMtEA2EvGSoA==/base.apk!classes4.dex*2608456054:/data/app/~~OxPw7XC-ppbwv68uIVeaBg==/com.google.android.gm-eBYDBpGZdjsMtEA2EvGSoA==/base.apk!classes5.dex*1371275304:/data/app/~~OxPw7XC-ppbwv68uIVeaBg==/com.google.android.gm-eBYDBpGZdjsMtEA2EvGSoA==/base.apk!classes6.dex*1499991249:/data/app/~~OxPw7XC-ppbwv68uIVeaBg==/com.google.android.gm-eBYDBpGZdjsMtEA2EvGSoA==/base.apk!classes7.dex*3756962344:/data/app/~~OxPw7XC-ppbwv68uIVeaBg==/com.google.android.gm-eBYDBpGZdjsMtEA2EvGSoA==/base.apk!classes8.dex*3241529961:/data/app/~~OxPw7XC-ppbwv68uIVeaBg==/com.google.android.gm-eBYDBpGZdjsMtEA2EvGSoA==/base.apk!classes9.dex*3527785553]{PCL[/system/framework/org.apache.http.legacy.jar*536376411]})
02-23 03:04:52.474  1471 14079 I chatty  : uid=1000(system) Binder:1471_1E expire 172 lines
02-23 03:04:52.474 20102 20134 W ogle.android.g: Found duplicate classes, falling back to extracting from APK : /data/app/~~4cz1r4shV35tmGD9fDhiFA==/com.google.android.gms-7zQf4gaHMsB3yk_zhZEPJQ==/split_CronetDynamite_installtime.apk
02-23 03:04:52.474 20102 20134 W ogle.android.g: NOTE: This wastes RAM and hurts startup performance.
02-23 03:04:52.474 20102 20134 W ogle.android.g: Found duplicated class when checking oat files: 'Landroid/app/AppComponentFactory;' in /data/app/~~4cz1r4shV35tmGD9fDhiFA==/com.google.android.gms-7zQf4gaHMsB3yk_zhZEPJQ==/split_CronetDynamite_installtime.apk and /data/app/~~OxPw7XC-ppbwv68uIVeaBg==/com.google.android.gm-eBYDBpGZdjsMtEA2EvGSoA==/base.apk!classes3.dex
02-23 03:04:52.487  1471  3650 I chatty  : uid=1000(system) Binder:1471_B expire 573 lines
02-23 03:04:52.554  1471 14078 I chatty  : uid=1000(system) Binder:1471_1D expire 172 lines
02-23 03:04:52.585  1471  2689 I chatty  : uid=1000(system) Binder:1471_6 expire 208 lines
02-23 03:04:52.612  1471  2691 I chatty  : uid=1000(system) Binder:1471_8 expire 172 lines
02-23 03:04:52.641  1471  1471 W Looper  : Drained
02-23 03:04:52.641  1471  1471 I AccountManagerService: TestFeaturesSession,mAuthenticator = android.accounts.IAccountAuthenticator$Stub$Proxy@b2fcc38
02-23 03:04:52.643  1471 14078 I chatty  : uid=1000(system) Binder:1471_1D expire 172 lines
02-23 03:04:52.645  4093 29561 W Auth    : [GaiaServicesFlagManager] Services not available! [CONTEXT service_id=343 ]
02-23 03:04:52.675  1471  2689 I chatty  : uid=1000(system) Binder:1471_6 expire 136 lines
02-23 03:04:52.677  1471  1471 I chatty  : uid=1000 system_server expire 5 lines
02-23 03:04:52.699  1471  6341 I chatty  : uid=1000(system) Binder:1471_1A expire 573 lines
02-23 03:04:52.769  1471  6338 I chatty  : uid=1000(system) Binder:1471_19 expire 573 lines
02-23 03:04:52.845  1471  3663 I chatty  : uid=1000(system) Binder:1471_C expire 917 lines
02-23 03:04:52.871 19703 20131 W adbd    : timed out while waiting for FUNCTIONFS_BIND, trying again
02-23 03:04:52.871 19703 20131 I adbd    : UsbFfs: connection terminated: monitor thread finished
02-23 03:04:52.871 19703 19703 I adbd    : UsbFfs: already offline
02-23 03:04:52.871 19703 19703 I adbd    : destroying transport UsbFfs
02-23 03:04:52.871 19703 19703 I adbd    : UsbFfsConnection being destroyed
02-23 03:04:52.907 19703 19707 I adbd    : opening control endpoint /dev/usb-ffs/adb/ep0
02-23 03:04:52.909 19703 19707 I adbd    : UsbFfsConnection constructed
02-23 03:04:52.911 19703 20181 I adbd    : UsbFfs-monitor thread spawned
02-23 03:04:52.940  1471 14078 I chatty  : uid=1000(system) Binder:1471_1D expire 172 lines
02-23 03:04:52.966  4093  4093 D BoundBrokerSvc: onRebind: Intent { act=com.google.android.gms.common.telemetry.service.START dat=chimera-action: cmp=com.google.android.gms/.chimera.PersistentApiService }
02-23 03:04:52.967  1471  3650 I chatty  : uid=1000(system) Binder:1471_B expire 172 lines
02-23 03:04:52.997  1471  6338 I chatty  : uid=1000(system) Binder:1471_19 expire 344 lines
02-23 03:04:53.018  4093  4093 W ThreadPoolForeg: type=1400 audit(0.0:811): avc: denied { write } for name="traced_producer" dev="tmpfs" ino=32844 scontext=u:r:gmscore_app:s0:c512,c768 tcontext=u:object_r:traced_producer_socket:s0 tclass=sock_file permissive=0 app=com.google.android.gms
02-23 03:04:53.038  1471  2567 I chatty  : uid=1000(system) android.bg expire 573 lines
02-23 03:04:53.122  1471  2615 I chatty  : uid=1000(system) Binder:1471_3 expire 172 lines
02-23 03:04:53.150  1471 14079 I chatty  : uid=1000(system) Binder:1471_1E expire 172 lines
02-23 03:04:53.175  1471  2553 W Looper  : Slow dispatch took 408ms android.ui h=com.android.server.am.ActivityManagerService$UiHandler c=null m=31
02-23 03:04:53.177  1471  2691 I chatty  : uid=1000(system) Binder:1471_8 expire 172 lines
02-23 03:04:53.177  1471  1471 I AccountManagerService: TestFeaturesSession,mAuthenticator = android.accounts.IAccountAuthenticator$Stub$Proxy@af8ab29
02-23 03:04:53.183  4093 18182 W Auth    : [GaiaServicesFlagManager] Services not available! [CONTEXT service_id=343 ]
02-23 03:04:53.203  1471  2688 I chatty  : uid=1000(system) Binder:1471_5 expire 573 lines
02-23 03:04:53.258  1471 14079 I chatty  : uid=1000(system) Binder:1471_1E expire 172 lines
02-23 03:04:53.283  1471 14078 I chatty  : uid=1000(system) Binder:1471_1D expire 573 lines
02-23 03:04:53.351  1471  3663 I chatty  : uid=1000(system) Binder:1471_C expire 573 lines
02-23 03:04:53.391  1471  2691 I chatty  : uid=1000(system) Binder:1471_8 expire 917 lines
02-23 03:04:53.492  1471  6341 I chatty  : uid=1000(system) Binder:1471_1A expire 540 lines
02-23 03:04:53.503  1471  2553 W Looper  : Slow dispatch took 245ms android.ui h=com.android.server.am.ActivityManagerService$UiHandler c=null m=53
