02-23 03:04:59.166  1471  3435 D OPBF    : setCGroupState():tofreeze=false, uid:10240 pkg:org.telegram.plus --->>> ok reason:app died cause by pid 2793
02-23 03:04:59.167  1471  3435 I chatty  : uid=1000(system) OPBF_GeneralThr expire 6 lines
02-23 03:04:59.167  1471  2564 I chatty  : uid=1000(system) ActivityManager expire 1 line
02-23 03:04:59.174  1077  1077 I Zygote  : Process 2793 exited due to signal 9 (Killed)
02-23 03:04:59.178 20331 20331 D ApplicationLoaders: Returning zygote-cached class loader: /system/framework/android.test.base.jar
02-23 03:04:59.178 20331 20331 W ApplicationLoaders: Unexpected environment for cached library: (null|[dalvik.system.PathClassLoader[DexPathList[[zip file "/system/framework/android.hidl.base-V1.0-java.jar"],nativeLibraryDirectories=[/system/lib64, /system/system_ext/lib64]]]])
02-23 03:04:59.181 20331 20331 I eplus.brickmod: The ClassLoaderContext is a special shared library.
02-23 03:04:59.184 20331 20331 D ApplicationLoaders: Returning zygote-cached class loader: /system/framework/android.hidl.base-V1.0-java.jar
02-23 03:04:59.193  1471 14078 I chatty  : uid=1000(system) Binder:1471_1D expire 284 lines
02-23 03:04:59.198 20331 20331 I Perf    : Connecting to perf service.
02-23 03:04:59.222 20331 20331 I eplus.brickmod: [GL_OOM] ClampGrowthLimit 268435456
02-23 03:04:59.223 20331 20331 D NetworkSecurityConfig: Using Network Security Config from resource network_security_config debugBuild: false
02-23 03:04:59.224 20331 20331 D NetworkSecurityConfig: Using Network Security Config from resource network_security_config debugBuild: false
02-23 03:04:59.225  1471  6341 I chatty  : uid=1000(system) Binder:1471_1A expire 545 lines
02-23 03:04:59.225 19703 20278 W adbd    : timed out while waiting for FUNCTIONFS_BIND, trying again
02-23 03:04:59.225 19703 20278 I adbd    : UsbFfs: connection terminated: monitor thread finished
02-23 03:04:59.225 19703 19703 I adbd    : UsbFfs: already offline
02-23 03:04:59.225 19703 19703 I adbd    : destroying transport UsbFfs
02-23 03:04:59.225 19703 19703 I adbd    : UsbFfsConnection being destroyed
02-23 03:04:59.281  1471 18181 I chatty  : uid=1000(system) Binder:1471_20 expire 621 lines
02-23 03:04:59.286 19703 19707 I adbd    : opening control endpoint /dev/usb-ffs/adb/ep0
02-23 03:04:59.288 19703 19707 I adbd    : UsbFfsConnection constructed
02-23 03:04:59.290 19703 20359 I adbd    : UsbFfs-monitor thread spawned
02-23 03:04:59.360  1471 18181 W ActivityManager: Slow operation: 68ms so far, now at getContentProviderImpl: after updateOomAdj
02-23 03:04:59.360  1471 18181 W ActivityManager: Slow operation: 68ms so far, now at getContentProviderImpl: done!
02-23 03:04:59.365  2856  3726 V OPConfig:ConfigProvider: Module:OnePlusFontConfig
02-23 03:04:59.369 20331 20331 E Config:Grabber:OnePlusFontConfig: Index 0 requested, with a size of 0
02-23 03:04:59.378 20331 20331 I OPBreathMode: SettingsActivity:getNotificationSwitch isSwitch = false
02-23 03:04:59.385 20331 20331 I OPBreathMode: LoginAccountChangeReceiver:LoginAccountChangeReceiver receive.
02-23 03:04:59.386 20331 20331 I OPBreathMode: LoginSyncService:Start operation, operation code = 5
02-23 03:04:59.386 20331 20331 W ContextImpl: Calling a method in the system process without a qualified user: android.app.ContextImpl.startService:1706 android.content.ContextWrapper.startService:720 android.content.ContextWrapper.startService:720 com.oneplus.brickmode.service.LoginSyncService.a:29 com.oneplus.brickmode.service.LoginSyncService.a:6 
02-23 03:04:59.394 20331 20331 I OPBreathMode: LoginSyncService:onCreate called
02-23 03:04:59.394 20331 20331 I OPBreathMode: LoginSyncService:Register listener.
02-23 03:04:59.406  1471 18181 D CompatibilityChangeReporter: Compat change id reported: 135634846; UID 10167; state: DISABLED
02-23 03:04:59.408  1471  2563 D CompatibilityChangeReporter: Compat change id reported: 143937733; UID 10167; state: ENABLED
02-23 03:04:59.408  1471  2563 I chatty  : uid=1000(system) ActivityManager expire 1 line
02-23 03:04:59.409 20331 20331 I OPBreathMode: LoginSyncService:onStartCommand operation=5
02-23 03:04:59.412 20331 20331 I OPBreathMode: LoginSyncService:Network state changed.
02-23 03:04:59.414 20331 20331 I TetheringManager: registerTetheringEventCallback:com.oneplus.brickmode
02-23 03:04:59.417 20331 20331 I OPBreathMode: LoginSyncService:NetworkConnected, do sync.
02-23 03:04:59.417 20331 20331 I OPBreathMode: LoginSyncService:Sync, but have not login, so return.
02-23 03:04:59.419  1471  6341 I chatty  : uid=1000(system) Binder:1471_1A expire 1156 lines
02-23 03:04:59.455  2787  3818 D SafeProvider: call oneplus security provider,method:query_oneplus_security_uuid,caller:com.oneplus.brickmode
02-23 03:04:59.460 20331 20368 I OPBreathMode: LoginSyncService:Account is not login.
02-23 03:04:59.464  1079  1079 V zygiskd64: zygiskd::zygiskd: New daemon action: GetProcessFlags
02-23 03:04:59.465  1079 20372 V zygiskd64: zygiskd::zygiskd: Flags for UID 10167: ProcessFlags(PROCESS_ON_DENYLIST | PROCESS_ROOT_IS_KSU)
02-23 03:04:59.500  1077  1077 D Zygote  : Forked child process 20373
02-23 03:04:59.501 20373 20373 I zygisk-core64: [com.oneplus.membership] is on the denylist
02-23 03:04:59.501  1079  1079 V zygiskd64: zygiskd::zygiskd: New daemon action: ReadModules
02-23 03:04:59.506  1471  2563 W ActivityManager: Slow operation: 109ms so far, now at startProcess: returned from zygote!
02-23 03:04:59.507  1471  2563 W ActivityManager: Slow operation: 110ms so far, now at startProcess: done updating battery stats
02-23 03:04:59.507  1471  2563 W ActivityManager: Slow operation: 110ms so far, now at startProcess: building log message
02-23 03:04:59.508  1471  2563 I ActivityManager: Start proc 20373:com.oneplus.membership/u0a167 for broadcast {com.oneplus.membership/com.oneplus.membership.receiver.MemberReceiver}
02-23 03:04:59.508  1471  2563 W ActivityManager: Slow operation: 111ms so far, now at startProcess: starting to update pids map
02-23 03:04:59.508  1471  2563 W ActivityManager: Slow operation: 111ms so far, now at startProcess: done updating pids map
02-23 03:04:59.524  1079  1079 V zygiskd64: zygiskd::zygiskd: New daemon action: UpdateMountNamespace
02-23 03:04:59.531 20373 20373 I Zygote  : seccomp disabled by setenforce 0
02-23 03:04:59.546 20373 20373 E plus.membershi: Unknown bits set in runtime_flags: 0x800000
02-23 03:04:59.553 20373 20373 E plus.membershi: Not starting debugger since process cannot load the jdwp agent.
02-23 03:04:59.584  4093  4093 D BoundBrokerSvc: onUnbind: Intent { act=com.google.android.gms.common.telemetry.service.START dat=chimera-action: cmp=com.google.android.gms/.chimera.PersistentApiService }
02-23 03:04:59.651  1471 18181 I chatty  : uid=1000(system) Binder:1471_20 expire 5 lines
02-23 03:04:59.654  1471 14078 I chatty  : uid=1000(system) Binder:1471_1D expire 198 lines
02-23 03:04:59.677 20373 20373 W plus.membershi: ClassLoaderContext shared library size mismatch. Expected=1, found=0 (PCL[]{PCL[/system/framework/android.test.base.jar*2798937298]} | PCL[])
02-23 03:04:59.699  1471  6341 I chatty  : uid=1000(system) Binder:1471_1A expire 1028 lines
02-23 03:04:59.754 20373 20373 I 100     : Open /data/app/~~s7NDOdWWota1mTT2DDI0rQ==/com.oneplus.membership-YM4rZbi-oZUv1Qvy8Z3Ahg==/base.apk took:80ms
02-23 03:04:59.773 20373 20373 I Perf    : Connecting to perf service.
02-23 03:04:59.783 20373 20373 I plus.membershi: [GL_OOM] ClampGrowthLimit 268435456
02-23 03:04:59.785 20373 20373 D NetworkSecurityConfig: Using Network Security Config from resource network_security_config debugBuild: false
02-23 03:04:59.787 20373 20373 D NetworkSecurityConfig: Using Network Security Config from resource network_security_config debugBuild: false
02-23 03:04:59.813 20373 20373 I FirebaseApp: Device unlocked: initializing all Firebase APIs for app [DEFAULT]
02-23 03:04:59.825 20373 20373 I FirebaseInitProvider: FirebaseApp initialization successful
02-23 03:04:59.831  1471 18181 I chatty  : uid=1000(system) Binder:1471_20 expire 203 lines
02-23 03:04:59.833 20373 20401 E sqlite3_android: [IKR-38846] ONEPLUS_NAME_PARTS_MATCH SQLITE_OK
02-23 03:04:59.859 20373 20409 I TetheringManager: registerTetheringEventCallback:com.oneplus.membership
02-23 03:04:59.860  1471  2554 I chatty  : uid=1000(system) android.io expire 5 lines
02-23 03:04:59.861  1471  6341 D ConnectivityService: Returning BLOCKED NetworkInfo to uid=10167
02-23 03:04:59.871 20373 20400 W plus.membershi: ClassLoaderContext classpath size mismatch. expected=14, found=0 (DLC[];PCL[base.apk*633060510:base.apk!classes2.dex*2737655207:base.apk!classes3.dex*949361085:base.apk!classes4.dex*400221965:base.apk!classes5.dex*2709196622:base.apk!classes6.dex*3735661685:base.apk!classes7.dex*1077392224:base.apk!classes8.dex*2099750688:base.apk!classes9.dex*2691248064:base.apk!classes10.dex*4240130861:base.apk!classes11.dex*1707357345:base.apk!classes12.dex*534184177:base.apk!classes13.dex*3569769663:base.apk!classes14.dex*2487046219]{PCL[/system/framework/org.apache.http.legacy.jar*536376411]#PCL[/system/framework/com.android.location.provider.jar*1664931834]#PCL[/system/framework/com.android.media.remotedisplay.jar*1573936315]} | DLC[];PCL[])
02-23 03:04:59.873 20373 20400 I DynamiteModule: Considering local module com.google.android.gms.measurement.dynamite:92 and remote module com.google.android.gms.measurement.dynamite:177
02-23 03:04:59.873 20373 20400 I DynamiteModule: Selected remote version of com.google.android.gms.measurement.dynamite, version >= 177
02-23 03:04:59.873 20373 20400 V DynamiteModule: Dynamite loader version >= 2, using loadModule2NoCrashUtils
02-23 03:04:59.873 20373 20373 I FacebookInitProvider: Failed to auto initialize the Facebook SDK
02-23 03:04:59.873 20373 20373 I FacebookInitProvider: A valid Facebook app id must be set in the AndroidManifest.xml or set by calling FacebookSdk.setApplicationId before initializing the sdk.
02-23 03:04:59.873 20373 20373 I FacebookInitProvider: 	at com.facebook.FacebookSdk.E(Unknown Source:156)
02-23 03:04:59.873 20373 20373 I FacebookInitProvider: 	at com.facebook.FacebookSdk.D(Unknown Source:4)
02-23 03:04:59.873 20373 20373 I FacebookInitProvider: 	at com.facebook.internal.FacebookInitProvider.onCreate(Unknown Source:4)
02-23 03:04:59.873 20373 20373 I FacebookInitProvider: 	at android.content.ContentProvider.attachInfo(ContentProvider.java:2494)
02-23 03:04:59.873 20373 20373 I FacebookInitProvider: 	at android.content.ContentProvider.attachInfo(ContentProvider.java:2464)
02-23 03:04:59.873 20373 20373 I FacebookInitProvider: 	at android.app.ActivityThread.installProvider(ActivityThread.java:7602)
02-23 03:04:59.873 20373 20373 I FacebookInitProvider: 	at android.app.ActivityThread.installContentProviders(ActivityThread.java:7125)
02-23 03:04:59.873 20373 20373 I FacebookInitProvider: 	at android.app.ActivityThread.handleBindApplication(ActivityThread.java:7009)
02-23 03:04:59.873 20373 20373 I FacebookInitProvider: 	at android.app.ActivityThread.access$1700(ActivityThread.java:274)
02-23 03:04:59.873 20373 20373 I FacebookInitProvider: 	at android.app.ActivityThread$H.handleMessage(ActivityThread.java:2098)
02-23 03:04:59.873 20373 20373 I FacebookInitProvider: 	at android.os.Handler.dispatchMessage(Handler.java:106)
02-23 03:04:59.873 20373 20373 I FacebookInitProvider: 	at android.os.Looper.loop(Looper.java:233)
02-23 03:04:59.873 20373 20373 I FacebookInitProvider: 	at android.app.ActivityThread.main(ActivityThread.java:8068)
02-23 03:04:59.873 20373 20373 I FacebookInitProvider: 	at java.lang.reflect.Method.invoke(Native Method)
02-23 03:04:59.873 20373 20373 I FacebookInitProvider: 	at com.android.internal.os.RuntimeInit$MethodAndArgsCaller.run(RuntimeInit.java:631)
02-23 03:04:59.873 20373 20373 I FacebookInitProvider: 	at com.android.internal.os.ZygoteInit.main(ZygoteInit.java:978)
02-23 03:04:59.875 20373 20373 D CardWidget.Utils: Utils sIsDebug sync ret: false
02-23 03:04:59.877 20373 20373 E CardWidget.Compatibility.AssistantScreenSelector: queryAssistantMetaData get ast metaData err! com.coloros.assistantscreen
02-23 03:04:59.878 20373 20373 E CardWidget.Compatibility.AssistantScreenSelector: getSmartEngineApkVersionCode getPackageInfo err! com.oplus.smartengine
02-23 03:04:59.878 20373 20373 D CardWidget.Compatibility.AssistantScreenSelector: get SmartEngine versionCode: 0
02-23 03:04:59.880  1471 20415 I chatty  : uid=1000 system_server expire 5 lines
02-23 03:04:59.880 20373 20373 W System.err: java.lang.IllegalStateException: the class are not injected
02-23 03:04:59.881 20373 20373 W System.err: 	at com.oplus.cardwidget.domain.pack.BaseDataPack$dataCompress$1.a(Unknown Source:51)
02-23 03:04:59.881 20373 20373 W System.err: 	at com.oplus.cardwidget.domain.pack.BaseDataPack$dataCompress$1.invoke(Unknown Source:0)
02-23 03:04:59.881 20373 20373 W System.err: 	at com.oplus.cardwidget.util.UtilsKt.b(Unknown Source:10)
02-23 03:04:59.881 20373 20373 W System.err: 	at com.oplus.cardwidget.domain.pack.BaseDataPack.<init>(Unknown Source:9)
02-23 03:04:59.881 20373 20373 W System.err: 	at com.oneplus.membership.card.packer.UserDataPacker.<init>(Unknown Source:0)
02-23 03:04:59.881 20373 20373 W System.err: 	at com.oneplus.membership.card.data.StateNoticeKt.USER_DATA_INSTANCE_delegate$lambda$0(Unknown Source:28)
02-23 03:04:59.881 20373 20373 W System.err: 	at com.oneplus.membership.card.data.StateNoticeKt.a(Unknown Source:0)
02-23 03:04:59.881 20373 20373 W System.err: 	at com.oneplus.membership.card.data.a.invoke(Unknown Source:0)
02-23 03:04:59.881 20373 20373 W System.err: 	at kotlin.SynchronizedLazyImpl.getValue(Unknown Source:20)
02-23 03:04:59.881 20373 20373 W System.err: 	at com.oneplus.membership.card.data.StateNoticeKt.getUSER_DATA_INSTANCE(Unknown Source:2)
02-23 03:04:59.881 20373 20373 W System.err: 	at com.oneplus.membership.card.provider.UserCardWidgetProvider.onCreate(Unknown Source:13)
02-23 03:04:59.881 20373 20373 W System.err: 	at android.content.ContentProvider.attachInfo(ContentProvider.java:2494)
02-23 03:04:59.881 20373 20373 W System.err: 	at android.content.ContentProvider.attachInfo(ContentProvider.java:2464)
02-23 03:04:59.881 20373 20373 W System.err: 	at com.oplus.cardwidget.serviceLayer.AppCardWidgetProvider.attachInfo(Unknown Source:6)
02-23 03:04:59.881 20373 20373 W System.err: 	at android.app.ActivityThread.installProvider(ActivityThread.java:7602)
02-23 03:04:59.881 20373 20373 W System.err: 	at android.app.ActivityThread.installContentProviders(ActivityThread.java:7125)
02-23 03:04:59.881 20373 20373 W System.err: 	at android.app.ActivityThread.handleBindApplication(ActivityThread.java:7009)
02-23 03:04:59.881 20373 20373 W System.err: 	at android.app.ActivityThread.access$1700(ActivityThread.java:274)
02-23 03:04:59.881 20373 20373 W System.err: 	at android.app.ActivityThread$H.handleMessage(ActivityThread.java:2098)
02-23 03:04:59.881 20373 20373 W System.err: 	at android.os.Handler.dispatchMessage(Handler.java:106)
02-23 03:04:59.881 20373 20373 W System.err: 	at android.os.Looper.loop(Looper.java:233)
02-23 03:04:59.881 20373 20373 W System.err: 	at android.app.ActivityThread.main(ActivityThread.java:8068)
02-23 03:04:59.881 20373 20373 W System.err: 	at java.lang.reflect.Method.invoke(Native Method)
02-23 03:04:59.881 20373 20373 W System.err: 	at com.android.internal.os.RuntimeInit$MethodAndArgsCaller.run(RuntimeInit.java:631)
02-23 03:04:59.881 20373 20373 W System.err: 	at com.android.internal.os.ZygoteInit.main(ZygoteInit.java:978)
02-23 03:04:59.882 20373 20373 E CardWidget.Update.BaseDataPack_ERR: run action has error:
02-23 03:04:59.882 20373 20373 E CardWidget.Update.BaseDataPack_ERR: the class are not injected
02-23 03:04:59.882 20373 20373 E CardWidget.Update.BaseDataPack_ERR: kotlin.Unit
02-23 03:04:59.886  1471  2688 I chatty  : uid=1000(system) Binder:1471_5 expire 625 lines
02-23 03:04:59.892 20373 20400 W System  : ClassLoader referenced unknown path: 
02-23 03:04:59.916 20373 20400 W plus.membershi: ClassLoaderContext classpath size mismatch. expected=14, found=3 (DLC[];PCL[base.apk*633060510:base.apk!classes2.dex*2737655207:base.apk!classes3.dex*949361085:base.apk!classes4.dex*400221965:base.apk!classes5.dex*2709196622:base.apk!classes6.dex*3735661685:base.apk!classes7.dex*1077392224:base.apk!classes8.dex*2099750688:base.apk!classes9.dex*2691248064:base.apk!classes10.dex*4240130861:base.apk!classes11.dex*1707357345:base.apk!classes12.dex*534184177:base.apk!classes13.dex*3569769663:base.apk!classes14.dex*2487046219]{PCL[/system/framework/org.apache.http.legacy.jar*536376411]#PCL[/system/framework/com.android.location.provider.jar*1664931834]#PCL[/system/framework/com.android.media.remotedisplay.jar*1573936315]} | DLC[];PCL[/data/app/~~s7NDOdWWota1mTT2DDI0rQ==/com.oneplus.membership-YM4rZbi-oZUv1Qvy8Z3Ahg==/base.apk*3156006945:/data/app/~~s7NDOdWWota1mTT2DDI0rQ==/com.oneplus.membership-YM4rZbi-oZUv1Qvy8Z3Ahg==/base.apk!classes2.dex*2150103956:/data/app/~~s7NDOdWWota1mTT2DDI0rQ==/com.oneplus.membership-YM4rZbi-oZUv1Qvy8Z3Ahg==/base.apk!classes3.dex*907809918])
02-23 03:04:59.916 20373 20400 W plus.membershi: Found duplicate classes, falling back to extracting from APK : /data/app/~~4cz1r4shV35tmGD9fDhiFA==/com.google.android.gms-7zQf4gaHMsB3yk_zhZEPJQ==/split_MeasurementDynamite_installtime.apk
02-23 03:04:59.916 20373 20400 W plus.membershi: NOTE: This wastes RAM and hurts startup performance.
02-23 03:04:59.916 20373 20400 W plus.membershi: Found duplicated class when checking oat files: 'Landroid/os/OutcomeReceiver;' in /data/app/~~4cz1r4shV35tmGD9fDhiFA==/com.google.android.gms-7zQf4gaHMsB3yk_zhZEPJQ==/split_MeasurementDynamite_installtime.apk and /data/app/~~s7NDOdWWota1mTT2DDI0rQ==/com.oneplus.membership-YM4rZbi-oZUv1Qvy8Z3Ahg==/base.apk
02-23 03:04:59.976  1471  2688 W ActivityManager: Slow operation: 65ms so far, now at getContentProviderImpl: after updateOomAdj
02-23 03:04:59.976  1471  2688 W ActivityManager: Slow operation: 65ms so far, now at getContentProviderImpl: done!
02-23 03:04:59.978  1471  6341 I chatty  : uid=1000(system) Binder:1471_1A expire 572 lines
02-23 03:05:00.041  1471  2615 I chatty  : uid=1000(system) Binder:1471_3 expire 807 lines
02-23 03:05:00.112  2856  3726 V OPConfig:ConfigProvider: Module:OnePlusFontConfig
02-23 03:05:00.120 20373 20373 E Config:Grabber:OnePlusFontConfig: Index 0 requested, with a size of 0
02-23 03:05:00.127  1471  6341 D ConnectivityService: requestNetwork for uid/pid:10167/20373 NetworkRequest [ TRACK_DEFAULT id=157, [ Capabilities: INTERNET&NOT_RESTRICTED&TRUSTED Uid: 10167 AdministratorUids: [] RequestorUid: 10167 RequestorPackageName: com.oneplus.membership] ]
02-23 03:05:00.127  1471  2696 D ConnectivityService: NetReassign [157 : null → 100]
02-23 03:05:00.127  1471  2683 I chatty  : uid=1000(system) WifiHandlerThre expire 2 lines
02-23 03:05:00.128  1471  2615 I chatty  : uid=1000(system) Binder:1471_3 expire 400 lines
02-23 03:05:00.129 14085 14085 D PhoneSwitcherNetworkRequstListener: got request NetworkRequest [ TRACK_DEFAULT id=157, [ Capabilities: INTERNET&NOT_RESTRICTED&TRUSTED Uid: 10167 AdministratorUids: [] RequestorUid: 10167 RequestorPackageName: com.oneplus.membership] ] with score 100 and providerId 5
02-23 03:05:00.129 14085 14085 D PhoneSwitcherNetworkRequstListener: needNetworkFor NetworkRequest [ TRACK_DEFAULT id=157, [ Capabilities: INTERNET&NOT_RESTRICTED&TRUSTED Uid: 10167 AdministratorUids: [] RequestorUid: 10167 RequestorPackageName: com.oneplus.membership] ], 100
02-23 03:05:00.129  1471  2738 I chatty  : uid=1000(system) EthernetService expire 1 line
02-23 03:05:00.137 20373 20419 E sqlite3_android: [IKR-38846] ONEPLUS_NAME_PARTS_MATCH SQLITE_OK
02-23 03:05:00.151 20373 20416 D NearX.CloudConfig: cloudInit sdk version : unspecified app name : com.oneplus.membership
02-23 03:05:00.152  1471  2553 W Looper  : Slow dispatch took 112ms android.ui h=com.android.server.am.ActivityManagerService$UiHandler c=null m=31
02-23 03:05:00.157  1471  2615 I chatty  : uid=1000(system) Binder:1471_3 expire 509 lines
02-23 03:05:00.177 20373 20449 W System.err: java.net.UnknownHostException: Unable to resolve host "app.opstatics.com": No address associated with hostname
02-23 03:05:00.178 20373 20449 W System.err: 	at java.net.Inet6AddressImpl.lookupHostByName(Inet6AddressImpl.java:156)
02-23 03:05:00.178 20373 20449 W System.err: 	at java.net.Inet6AddressImpl.lookupAllHostAddr(Inet6AddressImpl.java:103)
02-23 03:05:00.178 20373 20449 W System.err: 	at java.net.InetAddress.getAllByName(InetAddress.java:1152)
02-23 03:05:00.178 20373 20449 W System.err: 	at okhttp3.Dns$Companion$DnsSystem.lookup(Unknown Source:5)
02-23 03:05:00.178 20373 20449 W System.err: 	at okhttp3.internal.connection.RouteSelector.resetNextInetSocketAddress(Unknown Source:133)
02-23 03:05:00.178 20373 20449 W System.err: 	at okhttp3.internal.connection.RouteSelector.nextProxy(Unknown Source:20)
02-23 03:05:00.178 20373 20449 W System.err: 	at okhttp3.internal.connection.RouteSelector.next(Unknown Source:17)
02-23 03:05:00.178 20373 20449 W System.err: 	at okhttp3.internal.connection.ExchangeFinder.findConnection(Unknown Source:193)
02-23 03:05:00.178 20373 20449 W System.err: 	at okhttp3.internal.connection.ExchangeFinder.findHealthyConnection(Unknown Source:0)
02-23 03:05:00.178 20373 20449 W System.err: 	at okhttp3.internal.connection.ExchangeFinder.find(Unknown Source:47)
02-23 03:05:00.178 20373 20449 W System.err: 	at okhttp3.internal.connection.RealCall.initExchange$okhttp(Unknown Source:28)
02-23 03:05:00.178 20373 20449 W System.err: 	at okhttp3.internal.connection.ConnectInterceptor.intercept(Unknown Source:12)
02-23 03:05:00.178 20373 20449 W System.err: 	at okhttp3.internal.http.RealInterceptorChain.proceed(Unknown Source:166)
02-23 03:05:00.178 20373 20449 W System.err: 	at okhttp3.internal.cache.CacheInterceptor.intercept(Unknown Source:191)
02-23 03:05:00.178 20373 20449 W System.err: 	at okhttp3.internal.http.RealInterceptorChain.proceed(Unknown Source:166)
02-23 03:05:00.178 20373 20449 W System.err: 	at okhttp3.internal.http.BridgeInterceptor.intercept(Unknown Source:166)
02-23 03:05:00.178 20373 20449 W System.err: 	at okhttp3.internal.http.RealInterceptorChain.proceed(Unknown Source:166)
02-23 03:05:00.178 20373 20449 W System.err: 	at okhttp3.internal.http.RetryAndFollowUpInterceptor.intercept(Unknown Source:34)
02-23 03:05:00.178 20373 20449 W System.err: 	at okhttp3.internal.http.RealInterceptorChain.proceed(Unknown Source:166)
02-23 03:05:00.178 20373 20449 W System.err: 	at com.oneplus.membership.data.interceptor.ResponseDataInterceptor.intercept(Unknown Source:9)
02-23 03:05:00.178 20373 20449 W System.err: 	at okhttp3.internal.http.RealInterceptorChain.proceed(Unknown Source:166)
02-23 03:05:00.178 20373 20449 W System.err: 	at okhttp3.internal.connection.RealCall.getResponseWithInterceptorChain$okhttp(Unknown Source:112)
02-23 03:05:00.178 20373 20449 W System.err: 	at okhttp3.internal.connection.RealCall$AsyncCall.run(Unknown Source:51)
02-23 03:05:00.178 20373 20449 W System.err: 	at java.util.concurrent.ThreadPoolExecutor.runWorker(ThreadPoolExecutor.java:1167)
02-23 03:05:00.178 20373 20449 W System.err: 	at java.util.concurrent.ThreadPoolExecutor$Worker.run(ThreadPoolExecutor.java:641)
02-23 03:05:00.178 20373 20449 W System.err: 	at java.lang.Thread.run(Thread.java:923)
02-23 03:05:00.178 20373 20449 W System.err: Caused by: android.system.GaiException: android_getaddrinfo failed: EAI_NODATA (No address associated with hostname)
02-23 03:05:00.178 20373 20449 W System.err: 	at libcore.io.Linux.android_getaddrinfo(Native Method)
02-23 03:05:00.179 20373 20449 W System.err: 	at libcore.io.ForwardingOs.android_getaddrinfo(ForwardingOs.java:73)
02-23 03:05:00.179 20373 20449 W System.err: 	at libcore.io.BlockGuardOs.android_getaddrinfo(BlockGuardOs.java:202)
02-23 03:05:00.179 20373 20449 W System.err: 	at libcore.io.ForwardingOs.android_getaddrinfo(ForwardingOs.java:73)
02-23 03:05:00.179 20373 20449 W System.err: 	at java.net.Inet6AddressImpl.lookupHostByName(Inet6AddressImpl.java:135)
02-23 03:05:00.179 20373 20449 W System.err: 	... 25 more
02-23 03:05:00.185 20373 20429 I MSP-LOG-SDK-MSP-LOG-SDK-: isDebug=false ,IS_SYSOPEN=false
02-23 03:05:00.188 20373 20429 I DpmTcmClient: RegisterTcmMonitor from: $Proxy1
02-23 03:05:00.206 20373 20419 D NearX.CloudConfig: cloudInit sdk version : unspecified app name : com.oneplus.membership
02-23 03:05:00.247  1471  6341 I chatty  : uid=1000(system) Binder:1471_1A expire 572 lines
02-23 03:05:00.259 20373 20419 D NearX.CloudConfig: cloudInit sdk version : unspecified app name : com.oneplus.membership
02-23 03:05:00.280 20373 20419 E sqlite3_android: [IKR-38846] ONEPLUS_NAME_PARTS_MATCH SQLITE_OK
02-23 03:05:00.292 19703 20359 W adbd    : timed out while waiting for FUNCTIONFS_BIND, trying again
02-23 03:05:00.292 19703 20359 I adbd    : UsbFfs: connection terminated: monitor thread finished
02-23 03:05:00.292 19703 19703 I adbd    : UsbFfs: already offline
02-23 03:05:00.292 19703 19703 I adbd    : destroying transport UsbFfs
02-23 03:05:00.292 19703 19703 I adbd    : UsbFfsConnection being destroyed
02-23 03:05:00.313  1471  2688 I chatty  : uid=1000(system) Binder:1471_5 expire 203 lines
02-23 03:05:00.327 19703 19707 I adbd    : opening control endpoint /dev/usb-ffs/adb/ep0
02-23 03:05:00.329 19703 19707 I adbd    : UsbFfsConnection constructed
02-23 03:05:00.332 19703 20511 I adbd    : UsbFfs-monitor thread spawned
02-23 03:05:00.351 20373 20373 I Shelf MemberReceiver: onReceive: android.accounts.LOGIN_ACCOUNTS_CHANGED
02-23 03:05:00.354  1471 14078 W ActivityManager: Foreground service started from background can not have location/camera/microphone access: service com.heytap.mcs/.service.McsSdkService
02-23 03:05:00.356  1471  2562 V ActivityManager: Attempted to start a foreground service (com.heytap.mcs/.service.McsSdkService) with a broken notification (no icon: Notification(channel=FOREGROUND_SERVICE shortcut=null contentView=null vibrate=null sound=null defaults=0x0 flags=0x40 color=0x00000000 vis=PRIVATE))
02-23 03:05:00.366  1471  2562 V NotificationService: checkDisqualifyingFeatures: pkg=com.heytap.mcs id=100 notification=Notification(channel=FOREGROUND_SERVICE shortcut=null contentView=null vibrate=null sound=null defaults=0x0 flags=0x40 color=0xff607d8b vis=PRIVATE)
02-23 03:05:00.368  4093  9384 I PhenotypeResourceReader: unable to find any Phenotype resource metadata for com.oneplus.membership
02-23 03:05:00.390  1471 14078 I chatty  : uid=1000(system) Binder:1471_1D expire 54 lines
02-23 03:05:00.392 20373 20449 W System.err: java.net.UnknownHostException: Unable to resolve host "memberapi.oneplus.in": No address associated with hostname
02-23 03:05:00.392 20373 20449 W System.err: 	at java.net.Inet6AddressImpl.lookupHostByName(Inet6AddressImpl.java:156)
02-23 03:05:00.392 20373 20449 W System.err: 	at java.net.Inet6AddressImpl.lookupAllHostAddr(Inet6AddressImpl.java:103)
02-23 03:05:00.392 20373 20449 W System.err: 	at java.net.InetAddress.getAllByName(InetAddress.java:1152)
02-23 03:05:00.392 20373 20449 W System.err: 	at okhttp3.Dns$Companion$DnsSystem.lookup(Unknown Source:5)
02-23 03:05:00.392 20373 20449 W System.err: 	at okhttp3.internal.connection.RouteSelector.resetNextInetSocketAddress(Unknown Source:133)
02-23 03:05:00.392 20373 20449 W System.err: 	at okhttp3.internal.connection.RouteSelector.nextProxy(Unknown Source:20)
02-23 03:05:00.392 20373 20449 W System.err: 	at okhttp3.internal.connection.RouteSelector.next(Unknown Source:17)
02-23 03:05:00.392 20373 20449 W System.err: 	at okhttp3.internal.connection.ExchangeFinder.findConnection(Unknown Source:193)
02-23 03:05:00.392 20373 20449 W System.err: 	at okhttp3.internal.connection.ExchangeFinder.findHealthyConnection(Unknown Source:0)
02-23 03:05:00.392 20373 20449 W System.err: 	at okhttp3.internal.connection.ExchangeFinder.find(Unknown Source:47)
02-23 03:05:00.392 20373 20449 W System.err: 	at okhttp3.internal.connection.RealCall.initExchange$okhttp(Unknown Source:28)
02-23 03:05:00.392 20373 20449 W System.err: 	at okhttp3.internal.connection.ConnectInterceptor.intercept(Unknown Source:12)
02-23 03:05:00.392 20373 20449 W System.err: 	at okhttp3.internal.http.RealInterceptorChain.proceed(Unknown Source:166)
02-23 03:05:00.393 20373 20449 W System.err: 	at okhttp3.internal.cache.CacheInterceptor.intercept(Unknown Source:191)
02-23 03:05:00.393 20373 20449 W System.err: 	at okhttp3.internal.http.RealInterceptorChain.proceed(Unknown Source:166)
02-23 03:05:00.393 20373 20449 W System.err: 	at okhttp3.internal.http.BridgeInterceptor.intercept(Unknown Source:166)
02-23 03:05:00.393 20373 20449 W System.err: 	at okhttp3.internal.http.RealInterceptorChain.proceed(Unknown Source:166)
02-23 03:05:00.393 20373 20449 W System.err: 	at okhttp3.internal.http.RetryAndFollowUpInterceptor.intercept(Unknown Source:34)
02-23 03:05:00.393 20373 20449 W System.err: 	at okhttp3.internal.http.RealInterceptorChain.proceed(Unknown Source:166)
02-23 03:05:00.393 20373 20449 W System.err: 	at com.oneplus.membership.data.interceptor.ResponseDataInterceptor.intercept(Unknown Source:9)
02-23 03:05:00.393 20373 20449 W System.err: 	at okhttp3.internal.http.RealInterceptorChain.proceed(Unknown Source:166)
02-23 03:05:00.393 20373 20449 W System.err: 	at okhttp3.internal.connection.RealCall.getResponseWithInterceptorChain$okhttp(Unknown Source:112)
02-23 03:05:00.393 20373 20449 W System.err: 	at okhttp3.internal.connection.RealCall$AsyncCall.run(Unknown Source:51)
02-23 03:05:00.393 20373 20449 W System.err: 	at java.util.concurrent.ThreadPoolExecutor.runWorker(ThreadPoolExecutor.java:1167)
02-23 03:05:00.393 20373 20449 W System.err: 	at java.util.concurrent.ThreadPoolExecutor$Worker.run(ThreadPoolExecutor.java:641)
02-23 03:05:00.393 20373 20449 W System.err: 	at java.lang.Thread.run(Thread.java:923)
02-23 03:05:00.393 20373 20449 W System.err: Caused by: android.system.GaiException: android_getaddrinfo failed: EAI_NODATA (No address associated with hostname)
02-23 03:05:00.393 20373 20449 W System.err: 	at libcore.io.Linux.android_getaddrinfo(Native Method)
02-23 03:05:00.393 20373 20449 W System.err: 	at libcore.io.ForwardingOs.android_getaddrinfo(ForwardingOs.java:73)
02-23 03:05:00.393 20373 20449 W System.err: 	at libcore.io.BlockGuardOs.android_getaddrinfo(BlockGuardOs.java:202)
02-23 03:05:00.393 20373 20449 W System.err: 	at libcore.io.ForwardingOs.android_getaddrinfo(ForwardingOs.java:73)
02-23 03:05:00.393 20373 20449 W System.err: 	at java.net.Inet6AddressImpl.lookupHostByName(Inet6AddressImpl.java:135)
02-23 03:05:00.393 20373 20449 W System.err: 	... 25 more
02-23 03:05:00.396 20373 20483 E plus.membershi: No package ID 6b found for ID 0x6b0b0013.
02-23 03:05:00.397  3728 20518 E MCS2.0_CIPHER_ALGO: checkSign 1  
02-23 03:05:00.398 20373 20483 I FA      : App measurement initialized, version: 153000
02-23 03:05:00.398 20373 20483 I FA      : To enable debug logging run: adb shell setprop log.tag.FA VERBOSE
02-23 03:05:00.398  3728 20518 D MCS2.0_CIPHER_ALGO: riv native_AES_encrypt flag 0
02-23 03:05:00.398 19585 19585 I ActiveAccountChangedRec: Received broadcast to change the active account. Action: com.google.android.apps.wallet.util.sharedpreferences.ACTIVE_ACCOUNTS_CHANGED
02-23 03:05:00.398 20373 20483 I FA      : To enable faster debug mode event logging run:
02-23 03:05:00.398 20373 20483 I FA      :   adb shell setprop debug.firebase.analytics.app com.oneplus.membership
02-23 03:05:00.405  1471  6341 I chatty  : uid=1000(system) Binder:1471_1A expire 1171 lines
02-23 03:05:00.406 19585 19585 I ActiveAccountChangedRec: Received broadcast to change the active account. Action: com.google.android.apps.wallet.util.sharedpreferences.ACTIVE_ACCOUNTS_CHANGED
02-23 03:05:00.407 19585 19653 D WM-SystemJobScheduler: Scheduling work ID fe5f16d0-a0c1-4f6a-af48-39a1b8f86fe5Job ID 149
02-23 03:05:00.407  5729  5885 E OpenID  : com.heytap.mcs:DUID:ret:T
02-23 03:05:00.408  2787  3818 D SafeProvider: call oneplus security provider,method:query_oneplus_security_uuid,caller:com.oneplus.membership
02-23 03:05:00.408  2787  7367 D SafeProvider: call oneplus security provider,method:query_oneplus_security_uuid,caller:com.oneplus.membership
02-23 03:05:00.408  1471 14078 D OpenIdManager: Get openid: package=com.heytap.mcs, uid=1000, type=OUID
02-23 03:05:00.408  5729  5885 E OpenID  : com.heytap.mcs:OUID:ret:T
02-23 03:05:00.409  3728 20518 D MCS2.0_CIPHER_ALGO: riv native_AES_encrypt flag 0
02-23 03:05:00.421 20373 20483 E sqlite3_android: [IKR-38846] ONEPLUS_NAME_PARTS_MATCH SQLITE_OK
02-23 03:05:00.475  3728  8688 W ContextImpl: Calling a method in the system process without a qualified user: android.app.ContextImpl.startService:1706 android.content.ContextWrapper.startService:720 com.heytap.mcs.utils.aa.a:119 com.heytap.mcs.d.b.a:417 com.heytap.mcs.d.b.a:383 
02-23 03:05:00.495  1471  6341 D ActivityManager: kill pid:14773 processName:com.google.android.webview:webview_service reason:empty #31
02-23 03:05:00.495  1471  6341 I ActivityManager: Killing 14773:com.google.android.webview:webview_service/u0a161 (adj 999): empty #31
02-23 03:05:00.497  1471 18181 I chatty  : uid=1000(system) Binder:1471_20 expire 203 lines
02-23 03:05:00.511  1078  1078 I Zygote  : Process 14773 exited due to signal 9 (Killed)
02-23 03:05:00.512  1471  2564 I chatty  : uid=1000(system) ActivityManager expire 1 line
02-23 03:05:00.531  1471  2689 I chatty  : uid=1000(system) Binder:1471_6 expire 550 lines
02-23 03:05:00.611  1471  5140 I chatty  : uid=1000(system) Binder:1471_14 expire 110 lines
02-23 03:05:00.632  5064  5064 D BoundBrokerSvc: onBind: Intent { act=com.google.android.gms.measurement.START pkg=com.google.android.gms }
02-23 03:05:00.632  5064  5064 D BoundBrokerSvc: Loading bound service for intent: Intent { act=com.google.android.gms.measurement.START pkg=com.google.android.gms }
02-23 03:05:00.640  1471  6341 I chatty  : uid=1000(system) Binder:1471_1A expire 1319 lines
02-23 03:05:00.694  1471  1471 W Looper  : Slow dispatch took 160ms main h=com.android.server.AlarmManagerService$AlarmHandler c=null m=8
02-23 03:05:00.742  1471  2506 W ProcessStats: setState index out of bounds. index: -1 length: 20
02-23 03:05:00.745  1471  2506 I chatty  : uid=1000(system) Binder:1471_2 expire 555 lines
02-23 03:05:00.744  1471  2506 W ProcessStats: setState index out of bounds. index: -1 length: 20
02-23 03:05:00.822  1471  2553 W Looper  : Slow dispatch took 365ms android.ui h=com.android.server.am.ActivityManagerService$UiHandler c=null m=31
02-23 03:05:00.823  1471  6341 I chatty  : uid=1000(system) Binder:1471_1A expire 68 lines
02-23 03:05:00.826 19585 19653 D WM-GreedyScheduler: Starting work for fe5f16d0-a0c1-4f6a-af48-39a1b8f86fe5
02-23 03:05:00.832  1471 18181 I chatty  : uid=1000(system) Binder:1471_20 expire 563 lines
02-23 03:05:00.834 19585 19653 D WM-Processor: mtn: processing WorkGenerationalId(workSpecId=fe5f16d0-a0c1-4f6a-af48-39a1b8f86fe5, generation=0)
02-23 03:05:00.839 19585 19585 D WM-WorkerWrapper: Starting work for com.google.android.apps.wallet.secard.ipass.worker.IpassOnActiveAccountChangedWorker
02-23 03:05:00.841 19585 19665 I IpassOnActiveAccountCha: Start refreshing iPASS card CRS status.
02-23 03:05:00.842 19585 19665 I IpassCrsStatusUpdaterIm: No active account on this device, deactivating iPASS card if any.
02-23 03:05:00.847 20373 20483 E sqlite3_android: [IKR-38846] ONEPLUS_NAME_PARTS_MATCH SQLITE_OK
02-23 03:05:00.849  5064 14741 D AdvertisingIdClient: AdvertisingIdClient already created.
02-23 03:05:00.853  5064 14741 I AdvertisingIdClient: shouldSendLog 7630307
02-23 03:05:00.853  5064 14741 I AdvertisingIdClient: GetInfoInternal elapse 4ms
02-23 03:05:00.858 20373 20483 E sqlite3_android: [IKR-38846] ONEPLUS_NAME_PARTS_MATCH SQLITE_OK
02-23 03:05:00.887  1471  2553 W Looper  : Slow delivery took 364ms android.ui h=com.android.server.am.ActivityManagerService$UiHandler c=null m=53
02-23 03:05:00.888  1471  2553 W Looper  : Drained
02-23 03:05:00.890 19585 19665 I OMAPI.SEService: bindService successful
02-23 03:05:00.890  3628  3628 I SecureElementService: main onBind
02-23 03:05:00.891  1471  1471 W Looper  : Slow dispatch took 197ms main h=com.android.server.AlarmManagerService$AlarmHandler c=android.app.PendingIntent$FinishedDispatcher@b3234ab m=0
02-23 03:05:00.893  1471  2691 I chatty  : uid=1000(system) Binder:1471_8 expire 146 lines
02-23 03:05:00.922  1471  6341 I chatty  : uid=1000(system) Binder:1471_1A expire 599 lines
02-23 03:05:00.985  1471  5140 I chatty  : uid=1000(system) Binder:1471_14 expire 203 lines
02-23 03:05:01.018  1471  1471 W Looper  : Slow dispatch took 127ms main h=com.android.server.job.JobSchedulerService$JobHandler c=null m=4
02-23 03:05:01.021  1471  2553 W Looper  : Slow dispatch took 114ms android.ui h=com.android.server.am.ActivityManagerService$UiHandler c=null m=53
02-23 03:05:01.022 19585 19585 I OMAPI.SEService: Service onServiceConnected
02-23 03:05:01.024  1471  6341 I chatty  : uid=1000(system) Binder:1471_1A expire 368 lines
02-23 03:05:01.027 19585 19665 W OmapiConnection: Close channel called without an open channel
02-23 03:05:01.028  3628  3659 D SecureElementService: getReader() eSE1
02-23 03:05:01.034  1471  2691 D ConnectivityService: requestNetwork for uid/pid:10145/20256 NetworkRequest [ TRACK_DEFAULT id=158, [ Capabilities: INTERNET&NOT_RESTRICTED&TRUSTED Uid: 10145 AdministratorUids: [] RequestorUid: 10145 RequestorPackageName: com.google.android.videos] ]
02-23 03:05:01.035  1471  2696 D ConnectivityService: NetReassign [158 : null → 100]
02-23 03:05:01.036 14085 14085 D PhoneSwitcherNetworkRequstListener: got request NetworkRequest [ TRACK_DEFAULT id=158, [ Capabilities: INTERNET&NOT_RESTRICTED&TRUSTED Uid: 10145 AdministratorUids: [] RequestorUid: 10145 RequestorPackageName: com.google.android.videos] ] with score 100 and providerId 5
02-23 03:05:01.036 14085 14085 D PhoneSwitcherNetworkRequstListener: needNetworkFor NetworkRequest [ TRACK_DEFAULT id=158, [ Capabilities: INTERNET&NOT_RESTRICTED&TRUSTED Uid: 10145 AdministratorUids: [] RequestorUid: 10145 RequestorPackageName: com.google.android.videos] ], 100
02-23 03:05:01.037  1471  2683 I chatty  : uid=1000(system) WifiHandlerThre expire 2 lines
02-23 03:05:01.037  1471  2738 I chatty  : uid=1000(system) EthernetService expire 1 line
02-23 03:05:01.038  3628  3659 I SecureElement-Terminal-eSE1: openSession(): Package Name:com.google.android.apps.walletnfcrel SHA:82759E2DB43F9CCBAFCE313BC674F35748FABD7A
02-23 03:05:01.038  1224  1224 D vendor.nxp.nxpese@1.0-impl: NxpEse::ioctl(): enter
02-23 03:05:01.038  1224  1224 D NxpEseHal: phNxpEse_spiIoctl(): ioctlType: 35
02-23 03:05:01.038  1224  1224 D NxpEseHal: ****GET SESSION:SIGNATURE NOT MATCHED****
02-23 03:05:01.038  1224  1224 D vendor.nxp.nxpese@1.0-impl: GET ESE update state = 0
02-23 03:05:01.038  1224  1224 D vendor.nxp.nxpese@1.0-impl: NxpEse::ioctl(): exit
02-23 03:05:01.044  3628  3659 W SecureElement-Terminal-eSE1: Enable access control on logical channel for com.google.android.apps.walletnfcrel
02-23 03:05:01.045  1224  1224 D NxpEseHal: phNxpEse_open: Enter
02-23 03:05:01.045  1224  1224 D NxpEseHal: Stopping Secure timer...
02-23 03:05:01.045  1224  1224 D NxpEseHal: phNxpEse_open: CurrentState:1
02-23 03:05:01.045  1224  1224 D NxpEseHal: phNxpEse_open: Proceed with open...
02-23 03:05:01.045  1224  1224 D NxpEseHal: MW SEAccessKit Version
02-23 03:05:01.045  1224  1224 D NxpEseHal: Android Version:0x8
02-23 03:05:01.045  1224  1224 D NxpEseHal: Major Version:0x3
02-23 03:05:01.045  1224  1224 D NxpEseHal: Minor Version:0x0
02-23 03:05:01.045  1224  1224 E NxpEseHal: SPI Throughput measurement enable/disable read from config file - 0
02-23 03:05:01.045  1224  1224 D NxpEseHal: Power scheme read from config file - 2
02-23 03:05:01.028  1224  1224 W secure_element@: type=1400 audit(0.0:812): avc: denied { read } for name="u:object_r:vendor_nfc_prop:s0" dev="tmpfs" ino=22751 scontext=u:r:hal_secure_element_default:s0 tcontext=u:object_r:vendor_nfc_prop:s0 tclass=file permissive=0
02-23 03:05:01.046  1224  1224 E libc    : Access denied finding property "persist.vendor.ese.debug"
02-23 03:05:01.046  1224  1224 D NxpEseHal: phNxpLog_InitializeLogLevel: level=1
02-23 03:05:01.046  1224  1224 D SpiAddaptation: NfcAdaptation::Initialize
02-23 03:05:01.046  1224  1224 D NxpEseHal: NXP_SOF_WRITE value from config file = 1
02-23 03:05:01.046  1224  1224 D NxpEseHal: NXP_SPI_WRITE_TIMEOUT value from config file = 20
02-23 03:05:01.046  1224  1224 D NxpEseHal: halimpl open enter.
02-23 03:05:01.046  1224  1224 D NxpEseHal: Opening port=/dev/p73
02-23 03:05:01.046  1224  1224 D NxpEseHal: eSE driver opened :: fd = [6]
02-23 03:05:01.046  1224  1224 D NxpEseHal: halimpl open exit
02-23 03:05:01.046  1224  1224 D StateMachine: ProcessExtEvent: enter state:1 event:6
02-23 03:05:01.046  1224  1224 D SpiAddaptation: NfcAdaptation::HalIoctl arg=21
02-23 03:05:01.046  1221  1221 D vendor.nxp.nxpnfc@1.0-impl: ioctl: enter
02-23 03:05:01.046  1221  1221 D NxpHal  : phNxpNciHal_ioctl : enter - arg = 21
02-23 03:05:01.046  1221  1221 D NxpHal  : phNxpNciHal_ioctl : exit - ret = 0
02-23 03:05:01.046  1221  1221 D vendor.nxp.nxpnfc@1.0-impl: ioctl: exit
02-23 03:05:01.047  1224  1224 D SpiAddaptation: IoctlCallback Ioctl Type=21
02-23 03:05:01.047  1224  1224 D SpiAddaptation: IoctlCallback Ioctl Type value[0]:0x0 and value[3] 0x0
02-23 03:05:01.047  1224  1224 D SpiAddaptation: NfcAdaptation::HalIoctl Ioctl Completed for Type=21
02-23 03:05:01.047  1224  1224 D StateMachine: ProcessExtEvent: exit state:11
02-23 03:05:01.047  1224  1224 D StateMachine: ProcessExtEvent: enter state:11 event:8
02-23 03:05:01.047  1224  1224 D StateMachine: ProcessExtEvent: exit state:3
02-23 03:05:01.047  1224  1224 D NxpEseHal: phNxpEse_SPM_Init : exit status = 0
02-23 03:05:01.047  1224  1224 D NxpEseHal: phNxpEse_SPM_SetPwrScheme : Power scheme is set to  = 0x2
02-23 03:05:01.047  1224  1224 D NxpEseHal: phPalEse_spi_ioctl(), ioctl 8007 , level 2
02-23 03:05:01.047  1224  1224 D NxpEseHal: phPalEse_spi_ioctl(), ioctl 8007 , level 2
02-23 03:05:01.047  1224  1224 E NxpEseHal: phNxpEse_checkFWDwnldStatus Enter
02-23 03:05:01.047  1224  1224 D NxpEseHal: phPalEse_spi_ioctl(), ioctl 8008 , level 7fdf852e04
02-23 03:05:01.047  1224  1224 D NxpEseHal: phPalEse_spi_ioctl(), ioctl 8008 , level 7fdf852e04
02-23 03:05:01.047  1224  1224 E NxpEseHal: ESE_FW_DWNLD_RETRY_CNT retry count
02-23 03:05:01.047  1224  1224 D NxpEseHal: phPalEse_spi_ioctl(), ioctl 8008 , level 7fdf852e04
02-23 03:05:01.047  1224  1224 D NxpEseHal: phPalEse_spi_ioctl(), ioctl 8008 , level 7fdf852e04
02-23 03:05:01.047  1224  1224 E NxpEseHal: Exit polling no FW Download ..
02-23 03:05:01.047  1224  1224 E NxpEseHal: phNxpEse_checkFWDwnldStatus status 0
02-23 03:05:01.047  1224  1224 D NxpEseHal: phPalEse_spi_ioctl(), ioctl 8008 , level 7fdf852e44
02-23 03:05:01.047  1224  1224 D NxpEseHal: phPalEse_spi_ioctl(), ioctl 8008 , level 7fdf852e44
02-23 03:05:01.047  1224  1224 D NxpEseHal: phNxpEse_SPM_ConfigPwr Enter
02-23 03:05:01.047  1224  1224 D NxpEseHal: phNxpEse_SPM_ConfigPwrsecureTimer1 0x0 secureTimer2 0x0 secureTimer3 0x0
02-23 03:05:01.047  1224  1224 D NxpEseHal: phNxpEse_GetMaxTimer Enter
02-23 03:05:01.047  1224  1224 D NxpEseHal: phNxpEse_GetMaxTimer Exit Max timer value = 0
02-23 03:05:01.047  1224  1224 D NxpEseHal: phPalEse_spi_ioctl(), ioctl 8005 , level 1
02-23 03:05:01.047  1224  1224 D NxpEseHal: phPalEse_spi_ioctl(), ioctl 8005 , level 1
02-23 03:05:01.047  1224  1224 D SpiAddaptation: NfcAdaptation::HalIoctl arg=17
02-23 03:05:01.047  1221  1221 D vendor.nxp.nxpnfc@1.0-impl: ioctl: enter
02-23 03:05:01.047  1221  1221 D NxpHal  : phNxpNciHal_ioctl : enter - arg = 17
02-23 03:05:01.047  1221  1221 D NxpHal  : phNxpNciHal_ioctl : exit - ret = 51
02-23 03:05:01.047  1221  1221 D vendor.nxp.nxpnfc@1.0-impl: ioctl: exit
02-23 03:05:01.047  1224  1224 D SpiAddaptation: IoctlCallback Ioctl Type=17
02-23 03:05:01.047  1224  1224 D SpiAddaptation: IoctlCallback Ioctl Type value[0]:0x0 and value[3] 0x0
02-23 03:05:01.047  1224  1224 D SpiAddaptation: NfcAdaptation::HalIoctl Ioctl Completed for Type=17
02-23 03:05:01.048  4726  5711 E libnfc_nci: [ERROR:SecureElement.cpp(3861)] spiEventHandlerThread: Empty evt received
02-23 03:05:01.048  1221  1221 D NxpExtns: find found MIFARE_READER_ENABLE=(0x1)
02-23 03:05:01.048  1221  1221 D NxpHal  : NAME_MIFARE_READER_ENABLE : 1
02-23 03:05:01.048  1221  5458 D NxpTml  : PN54X - Write requested.....
02-23 03:05:01.048  1221  5458 D NxpTml  : PN54X - Invoking I2C Write.....
02-23 03:05:01.050  1221  5458 D NxpTml  : _i2c_write() errno : 5
02-23 03:05:01.050  1221  5458 D NxpTml  : PN54X - Error in I2C Write.....
02-23 03:05:01.050  1221  5458 D NxpTml  : PN54X - Posting Fresh Write message.....
02-23 03:05:01.050  1221  5458 D NxpTml  : PN54X - Tml Writer Thread Running................
02-23 03:05:01.050  1221  5460 E NxpHal  : write error status = 0x1ff
02-23 03:05:01.050  1221  1221 D NxpHal  : write_unlocked failed - PN54X Maybe in Standby Mode - Retry
02-23 03:05:01.055  1221  5458 D NxpTml  : PN54X - Write requested.....
02-23 03:05:01.055  1221  5458 D NxpTml  : PN54X - Invoking I2C Write.....
02-23 03:05:01.057  1221  5458 D NxpNciX : len =   5 => 220302C003
02-23 03:05:01.057  1221  5458 D NxpTml  : PN54X - I2C Write successful.....
02-23 03:05:01.057  1221  5458 D NxpTml  : PN54X - Posting Fresh Write message.....
02-23 03:05:01.057  1221  5458 D NxpTml  : PN54X - Tml Writer Thread Running................
02-23 03:05:01.057  1221  5460 D NxpHal  : write successful status = 0x0
02-23 03:05:01.059  1221  5457 D NxpTml  : PN54X - I2C Read successful.....len = 4
02-23 03:05:01.059  1221  5457 D NxpTml  : PN54X - Posting read message.....
02-23 03:05:01.059  1221  5457 D NxpNciR : len =   4 <= 42030100
02-23 03:05:01.059  1221  5460 D NxpHal  : read successful status = 0x0
02-23 03:05:01.059  1221  5457 D NxpTml  : PN54X - Read requested.....
02-23 03:05:01.059  1221  5457 D NxpTml  : PN54X - Invoking I2C Read.....
02-23 03:05:01.059  1221  1221 D NxpExtns: find found MIFARE_READER_ENABLE=(0x1)
02-23 03:05:01.059  1221  1221 D NxpHal  : NAME_MIFARE_READER_ENABLE : 1
02-23 03:05:01.059  1221  5458 D NxpTml  : PN54X - Write requested.....
02-23 03:05:01.059  1221  5458 D NxpTml  : PN54X - Invoking I2C Write.....
02-23 03:05:01.061  1221  5458 D NxpNciX : len =   5 => 220102C001
02-23 03:05:01.061  1221  5458 D NxpTml  : PN54X - I2C Write successful.....
02-23 03:05:01.061  1221  5458 D NxpTml  : PN54X - Posting Fresh Write message.....
02-23 03:05:01.061  1221  5458 D NxpTml  : PN54X - Tml Writer Thread Running................
02-23 03:05:01.061  1221  5460 D NxpHal  : write successful status = 0x0
02-23 03:05:01.062  1221  5457 D NxpTml  : PN54X - I2C Read successful.....len = 4
02-23 03:05:01.062  1221  5457 D NxpTml  : PN54X - Posting read message.....
02-23 03:05:01.062  1221  5457 D NxpNciR : len =   4 <= 42010100
02-23 03:05:01.062  1221  5460 D NxpHal  : read successful status = 0x0
02-23 03:05:01.062  1221  5457 D NxpTml  : PN54X - Read requested.....
02-23 03:05:01.063  1221  5457 D NxpTml  : PN54X - Invoking I2C Read.....
02-23 03:05:01.064  1471  6341 I chatty  : uid=1000(system) Binder:1471_1A expire 282 lines
02-23 03:05:01.069  1221  5457 D NxpTml  : PN54X - I2C Read successful.....len = 5
02-23 03:05:01.069  1221  5457 D NxpTml  : PN54X - Posting read message.....
02-23 03:05:01.069  1221  5457 D NxpNciR : len =   5 <= 62010200C0
02-23 03:05:01.069  1221  5460 D NxpHal  : read successful status = 0x0
02-23 03:05:01.070  4726  5711 I libnfc_nci: [INFO:nfc_main.cc(1859)] NFC_RelForceDwpOnOffWait stat level=0
02-23 03:05:01.070  1221  1221 D vendor.nxp.nxpnfc@1.0-impl: ioctl: enter
02-23 03:05:01.070  1221  1221 D NxpHal  : phNxpNciHal_ioctl : enter - arg = 25
02-23 03:05:01.070  1221  1221 D NxpTml  : phTmlNfc_rel_dwpOnOff_wait(), enter 
02-23 03:05:01.070  1221  5457 D NxpTml  : PN54X - Read requested.....
02-23 03:05:01.070  1221  5457 D NxpTml  : PN54X - Invoking I2C Read.....
02-23 03:05:01.075  6883 12088 I Finsky  : [465] Package com.google.android.gms is verified.
02-23 03:05:01.082  5064 14741 W FA-SVC  : Service response is missing Install Referrer install timestamp
02-23 03:05:01.085  1471  2688 I chatty  : uid=1000(system) Binder:1471_5 expire 72 lines
02-23 03:05:01.098  1224  1224 D NxpEseHal: nxpese_ctxt.spm_power_state true
02-23 03:05:01.098  1224  1224 D NxpEseHal: wConfigStatus 0
02-23 03:05:01.098  1224  1224 D NxpEseHal: Wtx_counter read from config file - 240
02-23 03:05:01.098  1224  1224 D NxpEseHal: phNxpEse_init secureTimer1 0x0 secureTimer2 0x0 secureTimer3 0x0
02-23 03:05:01.098  1224  1224 D NxpEseHal: phNxpEse_GetMaxTimer Enter
02-23 03:05:01.098  1224  1224 D NxpEseHal: phNxpEse_GetMaxTimer Exit Max timer value = 0
02-23 03:05:01.098  1224  1224 D NxpEseHal: phNxpEseProto7816_Open: First open completed, Congratulations
02-23 03:05:01.098  1224  1224 D NxpEseHal: Enter TransceiveProcess 
02-23 03:05:01.098  1224  1224 D NxpEseHal: TransceiveProcess: CurrentState:3
02-23 03:05:01.098  1224  1224 D NxpEseHal: isCmdAllowedInAllEseStates: 0, isSpiTxRxAllowedInCurrentState:1
02-23 03:05:01.098  1224  1224 D NxpEseHal: TransceiveProcess nextTransceiveState 4
02-23 03:05:01.098  1224  1224 D StateMachine: ProcessExtEvent: enter state:3 event:10
02-23 03:05:01.098  1224  1224 D StateMachine: ProcessExtEvent: exit state:4
02-23 03:05:01.098  1224  1224 D NxpEseHal: Enter phNxpEseProto7816_SendSFrame 
02-23 03:05:01.098  1224  1224 D NxpEseHal: Enter phNxpEseProto7816_ComputeLRC 
02-23 03:05:01.098  1224  1224 D NxpEseHal: Exit phNxpEseProto7816_ComputeLRC 
