02-23 03:04:53.503  1471  2553 W Looper  : Slow delivery took 247ms android.ui h=com.android.server.am.ActivityManagerService$UiHandler c=null m=31
02-23 03:04:53.530  1471  2554 I chatty  : uid=1000(system) android.io expire 10 lines
02-23 03:04:53.556  1471  6341 I chatty  : uid=1000(system) Binder:1471_1A expire 92 lines
02-23 03:04:53.562  1471  3663 I chatty  : uid=1000(system) Binder:1471_C expire 573 lines
02-23 03:04:53.598  1471  2691 I chatty  : uid=1000(system) Binder:1471_8 expire 172 lines
02-23 03:04:53.611  1471  2688 I chatty  : uid=1000(system) Binder:1471_5 expire 55 lines
02-23 03:04:53.614 19585 19725 E GoogleApiManager: Failed to get service from broker. 
02-23 03:04:53.614 19585 19725 E GoogleApiManager: java.lang.SecurityException: Unknown calling package name 'com.google.android.gms'.
02-23 03:04:53.614 19585 19725 E GoogleApiManager: 	at android.os.Parcel.createExceptionOrNull(Parcel.java:2373)
02-23 03:04:53.614 19585 19725 E GoogleApiManager: 	at android.os.Parcel.createException(Parcel.java:2357)
02-23 03:04:53.614 19585 19725 E GoogleApiManager: 	at android.os.Parcel.readException(Parcel.java:2340)
02-23 03:04:53.614 19585 19725 E GoogleApiManager: 	at android.os.Parcel.readException(Parcel.java:2282)
02-23 03:04:53.614 19585 19725 E GoogleApiManager: 	at bccz.a(:com.google.android.gms@260534022@26.05.34 (150400-869443408):36)
02-23 03:04:53.614 19585 19725 E GoogleApiManager: 	at bcba.z(:com.google.android.gms@260534022@26.05.34 (150400-869443408):150)
02-23 03:04:53.614 19585 19725 E GoogleApiManager: 	at bbhg.run(:com.google.android.gms@260534022@26.05.34 (150400-869443408):42)
02-23 03:04:53.614 19585 19725 E GoogleApiManager: 	at android.os.Handler.handleCallback(Handler.java:938)
02-23 03:04:53.614 19585 19725 E GoogleApiManager: 	at android.os.Handler.dispatchMessage(Handler.java:99)
02-23 03:04:53.614 19585 19725 E GoogleApiManager: 	at cotd.mb(:com.google.android.gms@260534022@26.05.34 (150400-869443408):1)
02-23 03:04:53.614 19585 19725 E GoogleApiManager: 	at cotd.dispatchMessage(:com.google.android.gms@260534022@26.05.34 (150400-869443408):5)
02-23 03:04:53.614 19585 19725 E GoogleApiManager: 	at android.os.Looper.loop(Looper.java:233)
02-23 03:04:53.614 19585 19725 E GoogleApiManager: 	at android.os.HandlerThread.run(HandlerThread.java:67)
02-23 03:04:53.615 19585 19725 W GoogleApiManager: Not showing notification since connectionResult is not user-facing: ConnectionResult{statusCode=DEVELOPER_ERROR, resolution=null, message=null, clientMethodKey=null}
02-23 03:04:53.622  1471  2553 W Looper  : Drained
02-23 03:04:53.623  1471  3663 I chatty  : uid=1000(system) Binder:1471_C expire 354 lines
02-23 03:04:53.638  1471  2554 I chatty  : uid=1000(system) android.io expire 5 lines
02-23 03:04:53.650  1471  3663 I chatty  : uid=1000(system) Binder:1471_C expire 325 lines
02-23 03:04:53.671  1471  2615 I chatty  : uid=1000(system) Binder:1471_3 expire 14 lines
02-23 03:04:53.675  1471  6341 I chatty  : uid=1000(system) Binder:1471_1A expire 341 lines
02-23 03:04:53.693  1471  3650 I chatty  : uid=1000(system) Binder:1471_B expire 55 lines
02-23 03:04:53.718  1471  2552 W Looper  : Slow dispatch took 591ms android.fg h=com.android.server.AppStateTracker$MyHandler c=null m=6
02-23 03:04:53.718  1471  1471 W Looper  : Slow dispatch took 461ms main h=android.app.ActivityThread$H c=android.app.-$$Lambda$LoadedApk$ReceiverDispatcher$Args$_BumDX2UKsnxLVrE6UJsJZkotuA@a57e05b m=0
02-23 03:04:53.718  1471  2552 W Looper  : Slow delivery took 216ms android.fg h=com.android.server.AppStateTracker$MyHandler c=null m=11
02-23 03:04:53.718  1471  1471 W Looper  : Slow delivery took 392ms main h=android.os.Handler c=ServiceConnector@972(Intent { act=android.permission.PermissionControllerService cmp=com.google.android.permissioncontroller/com.android.permissioncontroller.permission.service.PermissionControllerServiceImpl }, user: 0)[Unbinding...] m=0
02-23 03:04:53.719  1471  2552 I chatty  : uid=1000(system) android.fg expire 583 lines
02-23 03:04:53.775  1471  2552 W Looper  : Drained
02-23 03:04:53.778  1471  6341 I chatty  : uid=1000(system) Binder:1471_1A expire 573 lines
02-23 03:04:53.851  1471 14078 I chatty  : uid=1000(system) Binder:1471_1D expire 573 lines
02-23 03:04:53.913 19703 20181 W adbd    : timed out while waiting for FUNCTIONFS_BIND, trying again
02-23 03:04:53.913 19703 20181 I adbd    : UsbFfs: connection terminated: monitor thread finished
02-23 03:04:53.913 19703 19703 I adbd    : UsbFfs: already offline
02-23 03:04:53.913 19703 19703 I adbd    : destroying transport UsbFfs
02-23 03:04:53.913 19703 19703 I adbd    : UsbFfsConnection being destroyed
02-23 03:04:53.926  1471  3650 I chatty  : uid=1000(system) Binder:1471_B expire 9 lines
02-23 03:04:53.931  1471  6341 I chatty  : uid=1000(system) Binder:1471_1A expire 683 lines
02-23 03:04:53.957 19703 19707 I adbd    : opening control endpoint /dev/usb-ffs/adb/ep0
02-23 03:04:53.961 19703 19707 I adbd    : UsbFfsConnection constructed
02-23 03:04:53.961 19703 20192 I adbd    : UsbFfs-monitor thread spawned
02-23 03:04:53.983  1471  2615 I chatty  : uid=1000(system) Binder:1471_3 expire 23 lines
02-23 03:04:53.990  1471  2689 I chatty  : uid=1000(system) Binder:1471_6 expire 59 lines
02-23 03:04:54.015  1471  5141 I chatty  : uid=1000(system) Binder:1471_15 expire 577 lines
02-23 03:04:54.028  5064  6742 I MdiSyncModule: (REDACTED) Receiving API connection from package '%s'...
02-23 03:04:54.029  5064  6742 I MdiSyncModule: API connection successful!
02-23 03:04:54.059  1471 18181 I chatty  : uid=1000(system) Binder:1471_20 expire 344 lines
02-23 03:04:54.099  1471 14079 I chatty  : uid=1000(system) Binder:1471_1E expire 172 lines
02-23 03:04:54.127  1471  6341 I chatty  : uid=1000(system) Binder:1471_1A expire 176 lines
02-23 03:04:54.128  1471  1471 W Looper  : Drained
02-23 03:04:54.147  1471  2615 I chatty  : uid=1000(system) Binder:1471_3 expire 917 lines
02-23 03:04:54.151  2788  2788 D Launcher.Model: onShortcutsChanged(com.google.android.gm)
02-23 03:04:54.153  2788  2788 D FrequentAppsGrid: onDeepShortcutChanged:18 -> 18
02-23 03:04:54.153  2788  2788 D OPSearchPlus: icons -- ShortcutRepo -- onDeepShortcutChanged
02-23 03:04:54.176 19944 19965 I .apps.wellbein: Waiting for a blocking GC ProfileSaver
02-23 03:04:54.185 19944 19965 I .apps.wellbein: WaitForGcToComplete blocked ProfileSaver on AddRemoveAppImageSpace for 8.303ms
02-23 03:04:54.197 19944 19959 I .apps.wellbein: WaitForGcToComplete blocked RunEmptyCheckpoint on ProfileSaver for 12.082ms
02-23 03:04:54.217  1471  6341 I chatty  : uid=1000(system) Binder:1471_1A expire 344 lines
02-23 03:04:54.260  1471  3650 I chatty  : uid=1000(system) Binder:1471_B expire 172 lines
02-23 03:04:54.289  1471  5141 I chatty  : uid=1000(system) Binder:1471_15 expire 172 lines
02-23 03:04:54.300 20102 20165 E sqlite3_android: [IKR-38846] ONEPLUS_NAME_PARTS_MATCH SQLITE_OK
02-23 03:04:54.301  1471  2689 I chatty  : uid=1000(system) Binder:1471_6 expire 311 lines
02-23 03:04:54.310 20102 20165 E sqlite3_android: [IKR-38846] ONEPLUS_NAME_PARTS_MATCH SQLITE_OK
02-23 03:04:54.329  1471  3650 I chatty  : uid=1000(system) Binder:1471_B expire 176 lines
02-23 03:04:54.377  1471  2689 I chatty  : uid=1000(system) Binder:1471_6 expire 438 lines
02-23 03:04:54.427  1471  6341 I chatty  : uid=1000(system) Binder:1471_1A expire 917 lines
02-23 03:04:54.533  1471  5141 I chatty  : uid=1000(system) Binder:1471_15 expire 172 lines
02-23 03:04:54.565  1471  2553 W Looper  : Slow dispatch took 139ms android.ui h=com.android.server.am.ActivityManagerService$UiHandler c=null m=31
02-23 03:04:54.570  1471  3650 I chatty  : uid=1000(system) Binder:1471_B expire 573 lines
02-23 03:04:54.632  1471  2689 I chatty  : uid=1000(system) Binder:1471_6 expire 176 lines
02-23 03:04:54.662  1471  5141 I chatty  : uid=1000(system) Binder:1471_15 expire 344 lines
02-23 03:04:54.713  1471  2615 I chatty  : uid=1000(system) Binder:1471_3 expire 172 lines
02-23 03:04:54.741  1471  2689 I chatty  : uid=1000(system) Binder:1471_6 expire 176 lines
02-23 03:04:54.768  1471  2615 I chatty  : uid=1000(system) Binder:1471_3 expire 277 lines
02-23 03:04:54.785  1471  2554 I chatty  : uid=1000(system) android.io expire 10 lines
02-23 03:04:54.809  1471  2615 I chatty  : uid=1000(system) Binder:1471_3 expire 640 lines
02-23 03:04:54.871  1471  2689 I chatty  : uid=1000(system) Binder:1471_6 expire 166 lines
02-23 03:04:54.883  1471  2554 I chatty  : uid=1000(system) android.io expire 5 lines
02-23 03:04:54.891  1471  2689 I chatty  : uid=1000(system) Binder:1471_6 expire 10 lines
02-23 03:04:54.895  1471 14079 I chatty  : uid=1000(system) Binder:1471_1E expire 344 lines
02-23 03:04:54.942  1471  5141 I chatty  : uid=1000(system) Binder:1471_15 expire 176 lines
02-23 03:04:54.962 19703 20192 W adbd    : timed out while waiting for FUNCTIONFS_BIND, trying again
02-23 03:04:54.962 19703 20192 I adbd    : UsbFfs: connection terminated: monitor thread finished
02-23 03:04:54.963 19703 19703 I adbd    : UsbFfs: already offline
02-23 03:04:54.963 19703 19703 I adbd    : destroying transport UsbFfs
02-23 03:04:54.963 19703 19703 I adbd    : UsbFfsConnection being destroyed
02-23 03:04:54.971  1471  3650 I chatty  : uid=1000(system) Binder:1471_B expire 917 lines
02-23 03:04:55.059  1471  5141 I chatty  : uid=1000(system) Binder:1471_15 expire 573 lines
02-23 03:04:55.076 19703 19707 I adbd    : opening control endpoint /dev/usb-ffs/adb/ep0
02-23 03:04:55.078 19703 19707 I adbd    : UsbFfsConnection constructed
02-23 03:04:55.079 19703 20200 I adbd    : UsbFfs-monitor thread spawned
02-23 03:04:55.129  1471  6341 I chatty  : uid=1000(system) Binder:1471_1A expire 573 lines
02-23 03:04:55.207  1471  2553 W Looper  : Slow dispatch took 149ms android.ui h=com.android.server.am.ActivityManagerService$UiHandler c=null m=31
02-23 03:04:55.212  1471  3650 I chatty  : uid=1000(system) Binder:1471_B expire 344 lines
02-23 03:04:55.236  1471 14078 I chatty  : uid=1000(system) Binder:1471_1D expire 172 lines
02-23 03:04:55.272  1471  2689 I chatty  : uid=1000(system) Binder:1471_6 expire 172 lines
02-23 03:04:55.298  1471 14078 I chatty  : uid=1000(system) Binder:1471_1D expire 176 lines
02-23 03:04:55.325  1471  2615 I chatty  : uid=1000(system) Binder:1471_3 expire 917 lines
02-23 03:04:55.417  1471  2689 I chatty  : uid=1000(system) Binder:1471_6 expire 573 lines
02-23 03:04:55.467 19996 20017 I ndroid.calenda: Waiting for a blocking GC ProfileSaver
02-23 03:04:55.488  1471 14078 I chatty  : uid=1000(system) Binder:1471_1D expire 176 lines
02-23 03:04:55.500 19996 20017 I ndroid.calenda: WaitForGcToComplete blocked ProfileSaver on AddRemoveAppImageSpace for 33.611ms
02-23 03:04:55.534  1471  2615 I chatty  : uid=1000(system) Binder:1471_3 expire 397 lines
02-23 03:04:55.539 19996 20010 I ndroid.calenda: WaitForGcToComplete blocked RunEmptyCheckpoint on ProfileSaver for 38.264ms
02-23 03:04:55.561  4093  4093 I WakefulBroadcastRcvr: Processing wakeful broadcast: android.accounts.LOGIN_ACCOUNTS_CHANGED
02-23 03:04:55.593  1471  2689 I chatty  : uid=1000(system) Binder:1471_6 expire 55 lines
02-23 03:04:55.603  1471 14078 I chatty  : uid=1000(system) Binder:1471_1D expire 340 lines
02-23 03:04:55.640  1471  2615 I chatty  : uid=1000(system) Binder:1471_3 expire 115 lines
02-23 03:04:55.658  1471  2689 I chatty  : uid=1000(system) Binder:1471_6 expire 59 lines
02-23 03:04:55.681  5064 20206 I PaymentsSuwIntentOp: Processing intent action = android.accounts.LOGIN_ACCOUNTS_CHANGED
02-23 03:04:55.685  5064 20206 I PaymentsSuwIntentOp: Account added has already been processed
02-23 03:04:55.700  1471  3650 I chatty  : uid=1000(system) Binder:1471_B expire 110 lines
02-23 03:04:55.718  1471  2615 I chatty  : uid=1000(system) Binder:1471_3 expire 219 lines
02-23 03:04:55.745  1471 14078 I chatty  : uid=1000(system) Binder:1471_1D expire 173 lines
02-23 03:04:55.746 14671 14671 I GnpSdk  : (REDACTED) Intent received for action [%s] package [%s].
02-23 03:04:55.747 14671 14671 I GnpSdk  : Phenotype initialized.
02-23 03:04:55.748 14671 14671 I GnpSdk  : (REDACTED) Validation OK for action [%s].
02-23 03:04:55.749 14671 14671 I GnpSdk  : (REDACTED) Submitting Broadcast execution [%d] to tiktok executor.
02-23 03:04:55.751 14671 14743 I GnpSdk  : (REDACTED) Executing action in BroadcastReceiver [%s].
02-23 03:04:55.751 14671 14743 I GnpSdk  : (REDACTED) Executing async action [%s] in Coroutine Scope.
02-23 03:04:55.780  1471  2615 I chatty  : uid=1000(system) Binder:1471_3 expire 117 lines
02-23 03:04:55.799  1471  2689 I chatty  : uid=1000(system) Binder:1471_6 expire 168 lines
02-23 03:04:55.828  1471  3650 I chatty  : uid=1000(system) Binder:1471_B expire 168 lines
02-23 03:04:55.844 14671 14743 I GnpSdk  : (REDACTED) Finished executing async action [%s] in Coroutine Scope.
02-23 03:04:55.847 14671 14743 I GnpSdk  : (REDACTED) Finished Broadcast execution [%d].
02-23 03:04:55.853  1471 14078 I chatty  : uid=1000(system) Binder:1471_1D expire 632 lines
02-23 03:04:55.933  1471  3650 I chatty  : uid=1000(system) Binder:1471_B expire 176 lines
02-23 03:04:55.965  1471 14079 I chatty  : uid=1000(system) Binder:1471_1E expire 118 lines
02-23 03:04:55.987  1471 14078 I chatty  : uid=1000(system) Binder:1471_1D expire 905 lines
02-23 03:04:56.073  1471 14078 W ProcessStats: Tracking association SourceState{6e7e3fd moe.haruue.wadb/10239 Top #11803} whose proc state 1 is better than process ProcessState{ceee68a com.oneplus.config/1000 pkg=com.oneplus.config} proc state 2 (82 skipped)
02-23 03:04:56.074  1471  2553 W Looper  : Slow dispatch took 144ms android.ui h=com.android.server.am.ActivityManagerService$UiHandler c=null m=31
02-23 03:04:56.076  1471  3650 I chatty  : uid=1000(system) Binder:1471_B expire 596 lines
02-23 03:04:56.080 19703 20200 W adbd    : timed out while waiting for FUNCTIONFS_BIND, trying again
02-23 03:04:56.080 19703 20200 I adbd    : UsbFfs: connection terminated: monitor thread finished
02-23 03:04:56.080 19703 19703 I adbd    : UsbFfs: already offline
02-23 03:04:56.080 19703 19703 I adbd    : destroying transport UsbFfs
02-23 03:04:56.080 19703 19703 I adbd    : UsbFfsConnection being destroyed
02-23 03:04:56.083 20170 20170 I ejce    : DeviceAccountsChangedReceiver#onReceive
02-23 03:04:56.116 19703 19707 I adbd    : opening control endpoint /dev/usb-ffs/adb/ep0
02-23 03:04:56.120 19703 19707 I adbd    : UsbFfsConnection constructed
02-23 03:04:56.121 19703 20215 I adbd    : UsbFfs-monitor thread spawned
02-23 03:04:56.152  1471  2615 I chatty  : uid=1000(system) Binder:1471_3 expire 386 lines
02-23 03:04:56.155 20170 15934 I ejdh    : InvalidateAndScheduleSync start
02-23 03:04:56.156 20170 15934 I ejdh    : InvalidateAndScheduleSync before invalidate
02-23 03:04:56.158  1471 14078 I chatty  : uid=1000(system) Binder:1471_1D expire 42 lines
02-23 03:04:56.180 20170 15934 I ejdh    : InvalidateAndScheduleSync after invalidate
02-23 03:04:56.180 20170 15934 I ejdh    : InvalidateAndScheduleSync after notifyLocalStateChange
02-23 03:04:56.196 20170 20357 D WM-SystemJobScheduler: Scheduling work ID 522f2704-9a53-435e-913e-357ba8afa5f1Job ID 131
02-23 03:04:56.206  1471  2615 I chatty  : uid=1000(system) Binder:1471_3 expire 210 lines
02-23 03:04:56.214  1471 20216 V ProcessCpuTracker: NP(pids.length): 1280
02-23 03:04:56.220  1471 20216 V ProcessCpuTracker: curStatsIndex: 100
02-23 03:04:56.224  1471 20216 V ProcessCpuTracker: curStatsIndex: 200
02-23 03:04:56.229  1471 14079 I chatty  : uid=1000(system) Binder:1471_1E expire 168 lines
02-23 03:04:56.229  1471 20216 V ProcessCpuTracker: curStatsIndex: 300
02-23 03:04:56.234  1471 20216 V ProcessCpuTracker: curStatsIndex: 400
02-23 03:04:56.241  1471 20216 V ProcessCpuTracker: curStatsIndex: 500
02-23 03:04:56.248  1471 20216 V ProcessCpuTracker: curStatsIndex: 600
02-23 03:04:56.256  1471 14078 I chatty  : uid=1000(system) Binder:1471_1D expire 823 lines
02-23 03:04:56.267  1471 20216 V ProcessCpuTracker: curStatsIndex: 700
02-23 03:04:56.285  1471 20216 V ProcessCpuTracker: curStatsIndex: 800
02-23 03:04:56.294  1471 20216 V ProcessCpuTracker: curStatsIndex: 900
02-23 03:04:56.296  1471 20216 I ProcessCpuTracker: *** TIME TO COLLECT STATS: 91 Load: 10.18 / 8.51 / 7.27
02-23 03:04:56.297  1471 20216 I chatty  : uid=1000 system_server expire 5 lines
02-23 03:04:56.298  1471 20216 I ActivityManager: pid= 603 st.name = logd cpuPercent = 43 st.rel_utime =1190 st.rel_stime =2240
02-23 03:04:56.298  1471 20216 I ActivityManager: pid= 1471 st.name = system_server cpuPercent = 107 st.rel_utime =6710 st.rel_stime =1760
02-23 03:04:56.298  1471 20216 I ActivityManager: pid= 19807 st.name = id.apps.tachyon cpuPercent = 13 st.rel_utime =1030 st.rel_stime =70
02-23 03:04:56.321 20170 20357 D WM-GreedyScheduler: Ignoring {WorkSpec: d1d28b2a-8bba-454b-aa50-d924aa035108}. Requires device idle.
02-23 03:04:56.322 20170 20357 D WM-GreedyScheduler: Starting tracking for 4e39fdca-f0d1-400b-94f6-ade991906050,13a94141-3a0b-4b4e-a3fd-ac949fc9eb86,2c4ab766-f1cd-4f11-a37e-15d3d3f22975,b5084a5b-e419-4eb6-83ae-415a23ee02a5,9658e60d-4b97-4583-b44d-a060f7dd3b37,621e13fb-a4e0-48d4-b9c5-30e372ea8bc4,07d972c8-0c2a-4c19-9060-397f9851a59e,04c04996-f631-4750-9567-9aa6920bdeb4,b51549ea-4eba-4e15-a4fe-0ce5dbea8600,a41a46ec-f075-44d1-ae7b-1beb294590ec,430d8481-7d66-4f56-bc2e-60e33d80b7c9
02-23 03:04:56.322 20170 15934 I ejdh    : InvalidateAndScheduleSync after work scheduled
02-23 03:04:56.332  1471 14078 I chatty  : uid=1000(system) Binder:1471_1D expire 568 lines
02-23 03:04:56.367  1471  6341 I chatty  : uid=1000(system) Binder:1471_1A expire 831 lines
02-23 03:04:56.459  1471 14078 I chatty  : uid=1000(system) Binder:1471_1D expire 118 lines
02-23 03:04:56.478  1471 14079 I chatty  : uid=1000(system) Binder:1471_1E expire 172 lines
02-23 03:04:56.504  1471  2615 I chatty  : uid=1000(system) Binder:1471_3 expire 104 lines
02-23 03:04:56.515  1471  2689 I chatty  : uid=1000(system) Binder:1471_6 expire 193 lines
02-23 03:04:56.544  1471  2615 D CompatibilityChangeReporter: Compat change id reported: 135634846; UID 10156; state: DISABLED
02-23 03:04:56.545  1471  2563 D CompatibilityChangeReporter: Compat change id reported: 143937733; UID 10156; state: DISABLED
02-23 03:04:56.545  1471  2563 I chatty  : uid=1000(system) ActivityManager expire 1 line
02-23 03:04:56.556  1471  6341 I chatty  : uid=1000(system) Binder:1471_1A expire 68 lines
02-23 03:04:56.571  1471  2689 I chatty  : uid=1000(system) Binder:1471_6 expire 160 lines
02-23 03:04:56.582  1079  1079 V zygiskd64: zygiskd::zygiskd: New daemon action: GetProcessFlags
02-23 03:04:56.583  1079 20219 V zygiskd64: zygiskd::zygiskd: Flags for UID 10156: ProcessFlags(PROCESS_ON_DENYLIST | PROCESS_ROOT_IS_KSU)
02-23 03:04:56.601  1471 14078 I chatty  : uid=1000(system) Binder:1471_1D expire 695 lines
02-23 03:04:56.614  1077  1077 D Zygote  : Forked child process 20220
02-23 03:04:56.616 20220 20220 I zygisk-core64: [com.google.android.syncadapters.contacts] is on the denylist
02-23 03:04:56.616  1079  1079 V zygiskd64: zygiskd::zygiskd: New daemon action: ReadModules
02-23 03:04:56.617  1471  2563 W ActivityManager: Slow operation: 79ms so far, now at startProcess: returned from zygote!
02-23 03:04:56.624  1079  1079 V zygiskd64: zygiskd::zygiskd: New daemon action: UpdateMountNamespace
02-23 03:04:56.626 20220 20220 I Zygote  : seccomp disabled by setenforce 0
02-23 03:04:56.635 20220 20220 E apters.contact: Unknown bits set in runtime_flags: 0x800000
02-23 03:04:56.640 20220 20220 E apters.contact: Not starting debugger since process cannot load the jdwp agent.
02-23 03:04:56.663  1471 14078 D ActivityManager: kill pid:20630 processName:com.heytap.cloud reason:empty #31
02-23 03:04:56.663  1471 14078 I ActivityManager: Killing 20630:com.heytap.cloud/u0a136 (adj 999): empty #31
02-23 03:04:56.667  1471 14079 I chatty  : uid=1000(system) Binder:1471_1E expire 63 lines
02-23 03:04:56.675  1471  2563 W ActivityManager: Slow operation: 137ms so far, now at startProcess: done updating battery stats
02-23 03:04:56.676  1471  2563 W ActivityManager: Slow operation: 138ms so far, now at startProcess: building log message
02-23 03:04:56.676  1471  2563 I ActivityManager: Start proc 20220:com.google.android.syncadapters.contacts/u0a156 for broadcast {com.google.android.syncadapters.contacts/com.google.android.syncadapters.contacts.ContactsSyncAdapterBroadcastReceiver}
02-23 03:04:56.676  1471  2563 W ActivityManager: Slow operation: 138ms so far, now at startProcess: starting to update pids map
02-23 03:04:56.676  1471  2563 W ActivityManager: Slow operation: 138ms so far, now at startProcess: done updating pids map
02-23 03:04:56.677  1471  6341 I chatty  : uid=1000(system) Binder:1471_1A expire 283 lines
02-23 03:04:56.689  1077  1077 I Zygote  : Process 20630 exited due to signal 9 (Killed)
02-23 03:04:56.696  1471  2564 I chatty  : uid=1000(system) ActivityManager expire 1 line
02-23 03:04:56.712  1471  6341 I chatty  : uid=1000(system) Binder:1471_1A expire 298 lines
02-23 03:04:56.763  1471  3650 I chatty  : uid=1000(system) Binder:1471_B expire 5 lines
02-23 03:04:56.767  1471  2553 W Looper  : Slow dispatch took 104ms android.ui h=com.android.server.am.ActivityManagerService$UiHandler c=null m=31
02-23 03:04:56.768  1471 14078 I chatty  : uid=1000(system) Binder:1471_1D expire 700 lines
02-23 03:04:56.787 20220 20220 D ApplicationLoaders: Returning zygote-cached class loader: /system/framework/android.test.base.jar
02-23 03:04:56.790 20220 20220 I apters.contact: The ClassLoaderContext is a special shared library.
02-23 03:04:56.795 20220 20220 D nativeloader: classloader namespace configured for unbundled product apk. library_path=/system/product/app/GoogleContactsSyncAdapter/lib/arm64:/product/lib64:/system/product/lib64
02-23 03:04:56.808 20220 20220 I Perf    : Connecting to perf service.
02-23 03:04:56.815 20220 20220 I apters.contact: [GL_OOM] ClampGrowthLimit 268435456
02-23 03:04:56.816 20220 20220 D NetworkSecurityConfig: No Network Security Config specified, using platform default
02-23 03:04:56.816 20220 20220 D NetworkSecurityConfig: No Network Security Config specified, using platform default
02-23 03:04:56.836  1471  2615 D BackupTransportManager: Transport com.google.android.gms/.backup.BackupTransportService updated its attributes
02-23 03:04:56.836  1471  5141 W ProcessStats: setState index out of bounds. index: -1 length: 20
02-23 03:04:56.837  1471  5141 I chatty  : uid=1000(system) Binder:1471_15 expire 573 lines
02-23 03:04:56.872  1471  6341 I chatty  : uid=1000(system) Binder:1471_1A expire 573 lines
02-23 03:04:56.910  1471  2689 I chatty  : uid=1000(system) Binder:1471_6 expire 573 lines
02-23 03:04:56.985  1471  6341 I chatty  : uid=1000(system) Binder:1471_1A expire 833 lines
02-23 03:04:56.836  1471  5141 W ProcessStats: setState index out of bounds. index: -1 length: 20
02-23 03:04:57.029  1471  2553 W Looper  : Slow dispatch took 262ms android.ui h=com.android.server.am.ActivityManagerService$UiHandler c=null m=53
02-23 03:04:57.030  1471  3650 I chatty  : uid=1000(system) Binder:1471_B expire 63 lines
02-23 03:04:57.042  1471  2615 I chatty  : uid=1000(system) Binder:1471_3 expire 18 lines
02-23 03:04:57.048  1471  2688 I chatty  : uid=1000(system) Binder:1471_5 expire 23 lines
02-23 03:04:57.053  1471  2553 W Looper  : Slow delivery took 217ms android.ui h=com.android.server.am.ActivityManagerService$UiHandler c=null m=32
02-23 03:04:57.094  1471  6341 I chatty  : uid=1000(system) Binder:1471_1A expire 317 lines
02-23 03:04:57.117  1471  3650 I chatty  : uid=1000(system) Binder:1471_B expire 443 lines
02-23 03:04:57.122 19703 20215 W adbd    : timed out while waiting for FUNCTIONFS_BIND, trying again
02-23 03:04:57.122 19703 20215 I adbd    : UsbFfs: connection terminated: monitor thread finished
02-23 03:04:57.122 19703 19703 I adbd    : UsbFfs: already offline
02-23 03:04:57.122 19703 19703 I adbd    : destroying transport UsbFfs
02-23 03:04:57.122 19703 19703 I adbd    : UsbFfsConnection being destroyed
02-23 03:04:57.165  1471  2567 I chatty  : uid=1000(system) android.bg expire 120 lines
02-23 03:04:57.166 19703 19707 I adbd    : opening control endpoint /dev/usb-ffs/adb/ep0
02-23 03:04:57.168 19703 19707 I adbd    : UsbFfsConnection constructed
02-23 03:04:57.171 19703 20248 I adbd    : UsbFfs-monitor thread spawned
02-23 03:04:57.173  1471  3650 I chatty  : uid=1000(system) Binder:1471_B expire 134 lines
02-23 03:04:57.189  1471  2553 W Looper  : Drained
02-23 03:04:57.190  1471  5141 I chatty  : uid=1000(system) Binder:1471_15 expire 59 lines
02-23 03:04:57.202  1471  6341 I chatty  : uid=1000(system) Binder:1471_1A expire 351 lines
02-23 03:04:57.207  1471  2567 I chatty  : uid=1000(system) android.bg expire 50 lines
02-23 03:04:57.245  1471  6341 I chatty  : uid=1000(system) Binder:1471_1A expire 222 lines
02-23 03:04:57.261  1471  2552 I chatty  : uid=1000(system) android.fg expire 521 lines
02-23 03:04:57.281  1471  2567 I chatty  : uid=1000(system) android.bg expire 60 lines
02-23 03:04:57.315  1471  2552 I chatty  : uid=1000(system) android.fg expire 604 lines
02-23 03:04:57.350  1471  2567 I chatty  : uid=1000(system) android.bg expire 20 lines
02-23 03:04:57.365  1471  2552 W Looper  : Slow dispatch took 165ms android.fg h=android.os.Handler c=<recycled PooledLambda@cd9874d> m=0
02-23 03:04:57.365  1471  3650 I chatty  : uid=1000(system) Binder:1471_B expire 63 lines
02-23 03:04:57.372  1471  2688 I chatty  : uid=1000(system) Binder:1471_5 expire 573 lines
02-23 03:04:57.443  1471  5141 I chatty  : uid=1000(system) Binder:1471_15 expire 559 lines
02-23 03:04:57.443 20220 20220 I GoogleHttpClient: GMS http client unavailable, use old client
02-23 03:04:57.519  1471  5141 D ActivityManager: kill pid:20703 processName:com.oneplus.account reason:empty #31
02-23 03:04:57.519  1471  5141 I ActivityManager: Killing 20703:com.oneplus.account/u0a132 (adj 999): empty #31
02-23 03:04:57.521  1471  2553 W Looper  : Slow dispatch took 261ms android.ui h=com.android.server.am.ActivityManagerService$UiHandler c=null m=31
02-23 03:04:57.522  1471  3650 I chatty  : uid=1000(system) Binder:1471_B expire 5 lines
02-23 03:04:57.525  1471  6341 I chatty  : uid=1000(system) Binder:1471_1A expire 586 lines
02-23 03:04:57.531  5064  5064 D BoundBrokerSvc: onUnbind: Intent { act=com.google.android.gms.pay.service.BIND dat=chimera-action: cmp=com.google.android.gms/.chimera.GmsApiService }
02-23 03:04:57.553  1077  1077 I Zygote  : Process 20703 exited due to signal 9 (Killed)
02-23 03:04:57.556  1471  2564 I chatty  : uid=1000(system) ActivityManager expire 1 line
02-23 03:04:57.569  1471  6341 I chatty  : uid=1000(system) Binder:1471_1A expire 37 lines
02-23 03:04:57.572  1471  2553 W Looper  : Slow delivery took 260ms android.ui h=com.android.server.am.ActivityManagerService$UiHandler c=null m=53
02-23 03:04:57.573  1471  2688 I chatty  : uid=1000(system) Binder:1471_5 expire 54 lines
02-23 03:04:57.583  1471  5141 I chatty  : uid=1000(system) Binder:1471_15 expire 185 lines
02-23 03:04:57.604  1471  2689 W ProcessStats: setState index out of bounds. index: -1 length: 20
02-23 03:04:57.609  1471  2689 I chatty  : uid=1000(system) Binder:1471_6 expire 568 lines
02-23 03:04:57.674  1471  2615 I chatty  : uid=1000(system) Binder:1471_3 expire 568 lines
02-23 03:04:57.747  1471  3650 I chatty  : uid=1000(system) Binder:1471_B expire 541 lines
02-23 03:04:57.607  1471  2689 W ProcessStats: setState index out of bounds. index: -1 length: 20
02-23 03:04:57.813  1471  3650 W ActivityManager: Slow operation: 69ms so far, now at getContentProviderImpl: after updateOomAdj
02-23 03:04:57.813  1471  3650 W ActivityManager: Slow operation: 69ms so far, now at getContentProviderImpl: done!
02-23 03:04:57.814  1471  5141 I chatty  : uid=1000(system) Binder:1471_15 expire 390 lines
02-23 03:04:57.815  2856  3726 V OPConfig:ConfigProvider: Module:OnePlusFontConfig
02-23 03:04:57.819 20220 20220 E Config:Grabber:OnePlusFontConfig: Index 0 requested, with a size of 0
02-23 03:04:57.825 20220 20220 I 309     : package:com.google.android.syncadapters.contacts took:1056 calssname:android.app.ActivityThread$H callback:null what:110
02-23 03:04:57.861  1471  2615 I chatty  : uid=1000(system) Binder:1471_3 expire 45 lines
02-23 03:04:57.865  1471  2563 D CompatibilityChangeReporter: Compat change id reported: 143937733; UID 10145; state: ENABLED
02-23 03:04:57.865  1471  2563 I chatty  : uid=1000(system) ActivityManager expire 1 line
02-23 03:04:57.865  1471  3650 I chatty  : uid=1000(system) Binder:1471_B expire 641 lines
02-23 03:04:57.898  1079  1079 V zygiskd64: zygiskd::zygiskd: New daemon action: GetProcessFlags
02-23 03:04:57.898  1079 20255 V zygiskd64: zygiskd::zygiskd: Flags for UID 10145: ProcessFlags(PROCESS_ON_DENYLIST | PROCESS_ROOT_IS_KSU)
02-23 03:04:57.924 20256 20256 I zygisk-core64: [com.google.android.videos] is on the denylist
02-23 03:04:57.924  1077  1077 D Zygote  : Forked child process 20256
02-23 03:04:57.925  1079  1079 V zygiskd64: zygiskd::zygiskd: New daemon action: ReadModules
02-23 03:04:57.934  1471  2563 W ActivityManager: Slow operation: 66ms so far, now at startProcess: returned from zygote!
02-23 03:04:57.935  1471  2563 W ActivityManager: Slow operation: 73ms so far, now at startProcess: done updating battery stats
02-23 03:04:57.935  1471  2563 W ActivityManager: Slow operation: 73ms so far, now at startProcess: building log message
02-23 03:04:57.935  1471  2563 I ActivityManager: Start proc 20256:com.google.android.videos/u0a145 for broadcast {com.google.android.videos/com.google.android.apps.googletv.app.account.AccountBroadcastReceiver}
02-23 03:04:57.935  1471  2563 W ActivityManager: Slow operation: 73ms so far, now at startProcess: starting to update pids map
02-23 03:04:57.935  1471  2563 W ActivityManager: Slow operation: 73ms so far, now at startProcess: done updating pids map
02-23 03:04:57.935  1079  1079 V zygiskd64: zygiskd::zygiskd: New daemon action: UpdateMountNamespace
02-23 03:04:57.938 20256 20256 I Zygote  : seccomp disabled by setenforce 0
02-23 03:04:57.942 20256 20256 E .android.video: Unknown bits set in runtime_flags: 0x800000
02-23 03:04:57.945 20256 20256 E .android.video: Not starting debugger since process cannot load the jdwp agent.
02-23 03:04:57.996 20256 20256 I .android.video: The ClassLoaderContext is a special shared library.
02-23 03:04:58.031 20256 20256 W .android.video: JIT profile information will not be recorded: profile file does not exist.
02-23 03:04:58.031 20256 20256 I chatty  : uid=10145(com.google.android.videos) identical 1 line
02-23 03:04:58.031 20256 20256 W .android.video: JIT profile information will not be recorded: profile file does not exist.
02-23 03:04:58.042 20256 20256 I Perf    : Connecting to perf service.
02-23 03:04:58.050 20256 20256 I .android.video: [GL_OOM] ClearGrowthLimit 536870912
02-23 03:04:58.052 20256 20256 D NetworkSecurityConfig: No Network Security Config specified, using platform default
02-23 03:04:58.052 20256 20256 D NetworkSecurityConfig: No Network Security Config specified, using platform default
02-23 03:04:58.117  1471  3650 D ActivityManager: kill pid:7013 processName:com.google.android.apps.turbo:aab reason:empty #31
02-23 03:04:58.117  1471  3650 I ActivityManager: Killing 7013:com.google.android.apps.turbo:aab/u0a126 (adj 999): empty #31
02-23 03:04:58.119  1471  2615 I chatty  : uid=1000(system) Binder:1471_3 expire 243 lines
02-23 03:04:58.148  1077  1077 I Zygote  : Process 7013 exited due to signal 9 (Killed)
02-23 03:04:58.161  1471  2564 I chatty  : uid=1000(system) ActivityManager expire 1 line
02-23 03:04:58.168  1471  2615 I chatty  : uid=1000(system) Binder:1471_3 expire 347 lines
02-23 03:04:58.172 19703 20248 W adbd    : timed out while waiting for FUNCTIONFS_BIND, trying again
02-23 03:04:58.172 19703 20248 I adbd    : UsbFfs: connection terminated: monitor thread finished
02-23 03:04:58.172 19703 19703 I adbd    : UsbFfs: already offline
02-23 03:04:58.172 19703 19703 I adbd    : destroying transport UsbFfs
02-23 03:04:58.172 19703 19703 I adbd    : UsbFfsConnection being destroyed
02-23 03:04:58.204  1471  2615 W ActivityManager: Slow operation: 66ms so far, now at getContentProviderImpl: after updateOomAdj
02-23 03:04:58.204  1471  2615 W ActivityManager: Slow operation: 66ms so far, now at getContentProviderImpl: done!
02-23 03:04:58.205  1471  2689 W ProcessStats: setState index out of bounds. index: -1 length: 20
02-23 03:04:58.206  2856  3726 V OPConfig:ConfigProvider: Module:OnePlusFontConfig
02-23 03:04:58.210  1471  2689 I chatty  : uid=1000(system) Binder:1471_6 expire 636 lines
02-23 03:04:58.210 20256 20256 E Config:Grabber:OnePlusFontConfig: Index 0 requested, with a size of 0
02-23 03:04:58.216 19703 19707 I adbd    : opening control endpoint /dev/usb-ffs/adb/ep0
02-23 03:04:58.219 19703 19707 I adbd    : UsbFfsConnection constructed
02-23 03:04:58.223 19703 20278 I adbd    : UsbFfs-monitor thread spawned
02-23 03:04:58.285  1471  2615 I chatty  : uid=1000(system) Binder:1471_3 expire 226 lines
02-23 03:04:58.413 20256 20285 E sqlite3_android: [IKR-38846] ONEPLUS_NAME_PARTS_MATCH SQLITE_OK
02-23 03:04:58.414  1471  5140 I chatty  : uid=1000(system) Binder:1471_14 expire 789 lines
02-23 03:04:58.419 20256 20285 E sqlite3_android: [IKR-38846] ONEPLUS_NAME_PARTS_MATCH SQLITE_OK
02-23 03:04:58.422 20256 20285 W PlayMovies: npo.run:22 User config found
02-23 03:04:58.422 20256 20285 W PlayMovies: 
02-23 03:04:58.423 20256 20285 W PlayMovies: npo.run:33 Loading user config
02-23 03:04:58.423 20256 20285 W PlayMovies: 
02-23 03:04:58.433 20256 20256 I TetheringManager: registerTetheringEventCallback:com.google.android.videos
02-23 03:04:58.442 20256 20286 E sqlite3_android: [IKR-38846] ONEPLUS_NAME_PARTS_MATCH SQLITE_OK
02-23 03:04:58.445 20256 20286 E sqlite3_android: [IKR-38846] ONEPLUS_NAME_PARTS_MATCH SQLITE_OK
02-23 03:04:58.447 20256 20256 W .android.video: Class tow failed lock verification and will run slower.
02-23 03:04:58.447 20256 20256 W .android.video: Common causes for lock verification issues are non-optimized dex code
02-23 03:04:58.447 20256 20256 W .android.video: and incorrect proguard optimizations.
02-23 03:04:58.207  1471  2689 W ProcessStats: setState index out of bounds. index: -1 length: 20
02-23 03:04:58.532  1471 14079 D ConnectivityService: Returning BLOCKED NetworkInfo to uid=10145
02-23 03:04:58.533 20256 20293 E sqlite3_android: [IKR-38846] ONEPLUS_NAME_PARTS_MATCH SQLITE_OK
02-23 03:04:58.537  1471 14078 D ConnectivityService: requestNetwork for uid/pid:10145/20256 NetworkRequest [ TRACK_DEFAULT id=156, [ Capabilities: INTERNET&NOT_RESTRICTED&TRUSTED Uid: 10145 AdministratorUids: [] RequestorUid: 10145 RequestorPackageName: com.google.android.videos] ]
02-23 03:04:58.537  1471  2696 D ConnectivityService: NetReassign [156 : null → 100]
02-23 03:04:58.538  1471  2683 I chatty  : uid=1000(system) WifiHandlerThre expire 2 lines
02-23 03:04:58.538  1471  2738 I chatty  : uid=1000(system) EthernetService expire 1 line
02-23 03:04:58.540 14085 14085 D PhoneSwitcherNetworkRequstListener: got request NetworkRequest [ TRACK_DEFAULT id=156, [ Capabilities: INTERNET&NOT_RESTRICTED&TRUSTED Uid: 10145 AdministratorUids: [] RequestorUid: 10145 RequestorPackageName: com.google.android.videos] ] with score 100 and providerId 5
02-23 03:04:58.540 14085 14085 D PhoneSwitcherNetworkRequstListener: needNetworkFor NetworkRequest [ TRACK_DEFAULT id=156, [ Capabilities: INTERNET&NOT_RESTRICTED&TRUSTED Uid: 10145 AdministratorUids: [] RequestorUid: 10145 RequestorPackageName: com.google.android.videos] ], 100
02-23 03:04:58.540 20256 20294 E sqlite3_android: [IKR-38846] ONEPLUS_NAME_PARTS_MATCH SQLITE_OK
02-23 03:04:58.542 20256 20293 E sqlite3_android: [IKR-38846] ONEPLUS_NAME_PARTS_MATCH SQLITE_OK
02-23 03:04:58.543 20256 20294 E SQLiteLog: (5) statement aborts at 1: [PRAGMA journal_mode=TRUNCATE] database is locked
02-23 03:04:58.543 20256 20294 W SQLiteConnection: Could not change the database journal mode of '/data/user/0/com.google.android.videos/databases/purchase_store.db' from 'wal' to 'TRUNCATE' because the database is locked.  This usually means that there are other open connections to the database which prevents the database from enabling or disabling write-ahead logging mode.  Proceeding without changing the journal mode.
02-23 03:04:58.553 20256 20285 W PlayMovies: ri.invokeSuspend:54 Observing cache file clear_cache_file_name.tmp
02-23 03:04:58.553 20256 20285 W PlayMovies: 
02-23 03:04:58.558 20256 20293 E sqlite3_android: [IKR-38846] ONEPLUS_NAME_PARTS_MATCH SQLITE_OK
02-23 03:04:58.560 20256 20299 E sqlite3_android: [IKR-38846] ONEPLUS_NAME_PARTS_MATCH SQLITE_OK
02-23 03:04:58.574 20256 20256 W PlayMovies: mgw.onCreate:497 Installer Package: com.android.vending
02-23 03:04:58.574 20256 20256 W PlayMovies: 
02-23 03:04:58.579 20256 20256 W MediaSessionCompat: Couldn't find a unique registered media button receiver in the given context.
02-23 03:04:58.582  1471 14079 I chatty  : uid=1000(system) Binder:1471_1E expire 1 line
02-23 03:04:58.587  2879  4100 D HeadsetService: getHeadsetService(): returning com.android.bluetooth.hfp.HeadsetService@38605c5
02-23 03:04:58.588  2879  4100 D HeadsetService:  isAudioOn: The number of audio connected devices 0
02-23 03:04:58.588  2879  4100 D HeadsetService: isScoOrCallActive(): Call Active:falseCall is Ringing:falseSCO is Active:false
02-23 03:04:58.588  2879  4100 D HeadsetService:  isAudioOn: The number of audio connected devices 0
02-23 03:04:58.588  2879  4100 I Avrcp_ext: updatePlayStatusForDevice: device: null
02-23 03:04:58.588  2879  4100 I Avrcp_ext: Exit updatePlayStatusForDevice
02-23 03:04:58.588  2879  4100 D HeadsetService:  isAudioOn: The number of audio connected devices 0
02-23 03:04:58.588  2879  4100 D HeadsetService: isScoOrCallActive(): Call Active:falseCall is Ringing:falseSCO is Active:false
02-23 03:04:58.588  2879  4100 D HeadsetService:  isAudioOn: The number of audio connected devices 0
02-23 03:04:58.588  2879  4100 I Avrcp_ext: updatePlayStatusForDevice: device: null
02-23 03:04:58.588  2879  4100 I Avrcp_ext: Exit updatePlayStatusForDevice
02-23 03:04:58.588  2879  4100 D HeadsetService:  isAudioOn: The number of audio connected devices 0
02-23 03:04:58.588  2879  4100 D HeadsetService: isScoOrCallActive(): Call Active:falseCall is Ringing:falseSCO is Active:false
02-23 03:04:58.588  2879  4100 D HeadsetService:  isAudioOn: The number of audio connected devices 0
02-23 03:04:58.588  2879  4100 I Avrcp_ext: updatePlayStatusForDevice: device: null
02-23 03:04:58.588  2879  4100 I Avrcp_ext: Exit updatePlayStatusForDevice
02-23 03:04:58.588  2879  4100 D HeadsetService:  isAudioOn: The number of audio connected devices 0
02-23 03:04:58.588  2879  4100 D HeadsetService: isScoOrCallActive(): Call Active:falseCall is Ringing:falseSCO is Active:false
02-23 03:04:58.588  2879  4100 D HeadsetService:  isAudioOn: The number of audio connected devices 0
02-23 03:04:58.588  2879  4100 I Avrcp_ext: updatePlayStatusForDevice: device: null
02-23 03:04:58.588  2879  4100 I Avrcp_ext: Exit updatePlayStatusForDevice
02-23 03:04:58.588  2879  4100 D HeadsetService:  isAudioOn: The number of audio connected devices 0
02-23 03:04:58.588  2879  4100 D HeadsetService: isScoOrCallActive(): Call Active:falseCall is Ringing:falseSCO is Active:false
02-23 03:04:58.588  2879  4100 D HeadsetService:  isAudioOn: The number of audio connected devices 0
02-23 03:04:58.588  2879  4100 I Avrcp_ext: updatePlayStatusForDevice: device: null
02-23 03:04:58.588  2879  4100 I Avrcp_ext: Exit updatePlayStatusForDevice
02-23 03:04:58.593 20256 20256 V MediaRouter: Selecting route: RouteInfo{ name=Phone, description=null, status=null, category=RouteCategory{ name=System types=ROUTE_TYPE_LIVE_AUDIO ROUTE_TYPE_LIVE_VIDEO  groupable=false }, supportedTypes=ROUTE_TYPE_LIVE_AUDIO ROUTE_TYPE_LIVE_VIDEO , presentationDisplay=null }
02-23 03:04:58.603  1471 14078 I chatty  : uid=1000(system) Binder:1471_1D expire 194 lines
02-23 03:04:58.644  1471  2615 W BluetoothManagerService: registerAdapter, callback: android.bluetooth.IBluetoothManagerCallback$Stub$Proxy@1e4376c
02-23 03:04:58.646 20256 20256 D BluetoothAdapter: java.lang.Throwable
02-23 03:04:58.646 20256 20256 D BluetoothAdapter: 	at android.bluetooth.BluetoothAdapter.<init>(BluetoothAdapter.java:762)
02-23 03:04:58.646 20256 20256 D BluetoothAdapter: 	at android.bluetooth.BluetoothAdapter.getDefaultAdapter(BluetoothAdapter.java:735)
02-23 03:04:58.646 20256 20256 D BluetoothAdapter: 	at android.bluetooth.BluetoothManager.<init>(BluetoothManager.java:72)
02-23 03:04:58.646 20256 20256 D BluetoothAdapter: 	at android.app.SystemServiceRegistry$10.createService(SystemServiceRegistry.java:325)
02-23 03:04:58.646 20256 20256 D BluetoothAdapter: 	at android.app.SystemServiceRegistry$10.createService(SystemServiceRegistry.java:322)
02-23 03:04:58.646 20256 20256 D BluetoothAdapter: 	at android.app.SystemServiceRegistry$CachedServiceFetcher.getService(SystemServiceRegistry.java:1722)
02-23 03:04:58.646 20256 20256 D BluetoothAdapter: 	at android.app.SystemServiceRegistry.getSystemService(SystemServiceRegistry.java:1402)
02-23 03:04:58.646 20256 20256 D BluetoothAdapter: 	at android.app.ContextImpl.getSystemService(ContextImpl.java:1956)
02-23 03:04:58.646 20256 20256 D BluetoothAdapter: 	at android.content.ContextWrapper.getSystemService(ContextWrapper.java:803)
02-23 03:04:58.646 20256 20256 D BluetoothAdapter: 	at vin.<init>(PG:8)
02-23 03:04:58.646 20256 20256 D BluetoothAdapter: 	at vit.<init>(PG:175)
02-23 03:04:58.646 20256 20256 D BluetoothAdapter: 	at vkg.<init>(PG:8)
02-23 03:04:58.646 20256 20256 D BluetoothAdapter: 	at jus.b(PG:925)
02-23 03:04:58.646 20256 20256 D BluetoothAdapter: 	at zgk.d(PG:10)
02-23 03:04:58.646 20256 20256 D BluetoothAdapter: 	at zgk.b(PG:7)
02-23 03:04:58.646 20256 20256 D BluetoothAdapter: 	at jtq.b(PG:535)
02-23 03:04:58.646 20256 20256 D BluetoothAdapter: 	at zgk.d(PG:10)
02-23 03:04:58.646 20256 20256 D BluetoothAdapter: 	at zgk.b(PG:7)
02-23 03:04:58.646 20256 20256 D BluetoothAdapter: 	at jua.b(PG:313)
02-23 03:04:58.646 20256 20256 D BluetoothAdapter: 	at zgk.d(PG:10)
02-23 03:04:58.646 20256 20256 D BluetoothAdapter: 	at zgk.b(PG:7)
02-23 03:04:58.646 20256 20256 D BluetoothAdapter: 	at jmk.b(PG:36)
02-23 03:04:58.646 20256 20256 D BluetoothAdapter: 	at zgk.d(PG:10)
02-23 03:04:58.646 20256 20256 D BluetoothAdapter: 	at zgk.b(PG:7)
02-23 03:04:58.646 20256 20256 D BluetoothAdapter: 	at com.google.android.apps.play.movies.mobile.MobileVideosApplication.onCreate(PG:130)
02-23 03:04:58.646 20256 20256 D BluetoothAdapter: 	at android.app.Instrumentation.callApplicationOnCreate(Instrumentation.java:1208)
02-23 03:04:58.646 20256 20256 D BluetoothAdapter: 	at android.app.ActivityThread.handleBindApplication(ActivityThread.java:7024)
02-23 03:04:58.646 20256 20256 D BluetoothAdapter: 	at android.app.ActivityThread.access$1700(ActivityThread.java:274)
02-23 03:04:58.646 20256 20256 D BluetoothAdapter: 	at android.app.ActivityThread$H.handleMessage(ActivityThread.java:2098)
02-23 03:04:58.646 20256 20256 D BluetoothAdapter: 	at android.os.Handler.dispatchMessage(Handler.java:106)
02-23 03:04:58.646 20256 20256 D BluetoothAdapter: 	at android.os.Looper.loop(Looper.java:233)
02-23 03:04:58.646 20256 20256 D BluetoothAdapter: 	at android.app.ActivityThread.main(ActivityThread.java:8068)
02-23 03:04:58.646 20256 20256 D BluetoothAdapter: 	at java.lang.reflect.Method.invoke(Native Method)
02-23 03:04:58.646 20256 20256 D BluetoothAdapter: 	at com.android.internal.os.RuntimeInit$MethodAndArgsCaller.run(RuntimeInit.java:631)
02-23 03:04:58.646 20256 20256 D BluetoothAdapter: 	at com.android.internal.os.ZygoteInit.main(ZygoteInit.java:978)
02-23 03:04:58.649  1471  2689 I chatty  : uid=1000(system) Binder:1471_6 expire 595 lines
02-23 03:04:58.711  1471  2689 D ActivityManager: kill pid:12356 processName:com.google.android.apps.turbo reason:empty #31
02-23 03:04:58.711  1471  2689 I ActivityManager: Killing 12356:com.google.android.apps.turbo/u0a126 (adj 999): empty #31
02-23 03:04:58.714  1471  2615 I chatty  : uid=1000(system) Binder:1471_3 expire 194 lines
02-23 03:04:58.746  1471  2689 I chatty  : uid=1000(system) Binder:1471_6 expire 194 lines
02-23 03:04:58.746  1471 14078 I chatty  : uid=1000(system) Binder:1471_1D expire 56 lines
02-23 03:04:58.751  1077  1077 I Zygote  : Process 12356 exited due to signal 9 (Killed)
02-23 03:04:58.756  1471  2564 I chatty  : uid=1000(system) ActivityManager expire 1 line
02-23 03:04:58.773  1471 14078 W ProcessStats: setState index out of bounds. index: -1 length: 20
02-23 03:04:58.785  1471 14078 I chatty  : uid=1000(system) Binder:1471_1D expire 729 lines
02-23 03:04:58.834 20256 20256 W AxMediaRouter: Ignoring attempt to select selected route: MediaRouter.RouteInfo{ uniqueId=DEFAULT_ROUTE, name=Phone, description=null, iconUri=null, enabled=true, isSystemRoute=true, connectionState=0, canDisconnect=false, playbackType=0, playbackStream=3, deviceType=0, volumeHandling=1, volume=16, volumeMax=30, presentationDisplayId=-1, extras=null, settingsIntent=null, providerPackageName=android }
02-23 03:04:58.835 20256 20256 V MediaRouter: Selecting route: RouteInfo{ name=Phone, description=null, status=null, category=RouteCategory{ name=System types=ROUTE_TYPE_LIVE_AUDIO ROUTE_TYPE_LIVE_VIDEO  groupable=false }, supportedTypes=ROUTE_TYPE_LIVE_AUDIO ROUTE_TYPE_LIVE_VIDEO , presentationDisplay=null }
02-23 03:04:58.873 20256 20320 W VideoCapabilities: Unsupported mime image/vnd.android.heic
02-23 03:04:58.877 20256 20320 W VideoCapabilities: Unrecognized profile/level 0/3 for video/mpeg2
02-23 03:04:58.878 20256 20320 W VideoCapabilities: Unrecognized profile/level 0/3 for video/mpeg2
02-23 03:04:58.878 20256 20320 W VideoCapabilities: Unsupported mime video/x-ms-wmv
02-23 03:04:58.907  1471  2506 I chatty  : uid=1000(system) Binder:1471_2 expire 586 lines
02-23 03:04:58.932 20256 20328 E sqlite3_android: [IKR-38846] ONEPLUS_NAME_PARTS_MATCH SQLITE_OK
02-23 03:04:58.941 20256 20328 E sqlite3_android: [IKR-38846] ONEPLUS_NAME_PARTS_MATCH SQLITE_OK
02-23 03:04:58.974  1471 14078 I chatty  : uid=1000(system) Binder:1471_1D expire 269 lines
02-23 03:04:59.015  1471 14079 I chatty  : uid=1000(system) Binder:1471_1E expire 45 lines
02-23 03:04:58.775  1471 14078 W ProcessStats: setState index out of bounds. index: -1 length: 20
02-23 03:04:59.025  1471 14079 D CompatibilityChangeReporter: Compat change id reported: 135634846; UID 1000; state: DISABLED
02-23 03:04:59.027  1471  2563 I chatty  : uid=1000(system) ActivityManager expire 1 line
02-23 03:04:59.039  1471 14078 I chatty  : uid=1000(system) Binder:1471_1D expire 796 lines
02-23 03:04:59.068  1079  1079 V zygiskd64: zygiskd::zygiskd: New daemon action: GetProcessFlags
02-23 03:04:59.069  1079 20330 V zygiskd64: zygiskd::zygiskd: Flags for UID 1000: ProcessFlags(PROCESS_ON_DENYLIST | PROCESS_ROOT_IS_KSU)
02-23 03:04:59.094  1471 14078 D ActivityManager: kill pid:2793 processName:org.telegram.plus reason:empty #31
02-23 03:04:59.094  1471 14078 I ActivityManager: Killing 2793:org.telegram.plus/u0a240 (adj 999): empty #31
02-23 03:04:59.103 20331 20331 I zygisk-core64: [com.oneplus.brickmode] is on the denylist
02-23 03:04:59.103  1077  1077 D Zygote  : Forked child process 20331
02-23 03:04:59.104  1079  1079 V zygiskd64: zygiskd::zygiskd: New daemon action: ReadModules
02-23 03:04:59.105  1471  2563 W ActivityManager: Slow operation: 89ms so far, now at startProcess: returned from zygote!
02-23 03:04:59.105  1471  2563 W ActivityManager: Slow operation: 89ms so far, now at startProcess: done updating battery stats
02-23 03:04:59.106  1471  2563 W ActivityManager: Slow operation: 89ms so far, now at startProcess: building log message
02-23 03:04:59.106  1471  2563 I ActivityManager: Start proc 20331:com.oneplus.brickmode/1000 for broadcast {com.oneplus.brickmode/com.oneplus.brickmode.receiver.LoginAccountChangeReceiver}
02-23 03:04:59.106  1471  2563 W ActivityManager: Slow operation: 90ms so far, now at startProcess: starting to update pids map
02-23 03:04:59.106  1471  2563 W ActivityManager: Slow operation: 90ms so far, now at startProcess: done updating pids map
02-23 03:04:59.113  1079  1079 V zygiskd64: zygiskd::zygiskd: New daemon action: UpdateMountNamespace
02-23 03:04:59.116 20331 20331 I Zygote  : seccomp disabled by setenforce 0
02-23 03:04:59.126 20331 20331 E eplus.brickmod: Unknown bits set in runtime_flags: 0x800000
02-23 03:04:59.130 20331 20331 E eplus.brickmod: Not starting debugger since process cannot load the jdwp agent.
02-23 03:04:59.163  1471  2689 D ConnectivityService: ConnectivityService NetworkRequestInfo binderDied(NetworkRequest [ TRACK_DEFAULT id=81, [ Capabilities: INTERNET&NOT_RESTRICTED&TRUSTED Uid: 10240 AdministratorUids: [] RequestorUid: 10240 RequestorPackageName: org.telegram.plus] ], android.os.BinderProxy@2499693)
02-23 03:04:59.164  1471  2696 D ConnectivityService: releasing NetworkRequest [ TRACK_DEFAULT id=81, [ Capabilities: INTERNET&NOT_RESTRICTED&TRUSTED Uid: 10240 AdministratorUids: [] RequestorUid: 10240 RequestorPackageName: org.telegram.plus] ] (release request)
02-23 03:04:59.164  1471 14078 W ProcessStats: setState index out of bounds. index: -1 length: 20
02-23 03:04:59.165 14085 14085 D PhoneSwitcherNetworkRequstListener: releaseNetworkFor NetworkRequest [ TRACK_DEFAULT id=81, [ Capabilities: INTERNET&NOT_RESTRICTED&TRUSTED Uid: 10240 AdministratorUids: [] RequestorUid: 10240 RequestorPackageName: org.telegram.plus] ]
02-23 03:04:59.164  1471 14078 W ProcessStats: setState index out of bounds. index: -1 length: 20
